# MQAR curriculum precision=fp4 max_steps=6000 seed=2001 peak_lr=0.015 num_tiles=16 k_max=10 additive_rank=1 dynamic_rank_control=True rank_grace_period_steps=50 use_critic=False recurrent_only_output=False embed_width=32 input_sparsity_p=0.5 wide_max_weights=2048 dy_sparsity_p=None use_tile_cache=False output_dy_sparsity_p=0.5 streak_threshold=10 wrong_streak_threshold=5
  step=    200  phase=vocab  vocab=   8  k=  1  loss_ema=1.5161  acc_ema=0.2858  steps/sec=4.3  max_streak= 4/10  ranks[in=1/1 q=1/1 k=1/1 v=1/1 o=1/1 lm=1/3]
  step=    400  phase=vocab  vocab=   8  k=  1  loss_ema=1.8653  acc_ema=0.2995  steps/sec=4.4  max_streak= 4/10  ranks[in=1/1 q=1/1 k=1/1 v=1/1 o=1/1 lm=1/3]
  step=    600  phase=vocab  vocab=   8  k=  1  loss_ema=1.7254  acc_ema=0.3529  steps/sec=4.4  max_streak= 4/10  ranks[in=1/1 q=1/1 k=1/1 v=1/1 o=1/1 lm=1/3]
  step=    800  phase=vocab  vocab=   8  k=  1  loss_ema=1.6668  acc_ema=0.3646  steps/sec=4.5  max_streak= 5/10  ranks[in=1/1 q=1/1 k=1/1 v=1/1 o=1/1 lm=2/3]
  step=   1000  phase=vocab  vocab=   8  k=  1  loss_ema=1.5757  acc_ema=0.3422  steps/sec=4.5  max_streak= 5/10  ranks[in=1/1 q=1/1 k=1/1 v=1/1 o=1/1 lm=2/4]
  step=   1200  phase=vocab  vocab=   8  k=  1  loss_ema=1.5212  acc_ema=0.2571  steps/sec=4.5  max_streak= 3/10  ranks[in=1/1 q=1/1 k=1/1 v=1/1 o=1/1 lm=2/2]
  step=   1400  phase=vocab  vocab=   8  k=  1  loss_ema=1.2907  acc_ema=0.3688  steps/sec=4.5  max_streak= 4/10  ranks[in=1/1 q=1/1 k=1/1 v=1/1 o=1/1 lm=2/2]
  step=   1600  phase=vocab  vocab=   8  k=  1  loss_ema=1.4134  acc_ema=0.2802  steps/sec=4.5  max_streak= 4/10  ranks[in=1/1 q=1/1 k=1/1 v=1/1 o=1/1 lm=2/2]
  step=   1800  phase=vocab  vocab=   8  k=  1  loss_ema=1.4044  acc_ema=0.3663  steps/sec=4.5  max_streak= 5/10  ranks[in=1/1 q=1/1 k=1/1 v=1/1 o=1/1 lm=2/2]
  step=   2000  phase=vocab  vocab=   8  k=  1  loss_ema=1.4056  acc_ema=0.3632  steps/sec=4.5  max_streak= 5/10  ranks[in=1/1 q=1/1 k=1/1 v=1/1 o=1/1 lm=2/3]
  step=   2200  phase=vocab  vocab=   8  k=  1  loss_ema=1.3922  acc_ema=0.3704  steps/sec=4.5  max_streak= 3/10  ranks[in=1/1 q=1/1 k=1/1 v=1/1 o=1/1 lm=2/2]
  step=   2400  phase=vocab  vocab=   8  k=  1  loss_ema=1.3682  acc_ema=0.3475  steps/sec=4.6  max_streak= 5/10  ranks[in=1/1 q=1/1 k=1/1 v=1/1 o=1/1 lm=2/2]
  step=   2600  phase=vocab  vocab=   8  k=  1  loss_ema=1.4417  acc_ema=0.3803  steps/sec=4.6  max_streak= 5/10  ranks[in=1/1 q=1/1 k=1/1 v=1/1 o=1/1 lm=2/4]
  step=   2800  phase=vocab  vocab=   8  k=  1  loss_ema=1.5681  acc_ema=0.3677  steps/sec=4.6  max_streak= 5/10  ranks[in=1/1 q=1/1 k=1/1 v=1/1 o=1/1 lm=2/4]
  step=   3000  phase=vocab  vocab=   8  k=  1  loss_ema=1.7559  acc_ema=0.3575  steps/sec=4.6  max_streak= 6/10  ranks[in=1/1 q=1/1 k=1/1 v=1/1 o=1/1 lm=2/4]
  step=   3200  phase=vocab  vocab=   8  k=  1  loss_ema=1.4885  acc_ema=0.5131  steps/sec=4.8  max_streak= 6/10  ranks[in=1/1 q=1/1 k=1/1 v=1/1 o=1/1 lm=2/4]
  step=   3400  phase=vocab  vocab=   8  k=  1  loss_ema=1.5267  acc_ema=0.4983  steps/sec=5.0  max_streak= 5/10  ranks[in=1/1 q=1/1 k=1/1 v=1/1 o=1/1 lm=3/4]
  step=   3600  phase=vocab  vocab=   8  k=  1  loss_ema=1.5489  acc_ema=0.4439  steps/sec=5.3  max_streak= 7/10  ranks[in=1/1 q=1/1 k=1/1 v=1/1 o=1/1 lm=3/3]
  step=   3800  phase=vocab  vocab=   8  k=  1  loss_ema=1.5247  acc_ema=0.5234  steps/sec=5.5  max_streak= 5/10  ranks[in=1/1 q=1/1 k=1/1 v=1/1 o=1/1 lm=3/2]
  step=   4000  phase=vocab  vocab=   8  k=  1  loss_ema=1.4861  acc_ema=0.5956  steps/sec=5.7  max_streak= 7/10  ranks[in=1/1 q=1/1 k=1/1 v=1/1 o=1/1 lm=3/2]
  step=   4200  phase=vocab  vocab=   8  k=  1  loss_ema=1.4698  acc_ema=0.5213  steps/sec=5.9  max_streak= 7/10  ranks[in=1/1 q=1/1 k=1/1 v=1/1 o=1/1 lm=3/2]
  step=   4400  phase=vocab  vocab=   8  k=  1  loss_ema=1.4490  acc_ema=0.5573  steps/sec=6.0  max_streak= 7/10  ranks[in=1/1 q=1/1 k=1/1 v=1/1 o=1/1 lm=3/2]
  step=   4600  phase=vocab  vocab=   8  k=  1  loss_ema=1.3617  acc_ema=0.5347  steps/sec=6.2  max_streak= 7/10  ranks[in=1/1 q=1/1 k=1/1 v=1/1 o=1/1 lm=3/2]
  step=   4800  phase=vocab  vocab=   8  k=  1  loss_ema=1.3258  acc_ema=0.6222  steps/sec=6.4  max_streak= 7/10  ranks[in=1/1 q=1/1 k=1/1 v=1/1 o=1/1 lm=3/2]
  step=   5000  phase=vocab  vocab=   8  k=  1  loss_ema=1.4476  acc_ema=0.5225  steps/sec=6.6  max_streak= 7/10  ranks[in=1/1 q=1/1 k=1/1 v=1/1 o=1/1 lm=3/2]
  step=   5200  phase=vocab  vocab=   8  k=  1  loss_ema=1.3240  acc_ema=0.5630  steps/sec=6.7  max_streak= 7/10  ranks[in=1/1 q=1/1 k=1/1 v=1/1 o=1/1 lm=3/2]
  step=   5400  phase=vocab  vocab=   8  k=  1  loss_ema=1.2581  acc_ema=0.5369  steps/sec=6.9  max_streak= 5/10  ranks[in=1/1 q=1/1 k=1/1 v=1/1 o=1/1 lm=3/2]
  step=   5600  phase=vocab  vocab=   8  k=  1  loss_ema=1.3317  acc_ema=0.5457  steps/sec=7.1  max_streak= 7/10  ranks[in=1/1 q=1/1 k=1/1 v=1/1 o=1/1 lm=3/2]
  step=   5800  phase=vocab  vocab=   8  k=  1  loss_ema=1.3795  acc_ema=0.4989  steps/sec=7.2  max_streak= 5/10  ranks[in=1/1 q=1/1 k=1/1 v=1/1 o=1/1 lm=3/2]
  step=   6000  phase=vocab  vocab=   8  k=  1  loss_ema=1.2792  acc_ema=0.4952  steps/sec=7.4  max_streak= 6/10  ranks[in=1/1 q=1/1 k=1/1 v=1/1 o=1/1 lm=3/2]

FINAL precision=fp4 final_vocab=8 final_k=1 final_phase=vocab graduated=False total_steps=6000 steps_per_sec=7.4 peak_rss_mb=85.2 (814s)
PEAK precision=fp4 peak_vocab=8 peak_k=1 peak_phase=vocab
RANK_MUTATIONS precision=fp4 count=186
  input_proj   scale_rank=1  additive_rank=1
  q_proj       scale_rank=1  additive_rank=1
  k_proj       scale_rank=1  additive_rank=1
  v_proj       scale_rank=1  additive_rank=1
  o_proj       scale_rank=1  additive_rank=1
  lm_head      scale_rank=3  additive_rank=2
RANK_HISTORY_JSON [{"step": 200, "ranks": {"input_proj": [1, 1], "q_proj": [1, 1], "k_proj": [1, 1], "v_proj": [1, 1], "o_proj": [1, 1], "lm_head": [1, 3]}}, {"step": 400, "ranks": {"input_proj": [1, 1], "q_proj": [1, 1], "k_proj": [1, 1], "v_proj": [1, 1], "o_proj": [1, 1], "lm_head": [1, 3]}}, {"step": 600, "ranks": {"input_proj": [1, 1], "q_proj": [1, 1], "k_proj": [1, 1], "v_proj": [1, 1], "o_proj": [1, 1], "lm_head": [1, 3]}}, {"step": 800, "ranks": {"input_proj": [1, 1], "q_proj": [1, 1], "k_proj": [1, 1], "v_proj": [1, 1], "o_proj": [1, 1], "lm_head": [2, 3]}}, {"step": 1000, "ranks": {"input_proj": [1, 1], "q_proj": [1, 1], "k_proj": [1, 1], "v_proj": [1, 1], "o_proj": [1, 1], "lm_head": [2, 4]}}, {"step": 1200, "ranks": {"input_proj": [1, 1], "q_proj": [1, 1], "k_proj": [1, 1], "v_proj": [1, 1], "o_proj": [1, 1], "lm_head": [2, 2]}}, {"step": 1400, "ranks": {"input_proj": [1, 1], "q_proj": [1, 1], "k_proj": [1, 1], "v_proj": [1, 1], "o_proj": [1, 1], "lm_head": [2, 2]}}, {"step": 1600, "ranks": {"input_proj": [1, 1], "q_proj": [1, 1], "k_proj": [1, 1], "v_proj": [1, 1], "o_proj": [1, 1], "lm_head": [2, 2]}}, {"step": 1800, "ranks": {"input_proj": [1, 1], "q_proj": [1, 1], "k_proj": [1, 1], "v_proj": [1, 1], "o_proj": [1, 1], "lm_head": [2, 2]}}, {"step": 2000, "ranks": {"input_proj": [1, 1], "q_proj": [1, 1], "k_proj": [1, 1], "v_proj": [1, 1], "o_proj": [1, 1], "lm_head": [2, 3]}}, {"step": 2200, "ranks": {"input_proj": [1, 1], "q_proj": [1, 1], "k_proj": [1, 1], "v_proj": [1, 1], "o_proj": [1, 1], "lm_head": [2, 2]}}, {"step": 2400, "ranks": {"input_proj": [1, 1], "q_proj": [1, 1], "k_proj": [1, 1], "v_proj": [1, 1], "o_proj": [1, 1], "lm_head": [2, 2]}}, {"step": 2600, "ranks": {"input_proj": [1, 1], "q_proj": [1, 1], "k_proj": [1, 1], "v_proj": [1, 1], "o_proj": [1, 1], "lm_head": [2, 4]}}, {"step": 2800, "ranks": {"input_proj": [1, 1], "q_proj": [1, 1], "k_proj": [1, 1], "v_proj": [1, 1], "o_proj": [1, 1], "lm_head": [2, 4]}}, {"step": 3000, "ranks": {"input_proj": [1, 1], "q_proj": [1, 1], "k_proj": [1, 1], "v_proj": [1, 1], "o_proj": [1, 1], "lm_head": [2, 4]}}, {"step": 3200, "ranks": {"input_proj": [1, 1], "q_proj": [1, 1], "k_proj": [1, 1], "v_proj": [1, 1], "o_proj": [1, 1], "lm_head": [2, 4]}}, {"step": 3400, "ranks": {"input_proj": [1, 1], "q_proj": [1, 1], "k_proj": [1, 1], "v_proj": [1, 1], "o_proj": [1, 1], "lm_head": [3, 4]}}, {"step": 3600, "ranks": {"input_proj": [1, 1], "q_proj": [1, 1], "k_proj": [1, 1], "v_proj": [1, 1], "o_proj": [1, 1], "lm_head": [3, 3]}}, {"step": 3800, "ranks": {"input_proj": [1, 1], "q_proj": [1, 1], "k_proj": [1, 1], "v_proj": [1, 1], "o_proj": [1, 1], "lm_head": [3, 2]}}, {"step": 4000, "ranks": {"input_proj": [1, 1], "q_proj": [1, 1], "k_proj": [1, 1], "v_proj": [1, 1], "o_proj": [1, 1], "lm_head": [3, 2]}}, {"step": 4200, "ranks": {"input_proj": [1, 1], "q_proj": [1, 1], "k_proj": [1, 1], "v_proj": [1, 1], "o_proj": [1, 1], "lm_head": [3, 2]}}, {"step": 4400, "ranks": {"input_proj": [1, 1], "q_proj": [1, 1], "k_proj": [1, 1], "v_proj": [1, 1], "o_proj": [1, 1], "lm_head": [3, 2]}}, {"step": 4600, "ranks": {"input_proj": [1, 1], "q_proj": [1, 1], "k_proj": [1, 1], "v_proj": [1, 1], "o_proj": [1, 1], "lm_head": [3, 2]}}, {"step": 4800, "ranks": {"input_proj": [1, 1], "q_proj": [1, 1], "k_proj": [1, 1], "v_proj": [1, 1], "o_proj": [1, 1], "lm_head": [3, 2]}}, {"step": 5000, "ranks": {"input_proj": [1, 1], "q_proj": [1, 1], "k_proj": [1, 1], "v_proj": [1, 1], "o_proj": [1, 1], "lm_head": [3, 2]}}, {"step": 5200, "ranks": {"input_proj": [1, 1], "q_proj": [1, 1], "k_proj": [1, 1], "v_proj": [1, 1], "o_proj": [1, 1], "lm_head": [3, 2]}}, {"step": 5400, "ranks": {"input_proj": [1, 1], "q_proj": [1, 1], "k_proj": [1, 1], "v_proj": [1, 1], "o_proj": [1, 1], "lm_head": [3, 2]}}, {"step": 5600, "ranks": {"input_proj": [1, 1], "q_proj": [1, 1], "k_proj": [1, 1], "v_proj": [1, 1], "o_proj": [1, 1], "lm_head": [3, 2]}}, {"step": 5800, "ranks": {"input_proj": [1, 1], "q_proj": [1, 1], "k_proj": [1, 1], "v_proj": [1, 1], "o_proj": [1, 1], "lm_head": [3, 2]}}, {"step": 6000, "ranks": {"input_proj": [1, 1], "q_proj": [1, 1], "k_proj": [1, 1], "v_proj": [1, 1], "o_proj": [1, 1], "lm_head": [3, 2]}}]
STAGE_HISTORY_JSON []
