# MQAR curriculum precision=fp4 max_steps=6000 seed=2001 peak_lr=0.015 num_tiles=16 k_max=10 additive_rank=1 dynamic_rank_control=True rank_grace_period_steps=50 use_critic=False recurrent_only_output=False embed_width=32 input_sparsity_p=0.5 wide_max_weights=2048 dy_sparsity_p=None use_tile_cache=False output_dy_sparsity_p=0.5 streak_threshold=10 wrong_streak_threshold=10
  step=    200  phase=vocab  vocab=   8  k=  1  loss_ema=1.4449  acc_ema=0.3457  steps/sec=15.1  max_streak= 6/10  ranks[in=1/1 q=1/1 k=1/1 v=1/1 o=1/1 lm=1/2]
  step=    400  phase=vocab  vocab=   8  k=  1  loss_ema=1.4591  acc_ema=0.4944  steps/sec=16.7  max_streak= 5/10  ranks[in=1/1 q=1/1 k=1/1 v=1/1 o=1/1 lm=1/3]
  step=    600  phase=vocab  vocab=   8  k=  1  loss_ema=1.2207  acc_ema=0.6684  steps/sec=17.4  max_streak= 8/10  ranks[in=1/1 q=1/1 k=1/1 v=1/1 o=1/1 lm=1/3]
  step=    800  phase=vocab  vocab=   8  k=  1  loss_ema=1.2846  acc_ema=0.6502  steps/sec=18.0  max_streak= 7/10  ranks[in=1/2 q=1/1 k=1/1 v=1/1 o=1/1 lm=1/3]
  step=   1000  phase=vocab  vocab=   8  k=  1  loss_ema=1.4359  acc_ema=0.5084  steps/sec=18.5  max_streak= 5/10  ranks[in=1/4 q=1/1 k=1/1 v=1/1 o=1/1 lm=1/3]
  step=   1200  phase=vocab  vocab=   8  k=  1  loss_ema=1.3763  acc_ema=0.4632  steps/sec=18.7  max_streak= 5/10  ranks[in=1/4 q=1/1 k=1/1 v=1/1 o=1/1 lm=1/3]
  step=   1400  phase=vocab  vocab=   8  k=  1  loss_ema=1.1204  acc_ema=0.6556  steps/sec=18.9  max_streak= 7/10  ranks[in=1/4 q=1/1 k=1/1 v=1/1 o=1/1 lm=2/3]
  step=   1600  phase=vocab  vocab=   8  k=  1  loss_ema=1.3224  acc_ema=0.5408  steps/sec=18.9  max_streak= 8/10  ranks[in=1/5 q=1/1 k=1/1 v=1/1 o=1/1 lm=2/3]
  step=   1800  phase=vocab  vocab=   8  k=  1  loss_ema=1.1666  acc_ema=0.6933  steps/sec=18.9  max_streak= 7/10  ranks[in=2/5 q=1/1 k=1/1 v=1/1 o=2/1 lm=2/3]
  step=   1921  phase=vocab  vocab=  16  k=  1  loss_ema=1.2196  acc_ema=0.6811  [LEVEL_UP]  ranks[in=2/4 q=1/1 k=1/1 v=1/1 o=1/2 lm=2/3]
  step=   1951  phase=vocab  vocab=   8  k=  1  loss_ema=3.9272  acc_ema=0.3846  [LEVEL_DOWN]  ranks[in=1/5 q=1/1 k=1/1 v=1/1 o=1/2 lm=2/3]
  step=   2000  phase=vocab  vocab=   8  k=  1  loss_ema=1.9082  acc_ema=0.4612  steps/sec=18.9  max_streak=10/10  ranks[in=2/5 q=1/1 k=1/1 v=1/1 o=1/2 lm=2/3]
  step=   2200  phase=vocab  vocab=   8  k=  1  loss_ema=1.2423  acc_ema=0.5404  steps/sec=18.8  max_streak= 6/10  ranks[in=2/4 q=1/1 k=1/1 v=1/1 o=1/1 lm=2/2]
  step=   2253  phase=vocab  vocab=  16  k=  1  loss_ema=1.3199  acc_ema=0.5575  [LEVEL_UP]  ranks[in=2/4 q=1/1 k=1/1 v=1/1 o=1/1 lm=2/3]
  step=   2283  phase=vocab  vocab=   8  k=  1  loss_ema=3.5906  acc_ema=0.3041  [LEVEL_DOWN]  ranks[in=3/5 q=1/1 k=1/1 v=1/1 o=1/1 lm=2/2]
  step=   2400  phase=vocab  vocab=   8  k=  1  loss_ema=1.4515  acc_ema=0.5472  steps/sec=18.6  max_streak=10/10  ranks[in=3/5 q=1/1 k=1/1 v=1/1 o=1/1 lm=2/4]
  step=   2600  phase=vocab  vocab=   8  k=  1  loss_ema=1.7571  acc_ema=0.5124  steps/sec=18.4  max_streak= 7/10  ranks[in=3/4 q=1/1 k=1/1 v=1/1 o=1/2 lm=1/5]
  step=   2800  phase=vocab  vocab=   8  k=  1  loss_ema=1.6864  acc_ema=0.5354  steps/sec=18.2  max_streak= 8/10  ranks[in=3/4 q=1/1 k=1/1 v=1/1 o=1/1 lm=2/5]
  step=   2988  phase=vocab  vocab=  16  k=  1  loss_ema=1.2805  acc_ema=0.6581  [LEVEL_UP]  ranks[in=3/5 q=1/1 k=1/1 v=1/1 o=1/1 lm=1/5]
  step=   3000  phase=vocab  vocab=  16  k=  1  loss_ema=2.7777  acc_ema=0.5164  steps/sec=18.0  max_streak=10/10  ranks[in=4/5 q=1/1 k=1/1 v=1/1 o=1/1 lm=2/5]
  step=   3027  phase=vocab  vocab=   8  k=  1  loss_ema=3.1051  acc_ema=0.3418  [LEVEL_DOWN]  ranks[in=4/5 q=1/1 k=1/1 v=1/1 o=1/1 lm=1/5]
  step=   3200  phase=vocab  vocab=   8  k=  1  loss_ema=1.4702  acc_ema=0.4970  steps/sec=17.8  max_streak= 5/10  ranks[in=4/5 q=1/1 k=1/1 v=1/1 o=1/1 lm=2/4]
  step=   3400  phase=vocab  vocab=   8  k=  1  loss_ema=1.5522  acc_ema=0.5496  steps/sec=17.4  max_streak= 5/10  ranks[in=4/4 q=1/1 k=1/1 v=1/1 o=1/1 lm=2/4]
  step=   3600  phase=vocab  vocab=   8  k=  1  loss_ema=1.4157  acc_ema=0.5754  steps/sec=17.5  max_streak= 9/10  ranks[in=4/4 q=1/1 k=1/1 v=1/1 o=1/1 lm=2/4]
  step=   3800  phase=vocab  vocab=   8  k=  1  loss_ema=1.5536  acc_ema=0.5136  steps/sec=17.6  max_streak= 7/10  ranks[in=4/4 q=1/1 k=1/1 v=1/1 o=1/1 lm=2/4]
  step=   4000  phase=vocab  vocab=   8  k=  1  loss_ema=1.4543  acc_ema=0.5900  steps/sec=17.7  max_streak= 6/10  ranks[in=4/4 q=1/1 k=1/1 v=1/1 o=1/1 lm=2/4]
  step=   4200  phase=vocab  vocab=   8  k=  1  loss_ema=1.4252  acc_ema=0.6563  steps/sec=17.7  max_streak= 6/10  ranks[in=4/4 q=1/1 k=1/1 v=1/1 o=1/1 lm=2/4]
  step=   4400  phase=vocab  vocab=   8  k=  1  loss_ema=1.5547  acc_ema=0.5823  steps/sec=17.7  max_streak= 8/10  ranks[in=4/4 q=1/1 k=1/1 v=1/1 o=1/1 lm=2/4]
  step=   4600  phase=vocab  vocab=   8  k=  1  loss_ema=1.5626  acc_ema=0.6306  steps/sec=17.8  max_streak= 7/10  ranks[in=4/4 q=1/1 k=1/1 v=1/1 o=1/1 lm=2/4]
  step=   4800  phase=vocab  vocab=   8  k=  1  loss_ema=1.4299  acc_ema=0.5670  steps/sec=17.8  max_streak= 7/10  ranks[in=3/4 q=1/1 k=1/1 v=1/1 o=1/1 lm=2/4]
  step=   5000  phase=vocab  vocab=   8  k=  1  loss_ema=1.7891  acc_ema=0.5181  steps/sec=17.8  max_streak= 8/10  ranks[in=3/4 q=1/1 k=1/1 v=1/1 o=1/1 lm=2/4]
  step=   5200  phase=vocab  vocab=   8  k=  1  loss_ema=1.4591  acc_ema=0.6038  steps/sec=17.9  max_streak= 7/10  ranks[in=3/4 q=1/1 k=1/1 v=1/1 o=1/1 lm=2/4]
  step=   5400  phase=vocab  vocab=   8  k=  1  loss_ema=1.3788  acc_ema=0.6356  steps/sec=17.9  max_streak= 8/10  ranks[in=3/4 q=1/1 k=1/1 v=1/1 o=1/1 lm=2/4]
  step=   5600  phase=vocab  vocab=   8  k=  1  loss_ema=1.3325  acc_ema=0.6616  steps/sec=17.9  max_streak= 7/10  ranks[in=3/4 q=1/1 k=1/1 v=1/1 o=1/1 lm=2/4]
  step=   5800  phase=vocab  vocab=   8  k=  1  loss_ema=1.2818  acc_ema=0.6865  steps/sec=18.0  max_streak= 9/10  ranks[in=3/4 q=1/1 k=1/1 v=1/1 o=1/1 lm=2/4]
  step=   5944  phase=vocab  vocab=  16  k=  1  loss_ema=1.1006  acc_ema=0.7785  [LEVEL_UP]  ranks[in=3/4 q=1/1 k=1/1 v=1/1 o=1/1 lm=1/4]
  step=   5974  phase=vocab  vocab=   8  k=  1  loss_ema=3.0584  acc_ema=0.4247  [LEVEL_DOWN]  ranks[in=3/4 q=1/1 k=1/1 v=1/1 o=1/1 lm=2/4]
  step=   6000  phase=vocab  vocab=   8  k=  1  loss_ema=2.3688  acc_ema=0.3986  steps/sec=18.0  max_streak=10/10  ranks[in=3/4 q=1/1 k=1/1 v=1/1 o=1/1 lm=2/4]

FINAL precision=fp4 final_vocab=8 final_k=1 final_phase=vocab graduated=False total_steps=6000 steps_per_sec=18.0 peak_rss_mb=85.6 (334s)
PEAK precision=fp4 peak_vocab=16 peak_k=1 peak_phase=vocab
RANK_MUTATIONS precision=fp4 count=367
  input_proj   scale_rank=3  additive_rank=4
  q_proj       scale_rank=1  additive_rank=1
  k_proj       scale_rank=1  additive_rank=1
  v_proj       scale_rank=1  additive_rank=1
  o_proj       scale_rank=1  additive_rank=1
  lm_head      scale_rank=2  additive_rank=4
RANK_HISTORY_JSON [{"step": 200, "ranks": {"input_proj": [1, 1], "q_proj": [1, 1], "k_proj": [1, 1], "v_proj": [1, 1], "o_proj": [1, 1], "lm_head": [1, 2]}}, {"step": 400, "ranks": {"input_proj": [1, 1], "q_proj": [1, 1], "k_proj": [1, 1], "v_proj": [1, 1], "o_proj": [1, 1], "lm_head": [1, 3]}}, {"step": 600, "ranks": {"input_proj": [1, 1], "q_proj": [1, 1], "k_proj": [1, 1], "v_proj": [1, 1], "o_proj": [1, 1], "lm_head": [1, 3]}}, {"step": 800, "ranks": {"input_proj": [1, 2], "q_proj": [1, 1], "k_proj": [1, 1], "v_proj": [1, 1], "o_proj": [1, 1], "lm_head": [1, 3]}}, {"step": 1000, "ranks": {"input_proj": [1, 4], "q_proj": [1, 1], "k_proj": [1, 1], "v_proj": [1, 1], "o_proj": [1, 1], "lm_head": [1, 3]}}, {"step": 1200, "ranks": {"input_proj": [1, 4], "q_proj": [1, 1], "k_proj": [1, 1], "v_proj": [1, 1], "o_proj": [1, 1], "lm_head": [1, 3]}}, {"step": 1400, "ranks": {"input_proj": [1, 4], "q_proj": [1, 1], "k_proj": [1, 1], "v_proj": [1, 1], "o_proj": [1, 1], "lm_head": [2, 3]}}, {"step": 1600, "ranks": {"input_proj": [1, 5], "q_proj": [1, 1], "k_proj": [1, 1], "v_proj": [1, 1], "o_proj": [1, 1], "lm_head": [2, 3]}}, {"step": 1800, "ranks": {"input_proj": [2, 5], "q_proj": [1, 1], "k_proj": [1, 1], "v_proj": [1, 1], "o_proj": [2, 1], "lm_head": [2, 3]}}, {"step": 1921, "ranks": {"input_proj": [2, 4], "q_proj": [1, 1], "k_proj": [1, 1], "v_proj": [1, 1], "o_proj": [1, 2], "lm_head": [2, 3]}}, {"step": 1951, "ranks": {"input_proj": [1, 5], "q_proj": [1, 1], "k_proj": [1, 1], "v_proj": [1, 1], "o_proj": [1, 2], "lm_head": [2, 3]}}, {"step": 2000, "ranks": {"input_proj": [2, 5], "q_proj": [1, 1], "k_proj": [1, 1], "v_proj": [1, 1], "o_proj": [1, 2], "lm_head": [2, 3]}}, {"step": 2200, "ranks": {"input_proj": [2, 4], "q_proj": [1, 1], "k_proj": [1, 1], "v_proj": [1, 1], "o_proj": [1, 1], "lm_head": [2, 2]}}, {"step": 2253, "ranks": {"input_proj": [2, 4], "q_proj": [1, 1], "k_proj": [1, 1], "v_proj": [1, 1], "o_proj": [1, 1], "lm_head": [2, 3]}}, {"step": 2283, "ranks": {"input_proj": [3, 5], "q_proj": [1, 1], "k_proj": [1, 1], "v_proj": [1, 1], "o_proj": [1, 1], "lm_head": [2, 2]}}, {"step": 2400, "ranks": {"input_proj": [3, 5], "q_proj": [1, 1], "k_proj": [1, 1], "v_proj": [1, 1], "o_proj": [1, 1], "lm_head": [2, 4]}}, {"step": 2600, "ranks": {"input_proj": [3, 4], "q_proj": [1, 1], "k_proj": [1, 1], "v_proj": [1, 1], "o_proj": [1, 2], "lm_head": [1, 5]}}, {"step": 2800, "ranks": {"input_proj": [3, 4], "q_proj": [1, 1], "k_proj": [1, 1], "v_proj": [1, 1], "o_proj": [1, 1], "lm_head": [2, 5]}}, {"step": 2988, "ranks": {"input_proj": [3, 5], "q_proj": [1, 1], "k_proj": [1, 1], "v_proj": [1, 1], "o_proj": [1, 1], "lm_head": [1, 5]}}, {"step": 3000, "ranks": {"input_proj": [4, 5], "q_proj": [1, 1], "k_proj": [1, 1], "v_proj": [1, 1], "o_proj": [1, 1], "lm_head": [2, 5]}}, {"step": 3027, "ranks": {"input_proj": [4, 5], "q_proj": [1, 1], "k_proj": [1, 1], "v_proj": [1, 1], "o_proj": [1, 1], "lm_head": [1, 5]}}, {"step": 3200, "ranks": {"input_proj": [4, 5], "q_proj": [1, 1], "k_proj": [1, 1], "v_proj": [1, 1], "o_proj": [1, 1], "lm_head": [2, 4]}}, {"step": 3400, "ranks": {"input_proj": [4, 4], "q_proj": [1, 1], "k_proj": [1, 1], "v_proj": [1, 1], "o_proj": [1, 1], "lm_head": [2, 4]}}, {"step": 3600, "ranks": {"input_proj": [4, 4], "q_proj": [1, 1], "k_proj": [1, 1], "v_proj": [1, 1], "o_proj": [1, 1], "lm_head": [2, 4]}}, {"step": 3800, "ranks": {"input_proj": [4, 4], "q_proj": [1, 1], "k_proj": [1, 1], "v_proj": [1, 1], "o_proj": [1, 1], "lm_head": [2, 4]}}, {"step": 4000, "ranks": {"input_proj": [4, 4], "q_proj": [1, 1], "k_proj": [1, 1], "v_proj": [1, 1], "o_proj": [1, 1], "lm_head": [2, 4]}}, {"step": 4200, "ranks": {"input_proj": [4, 4], "q_proj": [1, 1], "k_proj": [1, 1], "v_proj": [1, 1], "o_proj": [1, 1], "lm_head": [2, 4]}}, {"step": 4400, "ranks": {"input_proj": [4, 4], "q_proj": [1, 1], "k_proj": [1, 1], "v_proj": [1, 1], "o_proj": [1, 1], "lm_head": [2, 4]}}, {"step": 4600, "ranks": {"input_proj": [4, 4], "q_proj": [1, 1], "k_proj": [1, 1], "v_proj": [1, 1], "o_proj": [1, 1], "lm_head": [2, 4]}}, {"step": 4800, "ranks": {"input_proj": [3, 4], "q_proj": [1, 1], "k_proj": [1, 1], "v_proj": [1, 1], "o_proj": [1, 1], "lm_head": [2, 4]}}, {"step": 5000, "ranks": {"input_proj": [3, 4], "q_proj": [1, 1], "k_proj": [1, 1], "v_proj": [1, 1], "o_proj": [1, 1], "lm_head": [2, 4]}}, {"step": 5200, "ranks": {"input_proj": [3, 4], "q_proj": [1, 1], "k_proj": [1, 1], "v_proj": [1, 1], "o_proj": [1, 1], "lm_head": [2, 4]}}, {"step": 5400, "ranks": {"input_proj": [3, 4], "q_proj": [1, 1], "k_proj": [1, 1], "v_proj": [1, 1], "o_proj": [1, 1], "lm_head": [2, 4]}}, {"step": 5600, "ranks": {"input_proj": [3, 4], "q_proj": [1, 1], "k_proj": [1, 1], "v_proj": [1, 1], "o_proj": [1, 1], "lm_head": [2, 4]}}, {"step": 5800, "ranks": {"input_proj": [3, 4], "q_proj": [1, 1], "k_proj": [1, 1], "v_proj": [1, 1], "o_proj": [1, 1], "lm_head": [2, 4]}}, {"step": 5944, "ranks": {"input_proj": [3, 4], "q_proj": [1, 1], "k_proj": [1, 1], "v_proj": [1, 1], "o_proj": [1, 1], "lm_head": [1, 4]}}, {"step": 5974, "ranks": {"input_proj": [3, 4], "q_proj": [1, 1], "k_proj": [1, 1], "v_proj": [1, 1], "o_proj": [1, 1], "lm_head": [2, 4]}}, {"step": 6000, "ranks": {"input_proj": [3, 4], "q_proj": [1, 1], "k_proj": [1, 1], "v_proj": [1, 1], "o_proj": [1, 1], "lm_head": [2, 4]}}]
STAGE_HISTORY_JSON [{"step": 1921, "event": "level_up", "from": {"vocab": 8, "k": 1, "phase": "vocab"}, "to": {"vocab": 16, "k": 1, "phase": "vocab"}}, {"step": 1951, "event": "level_down", "from": {"vocab": 16, "k": 1, "phase": "vocab"}, "to": {"vocab": 8, "k": 1, "phase": "vocab"}}, {"step": 2253, "event": "level_up", "from": {"vocab": 8, "k": 1, "phase": "vocab"}, "to": {"vocab": 16, "k": 1, "phase": "vocab"}}, {"step": 2283, "event": "level_down", "from": {"vocab": 16, "k": 1, "phase": "vocab"}, "to": {"vocab": 8, "k": 1, "phase": "vocab"}}, {"step": 2988, "event": "level_up", "from": {"vocab": 8, "k": 1, "phase": "vocab"}, "to": {"vocab": 16, "k": 1, "phase": "vocab"}}, {"step": 3027, "event": "level_down", "from": {"vocab": 16, "k": 1, "phase": "vocab"}, "to": {"vocab": 8, "k": 1, "phase": "vocab"}}, {"step": 5944, "event": "level_up", "from": {"vocab": 8, "k": 1, "phase": "vocab"}, "to": {"vocab": 16, "k": 1, "phase": "vocab"}}, {"step": 5974, "event": "level_down", "from": {"vocab": 16, "k": 1, "phase": "vocab"}, "to": {"vocab": 8, "k": 1, "phase": "vocab"}}]
