# MQAR curriculum precision=fp4 max_steps=20000 seed=2001 peak_lr=0.015 num_tiles=16 k_max=10 additive_rank=1 dynamic_rank_control=True rank_grace_period_steps=50 use_critic=False recurrent_only_output=False embed_width=16 input_sparsity_p=None wide_max_weights=None dy_sparsity_p=None use_tile_cache=False streak_threshold=10 wrong_streak_threshold=5
  step=    200  phase=vocab  vocab=   8  k=  1  loss_ema=1.5502  acc_ema=0.2888  steps/sec=10.2  ranks[in=1/1 q=1/1 k=1/1 v=1/1 o=1/1 lm=1/3]
  step=    400  phase=vocab  vocab=   8  k=  1  loss_ema=1.4772  acc_ema=0.3053  steps/sec=10.1  ranks[in=1/1 q=1/1 k=1/1 v=1/1 o=1/1 lm=1/4]
  step=    600  phase=vocab  vocab=   8  k=  1  loss_ema=1.4765  acc_ema=0.4340  steps/sec=10.3  ranks[in=1/1 q=1/1 k=1/1 v=1/1 o=1/1 lm=1/4]
  step=    800  phase=vocab  vocab=   8  k=  1  loss_ema=1.2379  acc_ema=0.5814  steps/sec=10.4  ranks[in=1/1 q=1/1 k=1/1 v=1/1 o=1/1 lm=1/4]
  step=   1000  phase=vocab  vocab=   8  k=  1  loss_ema=1.3215  acc_ema=0.5047  steps/sec=10.5  ranks[in=1/1 q=1/1 k=1/1 v=1/1 o=1/1 lm=1/4]
  step=   1200  phase=vocab  vocab=   8  k=  1  loss_ema=1.3341  acc_ema=0.5135  steps/sec=10.5  ranks[in=1/1 q=1/1 k=1/1 v=1/1 o=1/1 lm=1/4]
  step=   1340  phase=vocab  vocab=  16  k=  1  loss_ema=1.1968  acc_ema=0.6776  [LEVEL_UP]  ranks[in=1/1 q=1/1 k=1/1 v=1/1 o=1/1 lm=1/4]
  step=   1372  phase=vocab  vocab=   8  k=  1  loss_ema=4.0139  acc_ema=0.4065  [LEVEL_DOWN]  ranks[in=1/2 q=1/1 k=1/1 v=1/1 o=1/1 lm=1/4]
  step=   1400  phase=vocab  vocab=   8  k=  1  loss_ema=2.5245  acc_ema=0.4404  steps/sec=10.5  ranks[in=1/1 q=1/1 k=1/1 v=1/1 o=1/1 lm=1/4]
  step=   1453  phase=vocab  vocab=  16  k=  1  loss_ema=1.4067  acc_ema=0.6694  [LEVEL_UP]  ranks[in=1/1 q=1/1 k=1/1 v=1/1 o=1/1 lm=1/4]
  step=   1486  phase=vocab  vocab=   8  k=  1  loss_ema=3.3527  acc_ema=0.3734  [LEVEL_DOWN]  ranks[in=2/2 q=1/1 k=1/1 v=1/1 o=1/1 lm=1/4]
  step=   1600  phase=vocab  vocab=   8  k=  1  loss_ema=1.5169  acc_ema=0.4862  steps/sec=10.5  ranks[in=1/3 q=1/1 k=1/1 v=1/1 o=1/1 lm=1/4]
  step=   1687  phase=vocab  vocab=  16  k=  1  loss_ema=1.3601  acc_ema=0.6785  [LEVEL_UP]  ranks[in=1/3 q=1/1 k=1/1 v=1/1 o=1/1 lm=1/4]
  step=   1717  phase=vocab  vocab=   8  k=  1  loss_ema=2.5988  acc_ema=0.4645  [LEVEL_DOWN]  ranks[in=2/3 q=1/1 k=1/1 v=1/1 o=1/1 lm=1/4]
  step=   1800  phase=vocab  vocab=   8  k=  1  loss_ema=1.6134  acc_ema=0.4301  steps/sec=10.5  ranks[in=1/3 q=1/1 k=1/1 v=1/1 o=1/1 lm=1/4]
  step=   1975  phase=vocab  vocab=  16  k=  1  loss_ema=1.0780  acc_ema=0.6797  [LEVEL_UP]  ranks[in=1/2 q=1/1 k=1/1 v=1/1 o=1/1 lm=1/4]
  step=   2000  phase=vocab  vocab=  16  k=  1  loss_ema=2.3561  acc_ema=0.4614  steps/sec=10.5  ranks[in=1/3 q=1/1 k=1/1 v=1/1 o=1/1 lm=1/4]
  step=   2006  phase=vocab  vocab=   8  k=  1  loss_ema=2.3823  acc_ema=0.4268  [LEVEL_DOWN]  ranks[in=1/2 q=1/1 k=1/1 v=1/1 o=1/1 lm=1/4]
  step=   2041  phase=vocab  vocab=  16  k=  1  loss_ema=1.5852  acc_ema=0.5537  [LEVEL_UP]  ranks[in=1/3 q=1/1 k=1/1 v=1/1 o=1/1 lm=1/4]
  step=   2085  phase=vocab  vocab=   8  k=  1  loss_ema=2.3686  acc_ema=0.3601  [LEVEL_DOWN]  ranks[in=1/3 q=1/1 k=1/1 v=1/1 o=1/1 lm=1/4]
  step=   2200  phase=vocab  vocab=   8  k=  1  loss_ema=1.4360  acc_ema=0.5196  steps/sec=10.5  ranks[in=1/3 q=1/1 k=1/1 v=1/1 o=1/1 lm=1/4]
  step=   2400  phase=vocab  vocab=   8  k=  1  loss_ema=1.2420  acc_ema=0.6875  steps/sec=10.5  ranks[in=1/3 q=1/1 k=1/1 v=1/1 o=1/1 lm=1/4]
  step=   2454  phase=vocab  vocab=  16  k=  1  loss_ema=1.0574  acc_ema=0.7677  [LEVEL_UP]  ranks[in=1/3 q=1/1 k=1/1 v=1/1 o=1/1 lm=1/4]
  step=   2485  phase=vocab  vocab=   8  k=  1  loss_ema=2.0118  acc_ema=0.5349  [LEVEL_DOWN]  ranks[in=1/3 q=1/1 k=1/1 v=1/1 o=1/1 lm=1/4]
  step=   2600  phase=vocab  vocab=   8  k=  1  loss_ema=1.4886  acc_ema=0.4857  steps/sec=10.5  ranks[in=1/3 q=1/1 k=1/1 v=1/1 o=1/1 lm=1/4]
  step=   2800  phase=vocab  vocab=   8  k=  1  loss_ema=4.0922  acc_ema=0.3313  steps/sec=10.5  ranks[in=1/4 q=1/1 k=1/1 v=2/2 o=1/2 lm=1/4]
  step=   3000  phase=vocab  vocab=   8  k=  1  loss_ema=3.2096  acc_ema=0.2958  steps/sec=10.5  ranks[in=2/4 q=2/1 k=1/4 v=2/4 o=1/3 lm=1/3]
  step=   3200  phase=vocab  vocab=   8  k=  1  loss_ema=4.7862  acc_ema=0.2084  steps/sec=10.3  ranks[in=2/4 q=2/4 k=1/5 v=2/8 o=2/6 lm=1/3]
  step=   3400  phase=vocab  vocab=   8  k=  1  loss_ema=1.7557  acc_ema=0.3852  steps/sec=10.2  ranks[in=2/4 q=2/4 k=1/5 v=2/9 o=1/7 lm=1/3]
  step=   3600  phase=vocab  vocab=   8  k=  1  loss_ema=1.6229  acc_ema=0.4482  steps/sec=10.0  ranks[in=2/4 q=2/6 k=1/5 v=2/10 o=1/6 lm=1/3]
  step=   3800  phase=vocab  vocab=   8  k=  1  loss_ema=3.6162  acc_ema=0.2383  steps/sec=9.9  ranks[in=2/4 q=2/7 k=1/6 v=3/10 o=1/7 lm=1/3]
  step=   4000  phase=vocab  vocab=   8  k=  1  loss_ema=1.6876  acc_ema=0.4284  steps/sec=9.9  ranks[in=2/4 q=2/7 k=1/6 v=2/10 o=1/8 lm=1/3]
  step=   4200  phase=vocab  vocab=   8  k=  1  loss_ema=1.5023  acc_ema=0.3850  steps/sec=9.8  ranks[in=1/4 q=2/7 k=1/6 v=2/10 o=1/8 lm=1/2]
  step=   4400  phase=vocab  vocab=   8  k=  1  loss_ema=3.9955  acc_ema=0.2112  steps/sec=9.7  ranks[in=2/4 q=3/9 k=2/7 v=3/11 o=2/11 lm=1/2]
  step=   4600  phase=vocab  vocab=   8  k=  1  loss_ema=1.7715  acc_ema=0.2941  steps/sec=9.6  ranks[in=2/4 q=2/9 k=2/7 v=3/9 o=3/10 lm=1/2]
  step=   4800  phase=vocab  vocab=   8  k=  1  loss_ema=1.5676  acc_ema=0.4187  steps/sec=9.4  ranks[in=1/4 q=2/9 k=2/7 v=3/8 o=4/7 lm=1/2]
  step=   5000  phase=vocab  vocab=   8  k=  1  loss_ema=1.6263  acc_ema=0.2977  steps/sec=9.3  ranks[in=2/4 q=3/9 k=2/5 v=3/11 o=5/7 lm=1/2]
  step=   5200  phase=vocab  vocab=   8  k=  1  loss_ema=1.4582  acc_ema=0.3161  steps/sec=9.2  ranks[in=2/4 q=3/9 k=3/8 v=2/12 o=5/7 lm=1/2]
  step=   5400  phase=vocab  vocab=   8  k=  1  loss_ema=1.4350  acc_ema=0.2790  steps/sec=9.0  ranks[in=2/4 q=3/9 k=3/7 v=2/13 o=4/7 lm=1/1]
  step=   5600  phase=vocab  vocab=   8  k=  1  loss_ema=1.4081  acc_ema=0.3270  steps/sec=8.9  ranks[in=2/4 q=3/9 k=3/8 v=2/16 o=4/7 lm=1/1]
  step=   5800  phase=vocab  vocab=   8  k=  1  loss_ema=1.8322  acc_ema=0.3171  steps/sec=8.8  ranks[in=2/4 q=3/9 k=3/8 v=2/15 o=5/10 lm=1/1]
  step=   6000  phase=vocab  vocab=   8  k=  1  loss_ema=1.3998  acc_ema=0.3035  steps/sec=8.7  ranks[in=2/4 q=3/9 k=3/9 v=1/15 o=5/8 lm=1/1]
  step=   6200  phase=vocab  vocab=   8  k=  1  loss_ema=1.4204  acc_ema=0.2165  steps/sec=8.7  ranks[in=2/4 q=3/9 k=3/9 v=2/15 o=4/8 lm=1/1]
  step=   6400  phase=vocab  vocab=   8  k=  1  loss_ema=1.3973  acc_ema=0.2280  steps/sec=8.6  ranks[in=2/4 q=3/9 k=3/9 v=2/15 o=4/8 lm=1/1]
  step=   6600  phase=vocab  vocab=   8  k=  1  loss_ema=1.3969  acc_ema=0.2860  steps/sec=8.5  ranks[in=2/4 q=3/9 k=3/9 v=2/15 o=4/8 lm=1/1]
  step=   6800  phase=vocab  vocab=   8  k=  1  loss_ema=3.7611  acc_ema=0.1825  steps/sec=8.4  ranks[in=3/4 q=3/9 k=4/9 v=4/17 o=4/8 lm=1/1]
  step=   7000  phase=vocab  vocab=   8  k=  1  loss_ema=1.4080  acc_ema=0.1881  steps/sec=8.4  ranks[in=3/4 q=3/9 k=4/8 v=4/18 o=4/8 lm=1/1]
  step=   7200  phase=vocab  vocab=   8  k=  1  loss_ema=1.4165  acc_ema=0.1986  steps/sec=8.3  ranks[in=3/4 q=3/9 k=4/8 v=4/20 o=4/8 lm=1/1]
  step=   7400  phase=vocab  vocab=   8  k=  1  loss_ema=1.3845  acc_ema=0.2787  steps/sec=8.2  ranks[in=3/4 q=3/9 k=4/8 v=4/20 o=4/8 lm=1/1]
  step=   7600  phase=vocab  vocab=   8  k=  1  loss_ema=1.3942  acc_ema=0.3465  steps/sec=8.1  ranks[in=4/4 q=3/9 k=4/8 v=4/18 o=5/8 lm=1/1]
  step=   7800  phase=vocab  vocab=   8  k=  1  loss_ema=1.3337  acc_ema=0.4328  steps/sec=8.1  ranks[in=4/4 q=3/9 k=4/8 v=4/18 o=5/8 lm=1/1]
  step=   8000  phase=vocab  vocab=   8  k=  1  loss_ema=1.3576  acc_ema=0.3510  steps/sec=8.0  ranks[in=4/4 q=3/9 k=4/8 v=4/18 o=5/8 lm=1/1]
  step=   8200  phase=vocab  vocab=   8  k=  1  loss_ema=1.4680  acc_ema=0.3777  steps/sec=8.0  ranks[in=4/4 q=3/9 k=4/8 v=4/18 o=5/8 lm=2/2]
  step=   8400  phase=vocab  vocab=   8  k=  1  loss_ema=1.3813  acc_ema=0.3984  steps/sec=7.9  ranks[in=4/4 q=3/9 k=4/8 v=4/18 o=5/9 lm=2/2]
  step=   8600  phase=vocab  vocab=   8  k=  1  loss_ema=1.3806  acc_ema=0.4693  steps/sec=7.8  ranks[in=4/4 q=3/9 k=4/8 v=4/17 o=5/9 lm=2/2]
  step=   8671  phase=vocab  vocab=  16  k=  1  loss_ema=1.2705  acc_ema=0.5823  [LEVEL_UP]  ranks[in=4/4 q=3/9 k=3/7 v=4/17 o=5/9 lm=2/2]
  step=   8712  phase=vocab  vocab=   8  k=  1  loss_ema=3.4083  acc_ema=0.3533  [LEVEL_DOWN]  ranks[in=4/4 q=3/9 k=3/8 v=3/17 o=5/10 lm=2/2]
  step=   8800  phase=vocab  vocab=   8  k=  1  loss_ema=1.4906  acc_ema=0.2522  steps/sec=7.8  ranks[in=4/4 q=3/9 k=3/8 v=3/17 o=5/10 lm=2/2]
  step=   9000  phase=vocab  vocab=   8  k=  1  loss_ema=1.4860  acc_ema=0.3501  steps/sec=7.8  ranks[in=4/4 q=3/9 k=3/9 v=3/17 o=5/11 lm=2/2]
  step=   9200  phase=vocab  vocab=   8  k=  1  loss_ema=1.2044  acc_ema=0.5933  steps/sec=7.7  ranks[in=4/4 q=3/9 k=3/9 v=3/17 o=5/11 lm=2/2]
  step=   9267  phase=vocab  vocab=  16  k=  1  loss_ema=1.1025  acc_ema=0.7105  [LEVEL_UP]  ranks[in=4/4 q=3/9 k=3/9 v=3/17 o=5/12 lm=2/2]
  step=   9299  phase=vocab  vocab=   8  k=  1  loss_ema=2.7776  acc_ema=0.4187  [LEVEL_DOWN]  ranks[in=4/4 q=3/9 k=3/9 v=3/17 o=5/12 lm=2/2]
  step=   9400  phase=vocab  vocab=   8  k=  1  loss_ema=1.3532  acc_ema=0.4851  steps/sec=7.7  ranks[in=4/4 q=3/9 k=3/9 v=3/18 o=5/12 lm=2/2]
  step=   9435  phase=vocab  vocab=  16  k=  1  loss_ema=1.2473  acc_ema=0.6801  [LEVEL_UP]  ranks[in=4/4 q=3/9 k=3/9 v=3/19 o=5/13 lm=2/2]
  step=   9465  phase=vocab  vocab=   8  k=  1  loss_ema=2.4449  acc_ema=0.4208  [LEVEL_DOWN]  ranks[in=4/4 q=3/9 k=3/9 v=3/18 o=5/12 lm=2/2]
  step=   9600  phase=vocab  vocab=   8  k=  1  loss_ema=1.3580  acc_ema=0.4482  steps/sec=7.7  ranks[in=4/4 q=3/8 k=3/8 v=3/19 o=5/14 lm=2/2]
  step=   9800  phase=vocab  vocab=   8  k=  1  loss_ema=1.1996  acc_ema=0.6256  steps/sec=7.6  ranks[in=4/4 q=3/7 k=3/6 v=2/22 o=5/15 lm=2/2]
  step=   9863  phase=vocab  vocab=  16  k=  1  loss_ema=1.2298  acc_ema=0.6910  [LEVEL_UP]  ranks[in=4/4 q=3/7 k=3/6 v=2/22 o=5/15 lm=2/2]
  step=   9893  phase=vocab  vocab=   8  k=  1  loss_ema=2.5866  acc_ema=0.3769  [LEVEL_DOWN]  ranks[in=4/4 q=3/7 k=3/6 v=2/22 o=5/16 lm=2/2]
  step=  10000  phase=vocab  vocab=   8  k=  1  loss_ema=1.2306  acc_ema=0.5130  steps/sec=7.6  ranks[in=4/4 q=3/7 k=2/6 v=3/23 o=5/17 lm=2/2]
  step=  10200  phase=vocab  vocab=   8  k=  1  loss_ema=1.2815  acc_ema=0.5842  steps/sec=7.6  ranks[in=4/4 q=3/7 k=2/6 v=3/23 o=5/17 lm=2/2]
  step=  10377  phase=vocab  vocab=  16  k=  1  loss_ema=1.0977  acc_ema=0.7379  [LEVEL_UP]  ranks[in=4/4 q=3/7 k=2/6 v=3/24 o=5/18 lm=2/2]
  step=  10400  phase=vocab  vocab=  16  k=  1  loss_ema=3.2179  acc_ema=0.4832  steps/sec=7.5  ranks[in=4/4 q=3/7 k=2/6 v=4/25 o=5/19 lm=2/2]
  step=  10407  phase=vocab  vocab=   8  k=  1  loss_ema=3.3255  acc_ema=0.4195  [LEVEL_DOWN]  ranks[in=4/4 q=3/7 k=2/6 v=4/25 o=5/19 lm=2/2]
  step=  10600  phase=vocab  vocab=   8  k=  1  loss_ema=1.2350  acc_ema=0.5661  steps/sec=7.5  ranks[in=4/4 q=3/7 k=2/9 v=4/26 o=4/19 lm=2/2]
  step=  10800  phase=vocab  vocab=   8  k=  1  loss_ema=1.2240  acc_ema=0.5959  steps/sec=7.4  ranks[in=4/4 q=3/7 k=2/9 v=4/29 o=4/19 lm=2/2]
  step=  11000  phase=vocab  vocab=   8  k=  1  loss_ema=1.1825  acc_ema=0.6993  steps/sec=7.4  ranks[in=4/4 q=4/7 k=3/12 v=5/30 o=4/19 lm=2/2]
  step=  11012  phase=vocab  vocab=  16  k=  1  loss_ema=1.1570  acc_ema=0.7477  [LEVEL_UP]  ranks[in=4/4 q=3/8 k=2/12 v=5/30 o=4/19 lm=2/2]
  step=  11042  phase=vocab  vocab=   8  k=  1  loss_ema=3.2130  acc_ema=0.4665  [LEVEL_DOWN]  ranks[in=4/4 q=4/8 k=3/12 v=5/30 o=4/18 lm=2/2]
  step=  11189  phase=vocab  vocab=  16  k=  1  loss_ema=1.2727  acc_ema=0.6468  [LEVEL_UP]  ranks[in=4/4 q=3/7 k=2/13 v=6/31 o=4/20 lm=3/1]
  step=  11200  phase=vocab  vocab=  16  k=  1  loss_ema=2.5146  acc_ema=0.5179  steps/sec=7.4  ranks[in=4/4 q=3/7 k=2/13 v=5/31 o=4/20 lm=2/1]
  step=  11219  phase=vocab  vocab=   8  k=  1  loss_ema=3.5060  acc_ema=0.3528  [LEVEL_DOWN]  ranks[in=4/4 q=3/7 k=2/13 v=5/31 o=4/20 lm=2/1]
  step=  11238  phase=vocab  vocab=  16  k=  1  loss_ema=2.2879  acc_ema=0.4550  [LEVEL_UP]  ranks[in=4/4 q=3/8 k=3/13 v=6/31 o=4/20 lm=2/1]
  step=  11268  phase=vocab  vocab=   8  k=  1  loss_ema=3.8532  acc_ema=0.2482  [LEVEL_DOWN]  ranks[in=4/4 q=3/9 k=2/13 v=5/31 o=4/20 lm=2/1]
  step=  11400  phase=vocab  vocab=   8  k=  1  loss_ema=1.3658  acc_ema=0.5312  steps/sec=7.3  ranks[in=4/4 q=3/7 k=2/14 v=5/31 o=4/21 lm=3/1]
  step=  11600  phase=vocab  vocab=   8  k=  1  loss_ema=1.3319  acc_ema=0.4847  steps/sec=7.3  ranks[in=4/4 q=3/8 k=2/16 v=6/31 o=4/22 lm=3/1]
  step=  11714  phase=vocab  vocab=  16  k=  1  loss_ema=1.1182  acc_ema=0.7473  [LEVEL_UP]  ranks[in=4/4 q=3/8 k=2/15 v=6/31 o=4/23 lm=2/1]
  step=  11753  phase=vocab  vocab=   8  k=  1  loss_ema=3.6789  acc_ema=0.4131  [LEVEL_DOWN]  ranks[in=4/4 q=3/8 k=2/15 v=5/31 o=4/23 lm=2/1]
  step=  11800  phase=vocab  vocab=   8  k=  1  loss_ema=1.5808  acc_ema=0.5714  steps/sec=7.3  ranks[in=4/4 q=3/8 k=2/15 v=5/32 o=4/23 lm=2/1]
  step=  11834  phase=vocab  vocab=  16  k=  1  loss_ema=1.1827  acc_ema=0.6865  [LEVEL_UP]  ranks[in=4/4 q=3/8 k=2/14 v=6/32 o=4/24 lm=2/1]
  step=  11864  phase=vocab  vocab=   8  k=  1  loss_ema=3.5073  acc_ema=0.3745  [LEVEL_DOWN]  ranks[in=4/4 q=3/8 k=2/14 v=5/32 o=4/23 lm=2/1]
  step=  11968  phase=vocab  vocab=  16  k=  1  loss_ema=1.1388  acc_ema=0.6712  [LEVEL_UP]  ranks[in=4/4 q=3/7 k=2/14 v=5/32 o=4/25 lm=2/1]
  step=  11998  phase=vocab  vocab=   8  k=  1  loss_ema=3.5077  acc_ema=0.3949  [LEVEL_DOWN]  ranks[in=4/4 q=3/7 k=3/14 v=6/32 o=4/25 lm=2/1]
  step=  12000  phase=vocab  vocab=   8  k=  1  loss_ema=3.3531  acc_ema=0.3988  steps/sec=7.2  ranks[in=4/4 q=3/7 k=3/14 v=6/32 o=4/25 lm=2/1]
  step=  12026  phase=vocab  vocab=  16  k=  1  loss_ema=1.9115  acc_ema=0.5877  [LEVEL_UP]  ranks[in=4/4 q=3/7 k=2/14 v=5/32 o=4/26 lm=2/1]
  step=  12056  phase=vocab  vocab=   8  k=  1  loss_ema=3.3587  acc_ema=0.3206  [LEVEL_DOWN]  ranks[in=4/4 q=3/7 k=2/14 v=5/32 o=4/27 lm=2/1]
  step=  12196  phase=vocab  vocab=  16  k=  1  loss_ema=1.0598  acc_ema=0.7314  [LEVEL_UP]  ranks[in=4/4 q=3/7 k=2/14 v=6/32 o=4/27 lm=2/1]
  step=  12200  phase=vocab  vocab=  16  k=  1  loss_ema=1.6606  acc_ema=0.6747  steps/sec=7.2  ranks[in=4/4 q=3/7 k=2/14 v=6/32 o=4/27 lm=2/1]
  step=  12226  phase=vocab  vocab=   8  k=  1  loss_ema=3.0599  acc_ema=0.4121  [LEVEL_DOWN]  ranks[in=4/4 q=3/7 k=2/14 v=6/32 o=4/27 lm=2/1]
  step=  12242  phase=vocab  vocab=  16  k=  1  loss_ema=2.1390  acc_ema=0.5421  [LEVEL_UP]  ranks[in=4/4 q=3/7 k=2/14 v=6/32 o=4/28 lm=2/1]
  step=  12275  phase=vocab  vocab=   8  k=  1  loss_ema=3.2233  acc_ema=0.3078  [LEVEL_DOWN]  ranks[in=4/4 q=3/7 k=3/13 v=7/32 o=4/27 lm=2/1]
  step=  12400  phase=vocab  vocab=   8  k=  1  loss_ema=1.3015  acc_ema=0.6244  steps/sec=7.2  ranks[in=4/4 q=3/7 k=3/12 v=7/32 o=2/28 lm=2/2]
  step=  12600  phase=vocab  vocab=   8  k=  1  loss_ema=2.2874  acc_ema=0.2863  steps/sec=7.2  ranks[in=4/4 q=3/7 k=3/13 v=7/32 o=2/28 lm=2/2]
  step=  12800  phase=vocab  vocab=   8  k=  1  loss_ema=1.6718  acc_ema=0.6025  steps/sec=7.1  ranks[in=4/4 q=3/7 k=2/13 v=7/32 o=2/28 lm=2/4]
  step=  13000  phase=vocab  vocab=   8  k=  1  loss_ema=1.8623  acc_ema=0.5026  steps/sec=7.1  ranks[in=4/4 q=3/7 k=3/12 v=8/32 o=3/28 lm=2/4]
  step=  13200  phase=vocab  vocab=   8  k=  1  loss_ema=2.0311  acc_ema=0.5169  steps/sec=7.1  ranks[in=4/4 q=3/9 k=3/12 v=7/32 o=3/28 lm=2/4]
  step=  13400  phase=vocab  vocab=   8  k=  1  loss_ema=1.4943  acc_ema=0.6118  steps/sec=7.1  ranks[in=4/4 q=3/9 k=3/12 v=7/32 o=3/31 lm=2/4]
  step=  13452  phase=vocab  vocab=  16  k=  1  loss_ema=1.4419  acc_ema=0.7123  [LEVEL_UP]  ranks[in=4/4 q=3/9 k=3/12 v=7/32 o=3/32 lm=2/4]
  step=  13482  phase=vocab  vocab=   8  k=  1  loss_ema=4.0401  acc_ema=0.3885  [LEVEL_DOWN]  ranks[in=4/4 q=3/9 k=3/12 v=7/32 o=3/32 lm=2/4]
  step=  13575  phase=vocab  vocab=  16  k=  1  loss_ema=1.5528  acc_ema=0.6785  [LEVEL_UP]  ranks[in=4/4 q=3/9 k=3/12 v=7/32 o=3/32 lm=2/4]
  step=  13600  phase=vocab  vocab=  16  k=  1  loss_ema=3.3810  acc_ema=0.4479  steps/sec=7.0  ranks[in=4/4 q=3/9 k=3/12 v=7/32 o=3/32 lm=2/4]
  step=  13610  phase=vocab  vocab=   8  k=  1  loss_ema=3.5198  acc_ema=0.4014  [LEVEL_DOWN]  ranks[in=4/4 q=3/10 k=3/12 v=7/32 o=3/32 lm=2/4]
  step=  13800  phase=vocab  vocab=   8  k=  1  loss_ema=2.4356  acc_ema=0.5084  steps/sec=7.0  ranks[in=4/4 q=3/10 k=3/12 v=7/32 o=3/32 lm=2/4]
  step=  14000  phase=vocab  vocab=   8  k=  1  loss_ema=1.9387  acc_ema=0.5435  steps/sec=7.0  ranks[in=4/4 q=3/10 k=3/12 v=7/32 o=3/32 lm=2/4]
  step=  14200  phase=vocab  vocab=   8  k=  1  loss_ema=1.4899  acc_ema=0.6439  steps/sec=7.0  ranks[in=4/4 q=3/10 k=3/12 v=7/32 o=2/32 lm=2/4]
  step=  14349  phase=vocab  vocab=  16  k=  1  loss_ema=1.1602  acc_ema=0.7749  [LEVEL_UP]  ranks[in=4/4 q=3/10 k=3/12 v=7/32 o=2/32 lm=2/4]
  step=  14379  phase=vocab  vocab=   8  k=  1  loss_ema=2.8824  acc_ema=0.4227  [LEVEL_DOWN]  ranks[in=4/4 q=3/10 k=3/12 v=6/32 o=2/32 lm=2/4]
  step=  14400  phase=vocab  vocab=   8  k=  1  loss_ema=2.9395  acc_ema=0.3731  steps/sec=7.0  ranks[in=4/4 q=3/10 k=3/12 v=7/32 o=3/32 lm=2/4]
  step=  14600  phase=vocab  vocab=   8  k=  1  loss_ema=2.0466  acc_ema=0.4524  steps/sec=7.0  ranks[in=4/4 q=3/10 k=3/12 v=8/32 o=3/32 lm=3/3]
  step=  14800  phase=vocab  vocab=   8  k=  1  loss_ema=1.5866  acc_ema=0.5638  steps/sec=6.9  ranks[in=4/4 q=3/10 k=3/12 v=8/32 o=3/32 lm=2/3]
  step=  15000  phase=vocab  vocab=   8  k=  1  loss_ema=1.2885  acc_ema=0.6110  steps/sec=6.9  ranks[in=4/4 q=3/10 k=3/12 v=8/32 o=3/32 lm=2/3]
  step=  15076  phase=vocab  vocab=  16  k=  1  loss_ema=1.7466  acc_ema=0.6486  [LEVEL_UP]  ranks[in=4/4 q=3/10 k=3/12 v=9/32 o=3/32 lm=2/3]
  step=  15106  phase=vocab  vocab=   8  k=  1  loss_ema=2.8759  acc_ema=0.3538  [LEVEL_DOWN]  ranks[in=4/4 q=3/10 k=3/12 v=9/32 o=3/32 lm=2/3]
  step=  15200  phase=vocab  vocab=   8  k=  1  loss_ema=2.2742  acc_ema=0.4125  steps/sec=6.9  ranks[in=4/4 q=3/12 k=2/14 v=9/32 o=3/32 lm=2/3]
  step=  15315  phase=vocab  vocab=  16  k=  1  loss_ema=1.3013  acc_ema=0.7362  [LEVEL_UP]  ranks[in=4/4 q=3/11 k=2/14 v=10/32 o=3/32 lm=2/3]
  step=  15345  phase=vocab  vocab=   8  k=  1  loss_ema=3.1910  acc_ema=0.4193  [LEVEL_DOWN]  ranks[in=4/4 q=3/11 k=3/15 v=10/32 o=3/32 lm=2/3]
  step=  15400  phase=vocab  vocab=   8  k=  1  loss_ema=2.1036  acc_ema=0.5560  steps/sec=6.9  ranks[in=4/4 q=3/11 k=2/15 v=10/32 o=3/32 lm=2/3]
  step=  15582  phase=vocab  vocab=  16  k=  1  loss_ema=1.5762  acc_ema=0.6779  [LEVEL_UP]  ranks[in=4/4 q=3/10 k=2/15 v=10/32 o=3/32 lm=2/3]
  step=  15600  phase=vocab  vocab=  16  k=  1  loss_ema=2.9606  acc_ema=0.4712  steps/sec=6.9  ranks[in=4/4 q=3/10 k=2/15 v=10/32 o=3/32 lm=2/3]
  step=  15612  phase=vocab  vocab=   8  k=  1  loss_ema=3.0016  acc_ema=0.3698  [LEVEL_DOWN]  ranks[in=4/4 q=3/10 k=2/15 v=10/32 o=3/32 lm=2/3]
  step=  15697  phase=vocab  vocab=  16  k=  1  loss_ema=1.4651  acc_ema=0.6696  [LEVEL_UP]  ranks[in=4/4 q=3/10 k=2/15 v=9/32 o=3/32 lm=2/3]
  step=  15727  phase=vocab  vocab=   8  k=  1  loss_ema=3.0826  acc_ema=0.3653  [LEVEL_DOWN]  ranks[in=4/4 q=3/10 k=2/15 v=9/32 o=3/32 lm=2/3]
  step=  15743  phase=vocab  vocab=  16  k=  1  loss_ema=2.5737  acc_ema=0.4787  [LEVEL_UP]  ranks[in=4/4 q=3/10 k=2/15 v=9/32 o=3/32 lm=2/3]
  step=  15775  phase=vocab  vocab=   8  k=  1  loss_ema=2.8987  acc_ema=0.2852  [LEVEL_DOWN]  ranks[in=4/4 q=3/10 k=2/15 v=10/32 o=3/32 lm=2/3]
  step=  15800  phase=vocab  vocab=   8  k=  1  loss_ema=2.0343  acc_ema=0.4960  steps/sec=6.9  ranks[in=4/4 q=3/9 k=2/15 v=10/32 o=3/32 lm=2/3]
  step=  15819  phase=vocab  vocab=  16  k=  1  loss_ema=1.7914  acc_ema=0.6264  [LEVEL_UP]  ranks[in=4/4 q=3/9 k=2/15 v=10/32 o=3/32 lm=2/3]
  step=  15849  phase=vocab  vocab=   8  k=  1  loss_ema=3.2127  acc_ema=0.4292  [LEVEL_DOWN]  ranks[in=4/4 q=3/10 k=2/15 v=11/32 o=3/32 lm=2/3]
  step=  15868  phase=vocab  vocab=  16  k=  1  loss_ema=2.4716  acc_ema=0.5504  [LEVEL_UP]  ranks[in=4/4 q=3/9 k=2/15 v=11/32 o=3/32 lm=2/3]
  step=  15898  phase=vocab  vocab=   8  k=  1  loss_ema=3.1359  acc_ema=0.3128  [LEVEL_DOWN]  ranks[in=4/4 q=3/9 k=2/15 v=11/32 o=3/32 lm=2/3]
  step=  15916  phase=vocab  vocab=  16  k=  1  loss_ema=2.7921  acc_ema=0.4773  [LEVEL_UP]  ranks[in=4/4 q=3/9 k=2/15 v=11/32 o=3/32 lm=2/3]
  step=  15957  phase=vocab  vocab=   8  k=  1  loss_ema=3.3830  acc_ema=0.2867  [LEVEL_DOWN]  ranks[in=4/4 q=3/10 k=2/15 v=11/32 o=3/32 lm=2/3]
  step=  15982  phase=vocab  vocab=  16  k=  1  loss_ema=2.6512  acc_ema=0.4735  [LEVEL_UP]  ranks[in=4/4 q=3/10 k=2/15 v=11/32 o=3/32 lm=2/3]
  step=  16000  phase=vocab  vocab=  16  k=  1  loss_ema=3.0006  acc_ema=0.3452  steps/sec=6.8  ranks[in=4/4 q=3/10 k=2/15 v=11/32 o=3/32 lm=2/3]
  step=  16015  phase=vocab  vocab=   8  k=  1  loss_ema=3.4683  acc_ema=0.2730  [LEVEL_DOWN]  ranks[in=4/4 q=3/11 k=3/15 v=11/32 o=3/32 lm=2/3]
  step=  16102  phase=vocab  vocab=  16  k=  1  loss_ema=1.5724  acc_ema=0.6474  [LEVEL_UP]  ranks[in=4/4 q=3/11 k=3/14 v=11/32 o=3/32 lm=2/3]
  step=  16147  phase=vocab  vocab=   8  k=  1  loss_ema=2.9331  acc_ema=0.3702  [LEVEL_DOWN]  ranks[in=4/4 q=3/11 k=3/13 v=11/32 o=3/32 lm=2/3]
  step=  16200  phase=vocab  vocab=   8  k=  1  loss_ema=2.2074  acc_ema=0.5407  steps/sec=6.8  ranks[in=4/4 q=3/11 k=3/14 v=11/32 o=3/32 lm=2/3]
  step=  16400  phase=vocab  vocab=   8  k=  1  loss_ema=1.6836  acc_ema=0.6005  steps/sec=6.8  ranks[in=4/4 q=3/11 k=2/14 v=10/32 o=3/32 lm=2/3]
  step=  16600  phase=vocab  vocab=   8  k=  1  loss_ema=1.4643  acc_ema=0.6104  steps/sec=6.8  ranks[in=4/4 q=3/11 k=2/14 v=10/32 o=3/32 lm=2/3]
  step=  16789  phase=vocab  vocab=  16  k=  1  loss_ema=1.4027  acc_ema=0.7245  [LEVEL_UP]  ranks[in=4/4 q=3/11 k=2/14 v=10/32 o=3/32 lm=2/3]
  step=  16800  phase=vocab  vocab=  16  k=  1  loss_ema=2.3845  acc_ema=0.5802  steps/sec=6.8  ranks[in=4/4 q=3/11 k=2/14 v=10/32 o=3/32 lm=2/3]
  step=  16828  phase=vocab  vocab=   8  k=  1  loss_ema=3.3663  acc_ema=0.3958  [LEVEL_DOWN]  ranks[in=4/4 q=3/11 k=2/14 v=10/32 o=3/32 lm=2/3]
  step=  16982  phase=vocab  vocab=  16  k=  1  loss_ema=1.2408  acc_ema=0.7225  [LEVEL_UP]  ranks[in=4/4 q=3/11 k=2/13 v=10/32 o=3/31 lm=2/3]
  step=  17000  phase=vocab  vocab=  16  k=  1  loss_ema=2.5458  acc_ema=0.5022  steps/sec=6.8  ranks[in=4/4 q=3/11 k=2/13 v=10/32 o=3/31 lm=3/3]
  step=  17017  phase=vocab  vocab=   8  k=  1  loss_ema=2.8494  acc_ema=0.4051  [LEVEL_DOWN]  ranks[in=4/4 q=3/11 k=2/13 v=10/32 o=3/32 lm=2/3]
  step=  17061  phase=vocab  vocab=  16  k=  1  loss_ema=1.8823  acc_ema=0.5976  [LEVEL_UP]  ranks[in=4/4 q=3/11 k=2/13 v=10/32 o=3/31 lm=2/3]
  step=  17092  phase=vocab  vocab=   8  k=  1  loss_ema=3.1412  acc_ema=0.3974  [LEVEL_DOWN]  ranks[in=4/4 q=3/11 k=2/14 v=9/32 o=3/31 lm=2/3]
  step=  17122  phase=vocab  vocab=  16  k=  1  loss_ema=2.2962  acc_ema=0.5511  [LEVEL_UP]  ranks[in=4/4 q=3/11 k=2/14 v=9/32 o=3/31 lm=2/3]
  step=  17157  phase=vocab  vocab=   8  k=  1  loss_ema=2.9477  acc_ema=0.3733  [LEVEL_DOWN]  ranks[in=4/4 q=3/11 k=2/13 v=9/32 o=3/32 lm=2/3]
  step=  17200  phase=vocab  vocab=   8  k=  1  loss_ema=1.8636  acc_ema=0.4917  steps/sec=6.8  ranks[in=4/4 q=3/11 k=2/14 v=9/32 o=3/32 lm=2/3]
  step=  17215  phase=vocab  vocab=  16  k=  1  loss_ema=1.6619  acc_ema=0.6082  [LEVEL_UP]  ranks[in=4/4 q=3/11 k=2/14 v=9/32 o=3/32 lm=2/3]
  step=  17247  phase=vocab  vocab=   8  k=  1  loss_ema=3.1141  acc_ema=0.3678  [LEVEL_DOWN]  ranks[in=4/4 q=3/11 k=2/14 v=9/32 o=3/32 lm=2/3]
  step=  17348  phase=vocab  vocab=  16  k=  1  loss_ema=1.3302  acc_ema=0.7573  [LEVEL_UP]  ranks[in=4/4 q=3/11 k=2/14 v=9/32 o=3/32 lm=2/3]
  step=  17378  phase=vocab  vocab=   8  k=  1  loss_ema=3.1417  acc_ema=0.4131  [LEVEL_DOWN]  ranks[in=4/4 q=3/11 k=2/14 v=10/32 o=3/32 lm=2/3]
  step=  17400  phase=vocab  vocab=   8  k=  1  loss_ema=2.3527  acc_ema=0.5174  steps/sec=6.7  ranks[in=4/4 q=3/11 k=2/14 v=10/32 o=3/32 lm=2/3]
  step=  17413  phase=vocab  vocab=  16  k=  1  loss_ema=1.8339  acc_ema=0.5965  [LEVEL_UP]  ranks[in=4/4 q=3/11 k=2/14 v=10/32 o=3/32 lm=2/3]
  step=  17472  phase=vocab  vocab=   8  k=  1  loss_ema=3.1355  acc_ema=0.3746  [LEVEL_DOWN]  ranks[in=4/4 q=3/11 k=2/13 v=10/32 o=3/32 lm=2/3]
  step=  17600  phase=vocab  vocab=   8  k=  1  loss_ema=2.0330  acc_ema=0.4877  steps/sec=6.7  ranks[in=4/4 q=3/10 k=2/16 v=9/32 o=3/32 lm=2/3]
  step=  17800  phase=vocab  vocab=   8  k=  1  loss_ema=1.7297  acc_ema=0.4054  steps/sec=6.7  ranks[in=4/4 q=3/10 k=2/16 v=8/32 o=3/32 lm=2/3]
  step=  18000  phase=vocab  vocab=   8  k=  1  loss_ema=1.5497  acc_ema=0.5188  steps/sec=6.7  ranks[in=4/4 q=3/11 k=3/15 v=10/32 o=3/32 lm=2/3]
  step=  18200  phase=vocab  vocab=   8  k=  1  loss_ema=1.4666  acc_ema=0.5967  steps/sec=6.7  ranks[in=4/4 q=2/12 k=3/15 v=10/32 o=3/32 lm=2/3]
  step=  18216  phase=vocab  vocab=  16  k=  1  loss_ema=1.2547  acc_ema=0.6770  [LEVEL_UP]  ranks[in=4/4 q=2/12 k=3/15 v=10/32 o=3/32 lm=2/3]
  step=  18254  phase=vocab  vocab=   8  k=  1  loss_ema=3.1731  acc_ema=0.3783  [LEVEL_DOWN]  ranks[in=4/4 q=2/12 k=3/17 v=10/32 o=3/32 lm=2/3]
  step=  18400  phase=vocab  vocab=   8  k=  1  loss_ema=1.3439  acc_ema=0.5550  steps/sec=6.7  ranks[in=4/4 q=2/11 k=4/18 v=10/32 o=3/32 lm=2/3]
  step=  18441  phase=vocab  vocab=  16  k=  1  loss_ema=1.3272  acc_ema=0.6544  [LEVEL_UP]  ranks[in=4/4 q=2/11 k=4/18 v=10/32 o=3/32 lm=2/3]
  step=  18471  phase=vocab  vocab=   8  k=  1  loss_ema=3.0539  acc_ema=0.3987  [LEVEL_DOWN]  ranks[in=4/4 q=2/11 k=4/18 v=10/32 o=3/32 lm=3/3]
  step=  18495  phase=vocab  vocab=  16  k=  1  loss_ema=2.3758  acc_ema=0.4985  [LEVEL_UP]  ranks[in=4/4 q=2/11 k=4/18 v=10/32 o=3/32 lm=3/3]
  step=  18526  phase=vocab  vocab=   8  k=  1  loss_ema=3.0163  acc_ema=0.3539  [LEVEL_DOWN]  ranks[in=4/4 q=3/11 k=5/18 v=10/32 o=3/32 lm=3/3]
  step=  18596  phase=vocab  vocab=  16  k=  1  loss_ema=1.5871  acc_ema=0.6086  [LEVEL_UP]  ranks[in=4/4 q=2/11 k=4/18 v=9/32 o=3/32 lm=3/3]
  step=  18600  phase=vocab  vocab=  16  k=  1  loss_ema=1.9613  acc_ema=0.5614  steps/sec=6.7  ranks[in=4/4 q=2/11 k=4/18 v=9/32 o=3/32 lm=3/3]
  step=  18634  phase=vocab  vocab=   8  k=  1  loss_ema=2.9479  acc_ema=0.3720  [LEVEL_DOWN]  ranks[in=4/4 q=3/10 k=5/18 v=10/32 o=3/32 lm=3/3]
  step=  18800  phase=vocab  vocab=   8  k=  1  loss_ema=1.2951  acc_ema=0.7021  steps/sec=6.7  ranks[in=4/4 q=2/10 k=4/18 v=10/32 o=3/32 lm=3/3]
  step=  18895  phase=vocab  vocab=  16  k=  1  loss_ema=1.1373  acc_ema=0.8058  [LEVEL_UP]  ranks[in=4/4 q=2/10 k=4/18 v=10/32 o=3/32 lm=3/3]
  step=  18928  phase=vocab  vocab=   8  k=  1  loss_ema=2.7613  acc_ema=0.4607  [LEVEL_DOWN]  ranks[in=4/4 q=2/10 k=4/18 v=9/32 o=3/32 lm=3/3]
  step=  18982  phase=vocab  vocab=  16  k=  1  loss_ema=1.4014  acc_ema=0.6697  [LEVEL_UP]  ranks[in=4/4 q=2/10 k=4/18 v=10/32 o=3/32 lm=3/3]
  step=  19000  phase=vocab  vocab=  16  k=  1  loss_ema=2.4563  acc_ema=0.4829  steps/sec=6.6  ranks[in=4/4 q=2/10 k=4/18 v=10/32 o=3/32 lm=3/3]
  step=  19014  phase=vocab  vocab=   8  k=  1  loss_ema=2.7959  acc_ema=0.3820  [LEVEL_DOWN]  ranks[in=4/4 q=2/10 k=4/18 v=10/32 o=3/32 lm=3/3]
  step=  19036  phase=vocab  vocab=  16  k=  1  loss_ema=2.2164  acc_ema=0.5305  [LEVEL_UP]  ranks[in=4/4 q=2/10 k=4/18 v=9/32 o=3/32 lm=3/3]
  step=  19073  phase=vocab  vocab=   8  k=  1  loss_ema=2.8348  acc_ema=0.3675  [LEVEL_DOWN]  ranks[in=4/4 q=3/10 k=5/18 v=9/32 o=3/32 lm=3/2]
  step=  19200  phase=vocab  vocab=   8  k=  1  loss_ema=1.4072  acc_ema=0.6031  steps/sec=6.6  ranks[in=4/4 q=2/9 k=4/18 v=9/32 o=3/32 lm=3/2]
  step=  19328  phase=vocab  vocab=  16  k=  1  loss_ema=1.2455  acc_ema=0.7807  [LEVEL_UP]  ranks[in=4/4 q=2/9 k=4/18 v=10/32 o=3/32 lm=3/2]
  step=  19368  phase=vocab  vocab=   8  k=  1  loss_ema=3.3966  acc_ema=0.4439  [LEVEL_DOWN]  ranks[in=4/4 q=2/9 k=4/18 v=10/32 o=3/32 lm=3/2]
  step=  19400  phase=vocab  vocab=   8  k=  1  loss_ema=1.9794  acc_ema=0.5115  steps/sec=6.6  ranks[in=4/4 q=2/9 k=4/18 v=11/32 o=3/32 lm=3/2]
  step=  19475  phase=vocab  vocab=  16  k=  1  loss_ema=1.2400  acc_ema=0.7871  [LEVEL_UP]  ranks[in=4/4 q=2/9 k=4/18 v=11/32 o=3/32 lm=3/2]
  step=  19505  phase=vocab  vocab=   8  k=  1  loss_ema=3.1573  acc_ema=0.4294  [LEVEL_DOWN]  ranks[in=4/4 q=3/9 k=5/18 v=11/32 o=3/32 lm=3/2]
  step=  19525  phase=vocab  vocab=  16  k=  1  loss_ema=2.1867  acc_ema=0.5882  [LEVEL_UP]  ranks[in=4/4 q=2/9 k=5/19 v=11/32 o=3/32 lm=3/2]
  step=  19560  phase=vocab  vocab=   8  k=  1  loss_ema=3.0847  acc_ema=0.3371  [LEVEL_DOWN]  ranks[in=4/4 q=2/9 k=5/18 v=11/32 o=3/32 lm=3/2]
  step=  19592  phase=vocab  vocab=  16  k=  1  loss_ema=1.8080  acc_ema=0.5851  [LEVEL_UP]  ranks[in=4/4 q=2/9 k=5/20 v=11/32 o=3/32 lm=3/2]
  step=  19600  phase=vocab  vocab=  16  k=  1  loss_ema=2.3390  acc_ema=0.4978  steps/sec=6.6  ranks[in=4/4 q=2/9 k=5/20 v=11/32 o=3/32 lm=3/2]
  step=  19630  phase=vocab  vocab=   8  k=  1  loss_ema=2.7532  acc_ema=0.3783  [LEVEL_DOWN]  ranks[in=4/4 q=2/9 k=5/20 v=11/32 o=3/32 lm=3/2]
  step=  19750  phase=vocab  vocab=  16  k=  1  loss_ema=1.3001  acc_ema=0.7523  [LEVEL_UP]  ranks[in=4/4 q=2/9 k=5/21 v=12/32 o=3/32 lm=3/2]
  step=  19780  phase=vocab  vocab=   8  k=  1  loss_ema=2.9380  acc_ema=0.4495  [LEVEL_DOWN]  ranks[in=4/4 q=2/9 k=5/21 v=12/32 o=3/32 lm=3/2]
  step=  19800  phase=vocab  vocab=   8  k=  1  loss_ema=2.3882  acc_ema=0.4493  steps/sec=6.6  ranks[in=4/4 q=3/9 k=5/21 v=12/32 o=3/32 lm=3/2]
  step=  19914  phase=vocab  vocab=  16  k=  1  loss_ema=1.4931  acc_ema=0.6436  [LEVEL_UP]  ranks[in=4/4 q=2/11 k=4/21 v=11/32 o=3/32 lm=3/2]
  step=  19949  phase=vocab  vocab=   8  k=  1  loss_ema=3.4963  acc_ema=0.3595  [LEVEL_DOWN]  ranks[in=4/4 q=2/10 k=4/21 v=10/32 o=3/32 lm=3/2]
  step=  20000  phase=vocab  vocab=   8  k=  1  loss_ema=1.7194  acc_ema=0.6036  steps/sec=6.6  ranks[in=4/4 q=2/12 k=3/21 v=10/32 o=3/32 lm=3/2]

FINAL precision=fp4 final_vocab=8 final_k=1 final_phase=vocab graduated=False total_steps=20000 steps_per_sec=6.6 peak_rss_mb=77.4 (3032s)
PEAK precision=fp4 peak_vocab=16 peak_k=1 peak_phase=vocab
RANK_MUTATIONS precision=fp4 count=910
  input_proj   scale_rank=4  additive_rank=4
  q_proj       scale_rank=2  additive_rank=12
  k_proj       scale_rank=3  additive_rank=21
  v_proj       scale_rank=10  additive_rank=32
  o_proj       scale_rank=3  additive_rank=32
  lm_head      scale_rank=3  additive_rank=2
RANK_HISTORY_JSON [{"step": 200, "ranks": {"input_proj": [1, 1], "q_proj": [1, 1], "k_proj": [1, 1], "v_proj": [1, 1], "o_proj": [1, 1], "lm_head": [1, 3]}}, {"step": 400, "ranks": {"input_proj": [1, 1], "q_proj": [1, 1], "k_proj": [1, 1], "v_proj": [1, 1], "o_proj": [1, 1], "lm_head": [1, 4]}}, {"step": 600, "ranks": {"input_proj": [1, 1], "q_proj": [1, 1], "k_proj": [1, 1], "v_proj": [1, 1], "o_proj": [1, 1], "lm_head": [1, 4]}}, {"step": 800, "ranks": {"input_proj": [1, 1], "q_proj": [1, 1], "k_proj": [1, 1], "v_proj": [1, 1], "o_proj": [1, 1], "lm_head": [1, 4]}}, {"step": 1000, "ranks": {"input_proj": [1, 1], "q_proj": [1, 1], "k_proj": [1, 1], "v_proj": [1, 1], "o_proj": [1, 1], "lm_head": [1, 4]}}, {"step": 1200, "ranks": {"input_proj": [1, 1], "q_proj": [1, 1], "k_proj": [1, 1], "v_proj": [1, 1], "o_proj": [1, 1], "lm_head": [1, 4]}}, {"step": 1340, "ranks": {"input_proj": [1, 1], "q_proj": [1, 1], "k_proj": [1, 1], "v_proj": [1, 1], "o_proj": [1, 1], "lm_head": [1, 4]}}, {"step": 1372, "ranks": {"input_proj": [1, 2], "q_proj": [1, 1], "k_proj": [1, 1], "v_proj": [1, 1], "o_proj": [1, 1], "lm_head": [1, 4]}}, {"step": 1400, "ranks": {"input_proj": [1, 1], "q_proj": [1, 1], "k_proj": [1, 1], "v_proj": [1, 1], "o_proj": [1, 1], "lm_head": [1, 4]}}, {"step": 1453, "ranks": {"input_proj": [1, 1], "q_proj": [1, 1], "k_proj": [1, 1], "v_proj": [1, 1], "o_proj": [1, 1], "lm_head": [1, 4]}}, {"step": 1486, "ranks": {"input_proj": [2, 2], "q_proj": [1, 1], "k_proj": [1, 1], "v_proj": [1, 1], "o_proj": [1, 1], "lm_head": [1, 4]}}, {"step": 1600, "ranks": {"input_proj": [1, 3], "q_proj": [1, 1], "k_proj": [1, 1], "v_proj": [1, 1], "o_proj": [1, 1], "lm_head": [1, 4]}}, {"step": 1687, "ranks": {"input_proj": [1, 3], "q_proj": [1, 1], "k_proj": [1, 1], "v_proj": [1, 1], "o_proj": [1, 1], "lm_head": [1, 4]}}, {"step": 1717, "ranks": {"input_proj": [2, 3], "q_proj": [1, 1], "k_proj": [1, 1], "v_proj": [1, 1], "o_proj": [1, 1], "lm_head": [1, 4]}}, {"step": 1800, "ranks": {"input_proj": [1, 3], "q_proj": [1, 1], "k_proj": [1, 1], "v_proj": [1, 1], "o_proj": [1, 1], "lm_head": [1, 4]}}, {"step": 1975, "ranks": {"input_proj": [1, 2], "q_proj": [1, 1], "k_proj": [1, 1], "v_proj": [1, 1], "o_proj": [1, 1], "lm_head": [1, 4]}}, {"step": 2000, "ranks": {"input_proj": [1, 3], "q_proj": [1, 1], "k_proj": [1, 1], "v_proj": [1, 1], "o_proj": [1, 1], "lm_head": [1, 4]}}, {"step": 2006, "ranks": {"input_proj": [1, 2], "q_proj": [1, 1], "k_proj": [1, 1], "v_proj": [1, 1], "o_proj": [1, 1], "lm_head": [1, 4]}}, {"step": 2041, "ranks": {"input_proj": [1, 3], "q_proj": [1, 1], "k_proj": [1, 1], "v_proj": [1, 1], "o_proj": [1, 1], "lm_head": [1, 4]}}, {"step": 2085, "ranks": {"input_proj": [1, 3], "q_proj": [1, 1], "k_proj": [1, 1], "v_proj": [1, 1], "o_proj": [1, 1], "lm_head": [1, 4]}}, {"step": 2200, "ranks": {"input_proj": [1, 3], "q_proj": [1, 1], "k_proj": [1, 1], "v_proj": [1, 1], "o_proj": [1, 1], "lm_head": [1, 4]}}, {"step": 2400, "ranks": {"input_proj": [1, 3], "q_proj": [1, 1], "k_proj": [1, 1], "v_proj": [1, 1], "o_proj": [1, 1], "lm_head": [1, 4]}}, {"step": 2454, "ranks": {"input_proj": [1, 3], "q_proj": [1, 1], "k_proj": [1, 1], "v_proj": [1, 1], "o_proj": [1, 1], "lm_head": [1, 4]}}, {"step": 2485, "ranks": {"input_proj": [1, 3], "q_proj": [1, 1], "k_proj": [1, 1], "v_proj": [1, 1], "o_proj": [1, 1], "lm_head": [1, 4]}}, {"step": 2600, "ranks": {"input_proj": [1, 3], "q_proj": [1, 1], "k_proj": [1, 1], "v_proj": [1, 1], "o_proj": [1, 1], "lm_head": [1, 4]}}, {"step": 2800, "ranks": {"input_proj": [1, 4], "q_proj": [1, 1], "k_proj": [1, 1], "v_proj": [2, 2], "o_proj": [1, 2], "lm_head": [1, 4]}}, {"step": 3000, "ranks": {"input_proj": [2, 4], "q_proj": [2, 1], "k_proj": [1, 4], "v_proj": [2, 4], "o_proj": [1, 3], "lm_head": [1, 3]}}, {"step": 3200, "ranks": {"input_proj": [2, 4], "q_proj": [2, 4], "k_proj": [1, 5], "v_proj": [2, 8], "o_proj": [2, 6], "lm_head": [1, 3]}}, {"step": 3400, "ranks": {"input_proj": [2, 4], "q_proj": [2, 4], "k_proj": [1, 5], "v_proj": [2, 9], "o_proj": [1, 7], "lm_head": [1, 3]}}, {"step": 3600, "ranks": {"input_proj": [2, 4], "q_proj": [2, 6], "k_proj": [1, 5], "v_proj": [2, 10], "o_proj": [1, 6], "lm_head": [1, 3]}}, {"step": 3800, "ranks": {"input_proj": [2, 4], "q_proj": [2, 7], "k_proj": [1, 6], "v_proj": [3, 10], "o_proj": [1, 7], "lm_head": [1, 3]}}, {"step": 4000, "ranks": {"input_proj": [2, 4], "q_proj": [2, 7], "k_proj": [1, 6], "v_proj": [2, 10], "o_proj": [1, 8], "lm_head": [1, 3]}}, {"step": 4200, "ranks": {"input_proj": [1, 4], "q_proj": [2, 7], "k_proj": [1, 6], "v_proj": [2, 10], "o_proj": [1, 8], "lm_head": [1, 2]}}, {"step": 4400, "ranks": {"input_proj": [2, 4], "q_proj": [3, 9], "k_proj": [2, 7], "v_proj": [3, 11], "o_proj": [2, 11], "lm_head": [1, 2]}}, {"step": 4600, "ranks": {"input_proj": [2, 4], "q_proj": [2, 9], "k_proj": [2, 7], "v_proj": [3, 9], "o_proj": [3, 10], "lm_head": [1, 2]}}, {"step": 4800, "ranks": {"input_proj": [1, 4], "q_proj": [2, 9], "k_proj": [2, 7], "v_proj": [3, 8], "o_proj": [4, 7], "lm_head": [1, 2]}}, {"step": 5000, "ranks": {"input_proj": [2, 4], "q_proj": [3, 9], "k_proj": [2, 5], "v_proj": [3, 11], "o_proj": [5, 7], "lm_head": [1, 2]}}, {"step": 5200, "ranks": {"input_proj": [2, 4], "q_proj": [3, 9], "k_proj": [3, 8], "v_proj": [2, 12], "o_proj": [5, 7], "lm_head": [1, 2]}}, {"step": 5400, "ranks": {"input_proj": [2, 4], "q_proj": [3, 9], "k_proj": [3, 7], "v_proj": [2, 13], "o_proj": [4, 7], "lm_head": [1, 1]}}, {"step": 5600, "ranks": {"input_proj": [2, 4], "q_proj": [3, 9], "k_proj": [3, 8], "v_proj": [2, 16], "o_proj": [4, 7], "lm_head": [1, 1]}}, {"step": 5800, "ranks": {"input_proj": [2, 4], "q_proj": [3, 9], "k_proj": [3, 8], "v_proj": [2, 15], "o_proj": [5, 10], "lm_head": [1, 1]}}, {"step": 6000, "ranks": {"input_proj": [2, 4], "q_proj": [3, 9], "k_proj": [3, 9], "v_proj": [1, 15], "o_proj": [5, 8], "lm_head": [1, 1]}}, {"step": 6200, "ranks": {"input_proj": [2, 4], "q_proj": [3, 9], "k_proj": [3, 9], "v_proj": [2, 15], "o_proj": [4, 8], "lm_head": [1, 1]}}, {"step": 6400, "ranks": {"input_proj": [2, 4], "q_proj": [3, 9], "k_proj": [3, 9], "v_proj": [2, 15], "o_proj": [4, 8], "lm_head": [1, 1]}}, {"step": 6600, "ranks": {"input_proj": [2, 4], "q_proj": [3, 9], "k_proj": [3, 9], "v_proj": [2, 15], "o_proj": [4, 8], "lm_head": [1, 1]}}, {"step": 6800, "ranks": {"input_proj": [3, 4], "q_proj": [3, 9], "k_proj": [4, 9], "v_proj": [4, 17], "o_proj": [4, 8], "lm_head": [1, 1]}}, {"step": 7000, "ranks": {"input_proj": [3, 4], "q_proj": [3, 9], "k_proj": [4, 8], "v_proj": [4, 18], "o_proj": [4, 8], "lm_head": [1, 1]}}, {"step": 7200, "ranks": {"input_proj": [3, 4], "q_proj": [3, 9], "k_proj": [4, 8], "v_proj": [4, 20], "o_proj": [4, 8], "lm_head": [1, 1]}}, {"step": 7400, "ranks": {"input_proj": [3, 4], "q_proj": [3, 9], "k_proj": [4, 8], "v_proj": [4, 20], "o_proj": [4, 8], "lm_head": [1, 1]}}, {"step": 7600, "ranks": {"input_proj": [4, 4], "q_proj": [3, 9], "k_proj": [4, 8], "v_proj": [4, 18], "o_proj": [5, 8], "lm_head": [1, 1]}}, {"step": 7800, "ranks": {"input_proj": [4, 4], "q_proj": [3, 9], "k_proj": [4, 8], "v_proj": [4, 18], "o_proj": [5, 8], "lm_head": [1, 1]}}, {"step": 8000, "ranks": {"input_proj": [4, 4], "q_proj": [3, 9], "k_proj": [4, 8], "v_proj": [4, 18], "o_proj": [5, 8], "lm_head": [1, 1]}}, {"step": 8200, "ranks": {"input_proj": [4, 4], "q_proj": [3, 9], "k_proj": [4, 8], "v_proj": [4, 18], "o_proj": [5, 8], "lm_head": [2, 2]}}, {"step": 8400, "ranks": {"input_proj": [4, 4], "q_proj": [3, 9], "k_proj": [4, 8], "v_proj": [4, 18], "o_proj": [5, 9], "lm_head": [2, 2]}}, {"step": 8600, "ranks": {"input_proj": [4, 4], "q_proj": [3, 9], "k_proj": [4, 8], "v_proj": [4, 17], "o_proj": [5, 9], "lm_head": [2, 2]}}, {"step": 8671, "ranks": {"input_proj": [4, 4], "q_proj": [3, 9], "k_proj": [3, 7], "v_proj": [4, 17], "o_proj": [5, 9], "lm_head": [2, 2]}}, {"step": 8712, "ranks": {"input_proj": [4, 4], "q_proj": [3, 9], "k_proj": [3, 8], "v_proj": [3, 17], "o_proj": [5, 10], "lm_head": [2, 2]}}, {"step": 8800, "ranks": {"input_proj": [4, 4], "q_proj": [3, 9], "k_proj": [3, 8], "v_proj": [3, 17], "o_proj": [5, 10], "lm_head": [2, 2]}}, {"step": 9000, "ranks": {"input_proj": [4, 4], "q_proj": [3, 9], "k_proj": [3, 9], "v_proj": [3, 17], "o_proj": [5, 11], "lm_head": [2, 2]}}, {"step": 9200, "ranks": {"input_proj": [4, 4], "q_proj": [3, 9], "k_proj": [3, 9], "v_proj": [3, 17], "o_proj": [5, 11], "lm_head": [2, 2]}}, {"step": 9267, "ranks": {"input_proj": [4, 4], "q_proj": [3, 9], "k_proj": [3, 9], "v_proj": [3, 17], "o_proj": [5, 12], "lm_head": [2, 2]}}, {"step": 9299, "ranks": {"input_proj": [4, 4], "q_proj": [3, 9], "k_proj": [3, 9], "v_proj": [3, 17], "o_proj": [5, 12], "lm_head": [2, 2]}}, {"step": 9400, "ranks": {"input_proj": [4, 4], "q_proj": [3, 9], "k_proj": [3, 9], "v_proj": [3, 18], "o_proj": [5, 12], "lm_head": [2, 2]}}, {"step": 9435, "ranks": {"input_proj": [4, 4], "q_proj": [3, 9], "k_proj": [3, 9], "v_proj": [3, 19], "o_proj": [5, 13], "lm_head": [2, 2]}}, {"step": 9465, "ranks": {"input_proj": [4, 4], "q_proj": [3, 9], "k_proj": [3, 9], "v_proj": [3, 18], "o_proj": [5, 12], "lm_head": [2, 2]}}, {"step": 9600, "ranks": {"input_proj": [4, 4], "q_proj": [3, 8], "k_proj": [3, 8], "v_proj": [3, 19], "o_proj": [5, 14], "lm_head": [2, 2]}}, {"step": 9800, "ranks": {"input_proj": [4, 4], "q_proj": [3, 7], "k_proj": [3, 6], "v_proj": [2, 22], "o_proj": [5, 15], "lm_head": [2, 2]}}, {"step": 9863, "ranks": {"input_proj": [4, 4], "q_proj": [3, 7], "k_proj": [3, 6], "v_proj": [2, 22], "o_proj": [5, 15], "lm_head": [2, 2]}}, {"step": 9893, "ranks": {"input_proj": [4, 4], "q_proj": [3, 7], "k_proj": [3, 6], "v_proj": [2, 22], "o_proj": [5, 16], "lm_head": [2, 2]}}, {"step": 10000, "ranks": {"input_proj": [4, 4], "q_proj": [3, 7], "k_proj": [2, 6], "v_proj": [3, 23], "o_proj": [5, 17], "lm_head": [2, 2]}}, {"step": 10200, "ranks": {"input_proj": [4, 4], "q_proj": [3, 7], "k_proj": [2, 6], "v_proj": [3, 23], "o_proj": [5, 17], "lm_head": [2, 2]}}, {"step": 10377, "ranks": {"input_proj": [4, 4], "q_proj": [3, 7], "k_proj": [2, 6], "v_proj": [3, 24], "o_proj": [5, 18], "lm_head": [2, 2]}}, {"step": 10400, "ranks": {"input_proj": [4, 4], "q_proj": [3, 7], "k_proj": [2, 6], "v_proj": [4, 25], "o_proj": [5, 19], "lm_head": [2, 2]}}, {"step": 10407, "ranks": {"input_proj": [4, 4], "q_proj": [3, 7], "k_proj": [2, 6], "v_proj": [4, 25], "o_proj": [5, 19], "lm_head": [2, 2]}}, {"step": 10600, "ranks": {"input_proj": [4, 4], "q_proj": [3, 7], "k_proj": [2, 9], "v_proj": [4, 26], "o_proj": [4, 19], "lm_head": [2, 2]}}, {"step": 10800, "ranks": {"input_proj": [4, 4], "q_proj": [3, 7], "k_proj": [2, 9], "v_proj": [4, 29], "o_proj": [4, 19], "lm_head": [2, 2]}}, {"step": 11000, "ranks": {"input_proj": [4, 4], "q_proj": [4, 7], "k_proj": [3, 12], "v_proj": [5, 30], "o_proj": [4, 19], "lm_head": [2, 2]}}, {"step": 11012, "ranks": {"input_proj": [4, 4], "q_proj": [3, 8], "k_proj": [2, 12], "v_proj": [5, 30], "o_proj": [4, 19], "lm_head": [2, 2]}}, {"step": 11042, "ranks": {"input_proj": [4, 4], "q_proj": [4, 8], "k_proj": [3, 12], "v_proj": [5, 30], "o_proj": [4, 18], "lm_head": [2, 2]}}, {"step": 11189, "ranks": {"input_proj": [4, 4], "q_proj": [3, 7], "k_proj": [2, 13], "v_proj": [6, 31], "o_proj": [4, 20], "lm_head": [3, 1]}}, {"step": 11200, "ranks": {"input_proj": [4, 4], "q_proj": [3, 7], "k_proj": [2, 13], "v_proj": [5, 31], "o_proj": [4, 20], "lm_head": [2, 1]}}, {"step": 11219, "ranks": {"input_proj": [4, 4], "q_proj": [3, 7], "k_proj": [2, 13], "v_proj": [5, 31], "o_proj": [4, 20], "lm_head": [2, 1]}}, {"step": 11238, "ranks": {"input_proj": [4, 4], "q_proj": [3, 8], "k_proj": [3, 13], "v_proj": [6, 31], "o_proj": [4, 20], "lm_head": [2, 1]}}, {"step": 11268, "ranks": {"input_proj": [4, 4], "q_proj": [3, 9], "k_proj": [2, 13], "v_proj": [5, 31], "o_proj": [4, 20], "lm_head": [2, 1]}}, {"step": 11400, "ranks": {"input_proj": [4, 4], "q_proj": [3, 7], "k_proj": [2, 14], "v_proj": [5, 31], "o_proj": [4, 21], "lm_head": [3, 1]}}, {"step": 11600, "ranks": {"input_proj": [4, 4], "q_proj": [3, 8], "k_proj": [2, 16], "v_proj": [6, 31], "o_proj": [4, 22], "lm_head": [3, 1]}}, {"step": 11714, "ranks": {"input_proj": [4, 4], "q_proj": [3, 8], "k_proj": [2, 15], "v_proj": [6, 31], "o_proj": [4, 23], "lm_head": [2, 1]}}, {"step": 11753, "ranks": {"input_proj": [4, 4], "q_proj": [3, 8], "k_proj": [2, 15], "v_proj": [5, 31], "o_proj": [4, 23], "lm_head": [2, 1]}}, {"step": 11800, "ranks": {"input_proj": [4, 4], "q_proj": [3, 8], "k_proj": [2, 15], "v_proj": [5, 32], "o_proj": [4, 23], "lm_head": [2, 1]}}, {"step": 11834, "ranks": {"input_proj": [4, 4], "q_proj": [3, 8], "k_proj": [2, 14], "v_proj": [6, 32], "o_proj": [4, 24], "lm_head": [2, 1]}}, {"step": 11864, "ranks": {"input_proj": [4, 4], "q_proj": [3, 8], "k_proj": [2, 14], "v_proj": [5, 32], "o_proj": [4, 23], "lm_head": [2, 1]}}, {"step": 11968, "ranks": {"input_proj": [4, 4], "q_proj": [3, 7], "k_proj": [2, 14], "v_proj": [5, 32], "o_proj": [4, 25], "lm_head": [2, 1]}}, {"step": 11998, "ranks": {"input_proj": [4, 4], "q_proj": [3, 7], "k_proj": [3, 14], "v_proj": [6, 32], "o_proj": [4, 25], "lm_head": [2, 1]}}, {"step": 12000, "ranks": {"input_proj": [4, 4], "q_proj": [3, 7], "k_proj": [3, 14], "v_proj": [6, 32], "o_proj": [4, 25], "lm_head": [2, 1]}}, {"step": 12026, "ranks": {"input_proj": [4, 4], "q_proj": [3, 7], "k_proj": [2, 14], "v_proj": [5, 32], "o_proj": [4, 26], "lm_head": [2, 1]}}, {"step": 12056, "ranks": {"input_proj": [4, 4], "q_proj": [3, 7], "k_proj": [2, 14], "v_proj": [5, 32], "o_proj": [4, 27], "lm_head": [2, 1]}}, {"step": 12196, "ranks": {"input_proj": [4, 4], "q_proj": [3, 7], "k_proj": [2, 14], "v_proj": [6, 32], "o_proj": [4, 27], "lm_head": [2, 1]}}, {"step": 12200, "ranks": {"input_proj": [4, 4], "q_proj": [3, 7], "k_proj": [2, 14], "v_proj": [6, 32], "o_proj": [4, 27], "lm_head": [2, 1]}}, {"step": 12226, "ranks": {"input_proj": [4, 4], "q_proj": [3, 7], "k_proj": [2, 14], "v_proj": [6, 32], "o_proj": [4, 27], "lm_head": [2, 1]}}, {"step": 12242, "ranks": {"input_proj": [4, 4], "q_proj": [3, 7], "k_proj": [2, 14], "v_proj": [6, 32], "o_proj": [4, 28], "lm_head": [2, 1]}}, {"step": 12275, "ranks": {"input_proj": [4, 4], "q_proj": [3, 7], "k_proj": [3, 13], "v_proj": [7, 32], "o_proj": [4, 27], "lm_head": [2, 1]}}, {"step": 12400, "ranks": {"input_proj": [4, 4], "q_proj": [3, 7], "k_proj": [3, 12], "v_proj": [7, 32], "o_proj": [2, 28], "lm_head": [2, 2]}}, {"step": 12600, "ranks": {"input_proj": [4, 4], "q_proj": [3, 7], "k_proj": [3, 13], "v_proj": [7, 32], "o_proj": [2, 28], "lm_head": [2, 2]}}, {"step": 12800, "ranks": {"input_proj": [4, 4], "q_proj": [3, 7], "k_proj": [2, 13], "v_proj": [7, 32], "o_proj": [2, 28], "lm_head": [2, 4]}}, {"step": 13000, "ranks": {"input_proj": [4, 4], "q_proj": [3, 7], "k_proj": [3, 12], "v_proj": [8, 32], "o_proj": [3, 28], "lm_head": [2, 4]}}, {"step": 13200, "ranks": {"input_proj": [4, 4], "q_proj": [3, 9], "k_proj": [3, 12], "v_proj": [7, 32], "o_proj": [3, 28], "lm_head": [2, 4]}}, {"step": 13400, "ranks": {"input_proj": [4, 4], "q_proj": [3, 9], "k_proj": [3, 12], "v_proj": [7, 32], "o_proj": [3, 31], "lm_head": [2, 4]}}, {"step": 13452, "ranks": {"input_proj": [4, 4], "q_proj": [3, 9], "k_proj": [3, 12], "v_proj": [7, 32], "o_proj": [3, 32], "lm_head": [2, 4]}}, {"step": 13482, "ranks": {"input_proj": [4, 4], "q_proj": [3, 9], "k_proj": [3, 12], "v_proj": [7, 32], "o_proj": [3, 32], "lm_head": [2, 4]}}, {"step": 13575, "ranks": {"input_proj": [4, 4], "q_proj": [3, 9], "k_proj": [3, 12], "v_proj": [7, 32], "o_proj": [3, 32], "lm_head": [2, 4]}}, {"step": 13600, "ranks": {"input_proj": [4, 4], "q_proj": [3, 9], "k_proj": [3, 12], "v_proj": [7, 32], "o_proj": [3, 32], "lm_head": [2, 4]}}, {"step": 13610, "ranks": {"input_proj": [4, 4], "q_proj": [3, 10], "k_proj": [3, 12], "v_proj": [7, 32], "o_proj": [3, 32], "lm_head": [2, 4]}}, {"step": 13800, "ranks": {"input_proj": [4, 4], "q_proj": [3, 10], "k_proj": [3, 12], "v_proj": [7, 32], "o_proj": [3, 32], "lm_head": [2, 4]}}, {"step": 14000, "ranks": {"input_proj": [4, 4], "q_proj": [3, 10], "k_proj": [3, 12], "v_proj": [7, 32], "o_proj": [3, 32], "lm_head": [2, 4]}}, {"step": 14200, "ranks": {"input_proj": [4, 4], "q_proj": [3, 10], "k_proj": [3, 12], "v_proj": [7, 32], "o_proj": [2, 32], "lm_head": [2, 4]}}, {"step": 14349, "ranks": {"input_proj": [4, 4], "q_proj": [3, 10], "k_proj": [3, 12], "v_proj": [7, 32], "o_proj": [2, 32], "lm_head": [2, 4]}}, {"step": 14379, "ranks": {"input_proj": [4, 4], "q_proj": [3, 10], "k_proj": [3, 12], "v_proj": [6, 32], "o_proj": [2, 32], "lm_head": [2, 4]}}, {"step": 14400, "ranks": {"input_proj": [4, 4], "q_proj": [3, 10], "k_proj": [3, 12], "v_proj": [7, 32], "o_proj": [3, 32], "lm_head": [2, 4]}}, {"step": 14600, "ranks": {"input_proj": [4, 4], "q_proj": [3, 10], "k_proj": [3, 12], "v_proj": [8, 32], "o_proj": [3, 32], "lm_head": [3, 3]}}, {"step": 14800, "ranks": {"input_proj": [4, 4], "q_proj": [3, 10], "k_proj": [3, 12], "v_proj": [8, 32], "o_proj": [3, 32], "lm_head": [2, 3]}}, {"step": 15000, "ranks": {"input_proj": [4, 4], "q_proj": [3, 10], "k_proj": [3, 12], "v_proj": [8, 32], "o_proj": [3, 32], "lm_head": [2, 3]}}, {"step": 15076, "ranks": {"input_proj": [4, 4], "q_proj": [3, 10], "k_proj": [3, 12], "v_proj": [9, 32], "o_proj": [3, 32], "lm_head": [2, 3]}}, {"step": 15106, "ranks": {"input_proj": [4, 4], "q_proj": [3, 10], "k_proj": [3, 12], "v_proj": [9, 32], "o_proj": [3, 32], "lm_head": [2, 3]}}, {"step": 15200, "ranks": {"input_proj": [4, 4], "q_proj": [3, 12], "k_proj": [2, 14], "v_proj": [9, 32], "o_proj": [3, 32], "lm_head": [2, 3]}}, {"step": 15315, "ranks": {"input_proj": [4, 4], "q_proj": [3, 11], "k_proj": [2, 14], "v_proj": [10, 32], "o_proj": [3, 32], "lm_head": [2, 3]}}, {"step": 15345, "ranks": {"input_proj": [4, 4], "q_proj": [3, 11], "k_proj": [3, 15], "v_proj": [10, 32], "o_proj": [3, 32], "lm_head": [2, 3]}}, {"step": 15400, "ranks": {"input_proj": [4, 4], "q_proj": [3, 11], "k_proj": [2, 15], "v_proj": [10, 32], "o_proj": [3, 32], "lm_head": [2, 3]}}, {"step": 15582, "ranks": {"input_proj": [4, 4], "q_proj": [3, 10], "k_proj": [2, 15], "v_proj": [10, 32], "o_proj": [3, 32], "lm_head": [2, 3]}}, {"step": 15600, "ranks": {"input_proj": [4, 4], "q_proj": [3, 10], "k_proj": [2, 15], "v_proj": [10, 32], "o_proj": [3, 32], "lm_head": [2, 3]}}, {"step": 15612, "ranks": {"input_proj": [4, 4], "q_proj": [3, 10], "k_proj": [2, 15], "v_proj": [10, 32], "o_proj": [3, 32], "lm_head": [2, 3]}}, {"step": 15697, "ranks": {"input_proj": [4, 4], "q_proj": [3, 10], "k_proj": [2, 15], "v_proj": [9, 32], "o_proj": [3, 32], "lm_head": [2, 3]}}, {"step": 15727, "ranks": {"input_proj": [4, 4], "q_proj": [3, 10], "k_proj": [2, 15], "v_proj": [9, 32], "o_proj": [3, 32], "lm_head": [2, 3]}}, {"step": 15743, "ranks": {"input_proj": [4, 4], "q_proj": [3, 10], "k_proj": [2, 15], "v_proj": [9, 32], "o_proj": [3, 32], "lm_head": [2, 3]}}, {"step": 15775, "ranks": {"input_proj": [4, 4], "q_proj": [3, 10], "k_proj": [2, 15], "v_proj": [10, 32], "o_proj": [3, 32], "lm_head": [2, 3]}}, {"step": 15800, "ranks": {"input_proj": [4, 4], "q_proj": [3, 9], "k_proj": [2, 15], "v_proj": [10, 32], "o_proj": [3, 32], "lm_head": [2, 3]}}, {"step": 15819, "ranks": {"input_proj": [4, 4], "q_proj": [3, 9], "k_proj": [2, 15], "v_proj": [10, 32], "o_proj": [3, 32], "lm_head": [2, 3]}}, {"step": 15849, "ranks": {"input_proj": [4, 4], "q_proj": [3, 10], "k_proj": [2, 15], "v_proj": [11, 32], "o_proj": [3, 32], "lm_head": [2, 3]}}, {"step": 15868, "ranks": {"input_proj": [4, 4], "q_proj": [3, 9], "k_proj": [2, 15], "v_proj": [11, 32], "o_proj": [3, 32], "lm_head": [2, 3]}}, {"step": 15898, "ranks": {"input_proj": [4, 4], "q_proj": [3, 9], "k_proj": [2, 15], "v_proj": [11, 32], "o_proj": [3, 32], "lm_head": [2, 3]}}, {"step": 15916, "ranks": {"input_proj": [4, 4], "q_proj": [3, 9], "k_proj": [2, 15], "v_proj": [11, 32], "o_proj": [3, 32], "lm_head": [2, 3]}}, {"step": 15957, "ranks": {"input_proj": [4, 4], "q_proj": [3, 10], "k_proj": [2, 15], "v_proj": [11, 32], "o_proj": [3, 32], "lm_head": [2, 3]}}, {"step": 15982, "ranks": {"input_proj": [4, 4], "q_proj": [3, 10], "k_proj": [2, 15], "v_proj": [11, 32], "o_proj": [3, 32], "lm_head": [2, 3]}}, {"step": 16000, "ranks": {"input_proj": [4, 4], "q_proj": [3, 10], "k_proj": [2, 15], "v_proj": [11, 32], "o_proj": [3, 32], "lm_head": [2, 3]}}, {"step": 16015, "ranks": {"input_proj": [4, 4], "q_proj": [3, 11], "k_proj": [3, 15], "v_proj": [11, 32], "o_proj": [3, 32], "lm_head": [2, 3]}}, {"step": 16102, "ranks": {"input_proj": [4, 4], "q_proj": [3, 11], "k_proj": [3, 14], "v_proj": [11, 32], "o_proj": [3, 32], "lm_head": [2, 3]}}, {"step": 16147, "ranks": {"input_proj": [4, 4], "q_proj": [3, 11], "k_proj": [3, 13], "v_proj": [11, 32], "o_proj": [3, 32], "lm_head": [2, 3]}}, {"step": 16200, "ranks": {"input_proj": [4, 4], "q_proj": [3, 11], "k_proj": [3, 14], "v_proj": [11, 32], "o_proj": [3, 32], "lm_head": [2, 3]}}, {"step": 16400, "ranks": {"input_proj": [4, 4], "q_proj": [3, 11], "k_proj": [2, 14], "v_proj": [10, 32], "o_proj": [3, 32], "lm_head": [2, 3]}}, {"step": 16600, "ranks": {"input_proj": [4, 4], "q_proj": [3, 11], "k_proj": [2, 14], "v_proj": [10, 32], "o_proj": [3, 32], "lm_head": [2, 3]}}, {"step": 16789, "ranks": {"input_proj": [4, 4], "q_proj": [3, 11], "k_proj": [2, 14], "v_proj": [10, 32], "o_proj": [3, 32], "lm_head": [2, 3]}}, {"step": 16800, "ranks": {"input_proj": [4, 4], "q_proj": [3, 11], "k_proj": [2, 14], "v_proj": [10, 32], "o_proj": [3, 32], "lm_head": [2, 3]}}, {"step": 16828, "ranks": {"input_proj": [4, 4], "q_proj": [3, 11], "k_proj": [2, 14], "v_proj": [10, 32], "o_proj": [3, 32], "lm_head": [2, 3]}}, {"step": 16982, "ranks": {"input_proj": [4, 4], "q_proj": [3, 11], "k_proj": [2, 13], "v_proj": [10, 32], "o_proj": [3, 31], "lm_head": [2, 3]}}, {"step": 17000, "ranks": {"input_proj": [4, 4], "q_proj": [3, 11], "k_proj": [2, 13], "v_proj": [10, 32], "o_proj": [3, 31], "lm_head": [3, 3]}}, {"step": 17017, "ranks": {"input_proj": [4, 4], "q_proj": [3, 11], "k_proj": [2, 13], "v_proj": [10, 32], "o_proj": [3, 32], "lm_head": [2, 3]}}, {"step": 17061, "ranks": {"input_proj": [4, 4], "q_proj": [3, 11], "k_proj": [2, 13], "v_proj": [10, 32], "o_proj": [3, 31], "lm_head": [2, 3]}}, {"step": 17092, "ranks": {"input_proj": [4, 4], "q_proj": [3, 11], "k_proj": [2, 14], "v_proj": [9, 32], "o_proj": [3, 31], "lm_head": [2, 3]}}, {"step": 17122, "ranks": {"input_proj": [4, 4], "q_proj": [3, 11], "k_proj": [2, 14], "v_proj": [9, 32], "o_proj": [3, 31], "lm_head": [2, 3]}}, {"step": 17157, "ranks": {"input_proj": [4, 4], "q_proj": [3, 11], "k_proj": [2, 13], "v_proj": [9, 32], "o_proj": [3, 32], "lm_head": [2, 3]}}, {"step": 17200, "ranks": {"input_proj": [4, 4], "q_proj": [3, 11], "k_proj": [2, 14], "v_proj": [9, 32], "o_proj": [3, 32], "lm_head": [2, 3]}}, {"step": 17215, "ranks": {"input_proj": [4, 4], "q_proj": [3, 11], "k_proj": [2, 14], "v_proj": [9, 32], "o_proj": [3, 32], "lm_head": [2, 3]}}, {"step": 17247, "ranks": {"input_proj": [4, 4], "q_proj": [3, 11], "k_proj": [2, 14], "v_proj": [9, 32], "o_proj": [3, 32], "lm_head": [2, 3]}}, {"step": 17348, "ranks": {"input_proj": [4, 4], "q_proj": [3, 11], "k_proj": [2, 14], "v_proj": [9, 32], "o_proj": [3, 32], "lm_head": [2, 3]}}, {"step": 17378, "ranks": {"input_proj": [4, 4], "q_proj": [3, 11], "k_proj": [2, 14], "v_proj": [10, 32], "o_proj": [3, 32], "lm_head": [2, 3]}}, {"step": 17400, "ranks": {"input_proj": [4, 4], "q_proj": [3, 11], "k_proj": [2, 14], "v_proj": [10, 32], "o_proj": [3, 32], "lm_head": [2, 3]}}, {"step": 17413, "ranks": {"input_proj": [4, 4], "q_proj": [3, 11], "k_proj": [2, 14], "v_proj": [10, 32], "o_proj": [3, 32], "lm_head": [2, 3]}}, {"step": 17472, "ranks": {"input_proj": [4, 4], "q_proj": [3, 11], "k_proj": [2, 13], "v_proj": [10, 32], "o_proj": [3, 32], "lm_head": [2, 3]}}, {"step": 17600, "ranks": {"input_proj": [4, 4], "q_proj": [3, 10], "k_proj": [2, 16], "v_proj": [9, 32], "o_proj": [3, 32], "lm_head": [2, 3]}}, {"step": 17800, "ranks": {"input_proj": [4, 4], "q_proj": [3, 10], "k_proj": [2, 16], "v_proj": [8, 32], "o_proj": [3, 32], "lm_head": [2, 3]}}, {"step": 18000, "ranks": {"input_proj": [4, 4], "q_proj": [3, 11], "k_proj": [3, 15], "v_proj": [10, 32], "o_proj": [3, 32], "lm_head": [2, 3]}}, {"step": 18200, "ranks": {"input_proj": [4, 4], "q_proj": [2, 12], "k_proj": [3, 15], "v_proj": [10, 32], "o_proj": [3, 32], "lm_head": [2, 3]}}, {"step": 18216, "ranks": {"input_proj": [4, 4], "q_proj": [2, 12], "k_proj": [3, 15], "v_proj": [10, 32], "o_proj": [3, 32], "lm_head": [2, 3]}}, {"step": 18254, "ranks": {"input_proj": [4, 4], "q_proj": [2, 12], "k_proj": [3, 17], "v_proj": [10, 32], "o_proj": [3, 32], "lm_head": [2, 3]}}, {"step": 18400, "ranks": {"input_proj": [4, 4], "q_proj": [2, 11], "k_proj": [4, 18], "v_proj": [10, 32], "o_proj": [3, 32], "lm_head": [2, 3]}}, {"step": 18441, "ranks": {"input_proj": [4, 4], "q_proj": [2, 11], "k_proj": [4, 18], "v_proj": [10, 32], "o_proj": [3, 32], "lm_head": [2, 3]}}, {"step": 18471, "ranks": {"input_proj": [4, 4], "q_proj": [2, 11], "k_proj": [4, 18], "v_proj": [10, 32], "o_proj": [3, 32], "lm_head": [3, 3]}}, {"step": 18495, "ranks": {"input_proj": [4, 4], "q_proj": [2, 11], "k_proj": [4, 18], "v_proj": [10, 32], "o_proj": [3, 32], "lm_head": [3, 3]}}, {"step": 18526, "ranks": {"input_proj": [4, 4], "q_proj": [3, 11], "k_proj": [5, 18], "v_proj": [10, 32], "o_proj": [3, 32], "lm_head": [3, 3]}}, {"step": 18596, "ranks": {"input_proj": [4, 4], "q_proj": [2, 11], "k_proj": [4, 18], "v_proj": [9, 32], "o_proj": [3, 32], "lm_head": [3, 3]}}, {"step": 18600, "ranks": {"input_proj": [4, 4], "q_proj": [2, 11], "k_proj": [4, 18], "v_proj": [9, 32], "o_proj": [3, 32], "lm_head": [3, 3]}}, {"step": 18634, "ranks": {"input_proj": [4, 4], "q_proj": [3, 10], "k_proj": [5, 18], "v_proj": [10, 32], "o_proj": [3, 32], "lm_head": [3, 3]}}, {"step": 18800, "ranks": {"input_proj": [4, 4], "q_proj": [2, 10], "k_proj": [4, 18], "v_proj": [10, 32], "o_proj": [3, 32], "lm_head": [3, 3]}}, {"step": 18895, "ranks": {"input_proj": [4, 4], "q_proj": [2, 10], "k_proj": [4, 18], "v_proj": [10, 32], "o_proj": [3, 32], "lm_head": [3, 3]}}, {"step": 18928, "ranks": {"input_proj": [4, 4], "q_proj": [2, 10], "k_proj": [4, 18], "v_proj": [9, 32], "o_proj": [3, 32], "lm_head": [3, 3]}}, {"step": 18982, "ranks": {"input_proj": [4, 4], "q_proj": [2, 10], "k_proj": [4, 18], "v_proj": [10, 32], "o_proj": [3, 32], "lm_head": [3, 3]}}, {"step": 19000, "ranks": {"input_proj": [4, 4], "q_proj": [2, 10], "k_proj": [4, 18], "v_proj": [10, 32], "o_proj": [3, 32], "lm_head": [3, 3]}}, {"step": 19014, "ranks": {"input_proj": [4, 4], "q_proj": [2, 10], "k_proj": [4, 18], "v_proj": [10, 32], "o_proj": [3, 32], "lm_head": [3, 3]}}, {"step": 19036, "ranks": {"input_proj": [4, 4], "q_proj": [2, 10], "k_proj": [4, 18], "v_proj": [9, 32], "o_proj": [3, 32], "lm_head": [3, 3]}}, {"step": 19073, "ranks": {"input_proj": [4, 4], "q_proj": [3, 10], "k_proj": [5, 18], "v_proj": [9, 32], "o_proj": [3, 32], "lm_head": [3, 2]}}, {"step": 19200, "ranks": {"input_proj": [4, 4], "q_proj": [2, 9], "k_proj": [4, 18], "v_proj": [9, 32], "o_proj": [3, 32], "lm_head": [3, 2]}}, {"step": 19328, "ranks": {"input_proj": [4, 4], "q_proj": [2, 9], "k_proj": [4, 18], "v_proj": [10, 32], "o_proj": [3, 32], "lm_head": [3, 2]}}, {"step": 19368, "ranks": {"input_proj": [4, 4], "q_proj": [2, 9], "k_proj": [4, 18], "v_proj": [10, 32], "o_proj": [3, 32], "lm_head": [3, 2]}}, {"step": 19400, "ranks": {"input_proj": [4, 4], "q_proj": [2, 9], "k_proj": [4, 18], "v_proj": [11, 32], "o_proj": [3, 32], "lm_head": [3, 2]}}, {"step": 19475, "ranks": {"input_proj": [4, 4], "q_proj": [2, 9], "k_proj": [4, 18], "v_proj": [11, 32], "o_proj": [3, 32], "lm_head": [3, 2]}}, {"step": 19505, "ranks": {"input_proj": [4, 4], "q_proj": [3, 9], "k_proj": [5, 18], "v_proj": [11, 32], "o_proj": [3, 32], "lm_head": [3, 2]}}, {"step": 19525, "ranks": {"input_proj": [4, 4], "q_proj": [2, 9], "k_proj": [5, 19], "v_proj": [11, 32], "o_proj": [3, 32], "lm_head": [3, 2]}}, {"step": 19560, "ranks": {"input_proj": [4, 4], "q_proj": [2, 9], "k_proj": [5, 18], "v_proj": [11, 32], "o_proj": [3, 32], "lm_head": [3, 2]}}, {"step": 19592, "ranks": {"input_proj": [4, 4], "q_proj": [2, 9], "k_proj": [5, 20], "v_proj": [11, 32], "o_proj": [3, 32], "lm_head": [3, 2]}}, {"step": 19600, "ranks": {"input_proj": [4, 4], "q_proj": [2, 9], "k_proj": [5, 20], "v_proj": [11, 32], "o_proj": [3, 32], "lm_head": [3, 2]}}, {"step": 19630, "ranks": {"input_proj": [4, 4], "q_proj": [2, 9], "k_proj": [5, 20], "v_proj": [11, 32], "o_proj": [3, 32], "lm_head": [3, 2]}}, {"step": 19750, "ranks": {"input_proj": [4, 4], "q_proj": [2, 9], "k_proj": [5, 21], "v_proj": [12, 32], "o_proj": [3, 32], "lm_head": [3, 2]}}, {"step": 19780, "ranks": {"input_proj": [4, 4], "q_proj": [2, 9], "k_proj": [5, 21], "v_proj": [12, 32], "o_proj": [3, 32], "lm_head": [3, 2]}}, {"step": 19800, "ranks": {"input_proj": [4, 4], "q_proj": [3, 9], "k_proj": [5, 21], "v_proj": [12, 32], "o_proj": [3, 32], "lm_head": [3, 2]}}, {"step": 19914, "ranks": {"input_proj": [4, 4], "q_proj": [2, 11], "k_proj": [4, 21], "v_proj": [11, 32], "o_proj": [3, 32], "lm_head": [3, 2]}}, {"step": 19949, "ranks": {"input_proj": [4, 4], "q_proj": [2, 10], "k_proj": [4, 21], "v_proj": [10, 32], "o_proj": [3, 32], "lm_head": [3, 2]}}, {"step": 20000, "ranks": {"input_proj": [4, 4], "q_proj": [2, 12], "k_proj": [3, 21], "v_proj": [10, 32], "o_proj": [3, 32], "lm_head": [3, 2]}}]
STAGE_HISTORY_JSON [{"step": 1340, "event": "level_up", "from": {"vocab": 8, "k": 1, "phase": "vocab"}, "to": {"vocab": 16, "k": 1, "phase": "vocab"}}, {"step": 1372, "event": "level_down", "from": {"vocab": 16, "k": 1, "phase": "vocab"}, "to": {"vocab": 8, "k": 1, "phase": "vocab"}}, {"step": 1453, "event": "level_up", "from": {"vocab": 8, "k": 1, "phase": "vocab"}, "to": {"vocab": 16, "k": 1, "phase": "vocab"}}, {"step": 1486, "event": "level_down", "from": {"vocab": 16, "k": 1, "phase": "vocab"}, "to": {"vocab": 8, "k": 1, "phase": "vocab"}}, {"step": 1687, "event": "level_up", "from": {"vocab": 8, "k": 1, "phase": "vocab"}, "to": {"vocab": 16, "k": 1, "phase": "vocab"}}, {"step": 1717, "event": "level_down", "from": {"vocab": 16, "k": 1, "phase": "vocab"}, "to": {"vocab": 8, "k": 1, "phase": "vocab"}}, {"step": 1975, "event": "level_up", "from": {"vocab": 8, "k": 1, "phase": "vocab"}, "to": {"vocab": 16, "k": 1, "phase": "vocab"}}, {"step": 2006, "event": "level_down", "from": {"vocab": 16, "k": 1, "phase": "vocab"}, "to": {"vocab": 8, "k": 1, "phase": "vocab"}}, {"step": 2041, "event": "level_up", "from": {"vocab": 8, "k": 1, "phase": "vocab"}, "to": {"vocab": 16, "k": 1, "phase": "vocab"}}, {"step": 2085, "event": "level_down", "from": {"vocab": 16, "k": 1, "phase": "vocab"}, "to": {"vocab": 8, "k": 1, "phase": "vocab"}}, {"step": 2454, "event": "level_up", "from": {"vocab": 8, "k": 1, "phase": "vocab"}, "to": {"vocab": 16, "k": 1, "phase": "vocab"}}, {"step": 2485, "event": "level_down", "from": {"vocab": 16, "k": 1, "phase": "vocab"}, "to": {"vocab": 8, "k": 1, "phase": "vocab"}}, {"step": 8671, "event": "level_up", "from": {"vocab": 8, "k": 1, "phase": "vocab"}, "to": {"vocab": 16, "k": 1, "phase": "vocab"}}, {"step": 8712, "event": "level_down", "from": {"vocab": 16, "k": 1, "phase": "vocab"}, "to": {"vocab": 8, "k": 1, "phase": "vocab"}}, {"step": 9267, "event": "level_up", "from": {"vocab": 8, "k": 1, "phase": "vocab"}, "to": {"vocab": 16, "k": 1, "phase": "vocab"}}, {"step": 9299, "event": "level_down", "from": {"vocab": 16, "k": 1, "phase": "vocab"}, "to": {"vocab": 8, "k": 1, "phase": "vocab"}}, {"step": 9435, "event": "level_up", "from": {"vocab": 8, "k": 1, "phase": "vocab"}, "to": {"vocab": 16, "k": 1, "phase": "vocab"}}, {"step": 9465, "event": "level_down", "from": {"vocab": 16, "k": 1, "phase": "vocab"}, "to": {"vocab": 8, "k": 1, "phase": "vocab"}}, {"step": 9863, "event": "level_up", "from": {"vocab": 8, "k": 1, "phase": "vocab"}, "to": {"vocab": 16, "k": 1, "phase": "vocab"}}, {"step": 9893, "event": "level_down", "from": {"vocab": 16, "k": 1, "phase": "vocab"}, "to": {"vocab": 8, "k": 1, "phase": "vocab"}}, {"step": 10377, "event": "level_up", "from": {"vocab": 8, "k": 1, "phase": "vocab"}, "to": {"vocab": 16, "k": 1, "phase": "vocab"}}, {"step": 10407, "event": "level_down", "from": {"vocab": 16, "k": 1, "phase": "vocab"}, "to": {"vocab": 8, "k": 1, "phase": "vocab"}}, {"step": 11012, "event": "level_up", "from": {"vocab": 8, "k": 1, "phase": "vocab"}, "to": {"vocab": 16, "k": 1, "phase": "vocab"}}, {"step": 11042, "event": "level_down", "from": {"vocab": 16, "k": 1, "phase": "vocab"}, "to": {"vocab": 8, "k": 1, "phase": "vocab"}}, {"step": 11189, "event": "level_up", "from": {"vocab": 8, "k": 1, "phase": "vocab"}, "to": {"vocab": 16, "k": 1, "phase": "vocab"}}, {"step": 11219, "event": "level_down", "from": {"vocab": 16, "k": 1, "phase": "vocab"}, "to": {"vocab": 8, "k": 1, "phase": "vocab"}}, {"step": 11238, "event": "level_up", "from": {"vocab": 8, "k": 1, "phase": "vocab"}, "to": {"vocab": 16, "k": 1, "phase": "vocab"}}, {"step": 11268, "event": "level_down", "from": {"vocab": 16, "k": 1, "phase": "vocab"}, "to": {"vocab": 8, "k": 1, "phase": "vocab"}}, {"step": 11714, "event": "level_up", "from": {"vocab": 8, "k": 1, "phase": "vocab"}, "to": {"vocab": 16, "k": 1, "phase": "vocab"}}, {"step": 11753, "event": "level_down", "from": {"vocab": 16, "k": 1, "phase": "vocab"}, "to": {"vocab": 8, "k": 1, "phase": "vocab"}}, {"step": 11834, "event": "level_up", "from": {"vocab": 8, "k": 1, "phase": "vocab"}, "to": {"vocab": 16, "k": 1, "phase": "vocab"}}, {"step": 11864, "event": "level_down", "from": {"vocab": 16, "k": 1, "phase": "vocab"}, "to": {"vocab": 8, "k": 1, "phase": "vocab"}}, {"step": 11968, "event": "level_up", "from": {"vocab": 8, "k": 1, "phase": "vocab"}, "to": {"vocab": 16, "k": 1, "phase": "vocab"}}, {"step": 11998, "event": "level_down", "from": {"vocab": 16, "k": 1, "phase": "vocab"}, "to": {"vocab": 8, "k": 1, "phase": "vocab"}}, {"step": 12026, "event": "level_up", "from": {"vocab": 8, "k": 1, "phase": "vocab"}, "to": {"vocab": 16, "k": 1, "phase": "vocab"}}, {"step": 12056, "event": "level_down", "from": {"vocab": 16, "k": 1, "phase": "vocab"}, "to": {"vocab": 8, "k": 1, "phase": "vocab"}}, {"step": 12196, "event": "level_up", "from": {"vocab": 8, "k": 1, "phase": "vocab"}, "to": {"vocab": 16, "k": 1, "phase": "vocab"}}, {"step": 12226, "event": "level_down", "from": {"vocab": 16, "k": 1, "phase": "vocab"}, "to": {"vocab": 8, "k": 1, "phase": "vocab"}}, {"step": 12242, "event": "level_up", "from": {"vocab": 8, "k": 1, "phase": "vocab"}, "to": {"vocab": 16, "k": 1, "phase": "vocab"}}, {"step": 12275, "event": "level_down", "from": {"vocab": 16, "k": 1, "phase": "vocab"}, "to": {"vocab": 8, "k": 1, "phase": "vocab"}}, {"step": 13452, "event": "level_up", "from": {"vocab": 8, "k": 1, "phase": "vocab"}, "to": {"vocab": 16, "k": 1, "phase": "vocab"}}, {"step": 13482, "event": "level_down", "from": {"vocab": 16, "k": 1, "phase": "vocab"}, "to": {"vocab": 8, "k": 1, "phase": "vocab"}}, {"step": 13575, "event": "level_up", "from": {"vocab": 8, "k": 1, "phase": "vocab"}, "to": {"vocab": 16, "k": 1, "phase": "vocab"}}, {"step": 13610, "event": "level_down", "from": {"vocab": 16, "k": 1, "phase": "vocab"}, "to": {"vocab": 8, "k": 1, "phase": "vocab"}}, {"step": 14349, "event": "level_up", "from": {"vocab": 8, "k": 1, "phase": "vocab"}, "to": {"vocab": 16, "k": 1, "phase": "vocab"}}, {"step": 14379, "event": "level_down", "from": {"vocab": 16, "k": 1, "phase": "vocab"}, "to": {"vocab": 8, "k": 1, "phase": "vocab"}}, {"step": 15076, "event": "level_up", "from": {"vocab": 8, "k": 1, "phase": "vocab"}, "to": {"vocab": 16, "k": 1, "phase": "vocab"}}, {"step": 15106, "event": "level_down", "from": {"vocab": 16, "k": 1, "phase": "vocab"}, "to": {"vocab": 8, "k": 1, "phase": "vocab"}}, {"step": 15315, "event": "level_up", "from": {"vocab": 8, "k": 1, "phase": "vocab"}, "to": {"vocab": 16, "k": 1, "phase": "vocab"}}, {"step": 15345, "event": "level_down", "from": {"vocab": 16, "k": 1, "phase": "vocab"}, "to": {"vocab": 8, "k": 1, "phase": "vocab"}}, {"step": 15582, "event": "level_up", "from": {"vocab": 8, "k": 1, "phase": "vocab"}, "to": {"vocab": 16, "k": 1, "phase": "vocab"}}, {"step": 15612, "event": "level_down", "from": {"vocab": 16, "k": 1, "phase": "vocab"}, "to": {"vocab": 8, "k": 1, "phase": "vocab"}}, {"step": 15697, "event": "level_up", "from": {"vocab": 8, "k": 1, "phase": "vocab"}, "to": {"vocab": 16, "k": 1, "phase": "vocab"}}, {"step": 15727, "event": "level_down", "from": {"vocab": 16, "k": 1, "phase": "vocab"}, "to": {"vocab": 8, "k": 1, "phase": "vocab"}}, {"step": 15743, "event": "level_up", "from": {"vocab": 8, "k": 1, "phase": "vocab"}, "to": {"vocab": 16, "k": 1, "phase": "vocab"}}, {"step": 15775, "event": "level_down", "from": {"vocab": 16, "k": 1, "phase": "vocab"}, "to": {"vocab": 8, "k": 1, "phase": "vocab"}}, {"step": 15819, "event": "level_up", "from": {"vocab": 8, "k": 1, "phase": "vocab"}, "to": {"vocab": 16, "k": 1, "phase": "vocab"}}, {"step": 15849, "event": "level_down", "from": {"vocab": 16, "k": 1, "phase": "vocab"}, "to": {"vocab": 8, "k": 1, "phase": "vocab"}}, {"step": 15868, "event": "level_up", "from": {"vocab": 8, "k": 1, "phase": "vocab"}, "to": {"vocab": 16, "k": 1, "phase": "vocab"}}, {"step": 15898, "event": "level_down", "from": {"vocab": 16, "k": 1, "phase": "vocab"}, "to": {"vocab": 8, "k": 1, "phase": "vocab"}}, {"step": 15916, "event": "level_up", "from": {"vocab": 8, "k": 1, "phase": "vocab"}, "to": {"vocab": 16, "k": 1, "phase": "vocab"}}, {"step": 15957, "event": "level_down", "from": {"vocab": 16, "k": 1, "phase": "vocab"}, "to": {"vocab": 8, "k": 1, "phase": "vocab"}}, {"step": 15982, "event": "level_up", "from": {"vocab": 8, "k": 1, "phase": "vocab"}, "to": {"vocab": 16, "k": 1, "phase": "vocab"}}, {"step": 16015, "event": "level_down", "from": {"vocab": 16, "k": 1, "phase": "vocab"}, "to": {"vocab": 8, "k": 1, "phase": "vocab"}}, {"step": 16102, "event": "level_up", "from": {"vocab": 8, "k": 1, "phase": "vocab"}, "to": {"vocab": 16, "k": 1, "phase": "vocab"}}, {"step": 16147, "event": "level_down", "from": {"vocab": 16, "k": 1, "phase": "vocab"}, "to": {"vocab": 8, "k": 1, "phase": "vocab"}}, {"step": 16789, "event": "level_up", "from": {"vocab": 8, "k": 1, "phase": "vocab"}, "to": {"vocab": 16, "k": 1, "phase": "vocab"}}, {"step": 16828, "event": "level_down", "from": {"vocab": 16, "k": 1, "phase": "vocab"}, "to": {"vocab": 8, "k": 1, "phase": "vocab"}}, {"step": 16982, "event": "level_up", "from": {"vocab": 8, "k": 1, "phase": "vocab"}, "to": {"vocab": 16, "k": 1, "phase": "vocab"}}, {"step": 17017, "event": "level_down", "from": {"vocab": 16, "k": 1, "phase": "vocab"}, "to": {"vocab": 8, "k": 1, "phase": "vocab"}}, {"step": 17061, "event": "level_up", "from": {"vocab": 8, "k": 1, "phase": "vocab"}, "to": {"vocab": 16, "k": 1, "phase": "vocab"}}, {"step": 17092, "event": "level_down", "from": {"vocab": 16, "k": 1, "phase": "vocab"}, "to": {"vocab": 8, "k": 1, "phase": "vocab"}}, {"step": 17122, "event": "level_up", "from": {"vocab": 8, "k": 1, "phase": "vocab"}, "to": {"vocab": 16, "k": 1, "phase": "vocab"}}, {"step": 17157, "event": "level_down", "from": {"vocab": 16, "k": 1, "phase": "vocab"}, "to": {"vocab": 8, "k": 1, "phase": "vocab"}}, {"step": 17215, "event": "level_up", "from": {"vocab": 8, "k": 1, "phase": "vocab"}, "to": {"vocab": 16, "k": 1, "phase": "vocab"}}, {"step": 17247, "event": "level_down", "from": {"vocab": 16, "k": 1, "phase": "vocab"}, "to": {"vocab": 8, "k": 1, "phase": "vocab"}}, {"step": 17348, "event": "level_up", "from": {"vocab": 8, "k": 1, "phase": "vocab"}, "to": {"vocab": 16, "k": 1, "phase": "vocab"}}, {"step": 17378, "event": "level_down", "from": {"vocab": 16, "k": 1, "phase": "vocab"}, "to": {"vocab": 8, "k": 1, "phase": "vocab"}}, {"step": 17413, "event": "level_up", "from": {"vocab": 8, "k": 1, "phase": "vocab"}, "to": {"vocab": 16, "k": 1, "phase": "vocab"}}, {"step": 17472, "event": "level_down", "from": {"vocab": 16, "k": 1, "phase": "vocab"}, "to": {"vocab": 8, "k": 1, "phase": "vocab"}}, {"step": 18216, "event": "level_up", "from": {"vocab": 8, "k": 1, "phase": "vocab"}, "to": {"vocab": 16, "k": 1, "phase": "vocab"}}, {"step": 18254, "event": "level_down", "from": {"vocab": 16, "k": 1, "phase": "vocab"}, "to": {"vocab": 8, "k": 1, "phase": "vocab"}}, {"step": 18441, "event": "level_up", "from": {"vocab": 8, "k": 1, "phase": "vocab"}, "to": {"vocab": 16, "k": 1, "phase": "vocab"}}, {"step": 18471, "event": "level_down", "from": {"vocab": 16, "k": 1, "phase": "vocab"}, "to": {"vocab": 8, "k": 1, "phase": "vocab"}}, {"step": 18495, "event": "level_up", "from": {"vocab": 8, "k": 1, "phase": "vocab"}, "to": {"vocab": 16, "k": 1, "phase": "vocab"}}, {"step": 18526, "event": "level_down", "from": {"vocab": 16, "k": 1, "phase": "vocab"}, "to": {"vocab": 8, "k": 1, "phase": "vocab"}}, {"step": 18596, "event": "level_up", "from": {"vocab": 8, "k": 1, "phase": "vocab"}, "to": {"vocab": 16, "k": 1, "phase": "vocab"}}, {"step": 18634, "event": "level_down", "from": {"vocab": 16, "k": 1, "phase": "vocab"}, "to": {"vocab": 8, "k": 1, "phase": "vocab"}}, {"step": 18895, "event": "level_up", "from": {"vocab": 8, "k": 1, "phase": "vocab"}, "to": {"vocab": 16, "k": 1, "phase": "vocab"}}, {"step": 18928, "event": "level_down", "from": {"vocab": 16, "k": 1, "phase": "vocab"}, "to": {"vocab": 8, "k": 1, "phase": "vocab"}}, {"step": 18982, "event": "level_up", "from": {"vocab": 8, "k": 1, "phase": "vocab"}, "to": {"vocab": 16, "k": 1, "phase": "vocab"}}, {"step": 19014, "event": "level_down", "from": {"vocab": 16, "k": 1, "phase": "vocab"}, "to": {"vocab": 8, "k": 1, "phase": "vocab"}}, {"step": 19036, "event": "level_up", "from": {"vocab": 8, "k": 1, "phase": "vocab"}, "to": {"vocab": 16, "k": 1, "phase": "vocab"}}, {"step": 19073, "event": "level_down", "from": {"vocab": 16, "k": 1, "phase": "vocab"}, "to": {"vocab": 8, "k": 1, "phase": "vocab"}}, {"step": 19328, "event": "level_up", "from": {"vocab": 8, "k": 1, "phase": "vocab"}, "to": {"vocab": 16, "k": 1, "phase": "vocab"}}, {"step": 19368, "event": "level_down", "from": {"vocab": 16, "k": 1, "phase": "vocab"}, "to": {"vocab": 8, "k": 1, "phase": "vocab"}}, {"step": 19475, "event": "level_up", "from": {"vocab": 8, "k": 1, "phase": "vocab"}, "to": {"vocab": 16, "k": 1, "phase": "vocab"}}, {"step": 19505, "event": "level_down", "from": {"vocab": 16, "k": 1, "phase": "vocab"}, "to": {"vocab": 8, "k": 1, "phase": "vocab"}}, {"step": 19525, "event": "level_up", "from": {"vocab": 8, "k": 1, "phase": "vocab"}, "to": {"vocab": 16, "k": 1, "phase": "vocab"}}, {"step": 19560, "event": "level_down", "from": {"vocab": 16, "k": 1, "phase": "vocab"}, "to": {"vocab": 8, "k": 1, "phase": "vocab"}}, {"step": 19592, "event": "level_up", "from": {"vocab": 8, "k": 1, "phase": "vocab"}, "to": {"vocab": 16, "k": 1, "phase": "vocab"}}, {"step": 19630, "event": "level_down", "from": {"vocab": 16, "k": 1, "phase": "vocab"}, "to": {"vocab": 8, "k": 1, "phase": "vocab"}}, {"step": 19750, "event": "level_up", "from": {"vocab": 8, "k": 1, "phase": "vocab"}, "to": {"vocab": 16, "k": 1, "phase": "vocab"}}, {"step": 19780, "event": "level_down", "from": {"vocab": 16, "k": 1, "phase": "vocab"}, "to": {"vocab": 8, "k": 1, "phase": "vocab"}}, {"step": 19914, "event": "level_up", "from": {"vocab": 8, "k": 1, "phase": "vocab"}, "to": {"vocab": 16, "k": 1, "phase": "vocab"}}, {"step": 19949, "event": "level_down", "from": {"vocab": 16, "k": 1, "phase": "vocab"}, "to": {"vocab": 8, "k": 1, "phase": "vocab"}}]
