# MQAR curriculum precision=fp4 max_steps=20000 seed=2001 peak_lr=0.015 num_tiles=16 k_max=10 additive_rank=1 dynamic_rank_control=True rank_grace_period_steps=50 use_critic=False recurrent_only_output=False embed_width=32 input_sparsity_p=None wide_max_weights=None dy_sparsity_p=None use_tile_cache=False output_dy_sparsity_p=0.5 streak_threshold=10 wrong_streak_threshold=5
  step=    200  phase=vocab  vocab=   8  k=  1  loss_ema=2.2374  acc_ema=0.2315  steps/sec=3.1  ranks[in=1/1 q=1/1 k=1/1 v=1/1 o=1/1 lm=2/1]
  step=    400  phase=vocab  vocab=   8  k=  1  loss_ema=1.3627  acc_ema=0.4380  steps/sec=3.1  ranks[in=1/1 q=1/1 k=1/1 v=1/1 o=1/1 lm=1/1]
  step=    449  phase=vocab  vocab=  16  k=  1  loss_ema=1.1805  acc_ema=0.5788  [LEVEL_UP]  ranks[in=1/1 q=1/1 k=1/1 v=1/1 o=1/1 lm=1/1]
  step=    487  phase=vocab  vocab=   8  k=  1  loss_ema=3.9220  acc_ema=0.3354  [LEVEL_DOWN]  ranks[in=1/1 q=1/1 k=1/1 v=1/1 o=1/1 lm=1/2]
  step=    600  phase=vocab  vocab=   8  k=  1  loss_ema=3.1698  acc_ema=0.2934  steps/sec=3.0  ranks[in=2/2 q=1/2 k=2/2 v=3/2 o=2/2 lm=1/4]
  step=    800  phase=vocab  vocab=   8  k=  1  loss_ema=3.8253  acc_ema=0.1614  steps/sec=3.0  ranks[in=7/3 q=1/2 k=1/2 v=2/2 o=1/3 lm=1/3]
  step=   1000  phase=vocab  vocab=   8  k=  1  loss_ema=2.3680  acc_ema=0.2698  steps/sec=2.9  ranks[in=8/6 q=1/3 k=1/2 v=2/2 o=1/3 lm=1/3]
  step=   1200  phase=vocab  vocab=   8  k=  1  loss_ema=1.8921  acc_ema=0.3113  steps/sec=2.9  ranks[in=8/6 q=1/4 k=2/2 v=2/2 o=1/3 lm=1/3]
  step=   1400  phase=vocab  vocab=   8  k=  1  loss_ema=2.1274  acc_ema=0.4372  steps/sec=2.8  ranks[in=8/8 q=1/4 k=2/1 v=2/2 o=1/3 lm=1/3]
  step=   1600  phase=vocab  vocab=   8  k=  1  loss_ema=1.9658  acc_ema=0.3804  steps/sec=2.8  ranks[in=8/8 q=1/4 k=2/1 v=2/2 o=1/3 lm=1/3]
  step=   1800  phase=vocab  vocab=   8  k=  1  loss_ema=1.7929  acc_ema=0.2981  steps/sec=2.8  ranks[in=8/8 q=1/3 k=2/1 v=2/2 o=1/3 lm=1/3]
  step=   2000  phase=vocab  vocab=   8  k=  1  loss_ema=1.7529  acc_ema=0.3380  steps/sec=2.7  ranks[in=8/8 q=1/3 k=2/1 v=2/2 o=1/3 lm=1/3]
  step=   2200  phase=vocab  vocab=   8  k=  1  loss_ema=1.9368  acc_ema=0.2744  steps/sec=2.7  ranks[in=8/8 q=1/5 k=2/2 v=3/4 o=2/4 lm=1/2]
  step=   2400  phase=vocab  vocab=   8  k=  1  loss_ema=1.7875  acc_ema=0.3001  steps/sec=2.7  ranks[in=8/8 q=2/5 k=2/2 v=4/6 o=1/5 lm=1/4]
  step=   2600  phase=vocab  vocab=   8  k=  1  loss_ema=1.5959  acc_ema=0.3623  steps/sec=2.7  ranks[in=8/8 q=2/5 k=2/2 v=4/7 o=1/5 lm=1/3]
  step=   2800  phase=vocab  vocab=   8  k=  1  loss_ema=1.4387  acc_ema=0.3952  steps/sec=2.6  ranks[in=8/8 q=2/5 k=2/2 v=4/8 o=1/5 lm=1/3]
  step=   3000  phase=vocab  vocab=   8  k=  1  loss_ema=1.4620  acc_ema=0.3412  steps/sec=2.6  ranks[in=8/8 q=2/5 k=2/2 v=4/8 o=1/5 lm=1/2]
  step=   3200  phase=vocab  vocab=   8  k=  1  loss_ema=1.4448  acc_ema=0.3767  steps/sec=2.6  ranks[in=8/8 q=2/5 k=2/2 v=4/7 o=1/5 lm=1/2]
  step=   3400  phase=vocab  vocab=   8  k=  1  loss_ema=1.4990  acc_ema=0.3508  steps/sec=2.6  ranks[in=8/8 q=2/5 k=2/2 v=4/8 o=1/5 lm=1/2]
  step=   3600  phase=vocab  vocab=   8  k=  1  loss_ema=1.4537  acc_ema=0.3462  steps/sec=2.6  ranks[in=8/8 q=2/5 k=2/2 v=3/8 o=1/6 lm=1/2]
  step=   3800  phase=vocab  vocab=   8  k=  1  loss_ema=1.4250  acc_ema=0.3786  steps/sec=2.6  ranks[in=8/8 q=2/5 k=2/2 v=3/10 o=1/5 lm=1/2]
  step=   4000  phase=vocab  vocab=   8  k=  1  loss_ema=1.3876  acc_ema=0.4009  steps/sec=2.6  ranks[in=8/8 q=2/7 k=2/2 v=3/10 o=1/6 lm=1/2]
  step=   4200  phase=vocab  vocab=   8  k=  1  loss_ema=1.5316  acc_ema=0.2945  steps/sec=2.6  ranks[in=8/8 q=2/7 k=2/3 v=3/10 o=1/6 lm=1/2]
  step=   4400  phase=vocab  vocab=   8  k=  1  loss_ema=1.4381  acc_ema=0.3167  steps/sec=2.6  ranks[in=8/8 q=2/8 k=1/3 v=4/10 o=1/6 lm=1/2]
  step=   4600  phase=vocab  vocab=   8  k=  1  loss_ema=1.4315  acc_ema=0.2691  steps/sec=2.6  ranks[in=8/8 q=2/8 k=1/2 v=3/10 o=1/5 lm=1/2]
  step=   4800  phase=vocab  vocab=   8  k=  1  loss_ema=1.3578  acc_ema=0.3489  steps/sec=2.6  ranks[in=8/8 q=2/6 k=2/5 v=3/12 o=1/6 lm=1/2]
  step=   5000  phase=vocab  vocab=   8  k=  1  loss_ema=1.4113  acc_ema=0.2487  steps/sec=2.6  ranks[in=8/8 q=1/6 k=2/4 v=3/12 o=1/5 lm=1/2]
  step=   5200  phase=vocab  vocab=   8  k=  1  loss_ema=1.3339  acc_ema=0.4103  steps/sec=2.5  ranks[in=8/8 q=1/6 k=2/4 v=3/12 o=1/5 lm=1/2]
  step=   5400  phase=vocab  vocab=   8  k=  1  loss_ema=1.2036  acc_ema=0.5805  steps/sec=2.5  ranks[in=8/8 q=1/6 k=2/4 v=4/14 o=1/5 lm=1/2]
  step=   5600  phase=vocab  vocab=   8  k=  1  loss_ema=1.2629  acc_ema=0.4756  steps/sec=2.5  ranks[in=8/8 q=1/6 k=2/4 v=3/14 o=1/5 lm=1/1]
  step=   5800  phase=vocab  vocab=   8  k=  1  loss_ema=1.4605  acc_ema=0.3066  steps/sec=2.5  ranks[in=8/8 q=2/7 k=3/4 v=4/14 o=2/6 lm=1/1]
  step=   6000  phase=vocab  vocab=   8  k=  1  loss_ema=1.4254  acc_ema=0.2788  steps/sec=2.5  ranks[in=8/8 q=2/11 k=2/5 v=6/18 o=2/5 lm=1/2]
  step=   6200  phase=vocab  vocab=   8  k=  1  loss_ema=1.4401  acc_ema=0.2996  steps/sec=2.5  ranks[in=8/8 q=1/12 k=3/5 v=5/19 o=1/5 lm=1/2]
  step=   6400  phase=vocab  vocab=   8  k=  1  loss_ema=1.5153  acc_ema=0.2711  steps/sec=2.5  ranks[in=8/8 q=1/12 k=3/5 v=5/19 o=1/5 lm=1/3]
  step=   6600  phase=vocab  vocab=   8  k=  1  loss_ema=1.4664  acc_ema=0.2656  steps/sec=2.5  ranks[in=8/8 q=1/12 k=3/5 v=5/19 o=1/5 lm=1/2]
  step=   6800  phase=vocab  vocab=   8  k=  1  loss_ema=1.4178  acc_ema=0.3664  steps/sec=2.5  ranks[in=8/8 q=1/12 k=3/5 v=5/19 o=1/5 lm=1/2]
  step=   7000  phase=vocab  vocab=   8  k=  1  loss_ema=1.2639  acc_ema=0.4674  steps/sec=2.5  ranks[in=8/8 q=1/11 k=3/5 v=5/17 o=2/5 lm=1/3]
  step=   7200  phase=vocab  vocab=   8  k=  1  loss_ema=1.2566  acc_ema=0.5032  steps/sec=2.5  ranks[in=8/8 q=1/11 k=2/5 v=5/17 o=2/5 lm=1/2]
  step=   7400  phase=vocab  vocab=   8  k=  1  loss_ema=1.2604  acc_ema=0.4136  steps/sec=2.5  ranks[in=8/8 q=1/11 k=2/5 v=5/17 o=2/5 lm=1/2]
  step=   7600  phase=vocab  vocab=   8  k=  1  loss_ema=1.2279  acc_ema=0.4739  steps/sec=2.5  ranks[in=8/8 q=1/11 k=2/5 v=5/17 o=2/5 lm=1/2]
  step=   7800  phase=vocab  vocab=   8  k=  1  loss_ema=1.2820  acc_ema=0.5469  steps/sec=2.5  ranks[in=8/7 q=1/11 k=2/5 v=5/17 o=2/7 lm=1/2]
  step=   8000  phase=vocab  vocab=   8  k=  1  loss_ema=1.2649  acc_ema=0.4788  steps/sec=2.5  ranks[in=8/8 q=1/11 k=2/5 v=6/17 o=2/7 lm=1/3]
  step=   8200  phase=vocab  vocab=   8  k=  1  loss_ema=1.2428  acc_ema=0.5156  steps/sec=2.5  ranks[in=8/8 q=1/11 k=2/5 v=7/17 o=2/7 lm=1/4]
  step=   8400  phase=vocab  vocab=   8  k=  1  loss_ema=1.4266  acc_ema=0.3609  steps/sec=2.5  ranks[in=8/8 q=1/11 k=2/5 v=7/17 o=2/7 lm=1/3]
  step=   8600  phase=vocab  vocab=   8  k=  1  loss_ema=1.3728  acc_ema=0.3032  steps/sec=2.5  ranks[in=8/8 q=1/11 k=2/5 v=7/17 o=2/7 lm=1/2]
  step=   8800  phase=vocab  vocab=   8  k=  1  loss_ema=1.4308  acc_ema=0.3026  steps/sec=2.5  ranks[in=8/8 q=1/11 k=2/5 v=7/17 o=2/7 lm=1/2]
  step=   9000  phase=vocab  vocab=   8  k=  1  loss_ema=1.4473  acc_ema=0.2773  steps/sec=2.5  ranks[in=8/8 q=1/10 k=3/6 v=8/18 o=2/7 lm=1/2]
  step=   9200  phase=vocab  vocab=   8  k=  1  loss_ema=1.4419  acc_ema=0.3257  steps/sec=2.5  ranks[in=8/7 q=1/10 k=3/7 v=10/19 o=2/8 lm=1/4]
  step=   9400  phase=vocab  vocab=   8  k=  1  loss_ema=1.3520  acc_ema=0.3729  steps/sec=2.5  ranks[in=8/7 q=1/10 k=3/7 v=10/19 o=1/9 lm=1/3]
  step=   9600  phase=vocab  vocab=   8  k=  1  loss_ema=1.4470  acc_ema=0.5338  steps/sec=2.5  ranks[in=8/7 q=1/10 k=3/7 v=10/19 o=1/10 lm=1/4]
  step=   9800  phase=vocab  vocab=   8  k=  1  loss_ema=1.5099  acc_ema=0.2963  steps/sec=2.5  ranks[in=8/7 q=1/10 k=3/9 v=10/19 o=1/10 lm=1/3]
  step=  10000  phase=vocab  vocab=   8  k=  1  loss_ema=1.4363  acc_ema=0.3124  steps/sec=2.5  ranks[in=8/7 q=1/10 k=3/9 v=10/20 o=1/10 lm=1/3]
  step=  10200  phase=vocab  vocab=   8  k=  1  loss_ema=1.5245  acc_ema=0.3748  steps/sec=2.5  ranks[in=8/7 q=1/10 k=3/9 v=10/20 o=1/10 lm=1/4]
  step=  10400  phase=vocab  vocab=   8  k=  1  loss_ema=1.4991  acc_ema=0.4327  steps/sec=2.5  ranks[in=8/7 q=1/10 k=3/8 v=9/22 o=1/10 lm=1/3]
  step=  10600  phase=vocab  vocab=   8  k=  1  loss_ema=1.4617  acc_ema=0.3316  steps/sec=2.5  ranks[in=8/7 q=1/10 k=3/10 v=9/23 o=1/10 lm=1/3]
  step=  10800  phase=vocab  vocab=   8  k=  1  loss_ema=1.3641  acc_ema=0.4549  steps/sec=2.5  ranks[in=8/7 q=1/10 k=3/10 v=9/24 o=1/10 lm=1/3]
  step=  11000  phase=vocab  vocab=   8  k=  1  loss_ema=1.3643  acc_ema=0.4715  steps/sec=2.5  ranks[in=8/7 q=1/10 k=3/10 v=9/22 o=1/10 lm=1/3]
  step=  11200  phase=vocab  vocab=   8  k=  1  loss_ema=1.3354  acc_ema=0.4633  steps/sec=2.5  ranks[in=8/7 q=1/10 k=3/10 v=9/26 o=1/11 lm=1/3]
  step=  11400  phase=vocab  vocab=   8  k=  1  loss_ema=1.3428  acc_ema=0.4035  steps/sec=2.5  ranks[in=8/7 q=1/10 k=3/10 v=9/25 o=1/10 lm=1/2]
  step=  11600  phase=vocab  vocab=   8  k=  1  loss_ema=1.3596  acc_ema=0.4845  steps/sec=2.5  ranks[in=8/7 q=1/10 k=3/10 v=9/27 o=1/12 lm=1/2]
  step=  11800  phase=vocab  vocab=   8  k=  1  loss_ema=1.3596  acc_ema=0.4926  steps/sec=2.5  ranks[in=8/7 q=1/10 k=3/10 v=9/27 o=1/12 lm=1/1]
  step=  12000  phase=vocab  vocab=   8  k=  1  loss_ema=1.4425  acc_ema=0.3586  steps/sec=2.5  ranks[in=8/7 q=1/10 k=3/10 v=9/28 o=1/13 lm=1/2]
  step=  12200  phase=vocab  vocab=   8  k=  1  loss_ema=1.4405  acc_ema=0.2600  steps/sec=2.5  ranks[in=8/7 q=1/10 k=3/11 v=10/28 o=1/14 lm=1/2]
  step=  12400  phase=vocab  vocab=   8  k=  1  loss_ema=1.3634  acc_ema=0.3737  steps/sec=2.5  ranks[in=8/7 q=1/10 k=4/11 v=11/29 o=1/13 lm=1/2]
  step=  12600  phase=vocab  vocab=   8  k=  1  loss_ema=1.4494  acc_ema=0.2958  steps/sec=2.5  ranks[in=8/7 q=1/12 k=3/10 v=10/30 o=2/13 lm=1/3]
  step=  12800  phase=vocab  vocab=   8  k=  1  loss_ema=1.4122  acc_ema=0.2889  steps/sec=2.5  ranks[in=8/7 q=1/13 k=3/11 v=9/30 o=3/13 lm=1/3]
  step=  13000  phase=vocab  vocab=   8  k=  1  loss_ema=1.3719  acc_ema=0.4014  steps/sec=2.5  ranks[in=8/7 q=1/15 k=3/13 v=10/30 o=3/13 lm=1/3]
  step=  13200  phase=vocab  vocab=   8  k=  1  loss_ema=1.4335  acc_ema=0.3246  steps/sec=2.5  ranks[in=8/6 q=1/16 k=3/12 v=11/32 o=3/15 lm=1/3]
  step=  13400  phase=vocab  vocab=   8  k=  1  loss_ema=1.4132  acc_ema=0.3073  steps/sec=2.5  ranks[in=8/6 q=1/16 k=3/12 v=13/34 o=3/17 lm=1/2]
  step=  13600  phase=vocab  vocab=   8  k=  1  loss_ema=1.4143  acc_ema=0.2936  steps/sec=2.5  ranks[in=8/6 q=1/16 k=3/12 v=13/33 o=3/16 lm=1/2]
  step=  13800  phase=vocab  vocab=   8  k=  1  loss_ema=1.4023  acc_ema=0.3289  steps/sec=2.5  ranks[in=8/6 q=1/16 k=3/12 v=13/33 o=3/16 lm=1/2]
  step=  14000  phase=vocab  vocab=   8  k=  1  loss_ema=1.6145  acc_ema=0.3103  steps/sec=2.5  ranks[in=8/6 q=1/16 k=3/12 v=14/32 o=4/16 lm=1/3]
  step=  14200  phase=vocab  vocab=   8  k=  1  loss_ema=1.3068  acc_ema=0.4993  steps/sec=2.5  ranks[in=8/5 q=1/16 k=3/12 v=13/32 o=3/15 lm=1/4]
  step=  14400  phase=vocab  vocab=   8  k=  1  loss_ema=1.4921  acc_ema=0.2907  steps/sec=2.5  ranks[in=8/5 q=1/16 k=3/10 v=13/33 o=3/15 lm=1/3]
  step=  14600  phase=vocab  vocab=   8  k=  1  loss_ema=1.4593  acc_ema=0.2937  steps/sec=2.5  ranks[in=8/4 q=1/16 k=3/14 v=13/34 o=4/15 lm=1/3]
  step=  14800  phase=vocab  vocab=   8  k=  1  loss_ema=1.4248  acc_ema=0.3363  steps/sec=2.5  ranks[in=8/5 q=1/16 k=3/15 v=13/33 o=4/15 lm=1/2]
  step=  15000  phase=vocab  vocab=   8  k=  1  loss_ema=1.2846  acc_ema=0.5032  steps/sec=2.5  ranks[in=8/7 q=3/16 k=3/15 v=13/35 o=4/16 lm=1/3]
  step=  15200  phase=vocab  vocab=   8  k=  1  loss_ema=1.2580  acc_ema=0.6192  steps/sec=2.5  ranks[in=8/7 q=3/16 k=3/17 v=13/35 o=5/16 lm=1/4]
  step=  15400  phase=vocab  vocab=   8  k=  1  loss_ema=1.2639  acc_ema=0.5819  steps/sec=2.5  ranks[in=8/7 q=3/16 k=3/17 v=13/37 o=4/16 lm=1/5]
  step=  15420  phase=vocab  vocab=  16  k=  1  loss_ema=1.1961  acc_ema=0.6749  [LEVEL_UP]  ranks[in=8/7 q=3/16 k=3/17 v=13/38 o=5/16 lm=1/5]
  step=  15450  phase=vocab  vocab=   8  k=  1  loss_ema=3.8167  acc_ema=0.3795  [LEVEL_DOWN]  ranks[in=8/7 q=4/16 k=4/17 v=13/38 o=4/15 lm=1/5]
  step=  15600  phase=vocab  vocab=   8  k=  1  loss_ema=1.2030  acc_ema=0.6036  steps/sec=2.4  ranks[in=8/7 q=4/16 k=4/16 v=13/38 o=4/16 lm=1/7]
  step=  15621  phase=vocab  vocab=  16  k=  1  loss_ema=1.1258  acc_ema=0.6823  [LEVEL_UP]  ranks[in=8/7 q=4/16 k=4/16 v=13/38 o=4/16 lm=1/6]
  step=  15651  phase=vocab  vocab=   8  k=  1  loss_ema=3.7678  acc_ema=0.3840  [LEVEL_DOWN]  ranks[in=8/7 q=5/17 k=4/16 v=13/38 o=5/17 lm=1/6]
  step=  15800  phase=vocab  vocab=   8  k=  1  loss_ema=1.5347  acc_ema=0.3331  steps/sec=2.4  ranks[in=8/8 q=4/17 k=4/16 v=14/38 o=5/18 lm=1/7]
  step=  16000  phase=vocab  vocab=   8  k=  1  loss_ema=1.3204  acc_ema=0.4695  steps/sec=2.4  ranks[in=8/8 q=4/17 k=3/16 v=14/38 o=4/18 lm=1/5]
  step=  16160  phase=vocab  vocab=  16  k=  1  loss_ema=1.2027  acc_ema=0.5711  [LEVEL_UP]  ranks[in=8/8 q=4/17 k=3/16 v=14/38 o=4/18 lm=1/5]
  step=  16193  phase=vocab  vocab=   8  k=  1  loss_ema=3.1897  acc_ema=0.3286  [LEVEL_DOWN]  ranks[in=8/8 q=4/17 k=3/16 v=14/38 o=4/18 lm=1/5]
  step=  16200  phase=vocab  vocab=   8  k=  1  loss_ema=2.9603  acc_ema=0.3418  steps/sec=2.4  ranks[in=8/8 q=4/17 k=3/16 v=14/38 o=4/18 lm=1/5]
  step=  16400  phase=vocab  vocab=   8  k=  1  loss_ema=1.3261  acc_ema=0.4654  steps/sec=2.4  ranks[in=8/8 q=4/17 k=3/16 v=14/38 o=4/18 lm=1/5]
  step=  16600  phase=vocab  vocab=   8  k=  1  loss_ema=1.1826  acc_ema=0.6405  steps/sec=2.4  ranks[in=8/8 q=4/17 k=3/16 v=14/38 o=4/18 lm=1/6]
  step=  16800  phase=vocab  vocab=   8  k=  1  loss_ema=1.4247  acc_ema=0.5688  steps/sec=2.4  ranks[in=8/8 q=4/17 k=3/16 v=14/38 o=4/18 lm=1/6]
  step=  17000  phase=vocab  vocab=   8  k=  1  loss_ema=1.3477  acc_ema=0.5457  steps/sec=2.4  ranks[in=8/8 q=4/17 k=3/16 v=14/38 o=4/18 lm=1/6]
  step=  17200  phase=vocab  vocab=   8  k=  1  loss_ema=1.6190  acc_ema=0.4564  steps/sec=2.4  ranks[in=8/8 q=4/15 k=4/18 v=15/39 o=5/18 lm=1/5]
  step=  17400  phase=vocab  vocab=   8  k=  1  loss_ema=1.5200  acc_ema=0.5972  steps/sec=2.4  ranks[in=8/8 q=4/15 k=4/20 v=15/38 o=5/18 lm=1/5]
  step=  17600  phase=vocab  vocab=   8  k=  1  loss_ema=1.4034  acc_ema=0.5325  steps/sec=2.4  ranks[in=8/8 q=4/15 k=4/20 v=15/39 o=5/19 lm=1/5]
  step=  17800  phase=vocab  vocab=   8  k=  1  loss_ema=1.3031  acc_ema=0.6110  steps/sec=2.4  ranks[in=8/8 q=4/15 k=4/20 v=15/39 o=5/19 lm=1/3]
  step=  17963  phase=vocab  vocab=  16  k=  1  loss_ema=1.6428  acc_ema=0.6272  [LEVEL_UP]  ranks[in=8/8 q=4/15 k=4/20 v=15/39 o=5/19 lm=1/3]
  step=  17993  phase=vocab  vocab=   8  k=  1  loss_ema=3.9351  acc_ema=0.3421  [LEVEL_DOWN]  ranks[in=8/8 q=4/15 k=4/20 v=15/39 o=5/19 lm=1/3]
  step=  18000  phase=vocab  vocab=   8  k=  1  loss_ema=3.3450  acc_ema=0.3343  steps/sec=2.4  ranks[in=8/8 q=4/15 k=4/20 v=15/39 o=5/19 lm=1/3]
  step=  18200  phase=vocab  vocab=   8  k=  1  loss_ema=1.7346  acc_ema=0.3566  steps/sec=2.4  ranks[in=8/8 q=4/15 k=4/22 v=15/39 o=5/19 lm=1/2]
  step=  18400  phase=vocab  vocab=   8  k=  1  loss_ema=1.6904  acc_ema=0.3117  steps/sec=2.4  ranks[in=8/8 q=4/15 k=4/22 v=15/39 o=5/19 lm=1/2]
  step=  18600  phase=vocab  vocab=   8  k=  1  loss_ema=1.6386  acc_ema=0.5375  steps/sec=2.4  ranks[in=8/8 q=4/15 k=4/22 v=15/39 o=5/19 lm=1/2]
  step=  18800  phase=vocab  vocab=   8  k=  1  loss_ema=1.5074  acc_ema=0.5872  steps/sec=2.4  ranks[in=8/8 q=4/15 k=4/22 v=15/39 o=5/19 lm=1/2]
  step=  18879  phase=vocab  vocab=  16  k=  1  loss_ema=1.5236  acc_ema=0.6722  [LEVEL_UP]  ranks[in=8/8 q=4/15 k=4/22 v=15/39 o=5/19 lm=1/2]
  step=  18909  phase=vocab  vocab=   8  k=  1  loss_ema=3.7684  acc_ema=0.4263  [LEVEL_DOWN]  ranks[in=8/8 q=4/15 k=4/21 v=15/39 o=5/19 lm=1/2]
  step=  19000  phase=vocab  vocab=   8  k=  1  loss_ema=1.9034  acc_ema=0.5325  steps/sec=2.4  ranks[in=8/8 q=4/15 k=4/21 v=15/39 o=5/19 lm=1/2]
  step=  19200  phase=vocab  vocab=   8  k=  1  loss_ema=1.4718  acc_ema=0.4317  steps/sec=2.4  ranks[in=8/8 q=4/15 k=4/21 v=15/39 o=5/19 lm=1/2]
  step=  19400  phase=vocab  vocab=   8  k=  1  loss_ema=1.3629  acc_ema=0.6401  steps/sec=2.4  ranks[in=8/8 q=4/15 k=4/20 v=15/39 o=5/20 lm=1/2]
  step=  19600  phase=vocab  vocab=   8  k=  1  loss_ema=1.4139  acc_ema=0.6754  steps/sec=2.4  ranks[in=8/8 q=4/15 k=4/20 v=15/42 o=5/21 lm=1/2]
  step=  19669  phase=vocab  vocab=  16  k=  1  loss_ema=1.3736  acc_ema=0.7194  [LEVEL_UP]  ranks[in=8/8 q=4/15 k=4/20 v=15/42 o=5/21 lm=1/2]
  step=  19699  phase=vocab  vocab=   8  k=  1  loss_ema=3.7380  acc_ema=0.3924  [LEVEL_DOWN]  ranks[in=8/8 q=4/15 k=4/20 v=15/43 o=5/21 lm=1/2]
  step=  19800  phase=vocab  vocab=   8  k=  1  loss_ema=1.5295  acc_ema=0.5723  steps/sec=2.4  ranks[in=8/8 q=4/15 k=4/20 v=15/42 o=5/21 lm=1/2]
  step=  20000  phase=vocab  vocab=   8  k=  1  loss_ema=1.3071  acc_ema=0.6425  steps/sec=2.4  ranks[in=8/8 q=4/15 k=4/20 v=15/43 o=5/21 lm=1/2]

FINAL precision=fp4 final_vocab=8 final_k=1 final_phase=vocab graduated=False total_steps=20000 steps_per_sec=2.4 peak_rss_mb=106.6 (8445s)
PEAK precision=fp4 peak_vocab=16 peak_k=1 peak_phase=vocab
RANK_MUTATIONS precision=fp4 count=933
  input_proj   scale_rank=8  additive_rank=8
  q_proj       scale_rank=4  additive_rank=15
  k_proj       scale_rank=4  additive_rank=20
  v_proj       scale_rank=15  additive_rank=43
  o_proj       scale_rank=5  additive_rank=21
  lm_head      scale_rank=1  additive_rank=2
RANK_HISTORY_JSON [{"step": 200, "ranks": {"input_proj": [1, 1], "q_proj": [1, 1], "k_proj": [1, 1], "v_proj": [1, 1], "o_proj": [1, 1], "lm_head": [2, 1]}}, {"step": 400, "ranks": {"input_proj": [1, 1], "q_proj": [1, 1], "k_proj": [1, 1], "v_proj": [1, 1], "o_proj": [1, 1], "lm_head": [1, 1]}}, {"step": 449, "ranks": {"input_proj": [1, 1], "q_proj": [1, 1], "k_proj": [1, 1], "v_proj": [1, 1], "o_proj": [1, 1], "lm_head": [1, 1]}}, {"step": 487, "ranks": {"input_proj": [1, 1], "q_proj": [1, 1], "k_proj": [1, 1], "v_proj": [1, 1], "o_proj": [1, 1], "lm_head": [1, 2]}}, {"step": 600, "ranks": {"input_proj": [2, 2], "q_proj": [1, 2], "k_proj": [2, 2], "v_proj": [3, 2], "o_proj": [2, 2], "lm_head": [1, 4]}}, {"step": 800, "ranks": {"input_proj": [7, 3], "q_proj": [1, 2], "k_proj": [1, 2], "v_proj": [2, 2], "o_proj": [1, 3], "lm_head": [1, 3]}}, {"step": 1000, "ranks": {"input_proj": [8, 6], "q_proj": [1, 3], "k_proj": [1, 2], "v_proj": [2, 2], "o_proj": [1, 3], "lm_head": [1, 3]}}, {"step": 1200, "ranks": {"input_proj": [8, 6], "q_proj": [1, 4], "k_proj": [2, 2], "v_proj": [2, 2], "o_proj": [1, 3], "lm_head": [1, 3]}}, {"step": 1400, "ranks": {"input_proj": [8, 8], "q_proj": [1, 4], "k_proj": [2, 1], "v_proj": [2, 2], "o_proj": [1, 3], "lm_head": [1, 3]}}, {"step": 1600, "ranks": {"input_proj": [8, 8], "q_proj": [1, 4], "k_proj": [2, 1], "v_proj": [2, 2], "o_proj": [1, 3], "lm_head": [1, 3]}}, {"step": 1800, "ranks": {"input_proj": [8, 8], "q_proj": [1, 3], "k_proj": [2, 1], "v_proj": [2, 2], "o_proj": [1, 3], "lm_head": [1, 3]}}, {"step": 2000, "ranks": {"input_proj": [8, 8], "q_proj": [1, 3], "k_proj": [2, 1], "v_proj": [2, 2], "o_proj": [1, 3], "lm_head": [1, 3]}}, {"step": 2200, "ranks": {"input_proj": [8, 8], "q_proj": [1, 5], "k_proj": [2, 2], "v_proj": [3, 4], "o_proj": [2, 4], "lm_head": [1, 2]}}, {"step": 2400, "ranks": {"input_proj": [8, 8], "q_proj": [2, 5], "k_proj": [2, 2], "v_proj": [4, 6], "o_proj": [1, 5], "lm_head": [1, 4]}}, {"step": 2600, "ranks": {"input_proj": [8, 8], "q_proj": [2, 5], "k_proj": [2, 2], "v_proj": [4, 7], "o_proj": [1, 5], "lm_head": [1, 3]}}, {"step": 2800, "ranks": {"input_proj": [8, 8], "q_proj": [2, 5], "k_proj": [2, 2], "v_proj": [4, 8], "o_proj": [1, 5], "lm_head": [1, 3]}}, {"step": 3000, "ranks": {"input_proj": [8, 8], "q_proj": [2, 5], "k_proj": [2, 2], "v_proj": [4, 8], "o_proj": [1, 5], "lm_head": [1, 2]}}, {"step": 3200, "ranks": {"input_proj": [8, 8], "q_proj": [2, 5], "k_proj": [2, 2], "v_proj": [4, 7], "o_proj": [1, 5], "lm_head": [1, 2]}}, {"step": 3400, "ranks": {"input_proj": [8, 8], "q_proj": [2, 5], "k_proj": [2, 2], "v_proj": [4, 8], "o_proj": [1, 5], "lm_head": [1, 2]}}, {"step": 3600, "ranks": {"input_proj": [8, 8], "q_proj": [2, 5], "k_proj": [2, 2], "v_proj": [3, 8], "o_proj": [1, 6], "lm_head": [1, 2]}}, {"step": 3800, "ranks": {"input_proj": [8, 8], "q_proj": [2, 5], "k_proj": [2, 2], "v_proj": [3, 10], "o_proj": [1, 5], "lm_head": [1, 2]}}, {"step": 4000, "ranks": {"input_proj": [8, 8], "q_proj": [2, 7], "k_proj": [2, 2], "v_proj": [3, 10], "o_proj": [1, 6], "lm_head": [1, 2]}}, {"step": 4200, "ranks": {"input_proj": [8, 8], "q_proj": [2, 7], "k_proj": [2, 3], "v_proj": [3, 10], "o_proj": [1, 6], "lm_head": [1, 2]}}, {"step": 4400, "ranks": {"input_proj": [8, 8], "q_proj": [2, 8], "k_proj": [1, 3], "v_proj": [4, 10], "o_proj": [1, 6], "lm_head": [1, 2]}}, {"step": 4600, "ranks": {"input_proj": [8, 8], "q_proj": [2, 8], "k_proj": [1, 2], "v_proj": [3, 10], "o_proj": [1, 5], "lm_head": [1, 2]}}, {"step": 4800, "ranks": {"input_proj": [8, 8], "q_proj": [2, 6], "k_proj": [2, 5], "v_proj": [3, 12], "o_proj": [1, 6], "lm_head": [1, 2]}}, {"step": 5000, "ranks": {"input_proj": [8, 8], "q_proj": [1, 6], "k_proj": [2, 4], "v_proj": [3, 12], "o_proj": [1, 5], "lm_head": [1, 2]}}, {"step": 5200, "ranks": {"input_proj": [8, 8], "q_proj": [1, 6], "k_proj": [2, 4], "v_proj": [3, 12], "o_proj": [1, 5], "lm_head": [1, 2]}}, {"step": 5400, "ranks": {"input_proj": [8, 8], "q_proj": [1, 6], "k_proj": [2, 4], "v_proj": [4, 14], "o_proj": [1, 5], "lm_head": [1, 2]}}, {"step": 5600, "ranks": {"input_proj": [8, 8], "q_proj": [1, 6], "k_proj": [2, 4], "v_proj": [3, 14], "o_proj": [1, 5], "lm_head": [1, 1]}}, {"step": 5800, "ranks": {"input_proj": [8, 8], "q_proj": [2, 7], "k_proj": [3, 4], "v_proj": [4, 14], "o_proj": [2, 6], "lm_head": [1, 1]}}, {"step": 6000, "ranks": {"input_proj": [8, 8], "q_proj": [2, 11], "k_proj": [2, 5], "v_proj": [6, 18], "o_proj": [2, 5], "lm_head": [1, 2]}}, {"step": 6200, "ranks": {"input_proj": [8, 8], "q_proj": [1, 12], "k_proj": [3, 5], "v_proj": [5, 19], "o_proj": [1, 5], "lm_head": [1, 2]}}, {"step": 6400, "ranks": {"input_proj": [8, 8], "q_proj": [1, 12], "k_proj": [3, 5], "v_proj": [5, 19], "o_proj": [1, 5], "lm_head": [1, 3]}}, {"step": 6600, "ranks": {"input_proj": [8, 8], "q_proj": [1, 12], "k_proj": [3, 5], "v_proj": [5, 19], "o_proj": [1, 5], "lm_head": [1, 2]}}, {"step": 6800, "ranks": {"input_proj": [8, 8], "q_proj": [1, 12], "k_proj": [3, 5], "v_proj": [5, 19], "o_proj": [1, 5], "lm_head": [1, 2]}}, {"step": 7000, "ranks": {"input_proj": [8, 8], "q_proj": [1, 11], "k_proj": [3, 5], "v_proj": [5, 17], "o_proj": [2, 5], "lm_head": [1, 3]}}, {"step": 7200, "ranks": {"input_proj": [8, 8], "q_proj": [1, 11], "k_proj": [2, 5], "v_proj": [5, 17], "o_proj": [2, 5], "lm_head": [1, 2]}}, {"step": 7400, "ranks": {"input_proj": [8, 8], "q_proj": [1, 11], "k_proj": [2, 5], "v_proj": [5, 17], "o_proj": [2, 5], "lm_head": [1, 2]}}, {"step": 7600, "ranks": {"input_proj": [8, 8], "q_proj": [1, 11], "k_proj": [2, 5], "v_proj": [5, 17], "o_proj": [2, 5], "lm_head": [1, 2]}}, {"step": 7800, "ranks": {"input_proj": [8, 7], "q_proj": [1, 11], "k_proj": [2, 5], "v_proj": [5, 17], "o_proj": [2, 7], "lm_head": [1, 2]}}, {"step": 8000, "ranks": {"input_proj": [8, 8], "q_proj": [1, 11], "k_proj": [2, 5], "v_proj": [6, 17], "o_proj": [2, 7], "lm_head": [1, 3]}}, {"step": 8200, "ranks": {"input_proj": [8, 8], "q_proj": [1, 11], "k_proj": [2, 5], "v_proj": [7, 17], "o_proj": [2, 7], "lm_head": [1, 4]}}, {"step": 8400, "ranks": {"input_proj": [8, 8], "q_proj": [1, 11], "k_proj": [2, 5], "v_proj": [7, 17], "o_proj": [2, 7], "lm_head": [1, 3]}}, {"step": 8600, "ranks": {"input_proj": [8, 8], "q_proj": [1, 11], "k_proj": [2, 5], "v_proj": [7, 17], "o_proj": [2, 7], "lm_head": [1, 2]}}, {"step": 8800, "ranks": {"input_proj": [8, 8], "q_proj": [1, 11], "k_proj": [2, 5], "v_proj": [7, 17], "o_proj": [2, 7], "lm_head": [1, 2]}}, {"step": 9000, "ranks": {"input_proj": [8, 8], "q_proj": [1, 10], "k_proj": [3, 6], "v_proj": [8, 18], "o_proj": [2, 7], "lm_head": [1, 2]}}, {"step": 9200, "ranks": {"input_proj": [8, 7], "q_proj": [1, 10], "k_proj": [3, 7], "v_proj": [10, 19], "o_proj": [2, 8], "lm_head": [1, 4]}}, {"step": 9400, "ranks": {"input_proj": [8, 7], "q_proj": [1, 10], "k_proj": [3, 7], "v_proj": [10, 19], "o_proj": [1, 9], "lm_head": [1, 3]}}, {"step": 9600, "ranks": {"input_proj": [8, 7], "q_proj": [1, 10], "k_proj": [3, 7], "v_proj": [10, 19], "o_proj": [1, 10], "lm_head": [1, 4]}}, {"step": 9800, "ranks": {"input_proj": [8, 7], "q_proj": [1, 10], "k_proj": [3, 9], "v_proj": [10, 19], "o_proj": [1, 10], "lm_head": [1, 3]}}, {"step": 10000, "ranks": {"input_proj": [8, 7], "q_proj": [1, 10], "k_proj": [3, 9], "v_proj": [10, 20], "o_proj": [1, 10], "lm_head": [1, 3]}}, {"step": 10200, "ranks": {"input_proj": [8, 7], "q_proj": [1, 10], "k_proj": [3, 9], "v_proj": [10, 20], "o_proj": [1, 10], "lm_head": [1, 4]}}, {"step": 10400, "ranks": {"input_proj": [8, 7], "q_proj": [1, 10], "k_proj": [3, 8], "v_proj": [9, 22], "o_proj": [1, 10], "lm_head": [1, 3]}}, {"step": 10600, "ranks": {"input_proj": [8, 7], "q_proj": [1, 10], "k_proj": [3, 10], "v_proj": [9, 23], "o_proj": [1, 10], "lm_head": [1, 3]}}, {"step": 10800, "ranks": {"input_proj": [8, 7], "q_proj": [1, 10], "k_proj": [3, 10], "v_proj": [9, 24], "o_proj": [1, 10], "lm_head": [1, 3]}}, {"step": 11000, "ranks": {"input_proj": [8, 7], "q_proj": [1, 10], "k_proj": [3, 10], "v_proj": [9, 22], "o_proj": [1, 10], "lm_head": [1, 3]}}, {"step": 11200, "ranks": {"input_proj": [8, 7], "q_proj": [1, 10], "k_proj": [3, 10], "v_proj": [9, 26], "o_proj": [1, 11], "lm_head": [1, 3]}}, {"step": 11400, "ranks": {"input_proj": [8, 7], "q_proj": [1, 10], "k_proj": [3, 10], "v_proj": [9, 25], "o_proj": [1, 10], "lm_head": [1, 2]}}, {"step": 11600, "ranks": {"input_proj": [8, 7], "q_proj": [1, 10], "k_proj": [3, 10], "v_proj": [9, 27], "o_proj": [1, 12], "lm_head": [1, 2]}}, {"step": 11800, "ranks": {"input_proj": [8, 7], "q_proj": [1, 10], "k_proj": [3, 10], "v_proj": [9, 27], "o_proj": [1, 12], "lm_head": [1, 1]}}, {"step": 12000, "ranks": {"input_proj": [8, 7], "q_proj": [1, 10], "k_proj": [3, 10], "v_proj": [9, 28], "o_proj": [1, 13], "lm_head": [1, 2]}}, {"step": 12200, "ranks": {"input_proj": [8, 7], "q_proj": [1, 10], "k_proj": [3, 11], "v_proj": [10, 28], "o_proj": [1, 14], "lm_head": [1, 2]}}, {"step": 12400, "ranks": {"input_proj": [8, 7], "q_proj": [1, 10], "k_proj": [4, 11], "v_proj": [11, 29], "o_proj": [1, 13], "lm_head": [1, 2]}}, {"step": 12600, "ranks": {"input_proj": [8, 7], "q_proj": [1, 12], "k_proj": [3, 10], "v_proj": [10, 30], "o_proj": [2, 13], "lm_head": [1, 3]}}, {"step": 12800, "ranks": {"input_proj": [8, 7], "q_proj": [1, 13], "k_proj": [3, 11], "v_proj": [9, 30], "o_proj": [3, 13], "lm_head": [1, 3]}}, {"step": 13000, "ranks": {"input_proj": [8, 7], "q_proj": [1, 15], "k_proj": [3, 13], "v_proj": [10, 30], "o_proj": [3, 13], "lm_head": [1, 3]}}, {"step": 13200, "ranks": {"input_proj": [8, 6], "q_proj": [1, 16], "k_proj": [3, 12], "v_proj": [11, 32], "o_proj": [3, 15], "lm_head": [1, 3]}}, {"step": 13400, "ranks": {"input_proj": [8, 6], "q_proj": [1, 16], "k_proj": [3, 12], "v_proj": [13, 34], "o_proj": [3, 17], "lm_head": [1, 2]}}, {"step": 13600, "ranks": {"input_proj": [8, 6], "q_proj": [1, 16], "k_proj": [3, 12], "v_proj": [13, 33], "o_proj": [3, 16], "lm_head": [1, 2]}}, {"step": 13800, "ranks": {"input_proj": [8, 6], "q_proj": [1, 16], "k_proj": [3, 12], "v_proj": [13, 33], "o_proj": [3, 16], "lm_head": [1, 2]}}, {"step": 14000, "ranks": {"input_proj": [8, 6], "q_proj": [1, 16], "k_proj": [3, 12], "v_proj": [14, 32], "o_proj": [4, 16], "lm_head": [1, 3]}}, {"step": 14200, "ranks": {"input_proj": [8, 5], "q_proj": [1, 16], "k_proj": [3, 12], "v_proj": [13, 32], "o_proj": [3, 15], "lm_head": [1, 4]}}, {"step": 14400, "ranks": {"input_proj": [8, 5], "q_proj": [1, 16], "k_proj": [3, 10], "v_proj": [13, 33], "o_proj": [3, 15], "lm_head": [1, 3]}}, {"step": 14600, "ranks": {"input_proj": [8, 4], "q_proj": [1, 16], "k_proj": [3, 14], "v_proj": [13, 34], "o_proj": [4, 15], "lm_head": [1, 3]}}, {"step": 14800, "ranks": {"input_proj": [8, 5], "q_proj": [1, 16], "k_proj": [3, 15], "v_proj": [13, 33], "o_proj": [4, 15], "lm_head": [1, 2]}}, {"step": 15000, "ranks": {"input_proj": [8, 7], "q_proj": [3, 16], "k_proj": [3, 15], "v_proj": [13, 35], "o_proj": [4, 16], "lm_head": [1, 3]}}, {"step": 15200, "ranks": {"input_proj": [8, 7], "q_proj": [3, 16], "k_proj": [3, 17], "v_proj": [13, 35], "o_proj": [5, 16], "lm_head": [1, 4]}}, {"step": 15400, "ranks": {"input_proj": [8, 7], "q_proj": [3, 16], "k_proj": [3, 17], "v_proj": [13, 37], "o_proj": [4, 16], "lm_head": [1, 5]}}, {"step": 15420, "ranks": {"input_proj": [8, 7], "q_proj": [3, 16], "k_proj": [3, 17], "v_proj": [13, 38], "o_proj": [5, 16], "lm_head": [1, 5]}}, {"step": 15450, "ranks": {"input_proj": [8, 7], "q_proj": [4, 16], "k_proj": [4, 17], "v_proj": [13, 38], "o_proj": [4, 15], "lm_head": [1, 5]}}, {"step": 15600, "ranks": {"input_proj": [8, 7], "q_proj": [4, 16], "k_proj": [4, 16], "v_proj": [13, 38], "o_proj": [4, 16], "lm_head": [1, 7]}}, {"step": 15621, "ranks": {"input_proj": [8, 7], "q_proj": [4, 16], "k_proj": [4, 16], "v_proj": [13, 38], "o_proj": [4, 16], "lm_head": [1, 6]}}, {"step": 15651, "ranks": {"input_proj": [8, 7], "q_proj": [5, 17], "k_proj": [4, 16], "v_proj": [13, 38], "o_proj": [5, 17], "lm_head": [1, 6]}}, {"step": 15800, "ranks": {"input_proj": [8, 8], "q_proj": [4, 17], "k_proj": [4, 16], "v_proj": [14, 38], "o_proj": [5, 18], "lm_head": [1, 7]}}, {"step": 16000, "ranks": {"input_proj": [8, 8], "q_proj": [4, 17], "k_proj": [3, 16], "v_proj": [14, 38], "o_proj": [4, 18], "lm_head": [1, 5]}}, {"step": 16160, "ranks": {"input_proj": [8, 8], "q_proj": [4, 17], "k_proj": [3, 16], "v_proj": [14, 38], "o_proj": [4, 18], "lm_head": [1, 5]}}, {"step": 16193, "ranks": {"input_proj": [8, 8], "q_proj": [4, 17], "k_proj": [3, 16], "v_proj": [14, 38], "o_proj": [4, 18], "lm_head": [1, 5]}}, {"step": 16200, "ranks": {"input_proj": [8, 8], "q_proj": [4, 17], "k_proj": [3, 16], "v_proj": [14, 38], "o_proj": [4, 18], "lm_head": [1, 5]}}, {"step": 16400, "ranks": {"input_proj": [8, 8], "q_proj": [4, 17], "k_proj": [3, 16], "v_proj": [14, 38], "o_proj": [4, 18], "lm_head": [1, 5]}}, {"step": 16600, "ranks": {"input_proj": [8, 8], "q_proj": [4, 17], "k_proj": [3, 16], "v_proj": [14, 38], "o_proj": [4, 18], "lm_head": [1, 6]}}, {"step": 16800, "ranks": {"input_proj": [8, 8], "q_proj": [4, 17], "k_proj": [3, 16], "v_proj": [14, 38], "o_proj": [4, 18], "lm_head": [1, 6]}}, {"step": 17000, "ranks": {"input_proj": [8, 8], "q_proj": [4, 17], "k_proj": [3, 16], "v_proj": [14, 38], "o_proj": [4, 18], "lm_head": [1, 6]}}, {"step": 17200, "ranks": {"input_proj": [8, 8], "q_proj": [4, 15], "k_proj": [4, 18], "v_proj": [15, 39], "o_proj": [5, 18], "lm_head": [1, 5]}}, {"step": 17400, "ranks": {"input_proj": [8, 8], "q_proj": [4, 15], "k_proj": [4, 20], "v_proj": [15, 38], "o_proj": [5, 18], "lm_head": [1, 5]}}, {"step": 17600, "ranks": {"input_proj": [8, 8], "q_proj": [4, 15], "k_proj": [4, 20], "v_proj": [15, 39], "o_proj": [5, 19], "lm_head": [1, 5]}}, {"step": 17800, "ranks": {"input_proj": [8, 8], "q_proj": [4, 15], "k_proj": [4, 20], "v_proj": [15, 39], "o_proj": [5, 19], "lm_head": [1, 3]}}, {"step": 17963, "ranks": {"input_proj": [8, 8], "q_proj": [4, 15], "k_proj": [4, 20], "v_proj": [15, 39], "o_proj": [5, 19], "lm_head": [1, 3]}}, {"step": 17993, "ranks": {"input_proj": [8, 8], "q_proj": [4, 15], "k_proj": [4, 20], "v_proj": [15, 39], "o_proj": [5, 19], "lm_head": [1, 3]}}, {"step": 18000, "ranks": {"input_proj": [8, 8], "q_proj": [4, 15], "k_proj": [4, 20], "v_proj": [15, 39], "o_proj": [5, 19], "lm_head": [1, 3]}}, {"step": 18200, "ranks": {"input_proj": [8, 8], "q_proj": [4, 15], "k_proj": [4, 22], "v_proj": [15, 39], "o_proj": [5, 19], "lm_head": [1, 2]}}, {"step": 18400, "ranks": {"input_proj": [8, 8], "q_proj": [4, 15], "k_proj": [4, 22], "v_proj": [15, 39], "o_proj": [5, 19], "lm_head": [1, 2]}}, {"step": 18600, "ranks": {"input_proj": [8, 8], "q_proj": [4, 15], "k_proj": [4, 22], "v_proj": [15, 39], "o_proj": [5, 19], "lm_head": [1, 2]}}, {"step": 18800, "ranks": {"input_proj": [8, 8], "q_proj": [4, 15], "k_proj": [4, 22], "v_proj": [15, 39], "o_proj": [5, 19], "lm_head": [1, 2]}}, {"step": 18879, "ranks": {"input_proj": [8, 8], "q_proj": [4, 15], "k_proj": [4, 22], "v_proj": [15, 39], "o_proj": [5, 19], "lm_head": [1, 2]}}, {"step": 18909, "ranks": {"input_proj": [8, 8], "q_proj": [4, 15], "k_proj": [4, 21], "v_proj": [15, 39], "o_proj": [5, 19], "lm_head": [1, 2]}}, {"step": 19000, "ranks": {"input_proj": [8, 8], "q_proj": [4, 15], "k_proj": [4, 21], "v_proj": [15, 39], "o_proj": [5, 19], "lm_head": [1, 2]}}, {"step": 19200, "ranks": {"input_proj": [8, 8], "q_proj": [4, 15], "k_proj": [4, 21], "v_proj": [15, 39], "o_proj": [5, 19], "lm_head": [1, 2]}}, {"step": 19400, "ranks": {"input_proj": [8, 8], "q_proj": [4, 15], "k_proj": [4, 20], "v_proj": [15, 39], "o_proj": [5, 20], "lm_head": [1, 2]}}, {"step": 19600, "ranks": {"input_proj": [8, 8], "q_proj": [4, 15], "k_proj": [4, 20], "v_proj": [15, 42], "o_proj": [5, 21], "lm_head": [1, 2]}}, {"step": 19669, "ranks": {"input_proj": [8, 8], "q_proj": [4, 15], "k_proj": [4, 20], "v_proj": [15, 42], "o_proj": [5, 21], "lm_head": [1, 2]}}, {"step": 19699, "ranks": {"input_proj": [8, 8], "q_proj": [4, 15], "k_proj": [4, 20], "v_proj": [15, 43], "o_proj": [5, 21], "lm_head": [1, 2]}}, {"step": 19800, "ranks": {"input_proj": [8, 8], "q_proj": [4, 15], "k_proj": [4, 20], "v_proj": [15, 42], "o_proj": [5, 21], "lm_head": [1, 2]}}, {"step": 20000, "ranks": {"input_proj": [8, 8], "q_proj": [4, 15], "k_proj": [4, 20], "v_proj": [15, 43], "o_proj": [5, 21], "lm_head": [1, 2]}}]
STAGE_HISTORY_JSON [{"step": 449, "event": "level_up", "from": {"vocab": 8, "k": 1, "phase": "vocab"}, "to": {"vocab": 16, "k": 1, "phase": "vocab"}}, {"step": 487, "event": "level_down", "from": {"vocab": 16, "k": 1, "phase": "vocab"}, "to": {"vocab": 8, "k": 1, "phase": "vocab"}}, {"step": 15420, "event": "level_up", "from": {"vocab": 8, "k": 1, "phase": "vocab"}, "to": {"vocab": 16, "k": 1, "phase": "vocab"}}, {"step": 15450, "event": "level_down", "from": {"vocab": 16, "k": 1, "phase": "vocab"}, "to": {"vocab": 8, "k": 1, "phase": "vocab"}}, {"step": 15621, "event": "level_up", "from": {"vocab": 8, "k": 1, "phase": "vocab"}, "to": {"vocab": 16, "k": 1, "phase": "vocab"}}, {"step": 15651, "event": "level_down", "from": {"vocab": 16, "k": 1, "phase": "vocab"}, "to": {"vocab": 8, "k": 1, "phase": "vocab"}}, {"step": 16160, "event": "level_up", "from": {"vocab": 8, "k": 1, "phase": "vocab"}, "to": {"vocab": 16, "k": 1, "phase": "vocab"}}, {"step": 16193, "event": "level_down", "from": {"vocab": 16, "k": 1, "phase": "vocab"}, "to": {"vocab": 8, "k": 1, "phase": "vocab"}}, {"step": 17963, "event": "level_up", "from": {"vocab": 8, "k": 1, "phase": "vocab"}, "to": {"vocab": 16, "k": 1, "phase": "vocab"}}, {"step": 17993, "event": "level_down", "from": {"vocab": 16, "k": 1, "phase": "vocab"}, "to": {"vocab": 8, "k": 1, "phase": "vocab"}}, {"step": 18879, "event": "level_up", "from": {"vocab": 8, "k": 1, "phase": "vocab"}, "to": {"vocab": 16, "k": 1, "phase": "vocab"}}, {"step": 18909, "event": "level_down", "from": {"vocab": 16, "k": 1, "phase": "vocab"}, "to": {"vocab": 8, "k": 1, "phase": "vocab"}}, {"step": 19669, "event": "level_up", "from": {"vocab": 8, "k": 1, "phase": "vocab"}, "to": {"vocab": 16, "k": 1, "phase": "vocab"}}, {"step": 19699, "event": "level_down", "from": {"vocab": 16, "k": 1, "phase": "vocab"}, "to": {"vocab": 8, "k": 1, "phase": "vocab"}}]
