# MQAR curriculum precision=fp4 max_steps=20000 seed=2001 peak_lr=0.015 num_tiles=16 k_max=10 additive_rank=1 dynamic_rank_control=True rank_grace_period_steps=50 use_critic=False recurrent_only_output=False embed_width=32 input_sparsity_p=0.5 wide_max_weights=2048 dy_sparsity_p=None use_tile_cache=False output_dy_sparsity_p=0.5 streak_threshold=10 wrong_streak_threshold=5
  step=    200  phase=vocab  vocab=   8  k=  1  loss_ema=1.4283  acc_ema=0.3396  steps/sec=15.3  ranks[in=1/1 q=1/1 k=1/1 v=1/1 o=1/1 lm=1/1]
  step=    400  phase=vocab  vocab=   8  k=  1  loss_ema=1.3352  acc_ema=0.5663  steps/sec=17.1  ranks[in=1/1 q=1/1 k=1/1 v=1/1 o=1/1 lm=1/1]
  step=    600  phase=vocab  vocab=   8  k=  1  loss_ema=1.2759  acc_ema=0.6401  steps/sec=18.0  ranks[in=1/1 q=1/1 k=1/1 v=1/1 o=1/1 lm=1/1]
  step=    752  phase=vocab  vocab=  16  k=  1  loss_ema=1.2572  acc_ema=0.7437  [LEVEL_UP]  ranks[in=1/1 q=1/1 k=1/1 v=1/1 o=1/1 lm=1/1]
  step=    786  phase=vocab  vocab=   8  k=  1  loss_ema=3.1751  acc_ema=0.4227  [LEVEL_DOWN]  ranks[in=1/1 q=1/1 k=1/1 v=1/1 o=1/1 lm=1/2]
  step=    800  phase=vocab  vocab=   8  k=  1  loss_ema=2.9872  acc_ema=0.4082  steps/sec=18.7  ranks[in=1/1 q=1/1 k=1/1 v=1/1 o=1/1 lm=2/2]
  step=   1000  phase=vocab  vocab=   8  k=  1  loss_ema=1.2737  acc_ema=0.5468  steps/sec=19.0  ranks[in=1/1 q=1/1 k=1/1 v=1/1 o=1/1 lm=1/1]
  step=   1191  phase=vocab  vocab=  16  k=  1  loss_ema=1.2256  acc_ema=0.7304  [LEVEL_UP]  ranks[in=1/1 q=1/1 k=1/1 v=1/1 o=1/1 lm=1/1]
  step=   1200  phase=vocab  vocab=  16  k=  1  loss_ema=2.6486  acc_ema=0.6090  steps/sec=19.1  ranks[in=1/1 q=1/1 k=1/1 v=1/1 o=1/1 lm=1/2]
  step=   1221  phase=vocab  vocab=   8  k=  1  loss_ema=2.6765  acc_ema=0.3984  [LEVEL_DOWN]  ranks[in=1/1 q=1/1 k=1/1 v=1/1 o=1/1 lm=1/1]
  step=   1400  phase=vocab  vocab=   8  k=  1  loss_ema=1.3834  acc_ema=0.5532  steps/sec=19.1  ranks[in=1/1 q=1/1 k=1/1 v=1/1 o=1/1 lm=1/3]
  step=   1526  phase=vocab  vocab=  16  k=  1  loss_ema=1.2046  acc_ema=0.7611  [LEVEL_UP]  ranks[in=1/1 q=1/1 k=1/1 v=1/1 o=1/1 lm=1/3]
  step=   1564  phase=vocab  vocab=   8  k=  1  loss_ema=2.5321  acc_ema=0.4669  [LEVEL_DOWN]  ranks[in=1/1 q=1/1 k=1/1 v=1/1 o=1/1 lm=1/4]
  step=   1587  phase=vocab  vocab=  16  k=  1  loss_ema=2.2131  acc_ema=0.5346  [LEVEL_UP]  ranks[in=1/1 q=1/1 k=1/1 v=1/1 o=1/1 lm=1/3]
  step=   1600  phase=vocab  vocab=  16  k=  1  loss_ema=2.4078  acc_ema=0.4304  steps/sec=19.2  ranks[in=1/1 q=1/1 k=1/1 v=1/1 o=1/1 lm=1/3]
  step=   1626  phase=vocab  vocab=   8  k=  1  loss_ema=2.2190  acc_ema=0.3617  [LEVEL_DOWN]  ranks[in=1/1 q=1/1 k=1/1 v=1/1 o=1/1 lm=1/3]
  step=   1690  phase=vocab  vocab=  16  k=  1  loss_ema=1.6072  acc_ema=0.6788  [LEVEL_UP]  ranks[in=1/1 q=1/1 k=1/1 v=1/1 o=1/1 lm=1/4]
  step=   1736  phase=vocab  vocab=   8  k=  1  loss_ema=2.1521  acc_ema=0.4341  [LEVEL_DOWN]  ranks[in=1/1 q=1/1 k=1/1 v=1/1 o=1/1 lm=1/4]
  step=   1787  phase=vocab  vocab=  16  k=  1  loss_ema=1.5251  acc_ema=0.6552  [LEVEL_UP]  ranks[in=1/1 q=1/1 k=1/1 v=1/1 o=1/1 lm=1/4]
  step=   1800  phase=vocab  vocab=  16  k=  1  loss_ema=2.1158  acc_ema=0.5423  steps/sec=19.3  ranks[in=1/1 q=1/1 k=1/1 v=1/1 o=1/1 lm=1/4]
  step=   1817  phase=vocab  vocab=   8  k=  1  loss_ema=2.1589  acc_ema=0.4486  [LEVEL_DOWN]  ranks[in=1/1 q=1/1 k=1/1 v=1/1 o=1/1 lm=1/4]
  step=   1840  phase=vocab  vocab=  16  k=  1  loss_ema=1.8894  acc_ema=0.6087  [LEVEL_UP]  ranks[in=1/1 q=1/1 k=1/1 v=1/1 o=1/1 lm=1/4]
  step=   1871  phase=vocab  vocab=   8  k=  1  loss_ema=2.4302  acc_ema=0.4040  [LEVEL_DOWN]  ranks[in=1/1 q=1/1 k=1/1 v=1/1 o=1/1 lm=1/4]
  step=   1900  phase=vocab  vocab=  16  k=  1  loss_ema=1.8307  acc_ema=0.6016  [LEVEL_UP]  ranks[in=1/1 q=1/1 k=1/1 v=1/1 o=1/1 lm=1/4]
  step=   1931  phase=vocab  vocab=   8  k=  1  loss_ema=2.3202  acc_ema=0.4125  [LEVEL_DOWN]  ranks[in=1/1 q=1/1 k=1/1 v=1/1 o=1/1 lm=1/4]
  step=   1945  phase=vocab  vocab=  16  k=  1  loss_ema=2.0503  acc_ema=0.5092  [LEVEL_UP]  ranks[in=1/1 q=1/1 k=1/1 v=1/1 o=1/1 lm=1/4]
  step=   1982  phase=vocab  vocab=   8  k=  1  loss_ema=2.2398  acc_ema=0.3202  [LEVEL_DOWN]  ranks[in=1/1 q=1/1 k=1/1 v=1/1 o=1/1 lm=1/4]
  step=   2000  phase=vocab  vocab=   8  k=  1  loss_ema=2.2503  acc_ema=0.3547  steps/sec=19.2  ranks[in=1/1 q=1/1 k=1/1 v=1/1 o=1/1 lm=1/4]
  step=   2036  phase=vocab  vocab=  16  k=  1  loss_ema=1.5219  acc_ema=0.5922  [LEVEL_UP]  ranks[in=1/1 q=1/1 k=1/1 v=1/1 o=1/1 lm=1/4]
  step=   2068  phase=vocab  vocab=   8  k=  1  loss_ema=2.1707  acc_ema=0.4033  [LEVEL_DOWN]  ranks[in=1/1 q=1/1 k=1/1 v=1/1 o=1/1 lm=1/4]
  step=   2082  phase=vocab  vocab=  16  k=  1  loss_ema=2.0687  acc_ema=0.4868  [LEVEL_UP]  ranks[in=1/1 q=1/1 k=1/1 v=1/1 o=1/1 lm=1/4]
  step=   2112  phase=vocab  vocab=   8  k=  1  loss_ema=2.2506  acc_ema=0.3546  [LEVEL_DOWN]  ranks[in=1/1 q=1/1 k=1/1 v=1/1 o=1/1 lm=1/4]
  step=   2133  phase=vocab  vocab=  16  k=  1  loss_ema=2.2697  acc_ema=0.5170  [LEVEL_UP]  ranks[in=1/1 q=1/1 k=1/1 v=1/1 o=1/1 lm=1/4]
  step=   2180  phase=vocab  vocab=   8  k=  1  loss_ema=2.2904  acc_ema=0.3151  [LEVEL_DOWN]  ranks[in=1/1 q=1/1 k=1/1 v=1/1 o=1/1 lm=1/4]
  step=   2200  phase=vocab  vocab=   8  k=  1  loss_ema=2.2974  acc_ema=0.4804  steps/sec=19.3  ranks[in=1/1 q=1/1 k=1/1 v=1/1 o=1/1 lm=1/4]
  step=   2207  phase=vocab  vocab=  16  k=  1  loss_ema=2.0183  acc_ema=0.5489  [LEVEL_UP]  ranks[in=1/1 q=1/1 k=1/1 v=1/1 o=1/1 lm=1/4]
  step=   2242  phase=vocab  vocab=   8  k=  1  loss_ema=2.3043  acc_ema=0.3541  [LEVEL_DOWN]  ranks[in=1/1 q=1/1 k=1/1 v=1/1 o=1/1 lm=1/4]
  step=   2267  phase=vocab  vocab=  16  k=  1  loss_ema=1.7936  acc_ema=0.5395  [LEVEL_UP]  ranks[in=1/1 q=1/1 k=1/1 v=1/1 o=1/1 lm=1/4]
  step=   2302  phase=vocab  vocab=   8  k=  1  loss_ema=2.0562  acc_ema=0.3884  [LEVEL_DOWN]  ranks[in=1/1 q=1/1 k=1/1 v=1/1 o=1/1 lm=1/4]
  step=   2349  phase=vocab  vocab=  16  k=  1  loss_ema=1.6442  acc_ema=0.6470  [LEVEL_UP]  ranks[in=1/1 q=1/1 k=1/1 v=1/1 o=1/1 lm=2/4]
  step=   2400  phase=vocab  vocab=  16  k=  1  loss_ema=2.0815  acc_ema=0.4770  steps/sec=19.3  ranks[in=1/1 q=1/1 k=1/1 v=1/1 o=1/1 lm=1/4]
  step=   2408  phase=vocab  vocab=   8  k=  1  loss_ema=2.0344  acc_ema=0.4416  [LEVEL_DOWN]  ranks[in=1/1 q=1/1 k=1/1 v=1/1 o=1/1 lm=1/4]
  step=   2432  phase=vocab  vocab=  16  k=  1  loss_ema=1.9350  acc_ema=0.6005  [LEVEL_UP]  ranks[in=1/1 q=1/1 k=1/1 v=1/1 o=1/1 lm=2/4]
  step=   2466  phase=vocab  vocab=   8  k=  1  loss_ema=2.1612  acc_ema=0.3793  [LEVEL_DOWN]  ranks[in=1/1 q=1/1 k=1/1 v=1/1 o=1/1 lm=1/4]
  step=   2559  phase=vocab  vocab=  16  k=  1  loss_ema=1.1271  acc_ema=0.7678  [LEVEL_UP]  ranks[in=1/1 q=1/1 k=1/1 v=1/1 o=1/1 lm=2/3]
  step=   2598  phase=vocab  vocab=   8  k=  1  loss_ema=3.6565  acc_ema=0.3996  [LEVEL_DOWN]  ranks[in=1/1 q=1/1 k=1/1 v=1/1 o=1/1 lm=1/3]
  step=   2600  phase=vocab  vocab=   8  k=  1  loss_ema=3.5807  acc_ema=0.4038  steps/sec=19.4  ranks[in=1/1 q=1/1 k=1/1 v=1/1 o=1/1 lm=1/3]
  step=   2621  phase=vocab  vocab=  16  k=  1  loss_ema=2.6974  acc_ema=0.5356  [LEVEL_UP]  ranks[in=1/1 q=1/1 k=1/1 v=1/1 o=1/1 lm=2/3]
  step=   2654  phase=vocab  vocab=   8  k=  1  loss_ema=2.9516  acc_ema=0.3428  [LEVEL_DOWN]  ranks[in=1/1 q=1/1 k=1/1 v=1/1 o=1/1 lm=1/3]
  step=   2681  phase=vocab  vocab=  16  k=  1  loss_ema=2.1278  acc_ema=0.5108  [LEVEL_UP]  ranks[in=1/1 q=1/1 k=1/1 v=1/1 o=1/1 lm=2/3]
  step=   2713  phase=vocab  vocab=   8  k=  1  loss_ema=2.3367  acc_ema=0.3601  [LEVEL_DOWN]  ranks[in=1/1 q=1/1 k=1/1 v=1/1 o=1/1 lm=1/3]
  step=   2800  phase=vocab  vocab=   8  k=  1  loss_ema=1.3036  acc_ema=0.6207  steps/sec=19.2  ranks[in=1/1 q=1/1 k=1/1 v=1/1 o=1/1 lm=2/3]
  step=   2892  phase=vocab  vocab=  16  k=  1  loss_ema=1.2183  acc_ema=0.7382  [LEVEL_UP]  ranks[in=1/1 q=1/1 k=1/1 v=1/1 o=1/1 lm=2/3]
  step=   2922  phase=vocab  vocab=   8  k=  1  loss_ema=2.0682  acc_ema=0.4815  [LEVEL_DOWN]  ranks[in=1/1 q=1/1 k=1/1 v=1/1 o=1/1 lm=1/3]
  step=   2941  phase=vocab  vocab=  16  k=  1  loss_ema=1.6752  acc_ema=0.5846  [LEVEL_UP]  ranks[in=1/1 q=1/1 k=1/1 v=1/1 o=1/1 lm=1/3]
  step=   2975  phase=vocab  vocab=   8  k=  1  loss_ema=2.2858  acc_ema=0.3727  [LEVEL_DOWN]  ranks[in=1/1 q=1/1 k=1/1 v=1/1 o=1/1 lm=1/3]
  step=   3000  phase=vocab  vocab=   8  k=  1  loss_ema=2.4370  acc_ema=0.3618  steps/sec=19.2  ranks[in=1/1 q=1/1 k=1/1 v=1/1 o=1/1 lm=1/3]
  step=   3200  phase=vocab  vocab=   8  k=  1  loss_ema=1.1711  acc_ema=0.6868  steps/sec=19.3  ranks[in=1/1 q=1/1 k=1/1 v=1/1 o=1/1 lm=1/3]
  step=   3259  phase=vocab  vocab=  16  k=  1  loss_ema=1.2376  acc_ema=0.7200  [LEVEL_UP]  ranks[in=1/1 q=1/1 k=1/1 v=1/1 o=1/1 lm=1/3]
  step=   3290  phase=vocab  vocab=   8  k=  1  loss_ema=2.1792  acc_ema=0.4466  [LEVEL_DOWN]  ranks[in=1/1 q=1/1 k=1/1 v=1/1 o=1/1 lm=1/3]
  step=   3400  phase=vocab  vocab=   8  k=  1  loss_ema=1.3551  acc_ema=0.5856  steps/sec=19.3  ranks[in=1/1 q=1/1 k=1/1 v=1/1 o=1/1 lm=1/3]
  step=   3412  phase=vocab  vocab=  16  k=  1  loss_ema=1.2351  acc_ema=0.6585  [LEVEL_UP]  ranks[in=1/1 q=1/1 k=1/1 v=1/1 o=1/1 lm=2/3]
  step=   3449  phase=vocab  vocab=   8  k=  1  loss_ema=2.1158  acc_ema=0.4035  [LEVEL_DOWN]  ranks[in=1/1 q=1/1 k=1/1 v=1/1 o=1/1 lm=1/3]
  step=   3559  phase=vocab  vocab=  16  k=  1  loss_ema=1.2339  acc_ema=0.6640  [LEVEL_UP]  ranks[in=1/1 q=1/1 k=1/1 v=1/1 o=1/1 lm=2/3]
  step=   3592  phase=vocab  vocab=   8  k=  1  loss_ema=2.1943  acc_ema=0.4204  [LEVEL_DOWN]  ranks[in=1/1 q=1/1 k=1/1 v=1/1 o=1/1 lm=1/3]
  step=   3600  phase=vocab  vocab=   8  k=  1  loss_ema=2.2055  acc_ema=0.4326  steps/sec=19.3  ranks[in=1/1 q=1/1 k=1/1 v=1/1 o=1/1 lm=1/3]
  step=   3665  phase=vocab  vocab=  16  k=  1  loss_ema=1.3296  acc_ema=0.6459  [LEVEL_UP]  ranks[in=1/1 q=1/1 k=1/1 v=1/1 o=1/1 lm=1/3]
  step=   3696  phase=vocab  vocab=   8  k=  1  loss_ema=2.0696  acc_ema=0.4568  [LEVEL_DOWN]  ranks[in=1/1 q=1/1 k=1/1 v=1/1 o=1/1 lm=1/3]
  step=   3796  phase=vocab  vocab=  16  k=  1  loss_ema=1.1775  acc_ema=0.7109  [LEVEL_UP]  ranks[in=1/1 q=1/1 k=1/1 v=1/1 o=1/1 lm=1/3]
  step=   3800  phase=vocab  vocab=  16  k=  1  loss_ema=1.7224  acc_ema=0.6557  steps/sec=19.3  ranks[in=1/1 q=1/1 k=1/1 v=1/1 o=1/1 lm=1/3]
  step=   3826  phase=vocab  vocab=   8  k=  1  loss_ema=2.2111  acc_ema=0.4354  [LEVEL_DOWN]  ranks[in=1/1 q=1/1 k=1/1 v=1/1 o=1/1 lm=1/3]
  step=   3902  phase=vocab  vocab=  16  k=  1  loss_ema=1.3443  acc_ema=0.6244  [LEVEL_UP]  ranks[in=1/1 q=1/1 k=1/1 v=1/1 o=1/1 lm=1/3]
  step=   3934  phase=vocab  vocab=   8  k=  1  loss_ema=2.0678  acc_ema=0.4380  [LEVEL_DOWN]  ranks[in=1/1 q=1/1 k=1/1 v=1/1 o=1/1 lm=1/3]
  step=   4000  phase=vocab  vocab=   8  k=  1  loss_ema=1.3730  acc_ema=0.5946  steps/sec=19.3  ranks[in=1/1 q=1/1 k=1/1 v=1/1 o=1/1 lm=1/3]
  step=   4166  phase=vocab  vocab=  16  k=  1  loss_ema=1.1626  acc_ema=0.7271  [LEVEL_UP]  ranks[in=1/1 q=1/1 k=1/1 v=1/1 o=1/1 lm=1/3]
  step=   4200  phase=vocab  vocab=  16  k=  1  loss_ema=1.9264  acc_ema=0.4550  steps/sec=19.3  ranks[in=1/1 q=1/1 k=1/1 v=1/1 o=1/1 lm=1/3]
  step=   4212  phase=vocab  vocab=   8  k=  1  loss_ema=2.0705  acc_ema=0.4092  [LEVEL_DOWN]  ranks[in=1/1 q=1/1 k=1/1 v=1/1 o=1/1 lm=1/3]
  step=   4254  phase=vocab  vocab=  16  k=  1  loss_ema=1.3517  acc_ema=0.5944  [LEVEL_UP]  ranks[in=1/1 q=1/1 k=1/1 v=1/1 o=1/1 lm=1/3]
  step=   4284  phase=vocab  vocab=   8  k=  1  loss_ema=2.0732  acc_ema=0.3829  [LEVEL_DOWN]  ranks[in=1/1 q=1/1 k=1/1 v=1/1 o=1/1 lm=1/3]
  step=   4345  phase=vocab  vocab=  16  k=  1  loss_ema=1.3045  acc_ema=0.7007  [LEVEL_UP]  ranks[in=1/1 q=1/1 k=1/1 v=1/1 o=1/1 lm=1/3]
  step=   4375  phase=vocab  vocab=   8  k=  1  loss_ema=2.2013  acc_ema=0.4576  [LEVEL_DOWN]  ranks[in=1/1 q=1/1 k=1/1 v=1/1 o=1/1 lm=1/3]
  step=   4400  phase=vocab  vocab=   8  k=  1  loss_ema=1.7318  acc_ema=0.5514  steps/sec=19.3  ranks[in=1/1 q=1/1 k=1/1 v=1/1 o=1/1 lm=1/3]
  step=   4437  phase=vocab  vocab=  16  k=  1  loss_ema=1.2992  acc_ema=0.6820  [LEVEL_UP]  ranks[in=1/1 q=1/1 k=1/1 v=1/1 o=1/1 lm=1/3]
  step=   4468  phase=vocab  vocab=   8  k=  1  loss_ema=2.1033  acc_ema=0.4141  [LEVEL_DOWN]  ranks[in=1/1 q=1/1 k=1/1 v=1/1 o=1/1 lm=1/3]
  step=   4516  phase=vocab  vocab=  16  k=  1  loss_ema=1.4473  acc_ema=0.6472  [LEVEL_UP]  ranks[in=1/1 q=1/1 k=1/1 v=1/1 o=1/1 lm=1/3]
  step=   4551  phase=vocab  vocab=   8  k=  1  loss_ema=2.0576  acc_ema=0.3611  [LEVEL_DOWN]  ranks[in=1/1 q=1/1 k=1/1 v=1/1 o=1/1 lm=1/3]
  step=   4568  phase=vocab  vocab=  16  k=  1  loss_ema=1.6494  acc_ema=0.5160  [LEVEL_UP]  ranks[in=1/1 q=1/1 k=1/1 v=1/1 o=1/1 lm=1/3]
  step=   4600  phase=vocab  vocab=  16  k=  1  loss_ema=2.2518  acc_ema=0.3716  steps/sec=19.3  ranks[in=1/1 q=1/1 k=1/1 v=1/1 o=1/1 lm=1/3]
  step=   4603  phase=vocab  vocab=   8  k=  1  loss_ema=2.2701  acc_ema=0.3498  [LEVEL_DOWN]  ranks[in=1/1 q=1/1 k=1/1 v=1/1 o=1/1 lm=1/3]
  step=   4694  phase=vocab  vocab=  16  k=  1  loss_ema=1.2189  acc_ema=0.7382  [LEVEL_UP]  ranks[in=1/1 q=1/1 k=1/1 v=1/1 o=1/1 lm=2/3]
  step=   4729  phase=vocab  vocab=   8  k=  1  loss_ema=2.0912  acc_ema=0.4304  [LEVEL_DOWN]  ranks[in=1/1 q=1/1 k=1/1 v=1/1 o=1/1 lm=1/3]
  step=   4800  phase=vocab  vocab=   8  k=  1  loss_ema=1.4708  acc_ema=0.4497  steps/sec=19.3  ranks[in=1/1 q=1/1 k=1/1 v=1/1 o=1/1 lm=1/3]
  step=   4886  phase=vocab  vocab=  16  k=  1  loss_ema=1.2821  acc_ema=0.6073  [LEVEL_UP]  ranks[in=1/1 q=1/1 k=1/1 v=1/1 o=1/1 lm=1/3]
  step=   4916  phase=vocab  vocab=   8  k=  1  loss_ema=2.1941  acc_ema=0.3775  [LEVEL_DOWN]  ranks[in=1/1 q=1/1 k=1/1 v=1/1 o=1/1 lm=1/3]
  step=   5000  phase=vocab  vocab=   8  k=  1  loss_ema=1.3734  acc_ema=0.5925  steps/sec=19.3  ranks[in=1/1 q=1/1 k=1/1 v=1/1 o=1/1 lm=1/3]
  step=   5040  phase=vocab  vocab=  16  k=  1  loss_ema=1.2268  acc_ema=0.6381  [LEVEL_UP]  ranks[in=1/1 q=1/1 k=1/1 v=1/1 o=1/1 lm=1/3]
  step=   5083  phase=vocab  vocab=   8  k=  1  loss_ema=2.2294  acc_ema=0.3975  [LEVEL_DOWN]  ranks[in=1/1 q=1/1 k=1/1 v=1/1 o=1/1 lm=1/3]
  step=   5200  phase=vocab  vocab=   8  k=  1  loss_ema=1.3121  acc_ema=0.6729  steps/sec=19.3  ranks[in=1/1 q=1/1 k=1/1 v=1/1 o=1/1 lm=1/3]
  step=   5230  phase=vocab  vocab=  16  k=  1  loss_ema=1.2464  acc_ema=0.6807  [LEVEL_UP]  ranks[in=1/1 q=1/1 k=1/1 v=1/1 o=1/1 lm=1/3]
  step=   5262  phase=vocab  vocab=   8  k=  1  loss_ema=2.1005  acc_ema=0.4326  [LEVEL_DOWN]  ranks[in=1/1 q=1/1 k=1/1 v=1/1 o=1/1 lm=1/3]
  step=   5372  phase=vocab  vocab=  16  k=  1  loss_ema=1.1485  acc_ema=0.6958  [LEVEL_UP]  ranks[in=1/1 q=1/1 k=1/1 v=1/1 o=1/1 lm=1/2]
  step=   5400  phase=vocab  vocab=  16  k=  1  loss_ema=2.0666  acc_ema=0.4551  steps/sec=19.3  ranks[in=1/1 q=1/1 k=1/1 v=1/1 o=1/1 lm=1/2]
  step=   5402  phase=vocab  vocab=   8  k=  1  loss_ema=2.1469  acc_ema=0.4371  [LEVEL_DOWN]  ranks[in=1/1 q=1/1 k=1/1 v=1/1 o=1/1 lm=1/2]
  step=   5427  phase=vocab  vocab=  16  k=  1  loss_ema=1.8945  acc_ema=0.5190  [LEVEL_UP]  ranks[in=1/1 q=1/1 k=1/1 v=1/1 o=1/1 lm=1/2]
  step=   5466  phase=vocab  vocab=   8  k=  1  loss_ema=2.2628  acc_ema=0.2868  [LEVEL_DOWN]  ranks[in=1/1 q=1/1 k=1/1 v=1/1 o=1/1 lm=1/2]
  step=   5490  phase=vocab  vocab=  16  k=  1  loss_ema=1.9802  acc_ema=0.4747  [LEVEL_UP]  ranks[in=1/1 q=1/1 k=1/1 v=1/1 o=1/1 lm=1/2]
  step=   5524  phase=vocab  vocab=   8  k=  1  loss_ema=2.1353  acc_ema=0.3445  [LEVEL_DOWN]  ranks[in=1/1 q=1/1 k=1/1 v=1/1 o=1/1 lm=1/2]
  step=   5547  phase=vocab  vocab=  16  k=  1  loss_ema=1.8803  acc_ema=0.4581  [LEVEL_UP]  ranks[in=1/1 q=1/1 k=1/1 v=1/1 o=1/1 lm=1/2]
  step=   5581  phase=vocab  vocab=   8  k=  1  loss_ema=2.2893  acc_ema=0.3241  [LEVEL_DOWN]  ranks[in=1/1 q=1/1 k=1/1 v=1/1 o=1/1 lm=1/2]
  step=   5600  phase=vocab  vocab=   8  k=  1  loss_ema=2.1327  acc_ema=0.3481  steps/sec=19.3  ranks[in=1/1 q=1/1 k=1/1 v=1/1 o=1/1 lm=1/2]
  step=   5707  phase=vocab  vocab=  16  k=  1  loss_ema=1.2220  acc_ema=0.6031  [LEVEL_UP]  ranks[in=1/1 q=1/1 k=1/1 v=1/1 o=1/1 lm=1/2]
  step=   5741  phase=vocab  vocab=   8  k=  1  loss_ema=2.0186  acc_ema=0.4041  [LEVEL_DOWN]  ranks[in=1/1 q=1/1 k=1/1 v=1/1 o=1/1 lm=1/2]
  step=   5800  phase=vocab  vocab=   8  k=  1  loss_ema=1.3837  acc_ema=0.5313  steps/sec=19.3  ranks[in=1/1 q=1/1 k=1/1 v=1/1 o=1/1 lm=1/2]
  step=   5900  phase=vocab  vocab=  16  k=  1  loss_ema=1.2431  acc_ema=0.6203  [LEVEL_UP]  ranks[in=1/1 q=1/1 k=1/1 v=1/1 o=1/1 lm=1/2]
  step=   5943  phase=vocab  vocab=   8  k=  1  loss_ema=1.9593  acc_ema=0.4296  [LEVEL_DOWN]  ranks[in=1/1 q=1/1 k=1/1 v=1/1 o=1/1 lm=1/2]
  step=   6000  phase=vocab  vocab=   8  k=  1  loss_ema=1.4093  acc_ema=0.5866  steps/sec=19.3  ranks[in=1/1 q=1/1 k=1/1 v=1/1 o=1/1 lm=1/2]
  step=   6200  phase=vocab  vocab=   8  k=  1  loss_ema=1.2331  acc_ema=0.6076  steps/sec=19.3  ranks[in=1/1 q=1/1 k=1/1 v=1/1 o=1/1 lm=1/2]
  step=   6400  phase=vocab  vocab=   8  k=  1  loss_ema=1.4123  acc_ema=0.4464  steps/sec=19.3  ranks[in=1/1 q=1/1 k=1/1 v=1/1 o=1/1 lm=1/2]
  step=   6600  phase=vocab  vocab=   8  k=  1  loss_ema=1.4375  acc_ema=0.3694  steps/sec=19.4  ranks[in=1/1 q=1/1 k=1/1 v=1/1 o=1/1 lm=1/2]
  step=   6800  phase=vocab  vocab=   8  k=  1  loss_ema=1.4394  acc_ema=0.3579  steps/sec=19.4  ranks[in=1/1 q=1/1 k=1/1 v=1/1 o=1/1 lm=1/1]
  step=   7000  phase=vocab  vocab=   8  k=  1  loss_ema=1.4135  acc_ema=0.3158  steps/sec=19.4  ranks[in=1/1 q=1/1 k=1/1 v=1/1 o=1/1 lm=1/1]
  step=   7200  phase=vocab  vocab=   8  k=  1  loss_ema=1.4595  acc_ema=0.3063  steps/sec=19.4  ranks[in=1/1 q=1/1 k=1/1 v=1/1 o=1/1 lm=1/1]
  step=   7400  phase=vocab  vocab=   8  k=  1  loss_ema=1.3927  acc_ema=0.3518  steps/sec=19.4  ranks[in=1/1 q=1/1 k=1/1 v=1/1 o=1/1 lm=1/1]
  step=   7600  phase=vocab  vocab=   8  k=  1  loss_ema=1.4385  acc_ema=0.2839  steps/sec=19.4  ranks[in=1/1 q=1/1 k=1/1 v=1/1 o=1/1 lm=1/1]
  step=   7800  phase=vocab  vocab=   8  k=  1  loss_ema=1.4173  acc_ema=0.3386  steps/sec=19.4  ranks[in=1/1 q=1/1 k=1/1 v=1/1 o=1/1 lm=1/1]
  step=   8000  phase=vocab  vocab=   8  k=  1  loss_ema=1.4087  acc_ema=0.3329  steps/sec=19.4  ranks[in=1/1 q=1/1 k=1/1 v=1/1 o=1/1 lm=1/1]
  step=   8200  phase=vocab  vocab=   8  k=  1  loss_ema=1.4332  acc_ema=0.2960  steps/sec=19.4  ranks[in=1/1 q=1/1 k=1/1 v=1/1 o=1/1 lm=1/1]
  step=   8400  phase=vocab  vocab=   8  k=  1  loss_ema=1.3924  acc_ema=0.4021  steps/sec=19.4  ranks[in=1/1 q=1/1 k=1/1 v=1/1 o=1/1 lm=1/1]
  step=   8600  phase=vocab  vocab=   8  k=  1  loss_ema=1.2590  acc_ema=0.3964  steps/sec=19.4  ranks[in=1/1 q=1/1 k=1/1 v=1/1 o=1/1 lm=1/1]
  step=   8800  phase=vocab  vocab=   8  k=  1  loss_ema=1.4345  acc_ema=0.2945  steps/sec=19.4  ranks[in=1/1 q=1/1 k=1/1 v=1/1 o=1/1 lm=1/1]
  step=   9000  phase=vocab  vocab=   8  k=  1  loss_ema=1.4223  acc_ema=0.2538  steps/sec=19.4  ranks[in=1/1 q=1/1 k=1/1 v=1/1 o=1/1 lm=1/1]
  step=   9200  phase=vocab  vocab=   8  k=  1  loss_ema=1.4634  acc_ema=0.2277  steps/sec=19.4  ranks[in=1/1 q=1/1 k=1/1 v=1/1 o=1/1 lm=1/1]
  step=   9400  phase=vocab  vocab=   8  k=  1  loss_ema=1.3246  acc_ema=0.3820  steps/sec=19.4  ranks[in=1/1 q=1/1 k=1/1 v=1/1 o=1/1 lm=1/1]
  step=   9600  phase=vocab  vocab=   8  k=  1  loss_ema=1.5851  acc_ema=0.3807  steps/sec=19.4  ranks[in=1/1 q=1/1 k=1/1 v=1/1 o=1/1 lm=1/2]
  step=   9800  phase=vocab  vocab=   8  k=  1  loss_ema=1.5282  acc_ema=0.4228  steps/sec=19.4  ranks[in=1/1 q=1/1 k=1/1 v=1/1 o=1/1 lm=1/2]
  step=  10000  phase=vocab  vocab=   8  k=  1  loss_ema=1.5077  acc_ema=0.3821  steps/sec=19.4  ranks[in=1/1 q=1/1 k=1/1 v=1/1 o=1/1 lm=1/2]
  step=  10200  phase=vocab  vocab=   8  k=  1  loss_ema=1.4826  acc_ema=0.3823  steps/sec=19.4  ranks[in=1/1 q=1/1 k=1/1 v=1/1 o=1/1 lm=1/2]
  step=  10400  phase=vocab  vocab=   8  k=  1  loss_ema=1.5173  acc_ema=0.2950  steps/sec=19.4  ranks[in=1/1 q=1/1 k=1/1 v=1/1 o=1/1 lm=1/2]
  step=  10600  phase=vocab  vocab=   8  k=  1  loss_ema=1.5053  acc_ema=0.3458  steps/sec=19.5  ranks[in=1/1 q=1/1 k=1/1 v=1/1 o=1/1 lm=1/2]
  step=  10800  phase=vocab  vocab=   8  k=  1  loss_ema=1.4631  acc_ema=0.3052  steps/sec=19.4  ranks[in=1/1 q=1/1 k=1/1 v=1/1 o=1/1 lm=1/1]
  step=  11000  phase=vocab  vocab=   8  k=  1  loss_ema=1.4145  acc_ema=0.3183  steps/sec=19.4  ranks[in=1/1 q=1/1 k=1/1 v=1/1 o=1/1 lm=1/1]
  step=  11200  phase=vocab  vocab=   8  k=  1  loss_ema=1.4825  acc_ema=0.3337  steps/sec=19.4  ranks[in=1/1 q=1/1 k=1/1 v=1/1 o=1/1 lm=1/1]
  step=  11400  phase=vocab  vocab=   8  k=  1  loss_ema=1.4340  acc_ema=0.3313  steps/sec=19.4  ranks[in=1/1 q=1/1 k=1/1 v=1/1 o=1/1 lm=1/1]
  step=  11600  phase=vocab  vocab=   8  k=  1  loss_ema=1.4381  acc_ema=0.3201  steps/sec=19.5  ranks[in=1/1 q=1/1 k=1/1 v=1/1 o=1/1 lm=1/1]
  step=  11800  phase=vocab  vocab=   8  k=  1  loss_ema=1.3658  acc_ema=0.4328  steps/sec=19.4  ranks[in=1/1 q=1/1 k=1/1 v=1/1 o=1/1 lm=1/1]
  step=  12000  phase=vocab  vocab=   8  k=  1  loss_ema=1.3629  acc_ema=0.4789  steps/sec=19.4  ranks[in=1/1 q=1/1 k=1/1 v=1/1 o=1/1 lm=1/1]
  step=  12200  phase=vocab  vocab=   8  k=  1  loss_ema=1.3279  acc_ema=0.4783  steps/sec=19.4  ranks[in=1/1 q=1/1 k=1/1 v=1/1 o=1/1 lm=1/1]
  step=  12400  phase=vocab  vocab=   8  k=  1  loss_ema=1.3168  acc_ema=0.5175  steps/sec=19.4  ranks[in=1/1 q=1/1 k=1/1 v=1/1 o=1/1 lm=1/1]
  step=  12600  phase=vocab  vocab=   8  k=  1  loss_ema=1.3647  acc_ema=0.4078  steps/sec=19.5  ranks[in=1/1 q=1/1 k=1/1 v=1/1 o=1/1 lm=1/1]
  step=  12800  phase=vocab  vocab=   8  k=  1  loss_ema=1.3048  acc_ema=0.4248  steps/sec=19.4  ranks[in=1/1 q=1/1 k=1/1 v=1/1 o=1/1 lm=1/1]
  step=  13000  phase=vocab  vocab=   8  k=  1  loss_ema=1.2918  acc_ema=0.4626  steps/sec=19.4  ranks[in=1/1 q=1/1 k=1/1 v=1/1 o=1/1 lm=1/1]
  step=  13200  phase=vocab  vocab=   8  k=  1  loss_ema=1.2899  acc_ema=0.4797  steps/sec=19.5  ranks[in=1/1 q=1/1 k=1/1 v=1/1 o=1/1 lm=1/1]
  step=  13400  phase=vocab  vocab=   8  k=  1  loss_ema=1.2665  acc_ema=0.4679  steps/sec=19.5  ranks[in=1/1 q=1/1 k=1/1 v=1/1 o=1/1 lm=1/1]
  step=  13600  phase=vocab  vocab=   8  k=  1  loss_ema=1.2804  acc_ema=0.4633  steps/sec=19.5  ranks[in=1/1 q=1/1 k=1/1 v=1/1 o=1/1 lm=1/1]
  step=  13800  phase=vocab  vocab=   8  k=  1  loss_ema=1.2473  acc_ema=0.4936  steps/sec=19.5  ranks[in=1/1 q=1/1 k=1/1 v=1/1 o=1/1 lm=1/1]
  step=  14000  phase=vocab  vocab=   8  k=  1  loss_ema=1.2885  acc_ema=0.4609  steps/sec=19.5  ranks[in=1/1 q=1/1 k=1/1 v=1/1 o=1/1 lm=1/1]
  step=  14200  phase=vocab  vocab=   8  k=  1  loss_ema=1.2029  acc_ema=0.5221  steps/sec=19.5  ranks[in=1/1 q=1/1 k=1/1 v=1/1 o=1/1 lm=1/1]
  step=  14400  phase=vocab  vocab=   8  k=  1  loss_ema=1.2667  acc_ema=0.4898  steps/sec=19.5  ranks[in=1/1 q=1/1 k=1/1 v=1/1 o=1/1 lm=1/1]
  step=  14600  phase=vocab  vocab=   8  k=  1  loss_ema=1.2700  acc_ema=0.4736  steps/sec=19.4  ranks[in=1/1 q=1/1 k=1/1 v=1/1 o=1/1 lm=1/1]
  step=  14800  phase=vocab  vocab=   8  k=  1  loss_ema=1.2654  acc_ema=0.4692  steps/sec=19.4  ranks[in=1/1 q=1/1 k=1/1 v=1/1 o=1/1 lm=1/1]
  step=  15000  phase=vocab  vocab=   8  k=  1  loss_ema=1.2185  acc_ema=0.5406  steps/sec=19.4  ranks[in=1/1 q=1/1 k=1/1 v=1/1 o=1/1 lm=1/1]
  step=  15200  phase=vocab  vocab=   8  k=  1  loss_ema=1.3148  acc_ema=0.4220  steps/sec=19.4  ranks[in=1/1 q=1/1 k=1/1 v=1/1 o=1/1 lm=1/1]
  step=  15400  phase=vocab  vocab=   8  k=  1  loss_ema=1.2720  acc_ema=0.5183  steps/sec=19.4  ranks[in=1/1 q=1/1 k=1/1 v=1/1 o=1/1 lm=1/1]
  step=  15600  phase=vocab  vocab=   8  k=  1  loss_ema=1.2188  acc_ema=0.5610  steps/sec=19.4  ranks[in=1/1 q=1/1 k=1/1 v=1/1 o=1/1 lm=1/1]
  step=  15800  phase=vocab  vocab=   8  k=  1  loss_ema=1.1586  acc_ema=0.5726  steps/sec=19.4  ranks[in=1/1 q=1/1 k=1/1 v=1/1 o=1/1 lm=1/1]
  step=  16000  phase=vocab  vocab=   8  k=  1  loss_ema=1.2713  acc_ema=0.5375  steps/sec=19.4  ranks[in=1/1 q=1/1 k=1/1 v=1/1 o=1/1 lm=1/1]
  step=  16200  phase=vocab  vocab=   8  k=  1  loss_ema=1.1922  acc_ema=0.5737  steps/sec=19.4  ranks[in=1/1 q=1/1 k=1/1 v=1/1 o=1/1 lm=1/1]
  step=  16400  phase=vocab  vocab=   8  k=  1  loss_ema=1.2348  acc_ema=0.4973  steps/sec=19.4  ranks[in=1/1 q=1/1 k=1/1 v=1/1 o=1/1 lm=1/1]
  step=  16600  phase=vocab  vocab=   8  k=  1  loss_ema=1.2627  acc_ema=0.4985  steps/sec=19.4  ranks[in=1/1 q=1/1 k=1/1 v=1/1 o=1/1 lm=1/1]
  step=  16800  phase=vocab  vocab=   8  k=  1  loss_ema=1.2522  acc_ema=0.5315  steps/sec=19.3  ranks[in=1/1 q=1/1 k=1/1 v=1/1 o=1/1 lm=1/1]
  step=  17000  phase=vocab  vocab=   8  k=  1  loss_ema=1.2431  acc_ema=0.5617  steps/sec=19.3  ranks[in=1/1 q=1/1 k=1/1 v=1/1 o=1/1 lm=1/1]
  step=  17200  phase=vocab  vocab=   8  k=  1  loss_ema=1.2207  acc_ema=0.5267  steps/sec=19.3  ranks[in=1/1 q=1/1 k=1/1 v=1/1 o=1/1 lm=1/1]
  step=  17400  phase=vocab  vocab=   8  k=  1  loss_ema=1.2614  acc_ema=0.4570  steps/sec=19.3  ranks[in=1/1 q=1/1 k=1/1 v=1/1 o=1/1 lm=1/1]
  step=  17600  phase=vocab  vocab=   8  k=  1  loss_ema=1.2465  acc_ema=0.5305  steps/sec=19.3  ranks[in=1/1 q=1/1 k=1/1 v=1/1 o=1/1 lm=1/1]
  step=  17800  phase=vocab  vocab=   8  k=  1  loss_ema=1.2199  acc_ema=0.5532  steps/sec=19.3  ranks[in=1/1 q=1/1 k=1/1 v=1/1 o=1/1 lm=1/1]
  step=  18000  phase=vocab  vocab=   8  k=  1  loss_ema=1.2541  acc_ema=0.4617  steps/sec=19.3  ranks[in=1/1 q=1/1 k=1/1 v=1/1 o=1/1 lm=1/1]
  step=  18200  phase=vocab  vocab=   8  k=  1  loss_ema=1.1830  acc_ema=0.5488  steps/sec=19.3  ranks[in=1/1 q=1/1 k=1/1 v=1/1 o=1/1 lm=1/1]
  step=  18400  phase=vocab  vocab=   8  k=  1  loss_ema=1.2604  acc_ema=0.5098  steps/sec=19.3  ranks[in=1/1 q=1/1 k=1/1 v=1/1 o=1/1 lm=1/1]
  step=  18600  phase=vocab  vocab=   8  k=  1  loss_ema=1.2137  acc_ema=0.4739  steps/sec=19.3  ranks[in=1/1 q=1/1 k=1/1 v=1/1 o=1/1 lm=1/1]
  step=  18800  phase=vocab  vocab=   8  k=  1  loss_ema=1.2157  acc_ema=0.5230  steps/sec=19.3  ranks[in=1/1 q=1/1 k=1/1 v=1/1 o=1/1 lm=1/1]
  step=  19000  phase=vocab  vocab=   8  k=  1  loss_ema=1.1984  acc_ema=0.5923  steps/sec=19.3  ranks[in=1/1 q=1/1 k=1/1 v=1/1 o=1/1 lm=1/1]
  step=  19108  phase=vocab  vocab=  16  k=  1  loss_ema=1.0990  acc_ema=0.6329  [LEVEL_UP]  ranks[in=1/1 q=1/1 k=1/1 v=1/1 o=1/1 lm=1/1]
  step=  19138  phase=vocab  vocab=   8  k=  1  loss_ema=3.1797  acc_ema=0.4227  [LEVEL_DOWN]  ranks[in=1/1 q=1/1 k=1/1 v=1/1 o=1/1 lm=1/1]
  step=  19200  phase=vocab  vocab=   8  k=  1  loss_ema=1.4340  acc_ema=0.4733  steps/sec=19.2  ranks[in=1/1 q=1/1 k=1/1 v=1/1 o=1/1 lm=1/1]
  step=  19400  phase=vocab  vocab=   8  k=  1  loss_ema=1.1966  acc_ema=0.5555  steps/sec=19.2  ranks[in=1/1 q=1/1 k=1/1 v=1/1 o=1/1 lm=1/1]
  step=  19600  phase=vocab  vocab=   8  k=  1  loss_ema=1.1596  acc_ema=0.6036  steps/sec=19.2  ranks[in=1/1 q=1/1 k=1/1 v=1/1 o=1/1 lm=1/1]
  step=  19640  phase=vocab  vocab=  16  k=  1  loss_ema=1.1957  acc_ema=0.5968  [LEVEL_UP]  ranks[in=1/1 q=1/1 k=1/1 v=1/1 o=1/1 lm=1/1]
  step=  19672  phase=vocab  vocab=   8  k=  1  loss_ema=2.7402  acc_ema=0.3799  [LEVEL_DOWN]  ranks[in=1/1 q=1/1 k=1/1 v=1/1 o=1/1 lm=1/1]
  step=  19800  phase=vocab  vocab=   8  k=  1  loss_ema=1.2450  acc_ema=0.4975  steps/sec=19.2  ranks[in=1/1 q=1/1 k=1/1 v=1/1 o=1/1 lm=1/1]
  step=  20000  phase=vocab  vocab=   8  k=  1  loss_ema=1.2215  acc_ema=0.5375  steps/sec=19.2  ranks[in=1/1 q=1/1 k=1/1 v=1/1 o=1/1 lm=1/1]

FINAL precision=fp4 final_vocab=8 final_k=1 final_phase=vocab graduated=False total_steps=20000 steps_per_sec=19.2 peak_rss_mb=85.2 (1041s)
PEAK precision=fp4 peak_vocab=16 peak_k=1 peak_phase=vocab
RANK_MUTATIONS precision=fp4 count=66
  input_proj   scale_rank=1  additive_rank=1
  q_proj       scale_rank=1  additive_rank=1
  k_proj       scale_rank=1  additive_rank=1
  v_proj       scale_rank=1  additive_rank=1
  o_proj       scale_rank=1  additive_rank=1
  lm_head      scale_rank=1  additive_rank=1
RANK_HISTORY_JSON [{"step": 200, "ranks": {"input_proj": [1, 1], "q_proj": [1, 1], "k_proj": [1, 1], "v_proj": [1, 1], "o_proj": [1, 1], "lm_head": [1, 1]}}, {"step": 400, "ranks": {"input_proj": [1, 1], "q_proj": [1, 1], "k_proj": [1, 1], "v_proj": [1, 1], "o_proj": [1, 1], "lm_head": [1, 1]}}, {"step": 600, "ranks": {"input_proj": [1, 1], "q_proj": [1, 1], "k_proj": [1, 1], "v_proj": [1, 1], "o_proj": [1, 1], "lm_head": [1, 1]}}, {"step": 752, "ranks": {"input_proj": [1, 1], "q_proj": [1, 1], "k_proj": [1, 1], "v_proj": [1, 1], "o_proj": [1, 1], "lm_head": [1, 1]}}, {"step": 786, "ranks": {"input_proj": [1, 1], "q_proj": [1, 1], "k_proj": [1, 1], "v_proj": [1, 1], "o_proj": [1, 1], "lm_head": [1, 2]}}, {"step": 800, "ranks": {"input_proj": [1, 1], "q_proj": [1, 1], "k_proj": [1, 1], "v_proj": [1, 1], "o_proj": [1, 1], "lm_head": [2, 2]}}, {"step": 1000, "ranks": {"input_proj": [1, 1], "q_proj": [1, 1], "k_proj": [1, 1], "v_proj": [1, 1], "o_proj": [1, 1], "lm_head": [1, 1]}}, {"step": 1191, "ranks": {"input_proj": [1, 1], "q_proj": [1, 1], "k_proj": [1, 1], "v_proj": [1, 1], "o_proj": [1, 1], "lm_head": [1, 1]}}, {"step": 1200, "ranks": {"input_proj": [1, 1], "q_proj": [1, 1], "k_proj": [1, 1], "v_proj": [1, 1], "o_proj": [1, 1], "lm_head": [1, 2]}}, {"step": 1221, "ranks": {"input_proj": [1, 1], "q_proj": [1, 1], "k_proj": [1, 1], "v_proj": [1, 1], "o_proj": [1, 1], "lm_head": [1, 1]}}, {"step": 1400, "ranks": {"input_proj": [1, 1], "q_proj": [1, 1], "k_proj": [1, 1], "v_proj": [1, 1], "o_proj": [1, 1], "lm_head": [1, 3]}}, {"step": 1526, "ranks": {"input_proj": [1, 1], "q_proj": [1, 1], "k_proj": [1, 1], "v_proj": [1, 1], "o_proj": [1, 1], "lm_head": [1, 3]}}, {"step": 1564, "ranks": {"input_proj": [1, 1], "q_proj": [1, 1], "k_proj": [1, 1], "v_proj": [1, 1], "o_proj": [1, 1], "lm_head": [1, 4]}}, {"step": 1587, "ranks": {"input_proj": [1, 1], "q_proj": [1, 1], "k_proj": [1, 1], "v_proj": [1, 1], "o_proj": [1, 1], "lm_head": [1, 3]}}, {"step": 1600, "ranks": {"input_proj": [1, 1], "q_proj": [1, 1], "k_proj": [1, 1], "v_proj": [1, 1], "o_proj": [1, 1], "lm_head": [1, 3]}}, {"step": 1626, "ranks": {"input_proj": [1, 1], "q_proj": [1, 1], "k_proj": [1, 1], "v_proj": [1, 1], "o_proj": [1, 1], "lm_head": [1, 3]}}, {"step": 1690, "ranks": {"input_proj": [1, 1], "q_proj": [1, 1], "k_proj": [1, 1], "v_proj": [1, 1], "o_proj": [1, 1], "lm_head": [1, 4]}}, {"step": 1736, "ranks": {"input_proj": [1, 1], "q_proj": [1, 1], "k_proj": [1, 1], "v_proj": [1, 1], "o_proj": [1, 1], "lm_head": [1, 4]}}, {"step": 1787, "ranks": {"input_proj": [1, 1], "q_proj": [1, 1], "k_proj": [1, 1], "v_proj": [1, 1], "o_proj": [1, 1], "lm_head": [1, 4]}}, {"step": 1800, "ranks": {"input_proj": [1, 1], "q_proj": [1, 1], "k_proj": [1, 1], "v_proj": [1, 1], "o_proj": [1, 1], "lm_head": [1, 4]}}, {"step": 1817, "ranks": {"input_proj": [1, 1], "q_proj": [1, 1], "k_proj": [1, 1], "v_proj": [1, 1], "o_proj": [1, 1], "lm_head": [1, 4]}}, {"step": 1840, "ranks": {"input_proj": [1, 1], "q_proj": [1, 1], "k_proj": [1, 1], "v_proj": [1, 1], "o_proj": [1, 1], "lm_head": [1, 4]}}, {"step": 1871, "ranks": {"input_proj": [1, 1], "q_proj": [1, 1], "k_proj": [1, 1], "v_proj": [1, 1], "o_proj": [1, 1], "lm_head": [1, 4]}}, {"step": 1900, "ranks": {"input_proj": [1, 1], "q_proj": [1, 1], "k_proj": [1, 1], "v_proj": [1, 1], "o_proj": [1, 1], "lm_head": [1, 4]}}, {"step": 1931, "ranks": {"input_proj": [1, 1], "q_proj": [1, 1], "k_proj": [1, 1], "v_proj": [1, 1], "o_proj": [1, 1], "lm_head": [1, 4]}}, {"step": 1945, "ranks": {"input_proj": [1, 1], "q_proj": [1, 1], "k_proj": [1, 1], "v_proj": [1, 1], "o_proj": [1, 1], "lm_head": [1, 4]}}, {"step": 1982, "ranks": {"input_proj": [1, 1], "q_proj": [1, 1], "k_proj": [1, 1], "v_proj": [1, 1], "o_proj": [1, 1], "lm_head": [1, 4]}}, {"step": 2000, "ranks": {"input_proj": [1, 1], "q_proj": [1, 1], "k_proj": [1, 1], "v_proj": [1, 1], "o_proj": [1, 1], "lm_head": [1, 4]}}, {"step": 2036, "ranks": {"input_proj": [1, 1], "q_proj": [1, 1], "k_proj": [1, 1], "v_proj": [1, 1], "o_proj": [1, 1], "lm_head": [1, 4]}}, {"step": 2068, "ranks": {"input_proj": [1, 1], "q_proj": [1, 1], "k_proj": [1, 1], "v_proj": [1, 1], "o_proj": [1, 1], "lm_head": [1, 4]}}, {"step": 2082, "ranks": {"input_proj": [1, 1], "q_proj": [1, 1], "k_proj": [1, 1], "v_proj": [1, 1], "o_proj": [1, 1], "lm_head": [1, 4]}}, {"step": 2112, "ranks": {"input_proj": [1, 1], "q_proj": [1, 1], "k_proj": [1, 1], "v_proj": [1, 1], "o_proj": [1, 1], "lm_head": [1, 4]}}, {"step": 2133, "ranks": {"input_proj": [1, 1], "q_proj": [1, 1], "k_proj": [1, 1], "v_proj": [1, 1], "o_proj": [1, 1], "lm_head": [1, 4]}}, {"step": 2180, "ranks": {"input_proj": [1, 1], "q_proj": [1, 1], "k_proj": [1, 1], "v_proj": [1, 1], "o_proj": [1, 1], "lm_head": [1, 4]}}, {"step": 2200, "ranks": {"input_proj": [1, 1], "q_proj": [1, 1], "k_proj": [1, 1], "v_proj": [1, 1], "o_proj": [1, 1], "lm_head": [1, 4]}}, {"step": 2207, "ranks": {"input_proj": [1, 1], "q_proj": [1, 1], "k_proj": [1, 1], "v_proj": [1, 1], "o_proj": [1, 1], "lm_head": [1, 4]}}, {"step": 2242, "ranks": {"input_proj": [1, 1], "q_proj": [1, 1], "k_proj": [1, 1], "v_proj": [1, 1], "o_proj": [1, 1], "lm_head": [1, 4]}}, {"step": 2267, "ranks": {"input_proj": [1, 1], "q_proj": [1, 1], "k_proj": [1, 1], "v_proj": [1, 1], "o_proj": [1, 1], "lm_head": [1, 4]}}, {"step": 2302, "ranks": {"input_proj": [1, 1], "q_proj": [1, 1], "k_proj": [1, 1], "v_proj": [1, 1], "o_proj": [1, 1], "lm_head": [1, 4]}}, {"step": 2349, "ranks": {"input_proj": [1, 1], "q_proj": [1, 1], "k_proj": [1, 1], "v_proj": [1, 1], "o_proj": [1, 1], "lm_head": [2, 4]}}, {"step": 2400, "ranks": {"input_proj": [1, 1], "q_proj": [1, 1], "k_proj": [1, 1], "v_proj": [1, 1], "o_proj": [1, 1], "lm_head": [1, 4]}}, {"step": 2408, "ranks": {"input_proj": [1, 1], "q_proj": [1, 1], "k_proj": [1, 1], "v_proj": [1, 1], "o_proj": [1, 1], "lm_head": [1, 4]}}, {"step": 2432, "ranks": {"input_proj": [1, 1], "q_proj": [1, 1], "k_proj": [1, 1], "v_proj": [1, 1], "o_proj": [1, 1], "lm_head": [2, 4]}}, {"step": 2466, "ranks": {"input_proj": [1, 1], "q_proj": [1, 1], "k_proj": [1, 1], "v_proj": [1, 1], "o_proj": [1, 1], "lm_head": [1, 4]}}, {"step": 2559, "ranks": {"input_proj": [1, 1], "q_proj": [1, 1], "k_proj": [1, 1], "v_proj": [1, 1], "o_proj": [1, 1], "lm_head": [2, 3]}}, {"step": 2598, "ranks": {"input_proj": [1, 1], "q_proj": [1, 1], "k_proj": [1, 1], "v_proj": [1, 1], "o_proj": [1, 1], "lm_head": [1, 3]}}, {"step": 2600, "ranks": {"input_proj": [1, 1], "q_proj": [1, 1], "k_proj": [1, 1], "v_proj": [1, 1], "o_proj": [1, 1], "lm_head": [1, 3]}}, {"step": 2621, "ranks": {"input_proj": [1, 1], "q_proj": [1, 1], "k_proj": [1, 1], "v_proj": [1, 1], "o_proj": [1, 1], "lm_head": [2, 3]}}, {"step": 2654, "ranks": {"input_proj": [1, 1], "q_proj": [1, 1], "k_proj": [1, 1], "v_proj": [1, 1], "o_proj": [1, 1], "lm_head": [1, 3]}}, {"step": 2681, "ranks": {"input_proj": [1, 1], "q_proj": [1, 1], "k_proj": [1, 1], "v_proj": [1, 1], "o_proj": [1, 1], "lm_head": [2, 3]}}, {"step": 2713, "ranks": {"input_proj": [1, 1], "q_proj": [1, 1], "k_proj": [1, 1], "v_proj": [1, 1], "o_proj": [1, 1], "lm_head": [1, 3]}}, {"step": 2800, "ranks": {"input_proj": [1, 1], "q_proj": [1, 1], "k_proj": [1, 1], "v_proj": [1, 1], "o_proj": [1, 1], "lm_head": [2, 3]}}, {"step": 2892, "ranks": {"input_proj": [1, 1], "q_proj": [1, 1], "k_proj": [1, 1], "v_proj": [1, 1], "o_proj": [1, 1], "lm_head": [2, 3]}}, {"step": 2922, "ranks": {"input_proj": [1, 1], "q_proj": [1, 1], "k_proj": [1, 1], "v_proj": [1, 1], "o_proj": [1, 1], "lm_head": [1, 3]}}, {"step": 2941, "ranks": {"input_proj": [1, 1], "q_proj": [1, 1], "k_proj": [1, 1], "v_proj": [1, 1], "o_proj": [1, 1], "lm_head": [1, 3]}}, {"step": 2975, "ranks": {"input_proj": [1, 1], "q_proj": [1, 1], "k_proj": [1, 1], "v_proj": [1, 1], "o_proj": [1, 1], "lm_head": [1, 3]}}, {"step": 3000, "ranks": {"input_proj": [1, 1], "q_proj": [1, 1], "k_proj": [1, 1], "v_proj": [1, 1], "o_proj": [1, 1], "lm_head": [1, 3]}}, {"step": 3200, "ranks": {"input_proj": [1, 1], "q_proj": [1, 1], "k_proj": [1, 1], "v_proj": [1, 1], "o_proj": [1, 1], "lm_head": [1, 3]}}, {"step": 3259, "ranks": {"input_proj": [1, 1], "q_proj": [1, 1], "k_proj": [1, 1], "v_proj": [1, 1], "o_proj": [1, 1], "lm_head": [1, 3]}}, {"step": 3290, "ranks": {"input_proj": [1, 1], "q_proj": [1, 1], "k_proj": [1, 1], "v_proj": [1, 1], "o_proj": [1, 1], "lm_head": [1, 3]}}, {"step": 3400, "ranks": {"input_proj": [1, 1], "q_proj": [1, 1], "k_proj": [1, 1], "v_proj": [1, 1], "o_proj": [1, 1], "lm_head": [1, 3]}}, {"step": 3412, "ranks": {"input_proj": [1, 1], "q_proj": [1, 1], "k_proj": [1, 1], "v_proj": [1, 1], "o_proj": [1, 1], "lm_head": [2, 3]}}, {"step": 3449, "ranks": {"input_proj": [1, 1], "q_proj": [1, 1], "k_proj": [1, 1], "v_proj": [1, 1], "o_proj": [1, 1], "lm_head": [1, 3]}}, {"step": 3559, "ranks": {"input_proj": [1, 1], "q_proj": [1, 1], "k_proj": [1, 1], "v_proj": [1, 1], "o_proj": [1, 1], "lm_head": [2, 3]}}, {"step": 3592, "ranks": {"input_proj": [1, 1], "q_proj": [1, 1], "k_proj": [1, 1], "v_proj": [1, 1], "o_proj": [1, 1], "lm_head": [1, 3]}}, {"step": 3600, "ranks": {"input_proj": [1, 1], "q_proj": [1, 1], "k_proj": [1, 1], "v_proj": [1, 1], "o_proj": [1, 1], "lm_head": [1, 3]}}, {"step": 3665, "ranks": {"input_proj": [1, 1], "q_proj": [1, 1], "k_proj": [1, 1], "v_proj": [1, 1], "o_proj": [1, 1], "lm_head": [1, 3]}}, {"step": 3696, "ranks": {"input_proj": [1, 1], "q_proj": [1, 1], "k_proj": [1, 1], "v_proj": [1, 1], "o_proj": [1, 1], "lm_head": [1, 3]}}, {"step": 3796, "ranks": {"input_proj": [1, 1], "q_proj": [1, 1], "k_proj": [1, 1], "v_proj": [1, 1], "o_proj": [1, 1], "lm_head": [1, 3]}}, {"step": 3800, "ranks": {"input_proj": [1, 1], "q_proj": [1, 1], "k_proj": [1, 1], "v_proj": [1, 1], "o_proj": [1, 1], "lm_head": [1, 3]}}, {"step": 3826, "ranks": {"input_proj": [1, 1], "q_proj": [1, 1], "k_proj": [1, 1], "v_proj": [1, 1], "o_proj": [1, 1], "lm_head": [1, 3]}}, {"step": 3902, "ranks": {"input_proj": [1, 1], "q_proj": [1, 1], "k_proj": [1, 1], "v_proj": [1, 1], "o_proj": [1, 1], "lm_head": [1, 3]}}, {"step": 3934, "ranks": {"input_proj": [1, 1], "q_proj": [1, 1], "k_proj": [1, 1], "v_proj": [1, 1], "o_proj": [1, 1], "lm_head": [1, 3]}}, {"step": 4000, "ranks": {"input_proj": [1, 1], "q_proj": [1, 1], "k_proj": [1, 1], "v_proj": [1, 1], "o_proj": [1, 1], "lm_head": [1, 3]}}, {"step": 4166, "ranks": {"input_proj": [1, 1], "q_proj": [1, 1], "k_proj": [1, 1], "v_proj": [1, 1], "o_proj": [1, 1], "lm_head": [1, 3]}}, {"step": 4200, "ranks": {"input_proj": [1, 1], "q_proj": [1, 1], "k_proj": [1, 1], "v_proj": [1, 1], "o_proj": [1, 1], "lm_head": [1, 3]}}, {"step": 4212, "ranks": {"input_proj": [1, 1], "q_proj": [1, 1], "k_proj": [1, 1], "v_proj": [1, 1], "o_proj": [1, 1], "lm_head": [1, 3]}}, {"step": 4254, "ranks": {"input_proj": [1, 1], "q_proj": [1, 1], "k_proj": [1, 1], "v_proj": [1, 1], "o_proj": [1, 1], "lm_head": [1, 3]}}, {"step": 4284, "ranks": {"input_proj": [1, 1], "q_proj": [1, 1], "k_proj": [1, 1], "v_proj": [1, 1], "o_proj": [1, 1], "lm_head": [1, 3]}}, {"step": 4345, "ranks": {"input_proj": [1, 1], "q_proj": [1, 1], "k_proj": [1, 1], "v_proj": [1, 1], "o_proj": [1, 1], "lm_head": [1, 3]}}, {"step": 4375, "ranks": {"input_proj": [1, 1], "q_proj": [1, 1], "k_proj": [1, 1], "v_proj": [1, 1], "o_proj": [1, 1], "lm_head": [1, 3]}}, {"step": 4400, "ranks": {"input_proj": [1, 1], "q_proj": [1, 1], "k_proj": [1, 1], "v_proj": [1, 1], "o_proj": [1, 1], "lm_head": [1, 3]}}, {"step": 4437, "ranks": {"input_proj": [1, 1], "q_proj": [1, 1], "k_proj": [1, 1], "v_proj": [1, 1], "o_proj": [1, 1], "lm_head": [1, 3]}}, {"step": 4468, "ranks": {"input_proj": [1, 1], "q_proj": [1, 1], "k_proj": [1, 1], "v_proj": [1, 1], "o_proj": [1, 1], "lm_head": [1, 3]}}, {"step": 4516, "ranks": {"input_proj": [1, 1], "q_proj": [1, 1], "k_proj": [1, 1], "v_proj": [1, 1], "o_proj": [1, 1], "lm_head": [1, 3]}}, {"step": 4551, "ranks": {"input_proj": [1, 1], "q_proj": [1, 1], "k_proj": [1, 1], "v_proj": [1, 1], "o_proj": [1, 1], "lm_head": [1, 3]}}, {"step": 4568, "ranks": {"input_proj": [1, 1], "q_proj": [1, 1], "k_proj": [1, 1], "v_proj": [1, 1], "o_proj": [1, 1], "lm_head": [1, 3]}}, {"step": 4600, "ranks": {"input_proj": [1, 1], "q_proj": [1, 1], "k_proj": [1, 1], "v_proj": [1, 1], "o_proj": [1, 1], "lm_head": [1, 3]}}, {"step": 4603, "ranks": {"input_proj": [1, 1], "q_proj": [1, 1], "k_proj": [1, 1], "v_proj": [1, 1], "o_proj": [1, 1], "lm_head": [1, 3]}}, {"step": 4694, "ranks": {"input_proj": [1, 1], "q_proj": [1, 1], "k_proj": [1, 1], "v_proj": [1, 1], "o_proj": [1, 1], "lm_head": [2, 3]}}, {"step": 4729, "ranks": {"input_proj": [1, 1], "q_proj": [1, 1], "k_proj": [1, 1], "v_proj": [1, 1], "o_proj": [1, 1], "lm_head": [1, 3]}}, {"step": 4800, "ranks": {"input_proj": [1, 1], "q_proj": [1, 1], "k_proj": [1, 1], "v_proj": [1, 1], "o_proj": [1, 1], "lm_head": [1, 3]}}, {"step": 4886, "ranks": {"input_proj": [1, 1], "q_proj": [1, 1], "k_proj": [1, 1], "v_proj": [1, 1], "o_proj": [1, 1], "lm_head": [1, 3]}}, {"step": 4916, "ranks": {"input_proj": [1, 1], "q_proj": [1, 1], "k_proj": [1, 1], "v_proj": [1, 1], "o_proj": [1, 1], "lm_head": [1, 3]}}, {"step": 5000, "ranks": {"input_proj": [1, 1], "q_proj": [1, 1], "k_proj": [1, 1], "v_proj": [1, 1], "o_proj": [1, 1], "lm_head": [1, 3]}}, {"step": 5040, "ranks": {"input_proj": [1, 1], "q_proj": [1, 1], "k_proj": [1, 1], "v_proj": [1, 1], "o_proj": [1, 1], "lm_head": [1, 3]}}, {"step": 5083, "ranks": {"input_proj": [1, 1], "q_proj": [1, 1], "k_proj": [1, 1], "v_proj": [1, 1], "o_proj": [1, 1], "lm_head": [1, 3]}}, {"step": 5200, "ranks": {"input_proj": [1, 1], "q_proj": [1, 1], "k_proj": [1, 1], "v_proj": [1, 1], "o_proj": [1, 1], "lm_head": [1, 3]}}, {"step": 5230, "ranks": {"input_proj": [1, 1], "q_proj": [1, 1], "k_proj": [1, 1], "v_proj": [1, 1], "o_proj": [1, 1], "lm_head": [1, 3]}}, {"step": 5262, "ranks": {"input_proj": [1, 1], "q_proj": [1, 1], "k_proj": [1, 1], "v_proj": [1, 1], "o_proj": [1, 1], "lm_head": [1, 3]}}, {"step": 5372, "ranks": {"input_proj": [1, 1], "q_proj": [1, 1], "k_proj": [1, 1], "v_proj": [1, 1], "o_proj": [1, 1], "lm_head": [1, 2]}}, {"step": 5400, "ranks": {"input_proj": [1, 1], "q_proj": [1, 1], "k_proj": [1, 1], "v_proj": [1, 1], "o_proj": [1, 1], "lm_head": [1, 2]}}, {"step": 5402, "ranks": {"input_proj": [1, 1], "q_proj": [1, 1], "k_proj": [1, 1], "v_proj": [1, 1], "o_proj": [1, 1], "lm_head": [1, 2]}}, {"step": 5427, "ranks": {"input_proj": [1, 1], "q_proj": [1, 1], "k_proj": [1, 1], "v_proj": [1, 1], "o_proj": [1, 1], "lm_head": [1, 2]}}, {"step": 5466, "ranks": {"input_proj": [1, 1], "q_proj": [1, 1], "k_proj": [1, 1], "v_proj": [1, 1], "o_proj": [1, 1], "lm_head": [1, 2]}}, {"step": 5490, "ranks": {"input_proj": [1, 1], "q_proj": [1, 1], "k_proj": [1, 1], "v_proj": [1, 1], "o_proj": [1, 1], "lm_head": [1, 2]}}, {"step": 5524, "ranks": {"input_proj": [1, 1], "q_proj": [1, 1], "k_proj": [1, 1], "v_proj": [1, 1], "o_proj": [1, 1], "lm_head": [1, 2]}}, {"step": 5547, "ranks": {"input_proj": [1, 1], "q_proj": [1, 1], "k_proj": [1, 1], "v_proj": [1, 1], "o_proj": [1, 1], "lm_head": [1, 2]}}, {"step": 5581, "ranks": {"input_proj": [1, 1], "q_proj": [1, 1], "k_proj": [1, 1], "v_proj": [1, 1], "o_proj": [1, 1], "lm_head": [1, 2]}}, {"step": 5600, "ranks": {"input_proj": [1, 1], "q_proj": [1, 1], "k_proj": [1, 1], "v_proj": [1, 1], "o_proj": [1, 1], "lm_head": [1, 2]}}, {"step": 5707, "ranks": {"input_proj": [1, 1], "q_proj": [1, 1], "k_proj": [1, 1], "v_proj": [1, 1], "o_proj": [1, 1], "lm_head": [1, 2]}}, {"step": 5741, "ranks": {"input_proj": [1, 1], "q_proj": [1, 1], "k_proj": [1, 1], "v_proj": [1, 1], "o_proj": [1, 1], "lm_head": [1, 2]}}, {"step": 5800, "ranks": {"input_proj": [1, 1], "q_proj": [1, 1], "k_proj": [1, 1], "v_proj": [1, 1], "o_proj": [1, 1], "lm_head": [1, 2]}}, {"step": 5900, "ranks": {"input_proj": [1, 1], "q_proj": [1, 1], "k_proj": [1, 1], "v_proj": [1, 1], "o_proj": [1, 1], "lm_head": [1, 2]}}, {"step": 5943, "ranks": {"input_proj": [1, 1], "q_proj": [1, 1], "k_proj": [1, 1], "v_proj": [1, 1], "o_proj": [1, 1], "lm_head": [1, 2]}}, {"step": 6000, "ranks": {"input_proj": [1, 1], "q_proj": [1, 1], "k_proj": [1, 1], "v_proj": [1, 1], "o_proj": [1, 1], "lm_head": [1, 2]}}, {"step": 6200, "ranks": {"input_proj": [1, 1], "q_proj": [1, 1], "k_proj": [1, 1], "v_proj": [1, 1], "o_proj": [1, 1], "lm_head": [1, 2]}}, {"step": 6400, "ranks": {"input_proj": [1, 1], "q_proj": [1, 1], "k_proj": [1, 1], "v_proj": [1, 1], "o_proj": [1, 1], "lm_head": [1, 2]}}, {"step": 6600, "ranks": {"input_proj": [1, 1], "q_proj": [1, 1], "k_proj": [1, 1], "v_proj": [1, 1], "o_proj": [1, 1], "lm_head": [1, 2]}}, {"step": 6800, "ranks": {"input_proj": [1, 1], "q_proj": [1, 1], "k_proj": [1, 1], "v_proj": [1, 1], "o_proj": [1, 1], "lm_head": [1, 1]}}, {"step": 7000, "ranks": {"input_proj": [1, 1], "q_proj": [1, 1], "k_proj": [1, 1], "v_proj": [1, 1], "o_proj": [1, 1], "lm_head": [1, 1]}}, {"step": 7200, "ranks": {"input_proj": [1, 1], "q_proj": [1, 1], "k_proj": [1, 1], "v_proj": [1, 1], "o_proj": [1, 1], "lm_head": [1, 1]}}, {"step": 7400, "ranks": {"input_proj": [1, 1], "q_proj": [1, 1], "k_proj": [1, 1], "v_proj": [1, 1], "o_proj": [1, 1], "lm_head": [1, 1]}}, {"step": 7600, "ranks": {"input_proj": [1, 1], "q_proj": [1, 1], "k_proj": [1, 1], "v_proj": [1, 1], "o_proj": [1, 1], "lm_head": [1, 1]}}, {"step": 7800, "ranks": {"input_proj": [1, 1], "q_proj": [1, 1], "k_proj": [1, 1], "v_proj": [1, 1], "o_proj": [1, 1], "lm_head": [1, 1]}}, {"step": 8000, "ranks": {"input_proj": [1, 1], "q_proj": [1, 1], "k_proj": [1, 1], "v_proj": [1, 1], "o_proj": [1, 1], "lm_head": [1, 1]}}, {"step": 8200, "ranks": {"input_proj": [1, 1], "q_proj": [1, 1], "k_proj": [1, 1], "v_proj": [1, 1], "o_proj": [1, 1], "lm_head": [1, 1]}}, {"step": 8400, "ranks": {"input_proj": [1, 1], "q_proj": [1, 1], "k_proj": [1, 1], "v_proj": [1, 1], "o_proj": [1, 1], "lm_head": [1, 1]}}, {"step": 8600, "ranks": {"input_proj": [1, 1], "q_proj": [1, 1], "k_proj": [1, 1], "v_proj": [1, 1], "o_proj": [1, 1], "lm_head": [1, 1]}}, {"step": 8800, "ranks": {"input_proj": [1, 1], "q_proj": [1, 1], "k_proj": [1, 1], "v_proj": [1, 1], "o_proj": [1, 1], "lm_head": [1, 1]}}, {"step": 9000, "ranks": {"input_proj": [1, 1], "q_proj": [1, 1], "k_proj": [1, 1], "v_proj": [1, 1], "o_proj": [1, 1], "lm_head": [1, 1]}}, {"step": 9200, "ranks": {"input_proj": [1, 1], "q_proj": [1, 1], "k_proj": [1, 1], "v_proj": [1, 1], "o_proj": [1, 1], "lm_head": [1, 1]}}, {"step": 9400, "ranks": {"input_proj": [1, 1], "q_proj": [1, 1], "k_proj": [1, 1], "v_proj": [1, 1], "o_proj": [1, 1], "lm_head": [1, 1]}}, {"step": 9600, "ranks": {"input_proj": [1, 1], "q_proj": [1, 1], "k_proj": [1, 1], "v_proj": [1, 1], "o_proj": [1, 1], "lm_head": [1, 2]}}, {"step": 9800, "ranks": {"input_proj": [1, 1], "q_proj": [1, 1], "k_proj": [1, 1], "v_proj": [1, 1], "o_proj": [1, 1], "lm_head": [1, 2]}}, {"step": 10000, "ranks": {"input_proj": [1, 1], "q_proj": [1, 1], "k_proj": [1, 1], "v_proj": [1, 1], "o_proj": [1, 1], "lm_head": [1, 2]}}, {"step": 10200, "ranks": {"input_proj": [1, 1], "q_proj": [1, 1], "k_proj": [1, 1], "v_proj": [1, 1], "o_proj": [1, 1], "lm_head": [1, 2]}}, {"step": 10400, "ranks": {"input_proj": [1, 1], "q_proj": [1, 1], "k_proj": [1, 1], "v_proj": [1, 1], "o_proj": [1, 1], "lm_head": [1, 2]}}, {"step": 10600, "ranks": {"input_proj": [1, 1], "q_proj": [1, 1], "k_proj": [1, 1], "v_proj": [1, 1], "o_proj": [1, 1], "lm_head": [1, 2]}}, {"step": 10800, "ranks": {"input_proj": [1, 1], "q_proj": [1, 1], "k_proj": [1, 1], "v_proj": [1, 1], "o_proj": [1, 1], "lm_head": [1, 1]}}, {"step": 11000, "ranks": {"input_proj": [1, 1], "q_proj": [1, 1], "k_proj": [1, 1], "v_proj": [1, 1], "o_proj": [1, 1], "lm_head": [1, 1]}}, {"step": 11200, "ranks": {"input_proj": [1, 1], "q_proj": [1, 1], "k_proj": [1, 1], "v_proj": [1, 1], "o_proj": [1, 1], "lm_head": [1, 1]}}, {"step": 11400, "ranks": {"input_proj": [1, 1], "q_proj": [1, 1], "k_proj": [1, 1], "v_proj": [1, 1], "o_proj": [1, 1], "lm_head": [1, 1]}}, {"step": 11600, "ranks": {"input_proj": [1, 1], "q_proj": [1, 1], "k_proj": [1, 1], "v_proj": [1, 1], "o_proj": [1, 1], "lm_head": [1, 1]}}, {"step": 11800, "ranks": {"input_proj": [1, 1], "q_proj": [1, 1], "k_proj": [1, 1], "v_proj": [1, 1], "o_proj": [1, 1], "lm_head": [1, 1]}}, {"step": 12000, "ranks": {"input_proj": [1, 1], "q_proj": [1, 1], "k_proj": [1, 1], "v_proj": [1, 1], "o_proj": [1, 1], "lm_head": [1, 1]}}, {"step": 12200, "ranks": {"input_proj": [1, 1], "q_proj": [1, 1], "k_proj": [1, 1], "v_proj": [1, 1], "o_proj": [1, 1], "lm_head": [1, 1]}}, {"step": 12400, "ranks": {"input_proj": [1, 1], "q_proj": [1, 1], "k_proj": [1, 1], "v_proj": [1, 1], "o_proj": [1, 1], "lm_head": [1, 1]}}, {"step": 12600, "ranks": {"input_proj": [1, 1], "q_proj": [1, 1], "k_proj": [1, 1], "v_proj": [1, 1], "o_proj": [1, 1], "lm_head": [1, 1]}}, {"step": 12800, "ranks": {"input_proj": [1, 1], "q_proj": [1, 1], "k_proj": [1, 1], "v_proj": [1, 1], "o_proj": [1, 1], "lm_head": [1, 1]}}, {"step": 13000, "ranks": {"input_proj": [1, 1], "q_proj": [1, 1], "k_proj": [1, 1], "v_proj": [1, 1], "o_proj": [1, 1], "lm_head": [1, 1]}}, {"step": 13200, "ranks": {"input_proj": [1, 1], "q_proj": [1, 1], "k_proj": [1, 1], "v_proj": [1, 1], "o_proj": [1, 1], "lm_head": [1, 1]}}, {"step": 13400, "ranks": {"input_proj": [1, 1], "q_proj": [1, 1], "k_proj": [1, 1], "v_proj": [1, 1], "o_proj": [1, 1], "lm_head": [1, 1]}}, {"step": 13600, "ranks": {"input_proj": [1, 1], "q_proj": [1, 1], "k_proj": [1, 1], "v_proj": [1, 1], "o_proj": [1, 1], "lm_head": [1, 1]}}, {"step": 13800, "ranks": {"input_proj": [1, 1], "q_proj": [1, 1], "k_proj": [1, 1], "v_proj": [1, 1], "o_proj": [1, 1], "lm_head": [1, 1]}}, {"step": 14000, "ranks": {"input_proj": [1, 1], "q_proj": [1, 1], "k_proj": [1, 1], "v_proj": [1, 1], "o_proj": [1, 1], "lm_head": [1, 1]}}, {"step": 14200, "ranks": {"input_proj": [1, 1], "q_proj": [1, 1], "k_proj": [1, 1], "v_proj": [1, 1], "o_proj": [1, 1], "lm_head": [1, 1]}}, {"step": 14400, "ranks": {"input_proj": [1, 1], "q_proj": [1, 1], "k_proj": [1, 1], "v_proj": [1, 1], "o_proj": [1, 1], "lm_head": [1, 1]}}, {"step": 14600, "ranks": {"input_proj": [1, 1], "q_proj": [1, 1], "k_proj": [1, 1], "v_proj": [1, 1], "o_proj": [1, 1], "lm_head": [1, 1]}}, {"step": 14800, "ranks": {"input_proj": [1, 1], "q_proj": [1, 1], "k_proj": [1, 1], "v_proj": [1, 1], "o_proj": [1, 1], "lm_head": [1, 1]}}, {"step": 15000, "ranks": {"input_proj": [1, 1], "q_proj": [1, 1], "k_proj": [1, 1], "v_proj": [1, 1], "o_proj": [1, 1], "lm_head": [1, 1]}}, {"step": 15200, "ranks": {"input_proj": [1, 1], "q_proj": [1, 1], "k_proj": [1, 1], "v_proj": [1, 1], "o_proj": [1, 1], "lm_head": [1, 1]}}, {"step": 15400, "ranks": {"input_proj": [1, 1], "q_proj": [1, 1], "k_proj": [1, 1], "v_proj": [1, 1], "o_proj": [1, 1], "lm_head": [1, 1]}}, {"step": 15600, "ranks": {"input_proj": [1, 1], "q_proj": [1, 1], "k_proj": [1, 1], "v_proj": [1, 1], "o_proj": [1, 1], "lm_head": [1, 1]}}, {"step": 15800, "ranks": {"input_proj": [1, 1], "q_proj": [1, 1], "k_proj": [1, 1], "v_proj": [1, 1], "o_proj": [1, 1], "lm_head": [1, 1]}}, {"step": 16000, "ranks": {"input_proj": [1, 1], "q_proj": [1, 1], "k_proj": [1, 1], "v_proj": [1, 1], "o_proj": [1, 1], "lm_head": [1, 1]}}, {"step": 16200, "ranks": {"input_proj": [1, 1], "q_proj": [1, 1], "k_proj": [1, 1], "v_proj": [1, 1], "o_proj": [1, 1], "lm_head": [1, 1]}}, {"step": 16400, "ranks": {"input_proj": [1, 1], "q_proj": [1, 1], "k_proj": [1, 1], "v_proj": [1, 1], "o_proj": [1, 1], "lm_head": [1, 1]}}, {"step": 16600, "ranks": {"input_proj": [1, 1], "q_proj": [1, 1], "k_proj": [1, 1], "v_proj": [1, 1], "o_proj": [1, 1], "lm_head": [1, 1]}}, {"step": 16800, "ranks": {"input_proj": [1, 1], "q_proj": [1, 1], "k_proj": [1, 1], "v_proj": [1, 1], "o_proj": [1, 1], "lm_head": [1, 1]}}, {"step": 17000, "ranks": {"input_proj": [1, 1], "q_proj": [1, 1], "k_proj": [1, 1], "v_proj": [1, 1], "o_proj": [1, 1], "lm_head": [1, 1]}}, {"step": 17200, "ranks": {"input_proj": [1, 1], "q_proj": [1, 1], "k_proj": [1, 1], "v_proj": [1, 1], "o_proj": [1, 1], "lm_head": [1, 1]}}, {"step": 17400, "ranks": {"input_proj": [1, 1], "q_proj": [1, 1], "k_proj": [1, 1], "v_proj": [1, 1], "o_proj": [1, 1], "lm_head": [1, 1]}}, {"step": 17600, "ranks": {"input_proj": [1, 1], "q_proj": [1, 1], "k_proj": [1, 1], "v_proj": [1, 1], "o_proj": [1, 1], "lm_head": [1, 1]}}, {"step": 17800, "ranks": {"input_proj": [1, 1], "q_proj": [1, 1], "k_proj": [1, 1], "v_proj": [1, 1], "o_proj": [1, 1], "lm_head": [1, 1]}}, {"step": 18000, "ranks": {"input_proj": [1, 1], "q_proj": [1, 1], "k_proj": [1, 1], "v_proj": [1, 1], "o_proj": [1, 1], "lm_head": [1, 1]}}, {"step": 18200, "ranks": {"input_proj": [1, 1], "q_proj": [1, 1], "k_proj": [1, 1], "v_proj": [1, 1], "o_proj": [1, 1], "lm_head": [1, 1]}}, {"step": 18400, "ranks": {"input_proj": [1, 1], "q_proj": [1, 1], "k_proj": [1, 1], "v_proj": [1, 1], "o_proj": [1, 1], "lm_head": [1, 1]}}, {"step": 18600, "ranks": {"input_proj": [1, 1], "q_proj": [1, 1], "k_proj": [1, 1], "v_proj": [1, 1], "o_proj": [1, 1], "lm_head": [1, 1]}}, {"step": 18800, "ranks": {"input_proj": [1, 1], "q_proj": [1, 1], "k_proj": [1, 1], "v_proj": [1, 1], "o_proj": [1, 1], "lm_head": [1, 1]}}, {"step": 19000, "ranks": {"input_proj": [1, 1], "q_proj": [1, 1], "k_proj": [1, 1], "v_proj": [1, 1], "o_proj": [1, 1], "lm_head": [1, 1]}}, {"step": 19108, "ranks": {"input_proj": [1, 1], "q_proj": [1, 1], "k_proj": [1, 1], "v_proj": [1, 1], "o_proj": [1, 1], "lm_head": [1, 1]}}, {"step": 19138, "ranks": {"input_proj": [1, 1], "q_proj": [1, 1], "k_proj": [1, 1], "v_proj": [1, 1], "o_proj": [1, 1], "lm_head": [1, 1]}}, {"step": 19200, "ranks": {"input_proj": [1, 1], "q_proj": [1, 1], "k_proj": [1, 1], "v_proj": [1, 1], "o_proj": [1, 1], "lm_head": [1, 1]}}, {"step": 19400, "ranks": {"input_proj": [1, 1], "q_proj": [1, 1], "k_proj": [1, 1], "v_proj": [1, 1], "o_proj": [1, 1], "lm_head": [1, 1]}}, {"step": 19600, "ranks": {"input_proj": [1, 1], "q_proj": [1, 1], "k_proj": [1, 1], "v_proj": [1, 1], "o_proj": [1, 1], "lm_head": [1, 1]}}, {"step": 19640, "ranks": {"input_proj": [1, 1], "q_proj": [1, 1], "k_proj": [1, 1], "v_proj": [1, 1], "o_proj": [1, 1], "lm_head": [1, 1]}}, {"step": 19672, "ranks": {"input_proj": [1, 1], "q_proj": [1, 1], "k_proj": [1, 1], "v_proj": [1, 1], "o_proj": [1, 1], "lm_head": [1, 1]}}, {"step": 19800, "ranks": {"input_proj": [1, 1], "q_proj": [1, 1], "k_proj": [1, 1], "v_proj": [1, 1], "o_proj": [1, 1], "lm_head": [1, 1]}}, {"step": 20000, "ranks": {"input_proj": [1, 1], "q_proj": [1, 1], "k_proj": [1, 1], "v_proj": [1, 1], "o_proj": [1, 1], "lm_head": [1, 1]}}]
STAGE_HISTORY_JSON [{"step": 752, "event": "level_up", "from": {"vocab": 8, "k": 1, "phase": "vocab"}, "to": {"vocab": 16, "k": 1, "phase": "vocab"}}, {"step": 786, "event": "level_down", "from": {"vocab": 16, "k": 1, "phase": "vocab"}, "to": {"vocab": 8, "k": 1, "phase": "vocab"}}, {"step": 1191, "event": "level_up", "from": {"vocab": 8, "k": 1, "phase": "vocab"}, "to": {"vocab": 16, "k": 1, "phase": "vocab"}}, {"step": 1221, "event": "level_down", "from": {"vocab": 16, "k": 1, "phase": "vocab"}, "to": {"vocab": 8, "k": 1, "phase": "vocab"}}, {"step": 1526, "event": "level_up", "from": {"vocab": 8, "k": 1, "phase": "vocab"}, "to": {"vocab": 16, "k": 1, "phase": "vocab"}}, {"step": 1564, "event": "level_down", "from": {"vocab": 16, "k": 1, "phase": "vocab"}, "to": {"vocab": 8, "k": 1, "phase": "vocab"}}, {"step": 1587, "event": "level_up", "from": {"vocab": 8, "k": 1, "phase": "vocab"}, "to": {"vocab": 16, "k": 1, "phase": "vocab"}}, {"step": 1626, "event": "level_down", "from": {"vocab": 16, "k": 1, "phase": "vocab"}, "to": {"vocab": 8, "k": 1, "phase": "vocab"}}, {"step": 1690, "event": "level_up", "from": {"vocab": 8, "k": 1, "phase": "vocab"}, "to": {"vocab": 16, "k": 1, "phase": "vocab"}}, {"step": 1736, "event": "level_down", "from": {"vocab": 16, "k": 1, "phase": "vocab"}, "to": {"vocab": 8, "k": 1, "phase": "vocab"}}, {"step": 1787, "event": "level_up", "from": {"vocab": 8, "k": 1, "phase": "vocab"}, "to": {"vocab": 16, "k": 1, "phase": "vocab"}}, {"step": 1817, "event": "level_down", "from": {"vocab": 16, "k": 1, "phase": "vocab"}, "to": {"vocab": 8, "k": 1, "phase": "vocab"}}, {"step": 1840, "event": "level_up", "from": {"vocab": 8, "k": 1, "phase": "vocab"}, "to": {"vocab": 16, "k": 1, "phase": "vocab"}}, {"step": 1871, "event": "level_down", "from": {"vocab": 16, "k": 1, "phase": "vocab"}, "to": {"vocab": 8, "k": 1, "phase": "vocab"}}, {"step": 1900, "event": "level_up", "from": {"vocab": 8, "k": 1, "phase": "vocab"}, "to": {"vocab": 16, "k": 1, "phase": "vocab"}}, {"step": 1931, "event": "level_down", "from": {"vocab": 16, "k": 1, "phase": "vocab"}, "to": {"vocab": 8, "k": 1, "phase": "vocab"}}, {"step": 1945, "event": "level_up", "from": {"vocab": 8, "k": 1, "phase": "vocab"}, "to": {"vocab": 16, "k": 1, "phase": "vocab"}}, {"step": 1982, "event": "level_down", "from": {"vocab": 16, "k": 1, "phase": "vocab"}, "to": {"vocab": 8, "k": 1, "phase": "vocab"}}, {"step": 2036, "event": "level_up", "from": {"vocab": 8, "k": 1, "phase": "vocab"}, "to": {"vocab": 16, "k": 1, "phase": "vocab"}}, {"step": 2068, "event": "level_down", "from": {"vocab": 16, "k": 1, "phase": "vocab"}, "to": {"vocab": 8, "k": 1, "phase": "vocab"}}, {"step": 2082, "event": "level_up", "from": {"vocab": 8, "k": 1, "phase": "vocab"}, "to": {"vocab": 16, "k": 1, "phase": "vocab"}}, {"step": 2112, "event": "level_down", "from": {"vocab": 16, "k": 1, "phase": "vocab"}, "to": {"vocab": 8, "k": 1, "phase": "vocab"}}, {"step": 2133, "event": "level_up", "from": {"vocab": 8, "k": 1, "phase": "vocab"}, "to": {"vocab": 16, "k": 1, "phase": "vocab"}}, {"step": 2180, "event": "level_down", "from": {"vocab": 16, "k": 1, "phase": "vocab"}, "to": {"vocab": 8, "k": 1, "phase": "vocab"}}, {"step": 2207, "event": "level_up", "from": {"vocab": 8, "k": 1, "phase": "vocab"}, "to": {"vocab": 16, "k": 1, "phase": "vocab"}}, {"step": 2242, "event": "level_down", "from": {"vocab": 16, "k": 1, "phase": "vocab"}, "to": {"vocab": 8, "k": 1, "phase": "vocab"}}, {"step": 2267, "event": "level_up", "from": {"vocab": 8, "k": 1, "phase": "vocab"}, "to": {"vocab": 16, "k": 1, "phase": "vocab"}}, {"step": 2302, "event": "level_down", "from": {"vocab": 16, "k": 1, "phase": "vocab"}, "to": {"vocab": 8, "k": 1, "phase": "vocab"}}, {"step": 2349, "event": "level_up", "from": {"vocab": 8, "k": 1, "phase": "vocab"}, "to": {"vocab": 16, "k": 1, "phase": "vocab"}}, {"step": 2408, "event": "level_down", "from": {"vocab": 16, "k": 1, "phase": "vocab"}, "to": {"vocab": 8, "k": 1, "phase": "vocab"}}, {"step": 2432, "event": "level_up", "from": {"vocab": 8, "k": 1, "phase": "vocab"}, "to": {"vocab": 16, "k": 1, "phase": "vocab"}}, {"step": 2466, "event": "level_down", "from": {"vocab": 16, "k": 1, "phase": "vocab"}, "to": {"vocab": 8, "k": 1, "phase": "vocab"}}, {"step": 2559, "event": "level_up", "from": {"vocab": 8, "k": 1, "phase": "vocab"}, "to": {"vocab": 16, "k": 1, "phase": "vocab"}}, {"step": 2598, "event": "level_down", "from": {"vocab": 16, "k": 1, "phase": "vocab"}, "to": {"vocab": 8, "k": 1, "phase": "vocab"}}, {"step": 2621, "event": "level_up", "from": {"vocab": 8, "k": 1, "phase": "vocab"}, "to": {"vocab": 16, "k": 1, "phase": "vocab"}}, {"step": 2654, "event": "level_down", "from": {"vocab": 16, "k": 1, "phase": "vocab"}, "to": {"vocab": 8, "k": 1, "phase": "vocab"}}, {"step": 2681, "event": "level_up", "from": {"vocab": 8, "k": 1, "phase": "vocab"}, "to": {"vocab": 16, "k": 1, "phase": "vocab"}}, {"step": 2713, "event": "level_down", "from": {"vocab": 16, "k": 1, "phase": "vocab"}, "to": {"vocab": 8, "k": 1, "phase": "vocab"}}, {"step": 2892, "event": "level_up", "from": {"vocab": 8, "k": 1, "phase": "vocab"}, "to": {"vocab": 16, "k": 1, "phase": "vocab"}}, {"step": 2922, "event": "level_down", "from": {"vocab": 16, "k": 1, "phase": "vocab"}, "to": {"vocab": 8, "k": 1, "phase": "vocab"}}, {"step": 2941, "event": "level_up", "from": {"vocab": 8, "k": 1, "phase": "vocab"}, "to": {"vocab": 16, "k": 1, "phase": "vocab"}}, {"step": 2975, "event": "level_down", "from": {"vocab": 16, "k": 1, "phase": "vocab"}, "to": {"vocab": 8, "k": 1, "phase": "vocab"}}, {"step": 3259, "event": "level_up", "from": {"vocab": 8, "k": 1, "phase": "vocab"}, "to": {"vocab": 16, "k": 1, "phase": "vocab"}}, {"step": 3290, "event": "level_down", "from": {"vocab": 16, "k": 1, "phase": "vocab"}, "to": {"vocab": 8, "k": 1, "phase": "vocab"}}, {"step": 3412, "event": "level_up", "from": {"vocab": 8, "k": 1, "phase": "vocab"}, "to": {"vocab": 16, "k": 1, "phase": "vocab"}}, {"step": 3449, "event": "level_down", "from": {"vocab": 16, "k": 1, "phase": "vocab"}, "to": {"vocab": 8, "k": 1, "phase": "vocab"}}, {"step": 3559, "event": "level_up", "from": {"vocab": 8, "k": 1, "phase": "vocab"}, "to": {"vocab": 16, "k": 1, "phase": "vocab"}}, {"step": 3592, "event": "level_down", "from": {"vocab": 16, "k": 1, "phase": "vocab"}, "to": {"vocab": 8, "k": 1, "phase": "vocab"}}, {"step": 3665, "event": "level_up", "from": {"vocab": 8, "k": 1, "phase": "vocab"}, "to": {"vocab": 16, "k": 1, "phase": "vocab"}}, {"step": 3696, "event": "level_down", "from": {"vocab": 16, "k": 1, "phase": "vocab"}, "to": {"vocab": 8, "k": 1, "phase": "vocab"}}, {"step": 3796, "event": "level_up", "from": {"vocab": 8, "k": 1, "phase": "vocab"}, "to": {"vocab": 16, "k": 1, "phase": "vocab"}}, {"step": 3826, "event": "level_down", "from": {"vocab": 16, "k": 1, "phase": "vocab"}, "to": {"vocab": 8, "k": 1, "phase": "vocab"}}, {"step": 3902, "event": "level_up", "from": {"vocab": 8, "k": 1, "phase": "vocab"}, "to": {"vocab": 16, "k": 1, "phase": "vocab"}}, {"step": 3934, "event": "level_down", "from": {"vocab": 16, "k": 1, "phase": "vocab"}, "to": {"vocab": 8, "k": 1, "phase": "vocab"}}, {"step": 4166, "event": "level_up", "from": {"vocab": 8, "k": 1, "phase": "vocab"}, "to": {"vocab": 16, "k": 1, "phase": "vocab"}}, {"step": 4212, "event": "level_down", "from": {"vocab": 16, "k": 1, "phase": "vocab"}, "to": {"vocab": 8, "k": 1, "phase": "vocab"}}, {"step": 4254, "event": "level_up", "from": {"vocab": 8, "k": 1, "phase": "vocab"}, "to": {"vocab": 16, "k": 1, "phase": "vocab"}}, {"step": 4284, "event": "level_down", "from": {"vocab": 16, "k": 1, "phase": "vocab"}, "to": {"vocab": 8, "k": 1, "phase": "vocab"}}, {"step": 4345, "event": "level_up", "from": {"vocab": 8, "k": 1, "phase": "vocab"}, "to": {"vocab": 16, "k": 1, "phase": "vocab"}}, {"step": 4375, "event": "level_down", "from": {"vocab": 16, "k": 1, "phase": "vocab"}, "to": {"vocab": 8, "k": 1, "phase": "vocab"}}, {"step": 4437, "event": "level_up", "from": {"vocab": 8, "k": 1, "phase": "vocab"}, "to": {"vocab": 16, "k": 1, "phase": "vocab"}}, {"step": 4468, "event": "level_down", "from": {"vocab": 16, "k": 1, "phase": "vocab"}, "to": {"vocab": 8, "k": 1, "phase": "vocab"}}, {"step": 4516, "event": "level_up", "from": {"vocab": 8, "k": 1, "phase": "vocab"}, "to": {"vocab": 16, "k": 1, "phase": "vocab"}}, {"step": 4551, "event": "level_down", "from": {"vocab": 16, "k": 1, "phase": "vocab"}, "to": {"vocab": 8, "k": 1, "phase": "vocab"}}, {"step": 4568, "event": "level_up", "from": {"vocab": 8, "k": 1, "phase": "vocab"}, "to": {"vocab": 16, "k": 1, "phase": "vocab"}}, {"step": 4603, "event": "level_down", "from": {"vocab": 16, "k": 1, "phase": "vocab"}, "to": {"vocab": 8, "k": 1, "phase": "vocab"}}, {"step": 4694, "event": "level_up", "from": {"vocab": 8, "k": 1, "phase": "vocab"}, "to": {"vocab": 16, "k": 1, "phase": "vocab"}}, {"step": 4729, "event": "level_down", "from": {"vocab": 16, "k": 1, "phase": "vocab"}, "to": {"vocab": 8, "k": 1, "phase": "vocab"}}, {"step": 4886, "event": "level_up", "from": {"vocab": 8, "k": 1, "phase": "vocab"}, "to": {"vocab": 16, "k": 1, "phase": "vocab"}}, {"step": 4916, "event": "level_down", "from": {"vocab": 16, "k": 1, "phase": "vocab"}, "to": {"vocab": 8, "k": 1, "phase": "vocab"}}, {"step": 5040, "event": "level_up", "from": {"vocab": 8, "k": 1, "phase": "vocab"}, "to": {"vocab": 16, "k": 1, "phase": "vocab"}}, {"step": 5083, "event": "level_down", "from": {"vocab": 16, "k": 1, "phase": "vocab"}, "to": {"vocab": 8, "k": 1, "phase": "vocab"}}, {"step": 5230, "event": "level_up", "from": {"vocab": 8, "k": 1, "phase": "vocab"}, "to": {"vocab": 16, "k": 1, "phase": "vocab"}}, {"step": 5262, "event": "level_down", "from": {"vocab": 16, "k": 1, "phase": "vocab"}, "to": {"vocab": 8, "k": 1, "phase": "vocab"}}, {"step": 5372, "event": "level_up", "from": {"vocab": 8, "k": 1, "phase": "vocab"}, "to": {"vocab": 16, "k": 1, "phase": "vocab"}}, {"step": 5402, "event": "level_down", "from": {"vocab": 16, "k": 1, "phase": "vocab"}, "to": {"vocab": 8, "k": 1, "phase": "vocab"}}, {"step": 5427, "event": "level_up", "from": {"vocab": 8, "k": 1, "phase": "vocab"}, "to": {"vocab": 16, "k": 1, "phase": "vocab"}}, {"step": 5466, "event": "level_down", "from": {"vocab": 16, "k": 1, "phase": "vocab"}, "to": {"vocab": 8, "k": 1, "phase": "vocab"}}, {"step": 5490, "event": "level_up", "from": {"vocab": 8, "k": 1, "phase": "vocab"}, "to": {"vocab": 16, "k": 1, "phase": "vocab"}}, {"step": 5524, "event": "level_down", "from": {"vocab": 16, "k": 1, "phase": "vocab"}, "to": {"vocab": 8, "k": 1, "phase": "vocab"}}, {"step": 5547, "event": "level_up", "from": {"vocab": 8, "k": 1, "phase": "vocab"}, "to": {"vocab": 16, "k": 1, "phase": "vocab"}}, {"step": 5581, "event": "level_down", "from": {"vocab": 16, "k": 1, "phase": "vocab"}, "to": {"vocab": 8, "k": 1, "phase": "vocab"}}, {"step": 5707, "event": "level_up", "from": {"vocab": 8, "k": 1, "phase": "vocab"}, "to": {"vocab": 16, "k": 1, "phase": "vocab"}}, {"step": 5741, "event": "level_down", "from": {"vocab": 16, "k": 1, "phase": "vocab"}, "to": {"vocab": 8, "k": 1, "phase": "vocab"}}, {"step": 5900, "event": "level_up", "from": {"vocab": 8, "k": 1, "phase": "vocab"}, "to": {"vocab": 16, "k": 1, "phase": "vocab"}}, {"step": 5943, "event": "level_down", "from": {"vocab": 16, "k": 1, "phase": "vocab"}, "to": {"vocab": 8, "k": 1, "phase": "vocab"}}, {"step": 19108, "event": "level_up", "from": {"vocab": 8, "k": 1, "phase": "vocab"}, "to": {"vocab": 16, "k": 1, "phase": "vocab"}}, {"step": 19138, "event": "level_down", "from": {"vocab": 16, "k": 1, "phase": "vocab"}, "to": {"vocab": 8, "k": 1, "phase": "vocab"}}, {"step": 19640, "event": "level_up", "from": {"vocab": 8, "k": 1, "phase": "vocab"}, "to": {"vocab": 16, "k": 1, "phase": "vocab"}}, {"step": 19672, "event": "level_down", "from": {"vocab": 16, "k": 1, "phase": "vocab"}, "to": {"vocab": 8, "k": 1, "phase": "vocab"}}]
