# MQAR curriculum precision=fp4 max_steps=20000 seed=2001 peak_lr=0.015 num_tiles=16 k_max=10 additive_rank=1 dynamic_rank_control=True rank_grace_period_steps=50 use_critic=False recurrent_only_output=False embed_width=16 input_sparsity_p=None wide_max_weights=None dy_sparsity_p=None use_tile_cache=True streak_threshold=10 wrong_streak_threshold=5
  step=    200  phase=vocab  vocab=   8  k=  1  loss_ema=2.4812  acc_ema=0.1735  steps/sec=6.8  ranks[in=2/2 q=1/1 k=1/2 v=1/2 o=1/1 lm=1/3]
  step=    400  phase=vocab  vocab=   8  k=  1  loss_ema=1.7476  acc_ema=0.2613  steps/sec=6.5  ranks[in=2/3 q=2/3 k=3/2 v=4/2 o=2/3 lm=1/2]
  step=    600  phase=vocab  vocab=   8  k=  1  loss_ema=1.5121  acc_ema=0.2873  steps/sec=6.4  ranks[in=2/3 q=2/2 k=3/2 v=5/2 o=1/5 lm=1/3]
  step=    800  phase=vocab  vocab=   8  k=  1  loss_ema=1.9915  acc_ema=0.2532  steps/sec=6.2  ranks[in=2/4 q=2/6 k=3/2 v=5/2 o=2/6 lm=1/2]
  step=   1000  phase=vocab  vocab=   8  k=  1  loss_ema=2.1995  acc_ema=0.2478  steps/sec=6.2  ranks[in=2/4 q=2/6 k=3/2 v=5/2 o=2/6 lm=1/2]
  step=   1200  phase=vocab  vocab=   8  k=  1  loss_ema=1.6781  acc_ema=0.2915  steps/sec=6.1  ranks[in=2/4 q=2/6 k=3/2 v=5/2 o=2/6 lm=1/2]
  step=   1400  phase=vocab  vocab=   8  k=  1  loss_ema=1.5022  acc_ema=0.2474  steps/sec=6.1  ranks[in=2/4 q=2/6 k=3/2 v=5/2 o=2/6 lm=1/2]
  step=   1600  phase=vocab  vocab=   8  k=  1  loss_ema=1.4757  acc_ema=0.3278  steps/sec=6.0  ranks[in=2/4 q=2/6 k=3/2 v=5/2 o=2/6 lm=1/1]
  step=   1800  phase=vocab  vocab=   8  k=  1  loss_ema=1.6329  acc_ema=0.2055  steps/sec=6.0  ranks[in=2/4 q=2/6 k=3/2 v=5/2 o=2/7 lm=1/2]
  step=   2000  phase=vocab  vocab=   8  k=  1  loss_ema=1.3016  acc_ema=0.4016  steps/sec=6.0  ranks[in=2/4 q=2/6 k=3/2 v=5/2 o=2/6 lm=1/2]
  step=   2200  phase=vocab  vocab=   8  k=  1  loss_ema=2.2901  acc_ema=0.2821  steps/sec=5.9  ranks[in=2/4 q=2/6 k=3/2 v=4/2 o=2/7 lm=1/2]
  step=   2400  phase=vocab  vocab=   8  k=  1  loss_ema=3.3992  acc_ema=0.2182  steps/sec=5.9  ranks[in=2/4 q=2/6 k=2/3 v=5/4 o=3/7 lm=1/2]
  step=   2600  phase=vocab  vocab=   8  k=  1  loss_ema=2.6867  acc_ema=0.2462  steps/sec=5.9  ranks[in=2/4 q=3/7 k=3/6 v=6/6 o=2/7 lm=1/2]
  step=   2800  phase=vocab  vocab=   8  k=  1  loss_ema=1.5661  acc_ema=0.4057  steps/sec=5.9  ranks[in=2/4 q=2/6 k=3/8 v=5/7 o=2/7 lm=1/4]
  step=   3000  phase=vocab  vocab=   8  k=  1  loss_ema=3.7447  acc_ema=0.2919  steps/sec=5.9  ranks[in=2/4 q=3/6 k=3/13 v=6/9 o=3/7 lm=1/3]
  step=   3040  phase=vocab  vocab=  16  k=  1  loss_ema=2.6917  acc_ema=0.4933  [LEVEL_UP]  ranks[in=2/4 q=3/6 k=3/12 v=7/8 o=2/7 lm=1/3]
  step=   3075  phase=vocab  vocab=   8  k=  1  loss_ema=4.2884  acc_ema=0.2613  [LEVEL_DOWN]  ranks[in=2/4 q=3/6 k=3/12 v=7/8 o=3/7 lm=1/3]
  step=   3200  phase=vocab  vocab=   8  k=  1  loss_ema=1.5266  acc_ema=0.5698  steps/sec=5.8  ranks[in=2/4 q=2/6 k=3/12 v=7/8 o=3/7 lm=1/4]
  step=   3400  phase=vocab  vocab=   8  k=  1  loss_ema=2.4646  acc_ema=0.4201  steps/sec=5.8  ranks[in=2/4 q=2/6 k=3/12 v=6/7 o=4/9 lm=1/4]
  step=   3600  phase=vocab  vocab=   8  k=  1  loss_ema=2.3138  acc_ema=0.5188  steps/sec=5.8  ranks[in=2/4 q=2/6 k=3/12 v=6/7 o=4/9 lm=1/4]
  step=   3800  phase=vocab  vocab=   8  k=  1  loss_ema=2.7757  acc_ema=0.5842  steps/sec=5.7  ranks[in=2/4 q=2/6 k=3/13 v=6/7 o=4/9 lm=1/3]
  step=   4000  phase=vocab  vocab=   8  k=  1  loss_ema=2.7524  acc_ema=0.5718  steps/sec=5.7  ranks[in=2/4 q=2/6 k=3/13 v=6/7 o=4/9 lm=1/3]
  step=   4200  phase=vocab  vocab=   8  k=  1  loss_ema=4.8200  acc_ema=0.4464  steps/sec=5.7  ranks[in=2/4 q=2/5 k=4/13 v=6/7 o=4/9 lm=2/3]
  step=   4400  phase=vocab  vocab=   8  k=  1  loss_ema=2.9585  acc_ema=0.3783  steps/sec=5.7  ranks[in=2/4 q=2/5 k=4/13 v=6/7 o=4/9 lm=2/3]
  step=   4600  phase=vocab  vocab=   8  k=  1  loss_ema=2.0813  acc_ema=0.4959  steps/sec=5.7  ranks[in=3/4 q=2/5 k=5/12 v=7/8 o=3/10 lm=2/3]
  step=   4800  phase=vocab  vocab=   8  k=  1  loss_ema=2.2521  acc_ema=0.3993  steps/sec=5.6  ranks[in=3/4 q=2/5 k=5/12 v=7/9 o=3/10 lm=2/3]
  step=   5000  phase=vocab  vocab=   8  k=  1  loss_ema=2.0888  acc_ema=0.5239  steps/sec=5.6  ranks[in=4/4 q=2/5 k=5/12 v=7/10 o=4/11 lm=2/3]
  step=   5200  phase=vocab  vocab=   8  k=  1  loss_ema=3.1374  acc_ema=0.3798  steps/sec=5.6  ranks[in=4/4 q=2/5 k=4/11 v=7/9 o=4/11 lm=3/3]
  step=   5400  phase=vocab  vocab=   8  k=  1  loss_ema=2.4929  acc_ema=0.4391  steps/sec=5.6  ranks[in=4/4 q=2/5 k=5/11 v=8/9 o=5/11 lm=3/3]
  step=   5600  phase=vocab  vocab=   8  k=  1  loss_ema=2.0447  acc_ema=0.4246  steps/sec=5.6  ranks[in=4/4 q=2/5 k=5/11 v=8/11 o=5/10 lm=3/3]
  step=   5800  phase=vocab  vocab=   8  k=  1  loss_ema=3.1751  acc_ema=0.3390  steps/sec=5.6  ranks[in=4/4 q=2/5 k=5/10 v=8/12 o=6/11 lm=3/2]
  step=   6000  phase=vocab  vocab=   8  k=  1  loss_ema=3.6378  acc_ema=0.2033  steps/sec=5.6  ranks[in=4/4 q=3/5 k=4/10 v=7/13 o=6/10 lm=4/2]
  step=   6200  phase=vocab  vocab=   8  k=  1  loss_ema=3.7636  acc_ema=0.3314  steps/sec=5.5  ranks[in=4/4 q=3/5 k=6/10 v=7/13 o=7/10 lm=4/2]
  step=   6400  phase=vocab  vocab=   8  k=  1  loss_ema=3.3963  acc_ema=0.3438  steps/sec=5.5  ranks[in=4/4 q=3/5 k=5/10 v=7/13 o=7/10 lm=4/2]
  step=   6600  phase=vocab  vocab=   8  k=  1  loss_ema=3.6857  acc_ema=0.3223  steps/sec=5.5  ranks[in=4/4 q=3/5 k=7/10 v=7/14 o=7/10 lm=4/2]
  step=   6800  phase=vocab  vocab=   8  k=  1  loss_ema=2.9801  acc_ema=0.3505  steps/sec=5.5  ranks[in=4/4 q=3/5 k=7/13 v=7/14 o=7/10 lm=4/2]
  step=   7000  phase=vocab  vocab=   8  k=  1  loss_ema=2.2297  acc_ema=0.3644  steps/sec=5.5  ranks[in=4/4 q=3/5 k=6/12 v=7/14 o=5/10 lm=4/2]
  step=   7200  phase=vocab  vocab=   8  k=  1  loss_ema=3.0124  acc_ema=0.4330  steps/sec=5.5  ranks[in=4/4 q=3/5 k=6/12 v=7/14 o=5/10 lm=4/2]
  step=   7400  phase=vocab  vocab=   8  k=  1  loss_ema=2.9649  acc_ema=0.3314  steps/sec=5.4  ranks[in=4/4 q=4/5 k=7/12 v=7/14 o=5/9 lm=4/2]
  step=   7600  phase=vocab  vocab=   8  k=  1  loss_ema=2.5384  acc_ema=0.3088  steps/sec=5.4  ranks[in=4/4 q=4/5 k=7/12 v=8/14 o=5/10 lm=4/2]
  step=   7800  phase=vocab  vocab=   8  k=  1  loss_ema=2.1289  acc_ema=0.3382  steps/sec=5.4  ranks[in=4/4 q=4/5 k=7/12 v=7/13 o=5/11 lm=4/2]
  step=   8000  phase=vocab  vocab=   8  k=  1  loss_ema=1.8685  acc_ema=0.4047  steps/sec=5.4  ranks[in=4/4 q=3/5 k=7/12 v=8/12 o=5/12 lm=4/2]
  step=   8200  phase=vocab  vocab=   8  k=  1  loss_ema=1.9852  acc_ema=0.4934  steps/sec=5.4  ranks[in=4/4 q=3/5 k=7/12 v=8/12 o=5/12 lm=4/2]
  step=   8400  phase=vocab  vocab=   8  k=  1  loss_ema=2.4921  acc_ema=0.4072  steps/sec=5.4  ranks[in=4/4 q=3/6 k=7/12 v=7/14 o=6/13 lm=4/2]
  step=   8600  phase=vocab  vocab=   8  k=  1  loss_ema=2.4647  acc_ema=0.2896  steps/sec=5.4  ranks[in=4/4 q=3/6 k=6/11 v=8/14 o=5/13 lm=4/2]
  step=   8800  phase=vocab  vocab=   8  k=  1  loss_ema=2.2480  acc_ema=0.3312  steps/sec=5.4  ranks[in=4/4 q=3/9 k=7/11 v=8/14 o=6/14 lm=4/2]
  step=   9000  phase=vocab  vocab=   8  k=  1  loss_ema=2.1024  acc_ema=0.2935  steps/sec=5.3  ranks[in=4/4 q=3/11 k=6/10 v=8/14 o=7/16 lm=4/2]
  step=   9200  phase=vocab  vocab=   8  k=  1  loss_ema=1.7931  acc_ema=0.3645  steps/sec=5.3  ranks[in=4/4 q=3/11 k=6/10 v=8/14 o=6/18 lm=4/2]
  step=   9400  phase=vocab  vocab=   8  k=  1  loss_ema=1.7248  acc_ema=0.3773  steps/sec=5.3  ranks[in=4/4 q=3/12 k=6/10 v=8/14 o=6/19 lm=4/2]
  step=   9600  phase=vocab  vocab=   8  k=  1  loss_ema=2.1726  acc_ema=0.3328  steps/sec=5.3  ranks[in=4/3 q=3/12 k=6/10 v=8/15 o=7/20 lm=4/2]
  step=   9800  phase=vocab  vocab=   8  k=  1  loss_ema=3.2182  acc_ema=0.2414  steps/sec=5.3  ranks[in=4/4 q=3/10 k=6/10 v=9/18 o=9/22 lm=4/2]
  step=  10000  phase=vocab  vocab=   8  k=  1  loss_ema=2.8291  acc_ema=0.2395  steps/sec=5.3  ranks[in=4/4 q=3/10 k=6/10 v=10/19 o=9/26 lm=4/2]
  step=  10154  phase=vocab  vocab=  16  k=  1  loss_ema=1.7489  acc_ema=0.4825  [LEVEL_UP]  ranks[in=4/4 q=3/10 k=6/10 v=10/21 o=8/28 lm=4/2]
  step=  10184  phase=vocab  vocab=   8  k=  1  loss_ema=4.2676  acc_ema=0.2632  [LEVEL_DOWN]  ranks[in=4/4 q=3/10 k=6/10 v=10/22 o=8/28 lm=4/2]
  step=  10200  phase=vocab  vocab=   8  k=  1  loss_ema=3.6095  acc_ema=0.3297  steps/sec=5.3  ranks[in=4/4 q=3/10 k=6/10 v=10/22 o=8/28 lm=4/2]
  step=  10400  phase=vocab  vocab=   8  k=  1  loss_ema=1.6929  acc_ema=0.3532  steps/sec=5.3  ranks[in=4/4 q=3/10 k=6/10 v=10/22 o=8/27 lm=4/2]
  step=  10600  phase=vocab  vocab=   8  k=  1  loss_ema=1.4774  acc_ema=0.4768  steps/sec=5.3  ranks[in=4/4 q=3/10 k=6/10 v=10/22 o=8/27 lm=4/2]
  step=  10764  phase=vocab  vocab=  16  k=  1  loss_ema=1.5462  acc_ema=0.6222  [LEVEL_UP]  ranks[in=4/4 q=3/10 k=6/10 v=10/24 o=8/27 lm=4/2]
  step=  10794  phase=vocab  vocab=   8  k=  1  loss_ema=4.0971  acc_ema=0.3394  [LEVEL_DOWN]  ranks[in=4/4 q=3/10 k=6/10 v=10/25 o=8/27 lm=4/2]
  step=  10800  phase=vocab  vocab=   8  k=  1  loss_ema=3.8620  acc_ema=0.3387  steps/sec=5.3  ranks[in=4/4 q=3/10 k=6/10 v=10/25 o=8/27 lm=4/2]
  step=  11000  phase=vocab  vocab=   8  k=  1  loss_ema=1.6592  acc_ema=0.4822  steps/sec=5.3  ranks[in=4/4 q=3/10 k=6/10 v=10/30 o=8/27 lm=4/2]
  step=  11200  phase=vocab  vocab=   8  k=  1  loss_ema=1.4546  acc_ema=0.4580  steps/sec=5.3  ranks[in=4/4 q=3/10 k=6/10 v=10/32 o=8/27 lm=4/2]
  step=  11400  phase=vocab  vocab=   8  k=  1  loss_ema=1.5653  acc_ema=0.5285  steps/sec=5.3  ranks[in=4/4 q=3/10 k=6/10 v=10/32 o=8/27 lm=4/2]
  step=  11600  phase=vocab  vocab=   8  k=  1  loss_ema=1.4018  acc_ema=0.5275  steps/sec=5.3  ranks[in=4/4 q=3/10 k=6/10 v=10/32 o=8/27 lm=4/2]
  step=  11800  phase=vocab  vocab=   8  k=  1  loss_ema=2.0521  acc_ema=0.4302  steps/sec=5.2  ranks[in=4/4 q=3/9 k=6/9 v=11/32 o=9/29 lm=4/2]
  step=  12000  phase=vocab  vocab=   8  k=  1  loss_ema=2.0529  acc_ema=0.4195  steps/sec=5.2  ranks[in=4/4 q=3/9 k=6/9 v=12/32 o=9/30 lm=4/2]
  step=  12200  phase=vocab  vocab=   8  k=  1  loss_ema=3.5322  acc_ema=0.1374  steps/sec=5.2  ranks[in=4/4 q=3/9 k=6/11 v=13/32 o=8/31 lm=4/2]
  step=  12400  phase=vocab  vocab=   8  k=  1  loss_ema=2.7694  acc_ema=0.3244  steps/sec=5.2  ranks[in=4/4 q=2/9 k=6/10 v=14/32 o=8/31 lm=4/2]
  step=  12600  phase=vocab  vocab=   8  k=  1  loss_ema=2.2707  acc_ema=0.4544  steps/sec=5.2  ranks[in=4/4 q=2/9 k=6/10 v=14/32 o=8/31 lm=4/2]
  step=  12800  phase=vocab  vocab=   8  k=  1  loss_ema=1.9432  acc_ema=0.4384  steps/sec=5.2  ranks[in=4/4 q=2/9 k=6/10 v=15/32 o=8/32 lm=4/2]
  step=  13000  phase=vocab  vocab=   8  k=  1  loss_ema=1.9187  acc_ema=0.3256  steps/sec=5.2  ranks[in=4/4 q=2/9 k=6/10 v=15/32 o=8/32 lm=4/2]
  step=  13200  phase=vocab  vocab=   8  k=  1  loss_ema=1.6007  acc_ema=0.3458  steps/sec=5.2  ranks[in=4/4 q=2/9 k=7/10 v=16/32 o=8/32 lm=4/2]
  step=  13400  phase=vocab  vocab=   8  k=  1  loss_ema=2.1708  acc_ema=0.2936  steps/sec=5.2  ranks[in=4/4 q=2/10 k=6/11 v=18/32 o=8/32 lm=4/2]
  step=  13600  phase=vocab  vocab=   8  k=  1  loss_ema=1.7585  acc_ema=0.3439  steps/sec=5.2  ranks[in=4/4 q=2/11 k=6/11 v=19/32 o=8/32 lm=4/2]
  step=  13800  phase=vocab  vocab=   8  k=  1  loss_ema=1.7040  acc_ema=0.3376  steps/sec=5.2  ranks[in=4/4 q=2/11 k=6/11 v=21/32 o=8/32 lm=4/2]
  step=  14000  phase=vocab  vocab=   8  k=  1  loss_ema=1.6421  acc_ema=0.3702  steps/sec=5.1  ranks[in=4/4 q=2/12 k=6/11 v=20/32 o=8/32 lm=4/2]
  step=  14200  phase=vocab  vocab=   8  k=  1  loss_ema=1.5566  acc_ema=0.4005  steps/sec=5.1  ranks[in=4/4 q=2/12 k=6/11 v=21/32 o=8/32 lm=4/2]
  step=  14400  phase=vocab  vocab=   8  k=  1  loss_ema=1.6357  acc_ema=0.3161  steps/sec=5.1  ranks[in=4/4 q=2/12 k=6/11 v=21/32 o=8/32 lm=4/2]
  step=  14600  phase=vocab  vocab=   8  k=  1  loss_ema=1.4893  acc_ema=0.3848  steps/sec=5.1  ranks[in=4/4 q=2/12 k=6/11 v=21/32 o=8/32 lm=4/2]
  step=  14800  phase=vocab  vocab=   8  k=  1  loss_ema=1.4424  acc_ema=0.4707  steps/sec=5.1  ranks[in=4/4 q=2/14 k=6/12 v=21/32 o=8/32 lm=4/2]
  step=  15000  phase=vocab  vocab=   8  k=  1  loss_ema=1.5513  acc_ema=0.4611  steps/sec=5.1  ranks[in=4/4 q=2/15 k=6/18 v=21/32 o=8/32 lm=4/2]
  step=  15200  phase=vocab  vocab=   8  k=  1  loss_ema=1.5910  acc_ema=0.3198  steps/sec=5.1  ranks[in=4/4 q=2/15 k=6/19 v=21/32 o=8/32 lm=4/2]
  step=  15400  phase=vocab  vocab=   8  k=  1  loss_ema=1.5217  acc_ema=0.3048  steps/sec=5.0  ranks[in=4/4 q=2/15 k=6/19 v=21/32 o=8/32 lm=4/2]
  step=  15600  phase=vocab  vocab=   8  k=  1  loss_ema=1.5197  acc_ema=0.4020  steps/sec=5.0  ranks[in=4/4 q=2/15 k=6/19 v=21/32 o=8/32 lm=4/2]
  step=  15800  phase=vocab  vocab=   8  k=  1  loss_ema=1.5036  acc_ema=0.3807  steps/sec=5.0  ranks[in=4/4 q=2/15 k=6/19 v=21/32 o=8/32 lm=4/2]
  step=  16000  phase=vocab  vocab=   8  k=  1  loss_ema=1.4940  acc_ema=0.3645  steps/sec=5.0  ranks[in=4/4 q=2/15 k=6/19 v=21/32 o=8/32 lm=4/2]
  step=  16200  phase=vocab  vocab=   8  k=  1  loss_ema=1.4599  acc_ema=0.3693  steps/sec=5.0  ranks[in=4/4 q=2/15 k=6/19 v=21/32 o=8/32 lm=4/2]
  step=  16400  phase=vocab  vocab=   8  k=  1  loss_ema=1.4434  acc_ema=0.3308  steps/sec=5.0  ranks[in=4/4 q=2/19 k=6/20 v=21/32 o=8/32 lm=4/2]
  step=  16600  phase=vocab  vocab=   8  k=  1  loss_ema=1.4384  acc_ema=0.3539  steps/sec=5.0  ranks[in=4/4 q=2/20 k=6/20 v=21/32 o=8/32 lm=4/2]
  step=  16800  phase=vocab  vocab=   8  k=  1  loss_ema=1.4748  acc_ema=0.4551  steps/sec=5.0  ranks[in=4/4 q=2/20 k=6/20 v=21/32 o=8/32 lm=4/2]
  step=  17000  phase=vocab  vocab=   8  k=  1  loss_ema=1.4534  acc_ema=0.3325  steps/sec=5.0  ranks[in=4/4 q=2/20 k=6/20 v=21/32 o=8/32 lm=4/2]
  step=  17200  phase=vocab  vocab=   8  k=  1  loss_ema=1.4632  acc_ema=0.3285  steps/sec=5.0  ranks[in=4/4 q=2/20 k=6/20 v=21/32 o=8/32 lm=4/2]
  step=  17400  phase=vocab  vocab=   8  k=  1  loss_ema=1.8107  acc_ema=0.4519  steps/sec=5.0  ranks[in=4/4 q=2/21 k=6/20 v=22/32 o=8/32 lm=4/2]
  step=  17592  phase=vocab  vocab=  16  k=  1  loss_ema=1.2914  acc_ema=0.6627  [LEVEL_UP]  ranks[in=4/4 q=2/21 k=6/20 v=21/32 o=8/32 lm=4/2]
  step=  17600  phase=vocab  vocab=  16  k=  1  loss_ema=3.1310  acc_ema=0.5826  steps/sec=5.0  ranks[in=4/4 q=2/21 k=6/21 v=21/32 o=8/32 lm=4/2]
  step=  17623  phase=vocab  vocab=   8  k=  1  loss_ema=5.8556  acc_ema=0.3841  [LEVEL_DOWN]  ranks[in=4/4 q=2/21 k=6/21 v=22/32 o=8/31 lm=4/2]
  step=  17682  phase=vocab  vocab=  16  k=  1  loss_ema=1.8295  acc_ema=0.5110  [LEVEL_UP]  ranks[in=4/4 q=2/19 k=6/20 v=22/32 o=8/32 lm=4/2]
  step=  17715  phase=vocab  vocab=   8  k=  1  loss_ema=4.3658  acc_ema=0.3207  [LEVEL_DOWN]  ranks[in=4/4 q=2/19 k=6/19 v=23/32 o=8/32 lm=4/2]
  step=  17800  phase=vocab  vocab=   8  k=  1  loss_ema=1.7717  acc_ema=0.3758  steps/sec=5.0  ranks[in=4/4 q=2/19 k=6/19 v=23/32 o=8/32 lm=4/2]
  step=  18000  phase=vocab  vocab=   8  k=  1  loss_ema=1.2680  acc_ema=0.6661  steps/sec=5.0  ranks[in=4/4 q=2/20 k=6/19 v=23/32 o=8/32 lm=4/2]
  step=  18200  phase=vocab  vocab=   8  k=  1  loss_ema=1.4374  acc_ema=0.4817  steps/sec=5.1  ranks[in=4/4 q=2/20 k=6/19 v=23/32 o=8/32 lm=4/2]
  step=  18400  phase=vocab  vocab=   8  k=  1  loss_ema=1.3577  acc_ema=0.5635  steps/sec=5.1  ranks[in=4/4 q=2/19 k=5/18 v=23/32 o=8/32 lm=4/2]
  step=  18600  phase=vocab  vocab=   8  k=  1  loss_ema=1.2741  acc_ema=0.5366  steps/sec=5.1  ranks[in=4/4 q=2/19 k=5/18 v=23/32 o=8/32 lm=4/2]
  step=  18800  phase=vocab  vocab=   8  k=  1  loss_ema=1.2872  acc_ema=0.5236  steps/sec=5.1  ranks[in=4/4 q=2/19 k=5/18 v=23/32 o=8/32 lm=4/2]
  step=  19000  phase=vocab  vocab=   8  k=  1  loss_ema=1.2540  acc_ema=0.5565  steps/sec=5.1  ranks[in=4/4 q=2/18 k=5/18 v=23/32 o=8/32 lm=4/2]
  step=  19200  phase=vocab  vocab=   8  k=  1  loss_ema=1.2723  acc_ema=0.5892  steps/sec=5.1  ranks[in=4/4 q=2/18 k=5/18 v=24/32 o=8/32 lm=4/2]
  step=  19220  phase=vocab  vocab=  16  k=  1  loss_ema=1.1433  acc_ema=0.6491  [LEVEL_UP]  ranks[in=4/4 q=2/18 k=5/18 v=23/32 o=8/32 lm=4/2]
  step=  19253  phase=vocab  vocab=   8  k=  1  loss_ema=6.1239  acc_ema=0.3955  [LEVEL_DOWN]  ranks[in=4/4 q=3/18 k=5/18 v=24/32 o=8/32 lm=4/2]
  step=  19308  phase=vocab  vocab=  16  k=  1  loss_ema=1.9822  acc_ema=0.6070  [LEVEL_UP]  ranks[in=4/4 q=2/18 k=5/17 v=23/32 o=8/32 lm=4/2]
  step=  19338  phase=vocab  vocab=   8  k=  1  loss_ema=5.5768  acc_ema=0.3311  [LEVEL_DOWN]  ranks[in=4/4 q=2/18 k=5/17 v=24/32 o=8/32 lm=4/2]
  step=  19400  phase=vocab  vocab=   8  k=  1  loss_ema=1.7392  acc_ema=0.5425  steps/sec=5.1  ranks[in=4/4 q=2/17 k=5/17 v=23/32 o=8/32 lm=4/2]
  step=  19431  phase=vocab  vocab=  16  k=  1  loss_ema=1.3252  acc_ema=0.6476  [LEVEL_UP]  ranks[in=4/4 q=2/17 k=5/17 v=23/32 o=8/32 lm=4/2]
  step=  19461  phase=vocab  vocab=   8  k=  1  loss_ema=5.0811  acc_ema=0.3533  [LEVEL_DOWN]  ranks[in=4/4 q=2/17 k=5/17 v=23/32 o=8/32 lm=4/2]
  step=  19483  phase=vocab  vocab=  16  k=  1  loss_ema=3.0026  acc_ema=0.4968  [LEVEL_UP]  ranks[in=4/4 q=2/17 k=5/17 v=23/32 o=8/32 lm=4/2]
  step=  19516  phase=vocab  vocab=   8  k=  1  loss_ema=6.0304  acc_ema=0.3028  [LEVEL_DOWN]  ranks[in=4/4 q=2/17 k=5/16 v=24/32 o=8/32 lm=4/2]
  step=  19600  phase=vocab  vocab=   8  k=  1  loss_ema=1.7994  acc_ema=0.5354  steps/sec=5.1  ranks[in=4/4 q=2/17 k=4/16 v=23/32 o=8/32 lm=4/2]
  step=  19800  phase=vocab  vocab=   8  k=  1  loss_ema=1.3439  acc_ema=0.5099  steps/sec=5.1  ranks[in=4/4 q=2/17 k=4/16 v=23/32 o=8/32 lm=4/2]
  step=  19924  phase=vocab  vocab=  16  k=  1  loss_ema=1.2063  acc_ema=0.6683  [LEVEL_UP]  ranks[in=4/4 q=2/17 k=4/16 v=23/32 o=8/32 lm=4/2]
  step=  19968  phase=vocab  vocab=   8  k=  1  loss_ema=4.4025  acc_ema=0.3561  [LEVEL_DOWN]  ranks[in=4/4 q=2/17 k=4/16 v=23/32 o=8/32 lm=4/2]
  step=  20000  phase=vocab  vocab=   8  k=  1  loss_ema=2.7658  acc_ema=0.3028  steps/sec=5.1  ranks[in=4/4 q=2/17 k=4/16 v=23/32 o=8/32 lm=4/2]

FINAL precision=fp4 final_vocab=8 final_k=1 final_phase=vocab graduated=False total_steps=20000 steps_per_sec=5.1 peak_rss_mb=76.6 (3949s)
PEAK precision=fp4 peak_vocab=16 peak_k=1 peak_phase=vocab
RANK_MUTATIONS precision=fp4 count=1019
  input_proj   scale_rank=4  additive_rank=4
  q_proj       scale_rank=2  additive_rank=17
  k_proj       scale_rank=4  additive_rank=16
  v_proj       scale_rank=23  additive_rank=32
  o_proj       scale_rank=8  additive_rank=32
  lm_head      scale_rank=4  additive_rank=2
RANK_HISTORY_JSON [{"step": 200, "ranks": {"input_proj": [2, 2], "q_proj": [1, 1], "k_proj": [1, 2], "v_proj": [1, 2], "o_proj": [1, 1], "lm_head": [1, 3]}}, {"step": 400, "ranks": {"input_proj": [2, 3], "q_proj": [2, 3], "k_proj": [3, 2], "v_proj": [4, 2], "o_proj": [2, 3], "lm_head": [1, 2]}}, {"step": 600, "ranks": {"input_proj": [2, 3], "q_proj": [2, 2], "k_proj": [3, 2], "v_proj": [5, 2], "o_proj": [1, 5], "lm_head": [1, 3]}}, {"step": 800, "ranks": {"input_proj": [2, 4], "q_proj": [2, 6], "k_proj": [3, 2], "v_proj": [5, 2], "o_proj": [2, 6], "lm_head": [1, 2]}}, {"step": 1000, "ranks": {"input_proj": [2, 4], "q_proj": [2, 6], "k_proj": [3, 2], "v_proj": [5, 2], "o_proj": [2, 6], "lm_head": [1, 2]}}, {"step": 1200, "ranks": {"input_proj": [2, 4], "q_proj": [2, 6], "k_proj": [3, 2], "v_proj": [5, 2], "o_proj": [2, 6], "lm_head": [1, 2]}}, {"step": 1400, "ranks": {"input_proj": [2, 4], "q_proj": [2, 6], "k_proj": [3, 2], "v_proj": [5, 2], "o_proj": [2, 6], "lm_head": [1, 2]}}, {"step": 1600, "ranks": {"input_proj": [2, 4], "q_proj": [2, 6], "k_proj": [3, 2], "v_proj": [5, 2], "o_proj": [2, 6], "lm_head": [1, 1]}}, {"step": 1800, "ranks": {"input_proj": [2, 4], "q_proj": [2, 6], "k_proj": [3, 2], "v_proj": [5, 2], "o_proj": [2, 7], "lm_head": [1, 2]}}, {"step": 2000, "ranks": {"input_proj": [2, 4], "q_proj": [2, 6], "k_proj": [3, 2], "v_proj": [5, 2], "o_proj": [2, 6], "lm_head": [1, 2]}}, {"step": 2200, "ranks": {"input_proj": [2, 4], "q_proj": [2, 6], "k_proj": [3, 2], "v_proj": [4, 2], "o_proj": [2, 7], "lm_head": [1, 2]}}, {"step": 2400, "ranks": {"input_proj": [2, 4], "q_proj": [2, 6], "k_proj": [2, 3], "v_proj": [5, 4], "o_proj": [3, 7], "lm_head": [1, 2]}}, {"step": 2600, "ranks": {"input_proj": [2, 4], "q_proj": [3, 7], "k_proj": [3, 6], "v_proj": [6, 6], "o_proj": [2, 7], "lm_head": [1, 2]}}, {"step": 2800, "ranks": {"input_proj": [2, 4], "q_proj": [2, 6], "k_proj": [3, 8], "v_proj": [5, 7], "o_proj": [2, 7], "lm_head": [1, 4]}}, {"step": 3000, "ranks": {"input_proj": [2, 4], "q_proj": [3, 6], "k_proj": [3, 13], "v_proj": [6, 9], "o_proj": [3, 7], "lm_head": [1, 3]}}, {"step": 3040, "ranks": {"input_proj": [2, 4], "q_proj": [3, 6], "k_proj": [3, 12], "v_proj": [7, 8], "o_proj": [2, 7], "lm_head": [1, 3]}}, {"step": 3075, "ranks": {"input_proj": [2, 4], "q_proj": [3, 6], "k_proj": [3, 12], "v_proj": [7, 8], "o_proj": [3, 7], "lm_head": [1, 3]}}, {"step": 3200, "ranks": {"input_proj": [2, 4], "q_proj": [2, 6], "k_proj": [3, 12], "v_proj": [7, 8], "o_proj": [3, 7], "lm_head": [1, 4]}}, {"step": 3400, "ranks": {"input_proj": [2, 4], "q_proj": [2, 6], "k_proj": [3, 12], "v_proj": [6, 7], "o_proj": [4, 9], "lm_head": [1, 4]}}, {"step": 3600, "ranks": {"input_proj": [2, 4], "q_proj": [2, 6], "k_proj": [3, 12], "v_proj": [6, 7], "o_proj": [4, 9], "lm_head": [1, 4]}}, {"step": 3800, "ranks": {"input_proj": [2, 4], "q_proj": [2, 6], "k_proj": [3, 13], "v_proj": [6, 7], "o_proj": [4, 9], "lm_head": [1, 3]}}, {"step": 4000, "ranks": {"input_proj": [2, 4], "q_proj": [2, 6], "k_proj": [3, 13], "v_proj": [6, 7], "o_proj": [4, 9], "lm_head": [1, 3]}}, {"step": 4200, "ranks": {"input_proj": [2, 4], "q_proj": [2, 5], "k_proj": [4, 13], "v_proj": [6, 7], "o_proj": [4, 9], "lm_head": [2, 3]}}, {"step": 4400, "ranks": {"input_proj": [2, 4], "q_proj": [2, 5], "k_proj": [4, 13], "v_proj": [6, 7], "o_proj": [4, 9], "lm_head": [2, 3]}}, {"step": 4600, "ranks": {"input_proj": [3, 4], "q_proj": [2, 5], "k_proj": [5, 12], "v_proj": [7, 8], "o_proj": [3, 10], "lm_head": [2, 3]}}, {"step": 4800, "ranks": {"input_proj": [3, 4], "q_proj": [2, 5], "k_proj": [5, 12], "v_proj": [7, 9], "o_proj": [3, 10], "lm_head": [2, 3]}}, {"step": 5000, "ranks": {"input_proj": [4, 4], "q_proj": [2, 5], "k_proj": [5, 12], "v_proj": [7, 10], "o_proj": [4, 11], "lm_head": [2, 3]}}, {"step": 5200, "ranks": {"input_proj": [4, 4], "q_proj": [2, 5], "k_proj": [4, 11], "v_proj": [7, 9], "o_proj": [4, 11], "lm_head": [3, 3]}}, {"step": 5400, "ranks": {"input_proj": [4, 4], "q_proj": [2, 5], "k_proj": [5, 11], "v_proj": [8, 9], "o_proj": [5, 11], "lm_head": [3, 3]}}, {"step": 5600, "ranks": {"input_proj": [4, 4], "q_proj": [2, 5], "k_proj": [5, 11], "v_proj": [8, 11], "o_proj": [5, 10], "lm_head": [3, 3]}}, {"step": 5800, "ranks": {"input_proj": [4, 4], "q_proj": [2, 5], "k_proj": [5, 10], "v_proj": [8, 12], "o_proj": [6, 11], "lm_head": [3, 2]}}, {"step": 6000, "ranks": {"input_proj": [4, 4], "q_proj": [3, 5], "k_proj": [4, 10], "v_proj": [7, 13], "o_proj": [6, 10], "lm_head": [4, 2]}}, {"step": 6200, "ranks": {"input_proj": [4, 4], "q_proj": [3, 5], "k_proj": [6, 10], "v_proj": [7, 13], "o_proj": [7, 10], "lm_head": [4, 2]}}, {"step": 6400, "ranks": {"input_proj": [4, 4], "q_proj": [3, 5], "k_proj": [5, 10], "v_proj": [7, 13], "o_proj": [7, 10], "lm_head": [4, 2]}}, {"step": 6600, "ranks": {"input_proj": [4, 4], "q_proj": [3, 5], "k_proj": [7, 10], "v_proj": [7, 14], "o_proj": [7, 10], "lm_head": [4, 2]}}, {"step": 6800, "ranks": {"input_proj": [4, 4], "q_proj": [3, 5], "k_proj": [7, 13], "v_proj": [7, 14], "o_proj": [7, 10], "lm_head": [4, 2]}}, {"step": 7000, "ranks": {"input_proj": [4, 4], "q_proj": [3, 5], "k_proj": [6, 12], "v_proj": [7, 14], "o_proj": [5, 10], "lm_head": [4, 2]}}, {"step": 7200, "ranks": {"input_proj": [4, 4], "q_proj": [3, 5], "k_proj": [6, 12], "v_proj": [7, 14], "o_proj": [5, 10], "lm_head": [4, 2]}}, {"step": 7400, "ranks": {"input_proj": [4, 4], "q_proj": [4, 5], "k_proj": [7, 12], "v_proj": [7, 14], "o_proj": [5, 9], "lm_head": [4, 2]}}, {"step": 7600, "ranks": {"input_proj": [4, 4], "q_proj": [4, 5], "k_proj": [7, 12], "v_proj": [8, 14], "o_proj": [5, 10], "lm_head": [4, 2]}}, {"step": 7800, "ranks": {"input_proj": [4, 4], "q_proj": [4, 5], "k_proj": [7, 12], "v_proj": [7, 13], "o_proj": [5, 11], "lm_head": [4, 2]}}, {"step": 8000, "ranks": {"input_proj": [4, 4], "q_proj": [3, 5], "k_proj": [7, 12], "v_proj": [8, 12], "o_proj": [5, 12], "lm_head": [4, 2]}}, {"step": 8200, "ranks": {"input_proj": [4, 4], "q_proj": [3, 5], "k_proj": [7, 12], "v_proj": [8, 12], "o_proj": [5, 12], "lm_head": [4, 2]}}, {"step": 8400, "ranks": {"input_proj": [4, 4], "q_proj": [3, 6], "k_proj": [7, 12], "v_proj": [7, 14], "o_proj": [6, 13], "lm_head": [4, 2]}}, {"step": 8600, "ranks": {"input_proj": [4, 4], "q_proj": [3, 6], "k_proj": [6, 11], "v_proj": [8, 14], "o_proj": [5, 13], "lm_head": [4, 2]}}, {"step": 8800, "ranks": {"input_proj": [4, 4], "q_proj": [3, 9], "k_proj": [7, 11], "v_proj": [8, 14], "o_proj": [6, 14], "lm_head": [4, 2]}}, {"step": 9000, "ranks": {"input_proj": [4, 4], "q_proj": [3, 11], "k_proj": [6, 10], "v_proj": [8, 14], "o_proj": [7, 16], "lm_head": [4, 2]}}, {"step": 9200, "ranks": {"input_proj": [4, 4], "q_proj": [3, 11], "k_proj": [6, 10], "v_proj": [8, 14], "o_proj": [6, 18], "lm_head": [4, 2]}}, {"step": 9400, "ranks": {"input_proj": [4, 4], "q_proj": [3, 12], "k_proj": [6, 10], "v_proj": [8, 14], "o_proj": [6, 19], "lm_head": [4, 2]}}, {"step": 9600, "ranks": {"input_proj": [4, 3], "q_proj": [3, 12], "k_proj": [6, 10], "v_proj": [8, 15], "o_proj": [7, 20], "lm_head": [4, 2]}}, {"step": 9800, "ranks": {"input_proj": [4, 4], "q_proj": [3, 10], "k_proj": [6, 10], "v_proj": [9, 18], "o_proj": [9, 22], "lm_head": [4, 2]}}, {"step": 10000, "ranks": {"input_proj": [4, 4], "q_proj": [3, 10], "k_proj": [6, 10], "v_proj": [10, 19], "o_proj": [9, 26], "lm_head": [4, 2]}}, {"step": 10154, "ranks": {"input_proj": [4, 4], "q_proj": [3, 10], "k_proj": [6, 10], "v_proj": [10, 21], "o_proj": [8, 28], "lm_head": [4, 2]}}, {"step": 10184, "ranks": {"input_proj": [4, 4], "q_proj": [3, 10], "k_proj": [6, 10], "v_proj": [10, 22], "o_proj": [8, 28], "lm_head": [4, 2]}}, {"step": 10200, "ranks": {"input_proj": [4, 4], "q_proj": [3, 10], "k_proj": [6, 10], "v_proj": [10, 22], "o_proj": [8, 28], "lm_head": [4, 2]}}, {"step": 10400, "ranks": {"input_proj": [4, 4], "q_proj": [3, 10], "k_proj": [6, 10], "v_proj": [10, 22], "o_proj": [8, 27], "lm_head": [4, 2]}}, {"step": 10600, "ranks": {"input_proj": [4, 4], "q_proj": [3, 10], "k_proj": [6, 10], "v_proj": [10, 22], "o_proj": [8, 27], "lm_head": [4, 2]}}, {"step": 10764, "ranks": {"input_proj": [4, 4], "q_proj": [3, 10], "k_proj": [6, 10], "v_proj": [10, 24], "o_proj": [8, 27], "lm_head": [4, 2]}}, {"step": 10794, "ranks": {"input_proj": [4, 4], "q_proj": [3, 10], "k_proj": [6, 10], "v_proj": [10, 25], "o_proj": [8, 27], "lm_head": [4, 2]}}, {"step": 10800, "ranks": {"input_proj": [4, 4], "q_proj": [3, 10], "k_proj": [6, 10], "v_proj": [10, 25], "o_proj": [8, 27], "lm_head": [4, 2]}}, {"step": 11000, "ranks": {"input_proj": [4, 4], "q_proj": [3, 10], "k_proj": [6, 10], "v_proj": [10, 30], "o_proj": [8, 27], "lm_head": [4, 2]}}, {"step": 11200, "ranks": {"input_proj": [4, 4], "q_proj": [3, 10], "k_proj": [6, 10], "v_proj": [10, 32], "o_proj": [8, 27], "lm_head": [4, 2]}}, {"step": 11400, "ranks": {"input_proj": [4, 4], "q_proj": [3, 10], "k_proj": [6, 10], "v_proj": [10, 32], "o_proj": [8, 27], "lm_head": [4, 2]}}, {"step": 11600, "ranks": {"input_proj": [4, 4], "q_proj": [3, 10], "k_proj": [6, 10], "v_proj": [10, 32], "o_proj": [8, 27], "lm_head": [4, 2]}}, {"step": 11800, "ranks": {"input_proj": [4, 4], "q_proj": [3, 9], "k_proj": [6, 9], "v_proj": [11, 32], "o_proj": [9, 29], "lm_head": [4, 2]}}, {"step": 12000, "ranks": {"input_proj": [4, 4], "q_proj": [3, 9], "k_proj": [6, 9], "v_proj": [12, 32], "o_proj": [9, 30], "lm_head": [4, 2]}}, {"step": 12200, "ranks": {"input_proj": [4, 4], "q_proj": [3, 9], "k_proj": [6, 11], "v_proj": [13, 32], "o_proj": [8, 31], "lm_head": [4, 2]}}, {"step": 12400, "ranks": {"input_proj": [4, 4], "q_proj": [2, 9], "k_proj": [6, 10], "v_proj": [14, 32], "o_proj": [8, 31], "lm_head": [4, 2]}}, {"step": 12600, "ranks": {"input_proj": [4, 4], "q_proj": [2, 9], "k_proj": [6, 10], "v_proj": [14, 32], "o_proj": [8, 31], "lm_head": [4, 2]}}, {"step": 12800, "ranks": {"input_proj": [4, 4], "q_proj": [2, 9], "k_proj": [6, 10], "v_proj": [15, 32], "o_proj": [8, 32], "lm_head": [4, 2]}}, {"step": 13000, "ranks": {"input_proj": [4, 4], "q_proj": [2, 9], "k_proj": [6, 10], "v_proj": [15, 32], "o_proj": [8, 32], "lm_head": [4, 2]}}, {"step": 13200, "ranks": {"input_proj": [4, 4], "q_proj": [2, 9], "k_proj": [7, 10], "v_proj": [16, 32], "o_proj": [8, 32], "lm_head": [4, 2]}}, {"step": 13400, "ranks": {"input_proj": [4, 4], "q_proj": [2, 10], "k_proj": [6, 11], "v_proj": [18, 32], "o_proj": [8, 32], "lm_head": [4, 2]}}, {"step": 13600, "ranks": {"input_proj": [4, 4], "q_proj": [2, 11], "k_proj": [6, 11], "v_proj": [19, 32], "o_proj": [8, 32], "lm_head": [4, 2]}}, {"step": 13800, "ranks": {"input_proj": [4, 4], "q_proj": [2, 11], "k_proj": [6, 11], "v_proj": [21, 32], "o_proj": [8, 32], "lm_head": [4, 2]}}, {"step": 14000, "ranks": {"input_proj": [4, 4], "q_proj": [2, 12], "k_proj": [6, 11], "v_proj": [20, 32], "o_proj": [8, 32], "lm_head": [4, 2]}}, {"step": 14200, "ranks": {"input_proj": [4, 4], "q_proj": [2, 12], "k_proj": [6, 11], "v_proj": [21, 32], "o_proj": [8, 32], "lm_head": [4, 2]}}, {"step": 14400, "ranks": {"input_proj": [4, 4], "q_proj": [2, 12], "k_proj": [6, 11], "v_proj": [21, 32], "o_proj": [8, 32], "lm_head": [4, 2]}}, {"step": 14600, "ranks": {"input_proj": [4, 4], "q_proj": [2, 12], "k_proj": [6, 11], "v_proj": [21, 32], "o_proj": [8, 32], "lm_head": [4, 2]}}, {"step": 14800, "ranks": {"input_proj": [4, 4], "q_proj": [2, 14], "k_proj": [6, 12], "v_proj": [21, 32], "o_proj": [8, 32], "lm_head": [4, 2]}}, {"step": 15000, "ranks": {"input_proj": [4, 4], "q_proj": [2, 15], "k_proj": [6, 18], "v_proj": [21, 32], "o_proj": [8, 32], "lm_head": [4, 2]}}, {"step": 15200, "ranks": {"input_proj": [4, 4], "q_proj": [2, 15], "k_proj": [6, 19], "v_proj": [21, 32], "o_proj": [8, 32], "lm_head": [4, 2]}}, {"step": 15400, "ranks": {"input_proj": [4, 4], "q_proj": [2, 15], "k_proj": [6, 19], "v_proj": [21, 32], "o_proj": [8, 32], "lm_head": [4, 2]}}, {"step": 15600, "ranks": {"input_proj": [4, 4], "q_proj": [2, 15], "k_proj": [6, 19], "v_proj": [21, 32], "o_proj": [8, 32], "lm_head": [4, 2]}}, {"step": 15800, "ranks": {"input_proj": [4, 4], "q_proj": [2, 15], "k_proj": [6, 19], "v_proj": [21, 32], "o_proj": [8, 32], "lm_head": [4, 2]}}, {"step": 16000, "ranks": {"input_proj": [4, 4], "q_proj": [2, 15], "k_proj": [6, 19], "v_proj": [21, 32], "o_proj": [8, 32], "lm_head": [4, 2]}}, {"step": 16200, "ranks": {"input_proj": [4, 4], "q_proj": [2, 15], "k_proj": [6, 19], "v_proj": [21, 32], "o_proj": [8, 32], "lm_head": [4, 2]}}, {"step": 16400, "ranks": {"input_proj": [4, 4], "q_proj": [2, 19], "k_proj": [6, 20], "v_proj": [21, 32], "o_proj": [8, 32], "lm_head": [4, 2]}}, {"step": 16600, "ranks": {"input_proj": [4, 4], "q_proj": [2, 20], "k_proj": [6, 20], "v_proj": [21, 32], "o_proj": [8, 32], "lm_head": [4, 2]}}, {"step": 16800, "ranks": {"input_proj": [4, 4], "q_proj": [2, 20], "k_proj": [6, 20], "v_proj": [21, 32], "o_proj": [8, 32], "lm_head": [4, 2]}}, {"step": 17000, "ranks": {"input_proj": [4, 4], "q_proj": [2, 20], "k_proj": [6, 20], "v_proj": [21, 32], "o_proj": [8, 32], "lm_head": [4, 2]}}, {"step": 17200, "ranks": {"input_proj": [4, 4], "q_proj": [2, 20], "k_proj": [6, 20], "v_proj": [21, 32], "o_proj": [8, 32], "lm_head": [4, 2]}}, {"step": 17400, "ranks": {"input_proj": [4, 4], "q_proj": [2, 21], "k_proj": [6, 20], "v_proj": [22, 32], "o_proj": [8, 32], "lm_head": [4, 2]}}, {"step": 17592, "ranks": {"input_proj": [4, 4], "q_proj": [2, 21], "k_proj": [6, 20], "v_proj": [21, 32], "o_proj": [8, 32], "lm_head": [4, 2]}}, {"step": 17600, "ranks": {"input_proj": [4, 4], "q_proj": [2, 21], "k_proj": [6, 21], "v_proj": [21, 32], "o_proj": [8, 32], "lm_head": [4, 2]}}, {"step": 17623, "ranks": {"input_proj": [4, 4], "q_proj": [2, 21], "k_proj": [6, 21], "v_proj": [22, 32], "o_proj": [8, 31], "lm_head": [4, 2]}}, {"step": 17682, "ranks": {"input_proj": [4, 4], "q_proj": [2, 19], "k_proj": [6, 20], "v_proj": [22, 32], "o_proj": [8, 32], "lm_head": [4, 2]}}, {"step": 17715, "ranks": {"input_proj": [4, 4], "q_proj": [2, 19], "k_proj": [6, 19], "v_proj": [23, 32], "o_proj": [8, 32], "lm_head": [4, 2]}}, {"step": 17800, "ranks": {"input_proj": [4, 4], "q_proj": [2, 19], "k_proj": [6, 19], "v_proj": [23, 32], "o_proj": [8, 32], "lm_head": [4, 2]}}, {"step": 18000, "ranks": {"input_proj": [4, 4], "q_proj": [2, 20], "k_proj": [6, 19], "v_proj": [23, 32], "o_proj": [8, 32], "lm_head": [4, 2]}}, {"step": 18200, "ranks": {"input_proj": [4, 4], "q_proj": [2, 20], "k_proj": [6, 19], "v_proj": [23, 32], "o_proj": [8, 32], "lm_head": [4, 2]}}, {"step": 18400, "ranks": {"input_proj": [4, 4], "q_proj": [2, 19], "k_proj": [5, 18], "v_proj": [23, 32], "o_proj": [8, 32], "lm_head": [4, 2]}}, {"step": 18600, "ranks": {"input_proj": [4, 4], "q_proj": [2, 19], "k_proj": [5, 18], "v_proj": [23, 32], "o_proj": [8, 32], "lm_head": [4, 2]}}, {"step": 18800, "ranks": {"input_proj": [4, 4], "q_proj": [2, 19], "k_proj": [5, 18], "v_proj": [23, 32], "o_proj": [8, 32], "lm_head": [4, 2]}}, {"step": 19000, "ranks": {"input_proj": [4, 4], "q_proj": [2, 18], "k_proj": [5, 18], "v_proj": [23, 32], "o_proj": [8, 32], "lm_head": [4, 2]}}, {"step": 19200, "ranks": {"input_proj": [4, 4], "q_proj": [2, 18], "k_proj": [5, 18], "v_proj": [24, 32], "o_proj": [8, 32], "lm_head": [4, 2]}}, {"step": 19220, "ranks": {"input_proj": [4, 4], "q_proj": [2, 18], "k_proj": [5, 18], "v_proj": [23, 32], "o_proj": [8, 32], "lm_head": [4, 2]}}, {"step": 19253, "ranks": {"input_proj": [4, 4], "q_proj": [3, 18], "k_proj": [5, 18], "v_proj": [24, 32], "o_proj": [8, 32], "lm_head": [4, 2]}}, {"step": 19308, "ranks": {"input_proj": [4, 4], "q_proj": [2, 18], "k_proj": [5, 17], "v_proj": [23, 32], "o_proj": [8, 32], "lm_head": [4, 2]}}, {"step": 19338, "ranks": {"input_proj": [4, 4], "q_proj": [2, 18], "k_proj": [5, 17], "v_proj": [24, 32], "o_proj": [8, 32], "lm_head": [4, 2]}}, {"step": 19400, "ranks": {"input_proj": [4, 4], "q_proj": [2, 17], "k_proj": [5, 17], "v_proj": [23, 32], "o_proj": [8, 32], "lm_head": [4, 2]}}, {"step": 19431, "ranks": {"input_proj": [4, 4], "q_proj": [2, 17], "k_proj": [5, 17], "v_proj": [23, 32], "o_proj": [8, 32], "lm_head": [4, 2]}}, {"step": 19461, "ranks": {"input_proj": [4, 4], "q_proj": [2, 17], "k_proj": [5, 17], "v_proj": [23, 32], "o_proj": [8, 32], "lm_head": [4, 2]}}, {"step": 19483, "ranks": {"input_proj": [4, 4], "q_proj": [2, 17], "k_proj": [5, 17], "v_proj": [23, 32], "o_proj": [8, 32], "lm_head": [4, 2]}}, {"step": 19516, "ranks": {"input_proj": [4, 4], "q_proj": [2, 17], "k_proj": [5, 16], "v_proj": [24, 32], "o_proj": [8, 32], "lm_head": [4, 2]}}, {"step": 19600, "ranks": {"input_proj": [4, 4], "q_proj": [2, 17], "k_proj": [4, 16], "v_proj": [23, 32], "o_proj": [8, 32], "lm_head": [4, 2]}}, {"step": 19800, "ranks": {"input_proj": [4, 4], "q_proj": [2, 17], "k_proj": [4, 16], "v_proj": [23, 32], "o_proj": [8, 32], "lm_head": [4, 2]}}, {"step": 19924, "ranks": {"input_proj": [4, 4], "q_proj": [2, 17], "k_proj": [4, 16], "v_proj": [23, 32], "o_proj": [8, 32], "lm_head": [4, 2]}}, {"step": 19968, "ranks": {"input_proj": [4, 4], "q_proj": [2, 17], "k_proj": [4, 16], "v_proj": [23, 32], "o_proj": [8, 32], "lm_head": [4, 2]}}, {"step": 20000, "ranks": {"input_proj": [4, 4], "q_proj": [2, 17], "k_proj": [4, 16], "v_proj": [23, 32], "o_proj": [8, 32], "lm_head": [4, 2]}}]
STAGE_HISTORY_JSON [{"step": 3040, "event": "level_up", "from": {"vocab": 8, "k": 1, "phase": "vocab"}, "to": {"vocab": 16, "k": 1, "phase": "vocab"}}, {"step": 3075, "event": "level_down", "from": {"vocab": 16, "k": 1, "phase": "vocab"}, "to": {"vocab": 8, "k": 1, "phase": "vocab"}}, {"step": 10154, "event": "level_up", "from": {"vocab": 8, "k": 1, "phase": "vocab"}, "to": {"vocab": 16, "k": 1, "phase": "vocab"}}, {"step": 10184, "event": "level_down", "from": {"vocab": 16, "k": 1, "phase": "vocab"}, "to": {"vocab": 8, "k": 1, "phase": "vocab"}}, {"step": 10764, "event": "level_up", "from": {"vocab": 8, "k": 1, "phase": "vocab"}, "to": {"vocab": 16, "k": 1, "phase": "vocab"}}, {"step": 10794, "event": "level_down", "from": {"vocab": 16, "k": 1, "phase": "vocab"}, "to": {"vocab": 8, "k": 1, "phase": "vocab"}}, {"step": 17592, "event": "level_up", "from": {"vocab": 8, "k": 1, "phase": "vocab"}, "to": {"vocab": 16, "k": 1, "phase": "vocab"}}, {"step": 17623, "event": "level_down", "from": {"vocab": 16, "k": 1, "phase": "vocab"}, "to": {"vocab": 8, "k": 1, "phase": "vocab"}}, {"step": 17682, "event": "level_up", "from": {"vocab": 8, "k": 1, "phase": "vocab"}, "to": {"vocab": 16, "k": 1, "phase": "vocab"}}, {"step": 17715, "event": "level_down", "from": {"vocab": 16, "k": 1, "phase": "vocab"}, "to": {"vocab": 8, "k": 1, "phase": "vocab"}}, {"step": 19220, "event": "level_up", "from": {"vocab": 8, "k": 1, "phase": "vocab"}, "to": {"vocab": 16, "k": 1, "phase": "vocab"}}, {"step": 19253, "event": "level_down", "from": {"vocab": 16, "k": 1, "phase": "vocab"}, "to": {"vocab": 8, "k": 1, "phase": "vocab"}}, {"step": 19308, "event": "level_up", "from": {"vocab": 8, "k": 1, "phase": "vocab"}, "to": {"vocab": 16, "k": 1, "phase": "vocab"}}, {"step": 19338, "event": "level_down", "from": {"vocab": 16, "k": 1, "phase": "vocab"}, "to": {"vocab": 8, "k": 1, "phase": "vocab"}}, {"step": 19431, "event": "level_up", "from": {"vocab": 8, "k": 1, "phase": "vocab"}, "to": {"vocab": 16, "k": 1, "phase": "vocab"}}, {"step": 19461, "event": "level_down", "from": {"vocab": 16, "k": 1, "phase": "vocab"}, "to": {"vocab": 8, "k": 1, "phase": "vocab"}}, {"step": 19483, "event": "level_up", "from": {"vocab": 8, "k": 1, "phase": "vocab"}, "to": {"vocab": 16, "k": 1, "phase": "vocab"}}, {"step": 19516, "event": "level_down", "from": {"vocab": 16, "k": 1, "phase": "vocab"}, "to": {"vocab": 8, "k": 1, "phase": "vocab"}}, {"step": 19924, "event": "level_up", "from": {"vocab": 8, "k": 1, "phase": "vocab"}, "to": {"vocab": 16, "k": 1, "phase": "vocab"}}, {"step": 19968, "event": "level_down", "from": {"vocab": 16, "k": 1, "phase": "vocab"}, "to": {"vocab": 8, "k": 1, "phase": "vocab"}}]
