
=== superposition_multi_digit_probe.py run started 2026-08-18T18:14:40.306628 ===
WIDTH_CONFIGS={5: 16000, 20: 64000} DENSITY=0.05 LR=0.02
  hw  n_steps  baseline  multi_digit_stoch  multi_digit_det      fp32  md_stoch_beats_base
--- hidden_width=5 n_features=20 n_steps=16000 decay=0.9000 baseline=0.0782 ---
  hw=  5 multi_digit_stoch step=      0/16000 current=0.1919 best=0.1919 elapsed=0.0s
  hw=  5 multi_digit_stoch step=    260/16000 current=0.1767 best=0.1767 elapsed=0.6s
  hw=  5 multi_digit_stoch step=    520/16000 current=0.1600 best=0.1600 elapsed=1.2s
  hw=  5 multi_digit_stoch step=    780/16000 current=0.1510 best=0.1510 elapsed=1.7s
  hw=  5 multi_digit_stoch step=   1040/16000 current=0.1499 best=0.1494 elapsed=2.3s
  hw=  5 multi_digit_stoch step=   1300/16000 current=0.1420 best=0.1420 elapsed=2.8s
  hw=  5 multi_digit_stoch step=   1560/16000 current=0.1404 best=0.1394 elapsed=3.4s
  hw=  5 multi_digit_stoch step=   1820/16000 current=0.1417 best=0.1394 elapsed=4.0s
  hw=  5 multi_digit_stoch step=   2080/16000 current=0.1391 best=0.1391 elapsed=4.6s
  hw=  5 multi_digit_stoch step=   2340/16000 current=0.1353 best=0.1353 elapsed=5.2s
  hw=  5 multi_digit_stoch step=   2600/16000 current=0.1338 best=0.1337 elapsed=5.8s
  hw=  5 multi_digit_stoch step=   2860/16000 current=0.1360 best=0.1337 elapsed=6.4s
  hw=  5 multi_digit_stoch step=   3120/16000 current=0.1356 best=0.1337 elapsed=6.9s
  hw=  5 multi_digit_stoch step=   3380/16000 current=0.1356 best=0.1337 elapsed=7.5s
  hw=  5 multi_digit_stoch step=   3640/16000 current=0.1335 best=0.1334 elapsed=8.1s
  hw=  5 multi_digit_stoch step=   3900/16000 current=0.1353 best=0.1325 elapsed=8.7s
  hw=  5 multi_digit_stoch step=   4160/16000 current=0.1315 best=0.1314 elapsed=9.3s
  hw=  5 multi_digit_stoch step=   4420/16000 current=0.1308 best=0.1308 elapsed=9.9s
  hw=  5 multi_digit_stoch step=   4680/16000 current=0.1305 best=0.1302 elapsed=10.4s
  hw=  5 multi_digit_stoch step=   4940/16000 current=0.1291 best=0.1291 elapsed=11.0s
  hw=  5 multi_digit_stoch step=   5200/16000 current=0.1271 best=0.1266 elapsed=11.6s
  hw=  5 multi_digit_stoch step=   5460/16000 current=0.1249 best=0.1249 elapsed=12.2s
  hw=  5 multi_digit_stoch step=   5720/16000 current=0.1240 best=0.1235 elapsed=12.8s
  hw=  5 multi_digit_stoch step=   5980/16000 current=0.1234 best=0.1214 elapsed=13.4s
  hw=  5 multi_digit_stoch step=   6240/16000 current=0.1224 best=0.1214 elapsed=13.9s
  hw=  5 multi_digit_stoch step=   6500/16000 current=0.1209 best=0.1203 elapsed=14.4s
  hw=  5 multi_digit_stoch step=   6760/16000 current=0.1203 best=0.1202 elapsed=14.9s
  hw=  5 multi_digit_stoch step=   7020/16000 current=0.1197 best=0.1195 elapsed=15.4s
  hw=  5 multi_digit_stoch step=   7280/16000 current=0.1217 best=0.1194 elapsed=16.0s
  hw=  5 multi_digit_stoch step=   7540/16000 current=0.1196 best=0.1194 elapsed=16.6s
  hw=  5 multi_digit_stoch step=   7800/16000 current=0.1166 best=0.1166 elapsed=17.3s
  hw=  5 multi_digit_stoch step=   8060/16000 current=0.1152 best=0.1149 elapsed=17.9s
  hw=  5 multi_digit_stoch step=   8320/16000 current=0.1159 best=0.1149 elapsed=18.5s
  hw=  5 multi_digit_stoch step=   8580/16000 current=0.1173 best=0.1149 elapsed=19.0s
  hw=  5 multi_digit_stoch step=   8840/16000 current=0.1169 best=0.1149 elapsed=19.6s
  hw=  5 multi_digit_stoch step=   9100/16000 current=0.1149 best=0.1145 elapsed=20.2s
  hw=  5 multi_digit_stoch step=   9360/16000 current=0.1155 best=0.1144 elapsed=20.8s
  hw=  5 multi_digit_stoch step=   9620/16000 current=0.1148 best=0.1144 elapsed=21.4s
  hw=  5 multi_digit_stoch step=   9880/16000 current=0.1161 best=0.1138 elapsed=21.9s
  hw=  5 multi_digit_stoch step=  10140/16000 current=0.1140 best=0.1138 elapsed=22.6s
  hw=  5 multi_digit_stoch step=  10400/16000 current=0.1129 best=0.1126 elapsed=23.1s
  hw=  5 multi_digit_stoch step=  10660/16000 current=0.1124 best=0.1124 elapsed=23.7s
  hw=  5 multi_digit_stoch step=  10920/16000 current=0.1128 best=0.1124 elapsed=24.4s
  hw=  5 multi_digit_stoch step=  11180/16000 current=0.1142 best=0.1124 elapsed=25.0s
  hw=  5 multi_digit_stoch step=  11440/16000 current=0.1107 best=0.1107 elapsed=25.6s
  hw=  5 multi_digit_stoch step=  11700/16000 current=0.1087 best=0.1084 elapsed=26.1s
  hw=  5 multi_digit_stoch step=  11960/16000 current=0.1078 best=0.1078 elapsed=26.7s
  hw=  5 multi_digit_stoch step=  12220/16000 current=0.1072 best=0.1065 elapsed=27.3s
  hw=  5 multi_digit_stoch step=  12480/16000 current=0.1067 best=0.1065 elapsed=27.9s
  hw=  5 multi_digit_stoch step=  12740/16000 current=0.1078 best=0.1064 elapsed=28.5s
  hw=  5 multi_digit_stoch step=  13000/16000 current=0.1077 best=0.1064 elapsed=29.1s
  hw=  5 multi_digit_stoch step=  13260/16000 current=0.1065 best=0.1064 elapsed=29.8s
  hw=  5 multi_digit_stoch step=  13520/16000 current=0.1035 best=0.1035 elapsed=30.4s
  hw=  5 multi_digit_stoch step=  13780/16000 current=0.1022 best=0.1022 elapsed=31.0s
  hw=  5 multi_digit_stoch step=  14040/16000 current=0.1016 best=0.1015 elapsed=31.7s
  hw=  5 multi_digit_stoch step=  14300/16000 current=0.1011 best=0.1008 elapsed=32.3s
  hw=  5 multi_digit_stoch step=  14560/16000 current=0.1013 best=0.1008 elapsed=32.8s
  hw=  5 multi_digit_stoch step=  14820/16000 current=0.1013 best=0.1008 elapsed=33.4s
  hw=  5 multi_digit_stoch step=  15080/16000 current=0.1007 best=0.1007 elapsed=34.0s
  hw=  5 multi_digit_stoch step=  15340/16000 current=0.1004 best=0.1002 elapsed=34.6s
  hw=  5 multi_digit_stoch step=  15600/16000 current=0.0995 best=0.0995 elapsed=35.2s
  hw=  5 multi_digit_stoch step=  15860/16000 current=0.0990 best=0.0990 elapsed=35.8s
  hw=  5 multi_digit_stoch step=  16000/16000 current=0.0987 best=0.0987 elapsed=36.1s
  hw=  5 multi_digit_det  step=      0/16000 current=0.1966 best=0.1966 elapsed=0.0s
  hw=  5 multi_digit_det  step=    260/16000 current=0.1652 best=0.1652 elapsed=0.7s
  hw=  5 multi_digit_det  step=    520/16000 current=0.1530 best=0.1530 elapsed=1.3s
  hw=  5 multi_digit_det  step=    780/16000 current=0.1447 best=0.1447 elapsed=1.9s
  hw=  5 multi_digit_det  step=   1040/16000 current=0.1387 best=0.1387 elapsed=2.4s
  hw=  5 multi_digit_det  step=   1300/16000 current=0.1351 best=0.1351 elapsed=3.0s
  hw=  5 multi_digit_det  step=   1560/16000 current=0.1331 best=0.1331 elapsed=3.5s
  hw=  5 multi_digit_det  step=   1820/16000 current=0.1319 best=0.1319 elapsed=4.0s
  hw=  5 multi_digit_det  step=   2080/16000 current=0.1309 best=0.1309 elapsed=4.6s
  hw=  5 multi_digit_det  step=   2340/16000 current=0.1299 best=0.1299 elapsed=5.1s
  hw=  5 multi_digit_det  step=   2600/16000 current=0.1291 best=0.1291 elapsed=5.7s
  hw=  5 multi_digit_det  step=   2860/16000 current=0.1287 best=0.1287 elapsed=6.3s
  hw=  5 multi_digit_det  step=   3120/16000 current=0.1283 best=0.1283 elapsed=6.8s
  hw=  5 multi_digit_det  step=   3380/16000 current=0.1279 best=0.1279 elapsed=7.4s
  hw=  5 multi_digit_det  step=   3640/16000 current=0.1276 best=0.1276 elapsed=7.9s
  hw=  5 multi_digit_det  step=   3900/16000 current=0.1274 best=0.1274 elapsed=8.4s
  hw=  5 multi_digit_det  step=   4160/16000 current=0.1271 best=0.1271 elapsed=9.0s
  hw=  5 multi_digit_det  step=   4420/16000 current=0.1268 best=0.1268 elapsed=9.5s
  hw=  5 multi_digit_det  step=   4680/16000 current=0.1267 best=0.1267 elapsed=10.1s
  hw=  5 multi_digit_det  step=   4940/16000 current=0.1265 best=0.1265 elapsed=10.7s
  hw=  5 multi_digit_det  step=   5200/16000 current=0.1264 best=0.1264 elapsed=11.2s
  hw=  5 multi_digit_det  step=   5460/16000 current=0.1263 best=0.1263 elapsed=11.8s
  hw=  5 multi_digit_det  step=   5720/16000 current=0.1262 best=0.1262 elapsed=12.3s
  hw=  5 multi_digit_det  step=   5980/16000 current=0.1261 best=0.1261 elapsed=12.9s
  hw=  5 multi_digit_det  step=   6240/16000 current=0.1260 best=0.1260 elapsed=13.4s
  hw=  5 multi_digit_det  step=   6500/16000 current=0.1260 best=0.1259 elapsed=14.0s
  hw=  5 multi_digit_det  step=   6760/16000 current=0.1259 best=0.1259 elapsed=14.5s
  hw=  5 multi_digit_det  step=   7020/16000 current=0.1258 best=0.1258 elapsed=15.1s
  hw=  5 multi_digit_det  step=   7280/16000 current=0.1257 best=0.1257 elapsed=15.6s
  hw=  5 multi_digit_det  step=   7540/16000 current=0.1256 best=0.1256 elapsed=16.2s
  hw=  5 multi_digit_det  step=   7800/16000 current=0.1255 best=0.1255 elapsed=16.7s
  hw=  5 multi_digit_det  step=   8060/16000 current=0.1255 best=0.1255 elapsed=17.3s
  hw=  5 multi_digit_det  step=   8320/16000 current=0.1254 best=0.1254 elapsed=17.9s
  hw=  5 multi_digit_det  step=   8580/16000 current=0.1253 best=0.1253 elapsed=18.5s
  hw=  5 multi_digit_det  step=   8840/16000 current=0.1253 best=0.1252 elapsed=19.0s
  hw=  5 multi_digit_det  step=   9100/16000 current=0.1252 best=0.1252 elapsed=19.7s
  hw=  5 multi_digit_det  step=   9360/16000 current=0.1251 best=0.1251 elapsed=20.3s
  hw=  5 multi_digit_det  step=   9620/16000 current=0.1250 best=0.1250 elapsed=20.9s
  hw=  5 multi_digit_det  step=   9880/16000 current=0.1250 best=0.1250 elapsed=21.4s
  hw=  5 multi_digit_det  step=  10140/16000 current=0.1249 best=0.1249 elapsed=22.0s
  hw=  5 multi_digit_det  step=  10400/16000 current=0.1249 best=0.1249 elapsed=22.6s
  hw=  5 multi_digit_det  step=  10660/16000 current=0.1248 best=0.1248 elapsed=23.2s
  hw=  5 multi_digit_det  step=  10920/16000 current=0.1248 best=0.1248 elapsed=23.7s
  hw=  5 multi_digit_det  step=  11180/16000 current=0.1248 best=0.1248 elapsed=24.3s
  hw=  5 multi_digit_det  step=  11440/16000 current=0.1248 best=0.1247 elapsed=24.8s
  hw=  5 multi_digit_det  step=  11700/16000 current=0.1247 best=0.1247 elapsed=25.4s
  hw=  5 multi_digit_det  step=  11960/16000 current=0.1246 best=0.1246 elapsed=26.0s
  hw=  5 multi_digit_det  step=  12220/16000 current=0.1245 best=0.1245 elapsed=26.5s
  hw=  5 multi_digit_det  step=  12480/16000 current=0.1245 best=0.1245 elapsed=27.1s
  hw=  5 multi_digit_det  step=  12740/16000 current=0.1244 best=0.1244 elapsed=27.6s
  hw=  5 multi_digit_det  step=  13000/16000 current=0.1245 best=0.1244 elapsed=28.2s
  hw=  5 multi_digit_det  step=  13260/16000 current=0.1245 best=0.1244 elapsed=28.7s
  hw=  5 multi_digit_det  step=  13520/16000 current=0.1243 best=0.1243 elapsed=29.3s
  hw=  5 multi_digit_det  step=  13780/16000 current=0.1244 best=0.1243 elapsed=29.9s
  hw=  5 multi_digit_det  step=  14040/16000 current=0.1243 best=0.1243 elapsed=30.5s
  hw=  5 multi_digit_det  step=  14300/16000 current=0.1243 best=0.1243 elapsed=31.1s
  hw=  5 multi_digit_det  step=  14560/16000 current=0.1242 best=0.1242 elapsed=31.6s
  hw=  5 multi_digit_det  step=  14820/16000 current=0.1242 best=0.1242 elapsed=32.2s
  hw=  5 multi_digit_det  step=  15080/16000 current=0.1242 best=0.1241 elapsed=32.8s
  hw=  5 multi_digit_det  step=  15340/16000 current=0.1241 best=0.1241 elapsed=33.4s
  hw=  5 multi_digit_det  step=  15600/16000 current=0.1240 best=0.1240 elapsed=33.9s
  hw=  5 multi_digit_det  step=  15860/16000 current=0.1241 best=0.1240 elapsed=34.5s
  hw=  5 multi_digit_det  step=  16000/16000 current=0.1241 best=0.1240 elapsed=34.8s
  hw=  5 fp32             step=      0/16000 current=0.2752 best=0.2752 elapsed=0.0s
  hw=  5 fp32             step=    260/16000 current=0.1531 best=0.1531 elapsed=0.3s
  hw=  5 fp32             step=    520/16000 current=0.1359 best=0.1359 elapsed=0.5s
  hw=  5 fp32             step=    780/16000 current=0.1267 best=0.1267 elapsed=0.7s
  hw=  5 fp32             step=   1040/16000 current=0.1224 best=0.1224 elapsed=1.0s
  hw=  5 fp32             step=   1300/16000 current=0.1188 best=0.1188 elapsed=1.2s
  hw=  5 fp32             step=   1560/16000 current=0.1162 best=0.1162 elapsed=1.5s
  hw=  5 fp32             step=   1820/16000 current=0.1151 best=0.1151 elapsed=1.7s
  hw=  5 fp32             step=   2080/16000 current=0.1140 best=0.1140 elapsed=2.0s
  hw=  5 fp32             step=   2340/16000 current=0.1137 best=0.1129 elapsed=2.2s
  hw=  5 fp32             step=   2600/16000 current=0.1119 best=0.1119 elapsed=2.5s
  hw=  5 fp32             step=   2860/16000 current=0.1111 best=0.1111 elapsed=2.7s
  hw=  5 fp32             step=   3120/16000 current=0.1117 best=0.1103 elapsed=3.0s
  hw=  5 fp32             step=   3380/16000 current=0.1101 best=0.1101 elapsed=3.2s
  hw=  5 fp32             step=   3640/16000 current=0.1093 best=0.1093 elapsed=3.4s
  hw=  5 fp32             step=   3900/16000 current=0.1084 best=0.1084 elapsed=3.7s
  hw=  5 fp32             step=   4160/16000 current=0.1076 best=0.1073 elapsed=3.9s
  hw=  5 fp32             step=   4420/16000 current=0.1075 best=0.1073 elapsed=4.1s
  hw=  5 fp32             step=   4680/16000 current=0.1061 best=0.1061 elapsed=4.4s
  hw=  5 fp32             step=   4940/16000 current=0.1058 best=0.1058 elapsed=4.6s
  hw=  5 fp32             step=   5200/16000 current=0.1053 best=0.1050 elapsed=4.9s
  hw=  5 fp32             step=   5460/16000 current=0.1006 best=0.1006 elapsed=5.1s
  hw=  5 fp32             step=   5720/16000 current=0.0985 best=0.0985 elapsed=5.4s
  hw=  5 fp32             step=   5980/16000 current=0.0969 best=0.0969 elapsed=5.6s
  hw=  5 fp32             step=   6240/16000 current=0.1270 best=0.0963 elapsed=5.8s
  hw=  5 fp32             step=   6500/16000 current=0.0963 best=0.0952 elapsed=6.1s
  hw=  5 fp32             step=   6760/16000 current=0.0938 best=0.0938 elapsed=6.3s
  hw=  5 fp32             step=   7020/16000 current=0.0931 best=0.0928 elapsed=6.6s
  hw=  5 fp32             step=   7280/16000 current=0.0924 best=0.0924 elapsed=6.8s
  hw=  5 fp32             step=   7540/16000 current=0.0961 best=0.0920 elapsed=7.0s
  hw=  5 fp32             step=   7800/16000 current=0.0999 best=0.0910 elapsed=7.3s
  hw=  5 fp32             step=   8060/16000 current=0.0898 best=0.0898 elapsed=7.5s
  hw=  5 fp32             step=   8320/16000 current=0.0899 best=0.0896 elapsed=7.8s
  hw=  5 fp32             step=   8580/16000 current=0.0894 best=0.0894 elapsed=8.0s
  hw=  5 fp32             step=   8840/16000 current=0.0882 best=0.0882 elapsed=8.3s
  hw=  5 fp32             step=   9100/16000 current=0.0887 best=0.0872 elapsed=8.5s
  hw=  5 fp32             step=   9360/16000 current=0.0937 best=0.0865 elapsed=8.8s
  hw=  5 fp32             step=   9620/16000 current=0.0909 best=0.0865 elapsed=9.0s
  hw=  5 fp32             step=   9880/16000 current=0.0944 best=0.0861 elapsed=9.2s
  hw=  5 fp32             step=  10140/16000 current=0.1106 best=0.0861 elapsed=9.4s
  hw=  5 fp32             step=  10400/16000 current=0.1175 best=0.0861 elapsed=9.6s
  hw=  5 fp32             step=  10660/16000 current=0.0920 best=0.0861 elapsed=9.9s
  hw=  5 fp32             step=  10920/16000 current=0.0861 best=0.0847 elapsed=10.1s
  hw=  5 fp32             step=  11180/16000 current=0.0848 best=0.0837 elapsed=10.4s
  hw=  5 fp32             step=  11440/16000 current=0.0895 best=0.0832 elapsed=10.6s
  hw=  5 fp32             step=  11700/16000 current=0.0883 best=0.0832 elapsed=10.8s
  hw=  5 fp32             step=  11960/16000 current=0.0832 best=0.0832 elapsed=11.0s
  hw=  5 fp32             step=  12220/16000 current=0.0846 best=0.0831 elapsed=11.3s
  hw=  5 fp32             step=  12480/16000 current=0.1051 best=0.0828 elapsed=11.5s
  hw=  5 fp32             step=  12740/16000 current=0.0916 best=0.0820 elapsed=11.7s
  hw=  5 fp32             step=  13000/16000 current=0.1152 best=0.0813 elapsed=11.9s
  hw=  5 fp32             step=  13260/16000 current=0.0820 best=0.0813 elapsed=12.1s
  hw=  5 fp32             step=  13520/16000 current=0.0811 best=0.0811 elapsed=12.4s
  hw=  5 fp32             step=  13780/16000 current=0.0807 best=0.0807 elapsed=12.6s
  hw=  5 fp32             step=  14040/16000 current=0.0820 best=0.0798 elapsed=12.8s
  hw=  5 fp32             step=  14300/16000 current=0.1349 best=0.0798 elapsed=13.0s
  hw=  5 fp32             step=  14560/16000 current=0.0865 best=0.0798 elapsed=13.3s
  hw=  5 fp32             step=  14820/16000 current=0.0822 best=0.0798 elapsed=13.5s
  hw=  5 fp32             step=  15080/16000 current=0.0793 best=0.0790 elapsed=13.7s
  hw=  5 fp32             step=  15340/16000 current=0.0812 best=0.0790 elapsed=13.9s
  hw=  5 fp32             step=  15600/16000 current=0.0795 best=0.0790 elapsed=14.2s
  hw=  5 fp32             step=  15860/16000 current=0.0810 best=0.0788 elapsed=14.4s
  hw=  5 fp32             step=  16000/16000 current=0.0793 best=0.0788 elapsed=14.5s
--- hidden_width=5 DONE in 85.5s: baseline=0.0782 multi_digit_stoch=0.0987 multi_digit_det=0.1240 fp32=0.0788 ---
   5    16000    0.0782             0.0987           0.1240    0.0788                False
--- hidden_width=20 n_features=80 n_steps=64000 decay=0.9740 baseline=0.3006 ---
  hw= 20 multi_digit_stoch step=      0/64000 current=0.8126 best=0.8126 elapsed=0.0s
  hw= 20 multi_digit_stoch step=   1060/64000 current=0.6524 best=0.6524 elapsed=3.4s
  hw= 20 multi_digit_stoch step=   2120/64000 current=0.5993 best=0.5993 elapsed=6.8s
  hw= 20 multi_digit_stoch step=   3180/64000 current=0.5755 best=0.5755 elapsed=10.2s
  hw= 20 multi_digit_stoch step=   4240/64000 current=0.5631 best=0.5631 elapsed=13.5s
  hw= 20 multi_digit_stoch step=   5300/64000 current=0.5556 best=0.5556 elapsed=16.9s
  hw= 20 multi_digit_stoch step=   6360/64000 current=0.5518 best=0.5517 elapsed=20.0s
  hw= 20 multi_digit_stoch step=   7420/64000 current=0.5475 best=0.5475 elapsed=23.2s
  hw= 20 multi_digit_stoch step=   8480/64000 current=0.5449 best=0.5449 elapsed=26.3s
  hw= 20 multi_digit_stoch step=   9540/64000 current=0.5425 best=0.5425 elapsed=29.5s
  hw= 20 multi_digit_stoch step=  10600/64000 current=0.5411 best=0.5409 elapsed=32.7s
  hw= 20 multi_digit_stoch step=  11660/64000 current=0.5388 best=0.5388 elapsed=36.0s
  hw= 20 multi_digit_stoch step=  12720/64000 current=0.5379 best=0.5379 elapsed=39.2s
  hw= 20 multi_digit_stoch step=  13780/64000 current=0.5364 best=0.5362 elapsed=42.3s
  hw= 20 multi_digit_stoch step=  14840/64000 current=0.5358 best=0.5358 elapsed=45.5s
  hw= 20 multi_digit_stoch step=  15900/64000 current=0.5345 best=0.5345 elapsed=48.7s
  hw= 20 multi_digit_stoch step=  16960/64000 current=0.5339 best=0.5338 elapsed=52.0s
  hw= 20 multi_digit_stoch step=  18020/64000 current=0.5326 best=0.5324 elapsed=55.2s
  hw= 20 multi_digit_stoch step=  19080/64000 current=0.5305 best=0.5305 elapsed=58.5s
  hw= 20 multi_digit_stoch step=  20140/64000 current=0.5302 best=0.5302 elapsed=61.9s
  hw= 20 multi_digit_stoch step=  21200/64000 current=0.5294 best=0.5292 elapsed=65.1s
  hw= 20 multi_digit_stoch step=  22260/64000 current=0.5286 best=0.5286 elapsed=68.2s
  hw= 20 multi_digit_stoch step=  23320/64000 current=0.5272 best=0.5272 elapsed=71.5s
  hw= 20 multi_digit_stoch step=  24380/64000 current=0.5263 best=0.5263 elapsed=74.6s
  hw= 20 multi_digit_stoch step=  25440/64000 current=0.5270 best=0.5263 elapsed=78.0s
  hw= 20 multi_digit_stoch step=  26500/64000 current=0.5263 best=0.5262 elapsed=81.2s
  hw= 20 multi_digit_stoch step=  27560/64000 current=0.5271 best=0.5262 elapsed=84.5s
  hw= 20 multi_digit_stoch step=  28620/64000 current=0.5254 best=0.5254 elapsed=87.8s
  hw= 20 multi_digit_stoch step=  29680/64000 current=0.5261 best=0.5248 elapsed=91.1s
  hw= 20 multi_digit_stoch step=  30740/64000 current=0.5261 best=0.5248 elapsed=94.5s
  hw= 20 multi_digit_stoch step=  31800/64000 current=0.5254 best=0.5248 elapsed=97.8s
  hw= 20 multi_digit_stoch step=  32860/64000 current=0.5245 best=0.5243 elapsed=101.0s
  hw= 20 multi_digit_stoch step=  33920/64000 current=0.5242 best=0.5239 elapsed=104.6s
  hw= 20 multi_digit_stoch step=  34980/64000 current=0.5234 best=0.5231 elapsed=108.0s
  hw= 20 multi_digit_stoch step=  36040/64000 current=0.5218 best=0.5217 elapsed=111.2s
  hw= 20 multi_digit_stoch step=  37100/64000 current=0.5206 best=0.5203 elapsed=114.3s
  hw= 20 multi_digit_stoch step=  38160/64000 current=0.5203 best=0.5192 elapsed=117.5s
  hw= 20 multi_digit_stoch step=  39220/64000 current=0.5192 best=0.5191 elapsed=120.7s
  hw= 20 multi_digit_stoch step=  40280/64000 current=0.5188 best=0.5186 elapsed=123.9s
  hw= 20 multi_digit_stoch step=  41340/64000 current=0.5181 best=0.5181 elapsed=127.5s
  hw= 20 multi_digit_stoch step=  42400/64000 current=0.5172 best=0.5170 elapsed=130.9s
  hw= 20 multi_digit_stoch step=  43460/64000 current=0.5171 best=0.5164 elapsed=134.1s
  hw= 20 multi_digit_stoch step=  44520/64000 current=0.5149 best=0.5148 elapsed=137.7s
  hw= 20 multi_digit_stoch step=  45580/64000 current=0.5135 best=0.5133 elapsed=141.1s
  hw= 20 multi_digit_stoch step=  46640/64000 current=0.5141 best=0.5130 elapsed=144.3s
  hw= 20 multi_digit_stoch step=  47700/64000 current=0.5127 best=0.5127 elapsed=147.6s
  hw= 20 multi_digit_stoch step=  48760/64000 current=0.5115 best=0.5114 elapsed=150.8s
  hw= 20 multi_digit_stoch step=  49820/64000 current=0.5134 best=0.5114 elapsed=153.9s
  hw= 20 multi_digit_stoch step=  50880/64000 current=0.5129 best=0.5114 elapsed=157.1s
  hw= 20 multi_digit_stoch step=  51940/64000 current=0.5132 best=0.5114 elapsed=160.3s
  hw= 20 multi_digit_stoch step=  53000/64000 current=0.5124 best=0.5114 elapsed=163.4s
  hw= 20 multi_digit_stoch step=  54060/64000 current=0.5111 best=0.5110 elapsed=166.5s
  hw= 20 multi_digit_stoch step=  55120/64000 current=0.5097 best=0.5091 elapsed=169.6s
  hw= 20 multi_digit_stoch step=  56180/64000 current=0.5087 best=0.5087 elapsed=172.7s
  hw= 20 multi_digit_stoch step=  57240/64000 current=0.5070 best=0.5064 elapsed=175.8s
  hw= 20 multi_digit_stoch step=  58300/64000 current=0.5062 best=0.5060 elapsed=178.8s
  hw= 20 multi_digit_stoch step=  59360/64000 current=0.5069 best=0.5054 elapsed=181.8s
  hw= 20 multi_digit_stoch step=  60420/64000 current=0.5056 best=0.5054 elapsed=184.9s
  hw= 20 multi_digit_stoch step=  61480/64000 current=0.5039 best=0.5039 elapsed=188.1s
  hw= 20 multi_digit_stoch step=  62540/64000 current=0.5032 best=0.5031 elapsed=191.1s
  hw= 20 multi_digit_stoch step=  63600/64000 current=0.5046 best=0.5030 elapsed=194.3s
  hw= 20 multi_digit_stoch step=  64000/64000 current=0.5032 best=0.5030 elapsed=195.4s
  hw= 20 multi_digit_det  step=      0/64000 current=0.6803 best=0.6803 elapsed=0.1s
  hw= 20 multi_digit_det  step=   1060/64000 current=0.5753 best=0.5753 elapsed=3.2s
  hw= 20 multi_digit_det  step=   2120/64000 current=0.5374 best=0.5374 elapsed=6.3s
  hw= 20 multi_digit_det  step=   3180/64000 current=0.5180 best=0.5180 elapsed=9.4s
  hw= 20 multi_digit_det  step=   4240/64000 current=0.5071 best=0.5071 elapsed=12.7s
  hw= 20 multi_digit_det  step=   5300/64000 current=0.4996 best=0.4996 elapsed=15.9s
  hw= 20 multi_digit_det  step=   6360/64000 current=0.4950 best=0.4950 elapsed=19.1s
  hw= 20 multi_digit_det  step=   7420/64000 current=0.4920 best=0.4920 elapsed=22.1s
  hw= 20 multi_digit_det  step=   8480/64000 current=0.4894 best=0.4894 elapsed=25.4s
  hw= 20 multi_digit_det  step=   9540/64000 current=0.4880 best=0.4880 elapsed=28.5s
  hw= 20 multi_digit_det  step=  10600/64000 current=0.4869 best=0.4868 elapsed=31.8s
  hw= 20 multi_digit_det  step=  11660/64000 current=0.4852 best=0.4852 elapsed=34.8s
  hw= 20 multi_digit_det  step=  12720/64000 current=0.4840 best=0.4840 elapsed=37.9s
  hw= 20 multi_digit_det  step=  13780/64000 current=0.4824 best=0.4824 elapsed=41.0s
  hw= 20 multi_digit_det  step=  14840/64000 current=0.4817 best=0.4816 elapsed=44.0s
  hw= 20 multi_digit_det  step=  15900/64000 current=0.4813 best=0.4812 elapsed=47.0s
  hw= 20 multi_digit_det  step=  16960/64000 current=0.4806 best=0.4806 elapsed=50.2s
  hw= 20 multi_digit_det  step=  18020/64000 current=0.4803 best=0.4802 elapsed=53.6s
  hw= 20 multi_digit_det  step=  19080/64000 current=0.4798 best=0.4798 elapsed=56.7s
  hw= 20 multi_digit_det  step=  20140/64000 current=0.4786 best=0.4785 elapsed=59.8s
  hw= 20 multi_digit_det  step=  21200/64000 current=0.4782 best=0.4781 elapsed=63.0s
  hw= 20 multi_digit_det  step=  22260/64000 current=0.4772 best=0.4771 elapsed=66.3s
  hw= 20 multi_digit_det  step=  23320/64000 current=0.4762 best=0.4762 elapsed=69.5s
  hw= 20 multi_digit_det  step=  24380/64000 current=0.4745 best=0.4745 elapsed=72.4s
  hw= 20 multi_digit_det  step=  25440/64000 current=0.4731 best=0.4731 elapsed=75.5s
  hw= 20 multi_digit_det  step=  26500/64000 current=0.4724 best=0.4723 elapsed=78.6s
  hw= 20 multi_digit_det  step=  27560/64000 current=0.4718 best=0.4716 elapsed=81.8s
  hw= 20 multi_digit_det  step=  28620/64000 current=0.4706 best=0.4705 elapsed=85.0s
  hw= 20 multi_digit_det  step=  29680/64000 current=0.4702 best=0.4701 elapsed=88.2s
  hw= 20 multi_digit_det  step=  30740/64000 current=0.4696 best=0.4696 elapsed=91.4s
  hw= 20 multi_digit_det  step=  31800/64000 current=0.4684 best=0.4684 elapsed=94.5s
  hw= 20 multi_digit_det  step=  32860/64000 current=0.4675 best=0.4673 elapsed=97.6s
  hw= 20 multi_digit_det  step=  33920/64000 current=0.4667 best=0.4667 elapsed=100.8s
  hw= 20 multi_digit_det  step=  34980/64000 current=0.4659 best=0.4659 elapsed=104.0s
  hw= 20 multi_digit_det  step=  36040/64000 current=0.4655 best=0.4651 elapsed=107.1s
  hw= 20 multi_digit_det  step=  37100/64000 current=0.4644 best=0.4644 elapsed=110.1s
  hw= 20 multi_digit_det  step=  38160/64000 current=0.4645 best=0.4640 elapsed=113.1s
  hw= 20 multi_digit_det  step=  39220/64000 current=0.4635 best=0.4634 elapsed=116.2s
  hw= 20 multi_digit_det  step=  40280/64000 current=0.4637 best=0.4634 elapsed=119.3s
  hw= 20 multi_digit_det  step=  41340/64000 current=0.4636 best=0.4634 elapsed=122.3s
  hw= 20 multi_digit_det  step=  42400/64000 current=0.4632 best=0.4629 elapsed=125.7s
  hw= 20 multi_digit_det  step=  43460/64000 current=0.4622 best=0.4622 elapsed=128.8s
  hw= 20 multi_digit_det  step=  44520/64000 current=0.4614 best=0.4614 elapsed=131.9s
  hw= 20 multi_digit_det  step=  45580/64000 current=0.4608 best=0.4608 elapsed=134.9s
  hw= 20 multi_digit_det  step=  46640/64000 current=0.4606 best=0.4600 elapsed=138.4s
  hw= 20 multi_digit_det  step=  47700/64000 current=0.4607 best=0.4600 elapsed=141.8s
  hw= 20 multi_digit_det  step=  48760/64000 current=0.4602 best=0.4600 elapsed=145.2s
  hw= 20 multi_digit_det  step=  49820/64000 current=0.4592 best=0.4590 elapsed=148.7s
  hw= 20 multi_digit_det  step=  50880/64000 current=0.4595 best=0.4590 elapsed=152.2s
  hw= 20 multi_digit_det  step=  51940/64000 current=0.4582 best=0.4581 elapsed=155.6s
  hw= 20 multi_digit_det  step=  53000/64000 current=0.4570 best=0.4569 elapsed=158.9s
  hw= 20 multi_digit_det  step=  54060/64000 current=0.4559 best=0.4559 elapsed=162.6s
  hw= 20 multi_digit_det  step=  55120/64000 current=0.4563 best=0.4559 elapsed=165.9s
  hw= 20 multi_digit_det  step=  56180/64000 current=0.4564 best=0.4559 elapsed=169.3s
  hw= 20 multi_digit_det  step=  57240/64000 current=0.4552 best=0.4550 elapsed=172.8s
  hw= 20 multi_digit_det  step=  58300/64000 current=0.4557 best=0.4550 elapsed=176.7s
  hw= 20 multi_digit_det  step=  59360/64000 current=0.4545 best=0.4544 elapsed=180.2s
  hw= 20 multi_digit_det  step=  60420/64000 current=0.4537 best=0.4532 elapsed=183.7s
  hw= 20 multi_digit_det  step=  61480/64000 current=0.4538 best=0.4532 elapsed=187.1s
  hw= 20 multi_digit_det  step=  62540/64000 current=0.4536 best=0.4532 elapsed=190.8s
  hw= 20 multi_digit_det  step=  63600/64000 current=0.4521 best=0.4520 elapsed=194.7s
  hw= 20 multi_digit_det  step=  64000/64000 current=0.4514 best=0.4514 elapsed=196.1s
  hw= 20 fp32             step=      0/64000 current=0.8102 best=0.8102 elapsed=0.0s
  hw= 20 fp32             step=   1060/64000 current=0.4758 best=0.4758 elapsed=1.5s
  hw= 20 fp32             step=   2120/64000 current=0.4159 best=0.4159 elapsed=2.9s
  hw= 20 fp32             step=   3180/64000 current=0.3794 best=0.3794 elapsed=4.3s
  hw= 20 fp32             step=   4240/64000 current=0.3488 best=0.3488 elapsed=5.8s
  hw= 20 fp32             step=   5300/64000 current=0.3262 best=0.3262 elapsed=7.1s
  hw= 20 fp32             step=   6360/64000 current=0.3095 best=0.3095 elapsed=8.4s
  hw= 20 fp32             step=   7420/64000 current=0.2951 best=0.2951 elapsed=9.7s
  hw= 20 fp32             step=   8480/64000 current=0.2831 best=0.2831 elapsed=11.1s
  hw= 20 fp32             step=   9540/64000 current=0.2728 best=0.2728 elapsed=12.9s
  hw= 20 fp32             step=  10600/64000 current=0.2652 best=0.2652 elapsed=14.4s
  hw= 20 fp32             step=  11660/64000 current=0.2575 best=0.2575 elapsed=15.8s
  hw= 20 fp32             step=  12720/64000 current=0.2494 best=0.2494 elapsed=17.2s
  hw= 20 fp32             step=  13780/64000 current=0.2425 best=0.2424 elapsed=18.5s
  hw= 20 fp32             step=  14840/64000 current=0.2374 best=0.2374 elapsed=19.9s
  hw= 20 fp32             step=  15900/64000 current=0.2323 best=0.2323 elapsed=21.5s
  hw= 20 fp32             step=  16960/64000 current=0.2279 best=0.2279 elapsed=22.9s
  hw= 20 fp32             step=  18020/64000 current=0.2245 best=0.2242 elapsed=24.2s
  hw= 20 fp32             step=  19080/64000 current=0.2209 best=0.2206 elapsed=25.4s
  hw= 20 fp32             step=  20140/64000 current=0.2176 best=0.2176 elapsed=26.7s
  hw= 20 fp32             step=  21200/64000 current=0.2152 best=0.2148 elapsed=28.0s
  hw= 20 fp32             step=  22260/64000 current=0.2131 best=0.2129 elapsed=29.3s
  hw= 20 fp32             step=  23320/64000 current=0.2107 best=0.2107 elapsed=30.5s
  hw= 20 fp32             step=  24380/64000 current=0.2089 best=0.2089 elapsed=31.8s
  hw= 20 fp32             step=  25440/64000 current=0.2088 best=0.2083 elapsed=33.1s
  hw= 20 fp32             step=  26500/64000 current=0.2064 best=0.2062 elapsed=34.7s
  hw= 20 fp32             step=  27560/64000 current=0.2046 best=0.2041 elapsed=36.6s
  hw= 20 fp32             step=  28620/64000 current=0.2024 best=0.2018 elapsed=38.1s
  hw= 20 fp32             step=  29680/64000 current=0.2018 best=0.2014 elapsed=39.4s
  hw= 20 fp32             step=  30740/64000 current=0.2003 best=0.2003 elapsed=40.7s
  hw= 20 fp32             step=  31800/64000 current=0.1991 best=0.1988 elapsed=42.0s
  hw= 20 fp32             step=  32860/64000 current=0.1977 best=0.1975 elapsed=43.4s
  hw= 20 fp32             step=  33920/64000 current=0.1981 best=0.1974 elapsed=44.7s
  hw= 20 fp32             step=  34980/64000 current=0.1973 best=0.1972 elapsed=46.0s
  hw= 20 fp32             step=  36040/64000 current=0.1963 best=0.1954 elapsed=47.3s
  hw= 20 fp32             step=  37100/64000 current=0.1957 best=0.1952 elapsed=48.6s
  hw= 20 fp32             step=  38160/64000 current=0.1947 best=0.1943 elapsed=49.9s
  hw= 20 fp32             step=  39220/64000 current=0.1951 best=0.1938 elapsed=51.3s
  hw= 20 fp32             step=  40280/64000 current=0.1948 best=0.1938 elapsed=52.6s
  hw= 20 fp32             step=  41340/64000 current=0.1936 best=0.1933 elapsed=54.0s
  hw= 20 fp32             step=  42400/64000 current=0.1937 best=0.1923 elapsed=55.6s
  hw= 20 fp32             step=  43460/64000 current=0.1932 best=0.1923 elapsed=57.0s
  hw= 20 fp32             step=  44520/64000 current=0.1907 best=0.1906 elapsed=58.4s
  hw= 20 fp32             step=  45580/64000 current=0.1911 best=0.1903 elapsed=59.7s
  hw= 20 fp32             step=  46640/64000 current=0.1918 best=0.1903 elapsed=61.1s
  hw= 20 fp32             step=  47700/64000 current=0.1916 best=0.1903 elapsed=62.4s
  hw= 20 fp32             step=  48760/64000 current=0.1913 best=0.1903 elapsed=63.7s
  hw= 20 fp32             step=  49820/64000 current=0.1899 best=0.1891 elapsed=65.1s
  hw= 20 fp32             step=  50880/64000 current=0.1896 best=0.1891 elapsed=66.5s
  hw= 20 fp32             step=  51940/64000 current=0.1896 best=0.1891 elapsed=67.9s
  hw= 20 fp32             step=  53000/64000 current=0.1903 best=0.1891 elapsed=69.2s
  hw= 20 fp32             step=  54060/64000 current=0.1894 best=0.1890 elapsed=70.6s
  hw= 20 fp32             step=  55120/64000 current=0.1900 best=0.1890 elapsed=71.9s
  hw= 20 fp32             step=  56180/64000 current=0.1875 best=0.1875 elapsed=73.2s
  hw= 20 fp32             step=  57240/64000 current=0.1875 best=0.1873 elapsed=74.5s
  hw= 20 fp32             step=  58300/64000 current=0.1872 best=0.1866 elapsed=75.9s
  hw= 20 fp32             step=  59360/64000 current=0.1867 best=0.1861 elapsed=77.2s
  hw= 20 fp32             step=  60420/64000 current=0.1855 best=0.1855 elapsed=78.5s
  hw= 20 fp32             step=  61480/64000 current=0.1864 best=0.1855 elapsed=79.8s
  hw= 20 fp32             step=  62540/64000 current=0.1859 best=0.1851 elapsed=81.1s
  hw= 20 fp32             step=  63600/64000 current=0.1849 best=0.1849 elapsed=82.3s
  hw= 20 fp32             step=  64000/64000 current=0.1850 best=0.1846 elapsed=82.8s
--- hidden_width=20 DONE in 474.4s: baseline=0.3006 multi_digit_stoch=0.5030 multi_digit_det=0.4514 fp32=0.1846 ---
  20    64000    0.3006             0.5030           0.4514    0.1846                False
