# MQAR curriculum precision=fp4 max_steps=20000 seed=2001 peak_lr=0.015 num_tiles=16 k_max=10 additive_rank=1 dynamic_rank_control=True rank_grace_period_steps=50 use_critic=False recurrent_only_output=False embed_width=32 input_sparsity_p=0.5 wide_max_weights=2048 dy_sparsity_p=None use_tile_cache=False output_dy_sparsity_p=0.5 streak_threshold=10 wrong_streak_threshold=10
  step=    200  phase=vocab  vocab=   8  k=  1  loss_ema=1.4495  acc_ema=0.3284  steps/sec=7.1  max_streak= 3/10  ranks[in=1/1 q=1/1 k=1/1 v=1/1 o=1/1 lm=1/2]
  step=    400  phase=vocab  vocab=   8  k=  1  loss_ema=1.4481  acc_ema=0.5753  steps/sec=5.7  max_streak= 8/10  ranks[in=2/1 q=1/1 k=1/1 v=1/1 o=1/1 lm=1/3]
  step=    600  phase=vocab  vocab=   8  k=  1  loss_ema=1.2927  acc_ema=0.5240  steps/sec=5.4  max_streak= 6/10  ranks[in=1/1 q=1/1 k=1/1 v=1/1 o=1/1 lm=1/3]
  step=    800  phase=vocab  vocab=   8  k=  1  loss_ema=1.6885  acc_ema=0.4912  steps/sec=5.2  max_streak= 9/10  ranks[in=1/1 q=1/1 k=1/1 v=1/1 o=1/1 lm=1/2]
  step=   1000  phase=vocab  vocab=   8  k=  1  loss_ema=1.7516  acc_ema=0.4302  steps/sec=5.1  max_streak= 4/10  ranks[in=1/1 q=1/1 k=1/1 v=1/1 o=1/1 lm=2/3]
  step=   1200  phase=vocab  vocab=   8  k=  1  loss_ema=1.5431  acc_ema=0.5466  steps/sec=5.1  max_streak= 5/10  ranks[in=1/1 q=1/1 k=1/1 v=1/1 o=1/1 lm=2/3]
  step=   1395  phase=vocab  vocab=  16  k=  1  loss_ema=1.2712  acc_ema=0.6982  [LEVEL_UP]  ranks[in=1/1 q=1/1 k=1/1 v=1/1 o=1/1 lm=2/3]
  step=   1400  phase=vocab  vocab=  16  k=  1  loss_ema=2.4161  acc_ema=0.6311  steps/sec=5.1  max_streak=10/10  ranks[in=2/1 q=1/1 k=1/1 v=1/1 o=1/1 lm=2/3]
  step=   1425  phase=vocab  vocab=   8  k=  1  loss_ema=3.9101  acc_ema=0.3808  [LEVEL_DOWN]  ranks[in=1/1 q=1/1 k=1/1 v=1/1 o=1/1 lm=3/3]
  step=   1540  phase=vocab  vocab=  16  k=  1  loss_ema=1.6406  acc_ema=0.5886  [LEVEL_UP]  ranks[in=1/1 q=1/1 k=1/1 v=1/1 o=1/1 lm=3/3]
  step=   1570  phase=vocab  vocab=   8  k=  1  loss_ema=3.3060  acc_ema=0.3211  [LEVEL_DOWN]  ranks[in=1/1 q=1/1 k=1/1 v=1/1 o=1/1 lm=3/3]
  step=   1600  phase=vocab  vocab=   8  k=  1  loss_ema=2.3247  acc_ema=0.4734  steps/sec=5.0  max_streak=10/10  ranks[in=2/1 q=1/1 k=1/1 v=1/1 o=1/1 lm=3/3]
  step=   1800  phase=vocab  vocab=   8  k=  1  loss_ema=1.6535  acc_ema=0.5132  steps/sec=5.0  max_streak= 5/10  ranks[in=1/1 q=1/1 k=1/1 v=1/1 o=1/1 lm=3/3]
  step=   2000  phase=vocab  vocab=   8  k=  1  loss_ema=1.7002  acc_ema=0.4771  steps/sec=5.0  max_streak= 7/10  ranks[in=1/2 q=1/1 k=1/1 v=1/1 o=2/2 lm=3/3]
  step=   2200  phase=vocab  vocab=   8  k=  1  loss_ema=1.8782  acc_ema=0.4739  steps/sec=5.0  max_streak= 4/10  ranks[in=2/2 q=1/1 k=1/1 v=1/1 o=2/1 lm=3/3]
  step=   2400  phase=vocab  vocab=   8  k=  1  loss_ema=2.1165  acc_ema=0.4500  steps/sec=4.9  max_streak= 6/10  ranks[in=2/1 q=1/1 k=1/1 v=1/1 o=2/1 lm=3/3]
  step=   2600  phase=vocab  vocab=   8  k=  1  loss_ema=1.6098  acc_ema=0.6139  steps/sec=4.9  max_streak= 9/10  ranks[in=2/2 q=1/1 k=1/1 v=1/1 o=3/2 lm=3/3]
  step=   2800  phase=vocab  vocab=   8  k=  1  loss_ema=1.7069  acc_ema=0.6706  steps/sec=4.9  max_streak= 9/10  ranks[in=3/2 q=1/1 k=1/1 v=1/1 o=2/3 lm=3/3]
  step=   3000  phase=vocab  vocab=   8  k=  1  loss_ema=1.4562  acc_ema=0.6609  steps/sec=4.9  max_streak= 8/10  ranks[in=3/2 q=1/1 k=1/1 v=1/1 o=2/3 lm=3/3]
  step=   3043  phase=vocab  vocab=  16  k=  1  loss_ema=1.2276  acc_ema=0.6994  [LEVEL_UP]  ranks[in=3/2 q=1/1 k=1/1 v=1/1 o=2/3 lm=3/3]
  step=   3073  phase=vocab  vocab=   8  k=  1  loss_ema=3.8839  acc_ema=0.3815  [LEVEL_DOWN]  ranks[in=3/1 q=1/1 k=1/1 v=1/1 o=2/3 lm=3/3]
  step=   3147  phase=vocab  vocab=  16  k=  1  loss_ema=1.6253  acc_ema=0.5750  [LEVEL_UP]  ranks[in=3/1 q=1/1 k=1/1 v=1/1 o=2/3 lm=3/3]
  step=   3177  phase=vocab  vocab=   8  k=  1  loss_ema=3.9121  acc_ema=0.3137  [LEVEL_DOWN]  ranks[in=3/1 q=1/1 k=1/1 v=1/1 o=2/3 lm=3/3]
  step=   3200  phase=vocab  vocab=   8  k=  1  loss_ema=2.9030  acc_ema=0.4074  steps/sec=4.9  max_streak=10/10  ranks[in=3/1 q=1/1 k=1/1 v=1/1 o=2/3 lm=3/3]
  step=   3264  phase=vocab  vocab=  16  k=  1  loss_ema=1.4459  acc_ema=0.6792  [LEVEL_UP]  ranks[in=3/1 q=1/1 k=1/1 v=1/1 o=2/3 lm=3/3]
  step=   3294  phase=vocab  vocab=   8  k=  1  loss_ema=3.7794  acc_ema=0.3705  [LEVEL_DOWN]  ranks[in=3/2 q=1/1 k=1/1 v=1/1 o=2/3 lm=3/3]
  step=   3400  phase=vocab  vocab=   8  k=  1  loss_ema=2.0979  acc_ema=0.5963  steps/sec=4.9  max_streak=10/10  ranks[in=4/1 q=1/1 k=1/1 v=1/1 o=2/3 lm=3/3]
  step=   3439  phase=vocab  vocab=  16  k=  1  loss_ema=1.7289  acc_ema=0.7339  [LEVEL_UP]  ranks[in=4/2 q=1/1 k=1/1 v=1/1 o=2/2 lm=3/3]
  step=   3469  phase=vocab  vocab=   8  k=  1  loss_ema=3.6164  acc_ema=0.4004  [LEVEL_DOWN]  ranks[in=3/1 q=1/1 k=1/1 v=1/1 o=2/2 lm=3/3]
  step=   3594  phase=vocab  vocab=  16  k=  1  loss_ema=1.7660  acc_ema=0.6866  [LEVEL_UP]  ranks[in=3/2 q=1/1 k=1/1 v=1/1 o=2/3 lm=3/3]
  step=   3600  phase=vocab  vocab=  16  k=  1  loss_ema=2.4710  acc_ema=0.6082  steps/sec=4.9  max_streak=10/10  ranks[in=3/1 q=1/1 k=1/1 v=1/1 o=2/3 lm=3/3]
  step=   3624  phase=vocab  vocab=   8  k=  1  loss_ema=3.8072  acc_ema=0.3745  [LEVEL_DOWN]  ranks[in=2/1 q=1/1 k=1/1 v=1/1 o=2/3 lm=3/3]
  step=   3800  phase=vocab  vocab=   8  k=  1  loss_ema=1.4833  acc_ema=0.6441  steps/sec=4.9  max_streak= 8/10  ranks[in=3/2 q=1/1 k=1/1 v=1/1 o=2/3 lm=2/3]
  step=   3856  phase=vocab  vocab=  16  k=  1  loss_ema=1.3752  acc_ema=0.6905  [LEVEL_UP]  ranks[in=3/2 q=1/1 k=1/1 v=1/1 o=2/3 lm=2/3]
  step=   3886  phase=vocab  vocab=   8  k=  1  loss_ema=3.6366  acc_ema=0.3767  [LEVEL_DOWN]  ranks[in=3/2 q=1/1 k=1/1 v=1/1 o=2/3 lm=3/3]
  step=   4000  phase=vocab  vocab=   8  k=  1  loss_ema=1.5449  acc_ema=0.6204  steps/sec=4.9  max_streak=10/10  ranks[in=3/2 q=1/1 k=1/1 v=1/1 o=2/3 lm=2/3]
  step=   4017  phase=vocab  vocab=  16  k=  1  loss_ema=1.4048  acc_ema=0.6984  [LEVEL_UP]  ranks[in=2/2 q=1/1 k=1/1 v=1/1 o=2/3 lm=2/3]
  step=   4047  phase=vocab  vocab=   8  k=  1  loss_ema=3.4284  acc_ema=0.3810  [LEVEL_DOWN]  ranks[in=3/2 q=1/1 k=1/1 v=1/1 o=2/3 lm=2/3]
  step=   4200  phase=vocab  vocab=   8  k=  1  loss_ema=1.5330  acc_ema=0.7105  steps/sec=4.9  max_streak=10/10  ranks[in=3/3 q=1/1 k=1/1 v=1/1 o=2/3 lm=2/3]
  step=   4206  phase=vocab  vocab=  16  k=  1  loss_ema=1.4424  acc_ema=0.7435  [LEVEL_UP]  ranks[in=3/2 q=1/1 k=1/1 v=1/1 o=2/3 lm=2/3]
  step=   4236  phase=vocab  vocab=   8  k=  1  loss_ema=3.5482  acc_ema=0.4056  [LEVEL_DOWN]  ranks[in=3/3 q=1/1 k=1/1 v=1/1 o=2/3 lm=3/3]
  step=   4400  phase=vocab  vocab=   8  k=  1  loss_ema=1.3740  acc_ema=0.6530  steps/sec=5.0  max_streak=10/10  ranks[in=2/3 q=1/1 k=1/1 v=1/1 o=2/4 lm=2/2]
  step=   4474  phase=vocab  vocab=  16  k=  1  loss_ema=1.2148  acc_ema=0.7451  [LEVEL_UP]  ranks[in=3/2 q=1/1 k=1/1 v=1/1 o=2/4 lm=3/2]
  step=   4504  phase=vocab  vocab=   8  k=  1  loss_ema=3.3367  acc_ema=0.4064  [LEVEL_DOWN]  ranks[in=2/3 q=1/1 k=1/1 v=1/1 o=2/4 lm=2/2]
  step=   4600  phase=vocab  vocab=   8  k=  1  loss_ema=1.9697  acc_ema=0.5043  steps/sec=5.0  max_streak=10/10  ranks[in=3/3 q=1/1 k=1/1 v=1/1 o=2/4 lm=2/2]
  step=   4800  phase=vocab  vocab=   8  k=  1  loss_ema=1.5128  acc_ema=0.5137  steps/sec=5.0  max_streak= 6/10  ranks[in=3/3 q=1/1 k=1/1 v=1/1 o=2/4 lm=2/2]
  step=   5000  phase=vocab  vocab=   8  k=  1  loss_ema=1.4474  acc_ema=0.6647  steps/sec=5.0  max_streak= 5/10  ranks[in=2/3 q=1/1 k=1/1 v=1/1 o=2/4 lm=2/2]
  step=   5200  phase=vocab  vocab=   8  k=  1  loss_ema=1.5934  acc_ema=0.5036  steps/sec=5.0  max_streak= 8/10  ranks[in=2/4 q=1/1 k=1/1 v=1/1 o=2/5 lm=2/2]
  step=   5400  phase=vocab  vocab=   8  k=  1  loss_ema=2.0149  acc_ema=0.3931  steps/sec=5.0  max_streak= 4/10  ranks[in=3/4 q=1/1 k=1/1 v=1/1 o=2/6 lm=2/2]
  step=   5600  phase=vocab  vocab=   8  k=  1  loss_ema=1.7128  acc_ema=0.4858  steps/sec=5.0  max_streak= 6/10  ranks[in=3/4 q=1/1 k=1/1 v=1/1 o=2/7 lm=2/2]
  step=   5800  phase=vocab  vocab=   8  k=  1  loss_ema=1.8128  acc_ema=0.4497  steps/sec=5.0  max_streak= 5/10  ranks[in=3/4 q=1/1 k=1/1 v=1/1 o=2/6 lm=2/2]
  step=   6000  phase=vocab  vocab=   8  k=  1  loss_ema=1.5791  acc_ema=0.6070  steps/sec=5.0  max_streak= 6/10  ranks[in=3/4 q=1/1 k=1/1 v=1/1 o=2/6 lm=2/2]
  step=   6200  phase=vocab  vocab=   8  k=  1  loss_ema=1.6364  acc_ema=0.4679  steps/sec=5.0  max_streak= 8/10  ranks[in=3/4 q=1/1 k=1/1 v=1/1 o=2/6 lm=2/2]
  step=   6350  phase=vocab  vocab=  16  k=  1  loss_ema=1.3302  acc_ema=0.6449  [LEVEL_UP]  ranks[in=3/4 q=1/1 k=1/1 v=1/1 o=2/6 lm=2/2]
  step=   6380  phase=vocab  vocab=   8  k=  1  loss_ema=3.8488  acc_ema=0.3518  [LEVEL_DOWN]  ranks[in=3/4 q=1/1 k=1/1 v=1/1 o=2/6 lm=3/2]
  step=   6400  phase=vocab  vocab=   8  k=  1  loss_ema=2.9615  acc_ema=0.3798  steps/sec=5.0  max_streak=10/10  ranks[in=3/4 q=1/1 k=1/1 v=1/1 o=2/6 lm=2/2]
  step=   6477  phase=vocab  vocab=  16  k=  1  loss_ema=1.4084  acc_ema=0.6164  [LEVEL_UP]  ranks[in=3/4 q=1/1 k=1/1 v=1/1 o=2/6 lm=3/2]
  step=   6507  phase=vocab  vocab=   8  k=  1  loss_ema=3.7144  acc_ema=0.3363  [LEVEL_DOWN]  ranks[in=3/4 q=1/1 k=1/1 v=1/1 o=2/6 lm=2/2]
  step=   6600  phase=vocab  vocab=   8  k=  1  loss_ema=1.3013  acc_ema=0.5392  steps/sec=5.0  max_streak=10/10  ranks[in=3/4 q=1/1 k=1/1 v=1/1 o=2/6 lm=2/2]
  step=   6800  phase=vocab  vocab=   8  k=  1  loss_ema=1.3258  acc_ema=0.5383  steps/sec=5.0  max_streak= 7/10  ranks[in=3/4 q=1/1 k=1/1 v=1/1 o=2/6 lm=2/2]
  step=   7000  phase=vocab  vocab=   8  k=  1  loss_ema=1.2916  acc_ema=0.5598  steps/sec=5.0  max_streak= 8/10  ranks[in=3/4 q=1/1 k=1/1 v=1/1 o=2/6 lm=2/2]
  step=   7200  phase=vocab  vocab=   8  k=  1  loss_ema=1.2434  acc_ema=0.6252  steps/sec=5.0  max_streak= 8/10  ranks[in=3/4 q=1/1 k=1/1 v=1/1 o=2/6 lm=2/2]
  step=   7399  phase=vocab  vocab=  16  k=  1  loss_ema=1.2153  acc_ema=0.7146  [LEVEL_UP]  ranks[in=3/4 q=1/1 k=1/1 v=1/1 o=2/6 lm=2/2]
  step=   7400  phase=vocab  vocab=  16  k=  1  loss_ema=1.3998  acc_ema=0.7003  steps/sec=5.0  max_streak=10/10  ranks[in=3/4 q=1/1 k=1/1 v=1/1 o=2/6 lm=2/2]
  step=   7429  phase=vocab  vocab=   8  k=  1  loss_ema=2.8405  acc_ema=0.4026  [LEVEL_DOWN]  ranks[in=4/5 q=1/1 k=1/1 v=1/1 o=2/6 lm=3/2]
  step=   7600  phase=vocab  vocab=   8  k=  1  loss_ema=1.5035  acc_ema=0.4679  steps/sec=5.1  max_streak= 5/10  ranks[in=3/5 q=1/1 k=1/1 v=1/1 o=2/6 lm=2/2]
  step=   7800  phase=vocab  vocab=   8  k=  1  loss_ema=1.2983  acc_ema=0.5552  steps/sec=5.1  max_streak= 7/10  ranks[in=3/5 q=1/1 k=1/1 v=1/1 o=2/6 lm=2/2]
  step=   7819  phase=vocab  vocab=  16  k=  1  loss_ema=1.3213  acc_ema=0.6200  [LEVEL_UP]  ranks[in=3/5 q=1/1 k=1/1 v=1/1 o=2/6 lm=3/2]
  step=   7849  phase=vocab  vocab=   8  k=  1  loss_ema=2.8010  acc_ema=0.3382  [LEVEL_DOWN]  ranks[in=3/6 q=1/1 k=1/1 v=1/1 o=2/7 lm=2/2]
  step=   8000  phase=vocab  vocab=   8  k=  1  loss_ema=1.4105  acc_ema=0.5515  steps/sec=5.1  max_streak=10/10  ranks[in=3/5 q=1/1 k=1/1 v=1/1 o=2/6 lm=2/2]
  step=   8127  phase=vocab  vocab=  16  k=  1  loss_ema=1.2649  acc_ema=0.6818  [LEVEL_UP]  ranks[in=3/5 q=1/1 k=1/1 v=1/1 o=2/6 lm=3/2]
  step=   8157  phase=vocab  vocab=   8  k=  1  loss_ema=2.6574  acc_ema=0.4024  [LEVEL_DOWN]  ranks[in=3/5 q=1/1 k=1/1 v=1/1 o=2/6 lm=2/2]
  step=   8200  phase=vocab  vocab=   8  k=  1  loss_ema=1.6764  acc_ema=0.4904  steps/sec=5.1  max_streak=10/10  ranks[in=3/5 q=1/1 k=1/1 v=1/1 o=2/6 lm=2/2]
  step=   8400  phase=vocab  vocab=   8  k=  1  loss_ema=1.5343  acc_ema=0.4381  steps/sec=5.1  max_streak= 6/10  ranks[in=3/5 q=1/1 k=1/1 v=1/1 o=2/6 lm=2/2]
  step=   8600  phase=vocab  vocab=   8  k=  1  loss_ema=1.4736  acc_ema=0.4185  steps/sec=5.1  max_streak= 5/10  ranks[in=3/5 q=1/1 k=1/1 v=1/1 o=2/6 lm=2/2]
  step=   8800  phase=vocab  vocab=   8  k=  1  loss_ema=1.5450  acc_ema=0.4819  steps/sec=5.1  max_streak= 5/10  ranks[in=4/6 q=1/1 k=1/1 v=1/1 o=2/6 lm=2/2]
  step=   9000  phase=vocab  vocab=   8  k=  1  loss_ema=1.7081  acc_ema=0.4613  steps/sec=5.1  max_streak= 6/10  ranks[in=4/5 q=1/1 k=1/1 v=1/1 o=2/6 lm=2/2]
  step=   9200  phase=vocab  vocab=   8  k=  1  loss_ema=1.4042  acc_ema=0.5472  steps/sec=5.1  max_streak= 7/10  ranks[in=4/5 q=1/1 k=1/1 v=1/1 o=2/6 lm=2/2]
  step=   9400  phase=vocab  vocab=   8  k=  1  loss_ema=1.3087  acc_ema=0.5755  steps/sec=5.1  max_streak= 6/10  ranks[in=4/5 q=1/1 k=1/1 v=1/1 o=2/6 lm=2/2]
  step=   9486  phase=vocab  vocab=  16  k=  1  loss_ema=1.2087  acc_ema=0.6931  [LEVEL_UP]  ranks[in=4/5 q=1/1 k=1/1 v=1/1 o=2/6 lm=3/2]
  step=   9517  phase=vocab  vocab=   8  k=  1  loss_ema=2.2693  acc_ema=0.4137  [LEVEL_DOWN]  ranks[in=4/5 q=1/1 k=1/1 v=1/1 o=2/6 lm=2/2]
  step=   9600  phase=vocab  vocab=   8  k=  1  loss_ema=1.3452  acc_ema=0.6424  steps/sec=5.1  max_streak=10/10  ranks[in=3/5 q=1/1 k=1/1 v=1/1 o=2/6 lm=3/2]
  step=   9603  phase=vocab  vocab=  16  k=  1  loss_ema=1.3522  acc_ema=0.6634  [LEVEL_UP]  ranks[in=3/5 q=1/1 k=1/1 v=1/1 o=2/6 lm=3/2]
  step=   9633  phase=vocab  vocab=   8  k=  1  loss_ema=2.1875  acc_ema=0.3907  [LEVEL_DOWN]  ranks[in=3/5 q=1/1 k=1/1 v=1/1 o=2/6 lm=3/2]
  step=   9757  phase=vocab  vocab=  16  k=  1  loss_ema=1.1500  acc_ema=0.7176  [LEVEL_UP]  ranks[in=3/5 q=1/1 k=1/1 v=1/1 o=1/6 lm=3/2]
  step=   9787  phase=vocab  vocab=   8  k=  1  loss_ema=2.1821  acc_ema=0.4306  [LEVEL_DOWN]  ranks[in=3/6 q=1/1 k=1/1 v=1/1 o=1/6 lm=2/2]
  step=   9800  phase=vocab  vocab=   8  k=  1  loss_ema=2.4537  acc_ema=0.3895  steps/sec=5.1  max_streak=10/10  ranks[in=4/6 q=1/1 k=1/1 v=1/1 o=1/6 lm=3/2]
  step=  10000  phase=vocab  vocab=   8  k=  1  loss_ema=1.5569  acc_ema=0.4882  steps/sec=5.1  max_streak= 5/10  ranks[in=4/5 q=1/1 k=1/1 v=1/1 o=1/6 lm=3/2]
  step=  10200  phase=vocab  vocab=   8  k=  1  loss_ema=1.3744  acc_ema=0.5613  steps/sec=5.1  max_streak= 8/10  ranks[in=4/5 q=1/1 k=1/1 v=1/1 o=1/6 lm=3/2]
  step=  10400  phase=vocab  vocab=   8  k=  1  loss_ema=1.3483  acc_ema=0.5355  steps/sec=5.1  max_streak= 7/10  ranks[in=4/5 q=1/1 k=1/1 v=1/1 o=1/6 lm=3/2]
  step=  10493  phase=vocab  vocab=  16  k=  1  loss_ema=1.3446  acc_ema=0.6468  [LEVEL_UP]  ranks[in=4/5 q=1/1 k=1/1 v=1/1 o=1/6 lm=2/2]
  step=  10600  phase=vocab  vocab=  16  k=  1  loss_ema=2.3824  acc_ema=0.2831  steps/sec=5.1  max_streak=10/10  ranks[in=4/6 q=1/1 k=1/1 v=1/1 o=1/6 lm=3/2]
  step=  10610  phase=vocab  vocab=   8  k=  1  loss_ema=2.5835  acc_ema=0.2313  [LEVEL_DOWN]  ranks[in=4/6 q=1/1 k=1/1 v=1/1 o=1/6 lm=2/2]
  step=  10800  phase=vocab  vocab=   8  k=  1  loss_ema=1.6503  acc_ema=0.5098  steps/sec=5.1  max_streak= 5/10  ranks[in=4/6 q=1/1 k=1/1 v=1/1 o=1/6 lm=3/2]
  step=  11000  phase=vocab  vocab=   8  k=  1  loss_ema=1.7584  acc_ema=0.4314  steps/sec=5.1  max_streak= 6/10  ranks[in=4/6 q=1/1 k=1/1 v=1/1 o=1/6 lm=3/2]
  step=  11200  phase=vocab  vocab=   8  k=  1  loss_ema=1.7047  acc_ema=0.5727  steps/sec=5.1  max_streak= 6/10  ranks[in=4/6 q=1/1 k=1/1 v=1/1 o=1/6 lm=3/2]
  step=  11400  phase=vocab  vocab=   8  k=  1  loss_ema=1.4473  acc_ema=0.5319  steps/sec=5.1  max_streak= 7/10  ranks[in=4/6 q=1/1 k=1/1 v=1/1 o=1/6 lm=3/2]
  step=  11600  phase=vocab  vocab=   8  k=  1  loss_ema=1.3933  acc_ema=0.6375  steps/sec=5.1  max_streak= 7/10  ranks[in=4/6 q=1/1 k=1/1 v=1/1 o=1/6 lm=3/2]
  step=  11800  phase=vocab  vocab=   8  k=  1  loss_ema=1.3693  acc_ema=0.6420  steps/sec=5.1  max_streak= 8/10  ranks[in=4/6 q=1/1 k=1/1 v=1/1 o=1/6 lm=3/2]
  step=  11994  phase=vocab  vocab=  16  k=  1  loss_ema=1.3370  acc_ema=0.6070  [LEVEL_UP]  ranks[in=4/5 q=1/1 k=1/1 v=1/1 o=1/6 lm=3/2]
  step=  12000  phase=vocab  vocab=  16  k=  1  loss_ema=1.7014  acc_ema=0.5377  steps/sec=5.1  max_streak=10/10  ranks[in=4/5 q=1/1 k=1/1 v=1/1 o=1/6 lm=3/2]
  step=  12028  phase=vocab  vocab=   8  k=  1  loss_ema=2.5857  acc_ema=0.3359  [LEVEL_DOWN]  ranks[in=4/6 q=1/1 k=1/1 v=1/1 o=1/6 lm=2/2]
  step=  12200  phase=vocab  vocab=   8  k=  1  loss_ema=1.5207  acc_ema=0.5784  steps/sec=5.1  max_streak= 7/10  ranks[in=4/6 q=1/1 k=1/1 v=1/1 o=1/6 lm=3/2]
  step=  12389  phase=vocab  vocab=  16  k=  1  loss_ema=1.4030  acc_ema=0.6754  [LEVEL_UP]  ranks[in=4/6 q=1/1 k=1/1 v=1/1 o=1/6 lm=3/2]
  step=  12400  phase=vocab  vocab=  16  k=  1  loss_ema=2.1302  acc_ema=0.5597  steps/sec=5.1  max_streak=10/10  ranks[in=4/6 q=1/1 k=1/1 v=1/1 o=1/6 lm=3/2]
  step=  12458  phase=vocab  vocab=   8  k=  1  loss_ema=2.4201  acc_ema=0.2881  [LEVEL_DOWN]  ranks[in=4/5 q=1/1 k=1/1 v=1/1 o=1/6 lm=2/2]
  step=  12600  phase=vocab  vocab=   8  k=  1  loss_ema=1.7014  acc_ema=0.5114  steps/sec=5.2  max_streak= 7/10  ranks[in=4/5 q=1/1 k=1/1 v=1/1 o=1/6 lm=3/2]
  step=  12800  phase=vocab  vocab=   8  k=  1  loss_ema=1.5835  acc_ema=0.4804  steps/sec=5.2  max_streak= 6/10  ranks[in=4/5 q=1/1 k=1/1 v=1/1 o=1/6 lm=3/2]
  step=  13000  phase=vocab  vocab=   8  k=  1  loss_ema=1.4032  acc_ema=0.5485  steps/sec=5.2  max_streak= 8/10  ranks[in=4/5 q=1/1 k=1/1 v=1/1 o=1/6 lm=3/2]
  step=  13200  phase=vocab  vocab=   8  k=  1  loss_ema=1.5646  acc_ema=0.5154  steps/sec=5.2  max_streak= 6/10  ranks[in=4/5 q=1/1 k=1/1 v=1/1 o=1/6 lm=3/2]
  step=  13400  phase=vocab  vocab=   8  k=  1  loss_ema=1.2204  acc_ema=0.5946  steps/sec=5.2  max_streak= 6/10  ranks[in=4/5 q=1/1 k=1/1 v=1/1 o=1/6 lm=3/2]
  step=  13453  phase=vocab  vocab=  16  k=  1  loss_ema=1.2020  acc_ema=0.6718  [LEVEL_UP]  ranks[in=4/5 q=1/1 k=1/1 v=1/1 o=1/6 lm=3/2]
  step=  13485  phase=vocab  vocab=   8  k=  1  loss_ema=2.4268  acc_ema=0.4122  [LEVEL_DOWN]  ranks[in=4/6 q=1/1 k=1/1 v=1/1 o=1/6 lm=3/2]
  step=  13600  phase=vocab  vocab=   8  k=  1  loss_ema=1.6513  acc_ema=0.4307  steps/sec=5.2  max_streak=10/10  ranks[in=4/6 q=1/1 k=1/1 v=1/1 o=1/6 lm=3/2]
  step=  13800  phase=vocab  vocab=   8  k=  1  loss_ema=1.4513  acc_ema=0.5379  steps/sec=5.2  max_streak= 9/10  ranks[in=4/6 q=1/1 k=1/1 v=1/1 o=1/6 lm=3/2]
  step=  14000  phase=vocab  vocab=   8  k=  1  loss_ema=1.3269  acc_ema=0.6309  steps/sec=5.2  max_streak= 6/10  ranks[in=4/6 q=1/1 k=1/1 v=1/1 o=1/6 lm=3/2]
  step=  14200  phase=vocab  vocab=   8  k=  1  loss_ema=1.3793  acc_ema=0.6095  steps/sec=5.2  max_streak= 9/10  ranks[in=4/6 q=1/1 k=1/1 v=1/1 o=1/6 lm=3/2]
  step=  14308  phase=vocab  vocab=  16  k=  1  loss_ema=1.1372  acc_ema=0.6362  [LEVEL_UP]  ranks[in=4/6 q=1/1 k=1/1 v=1/1 o=1/6 lm=3/2]
  step=  14340  phase=vocab  vocab=   8  k=  1  loss_ema=2.2237  acc_ema=0.3755  [LEVEL_DOWN]  ranks[in=4/5 q=1/1 k=1/1 v=1/1 o=1/6 lm=3/2]
  step=  14400  phase=vocab  vocab=   8  k=  1  loss_ema=1.4808  acc_ema=0.5171  steps/sec=5.2  max_streak=10/10  ranks[in=4/5 q=1/1 k=1/1 v=1/1 o=1/6 lm=3/2]
  step=  14426  phase=vocab  vocab=  16  k=  1  loss_ema=1.4146  acc_ema=0.6153  [LEVEL_UP]  ranks[in=4/5 q=1/1 k=1/1 v=1/1 o=1/6 lm=3/2]
  step=  14458  phase=vocab  vocab=   8  k=  1  loss_ema=2.1983  acc_ema=0.3535  [LEVEL_DOWN]  ranks[in=4/5 q=1/1 k=1/1 v=1/1 o=1/6 lm=3/2]
  step=  14587  phase=vocab  vocab=  16  k=  1  loss_ema=1.1825  acc_ema=0.6192  [LEVEL_UP]  ranks[in=4/5 q=1/1 k=1/1 v=1/1 o=1/6 lm=3/2]
  step=  14600  phase=vocab  vocab=  16  k=  1  loss_ema=1.8114  acc_ema=0.5306  steps/sec=5.2  max_streak=10/10  ranks[in=4/5 q=1/1 k=1/1 v=1/1 o=1/6 lm=3/2]
  step=  14632  phase=vocab  vocab=   8  k=  1  loss_ema=1.9578  acc_ema=0.3619  [LEVEL_DOWN]  ranks[in=4/5 q=1/1 k=1/1 v=1/1 o=1/6 lm=3/2]
  step=  14800  phase=vocab  vocab=   8  k=  1  loss_ema=1.8295  acc_ema=0.4475  steps/sec=5.2  max_streak= 8/10  ranks[in=4/5 q=1/1 k=1/1 v=1/1 o=1/6 lm=3/2]
  step=  15000  phase=vocab  vocab=   8  k=  1  loss_ema=1.3920  acc_ema=0.5484  steps/sec=5.2  max_streak= 8/10  ranks[in=4/5 q=1/1 k=1/1 v=1/1 o=1/6 lm=4/2]
  step=  15200  phase=vocab  vocab=   8  k=  1  loss_ema=1.2809  acc_ema=0.6452  steps/sec=5.2  max_streak= 8/10  ranks[in=4/5 q=1/1 k=1/1 v=1/1 o=1/6 lm=4/2]
  step=  15271  phase=vocab  vocab=  16  k=  1  loss_ema=1.1547  acc_ema=0.7559  [LEVEL_UP]  ranks[in=4/5 q=1/1 k=1/1 v=1/1 o=1/6 lm=4/2]
  step=  15301  phase=vocab  vocab=   8  k=  1  loss_ema=2.4818  acc_ema=0.4555  [LEVEL_DOWN]  ranks[in=4/6 q=1/1 k=1/1 v=1/1 o=1/6 lm=4/2]
  step=  15400  phase=vocab  vocab=   8  k=  1  loss_ema=1.6135  acc_ema=0.5474  steps/sec=5.2  max_streak=10/10  ranks[in=4/5 q=1/1 k=1/1 v=1/1 o=1/6 lm=4/2]
  step=  15593  phase=vocab  vocab=  16  k=  1  loss_ema=1.3064  acc_ema=0.6804  [LEVEL_UP]  ranks[in=4/5 q=1/1 k=1/1 v=1/1 o=1/6 lm=3/2]
  step=  15600  phase=vocab  vocab=  16  k=  1  loss_ema=2.1989  acc_ema=0.5907  steps/sec=5.2  max_streak=10/10  ranks[in=4/5 q=1/1 k=1/1 v=1/1 o=1/6 lm=4/2]
  step=  15625  phase=vocab  vocab=   8  k=  1  loss_ema=2.3814  acc_ema=0.3879  [LEVEL_DOWN]  ranks[in=4/5 q=1/1 k=1/1 v=1/1 o=1/6 lm=3/2]
  step=  15800  phase=vocab  vocab=   8  k=  1  loss_ema=1.3814  acc_ema=0.6644  steps/sec=5.2  max_streak= 8/10  ranks[in=4/5 q=1/1 k=1/1 v=1/1 o=1/6 lm=4/2]
  step=  16000  phase=vocab  vocab=   8  k=  1  loss_ema=1.3535  acc_ema=0.6441  steps/sec=5.2  max_streak= 7/10  ranks[in=4/5 q=1/1 k=1/1 v=1/1 o=1/6 lm=4/2]
  step=  16026  phase=vocab  vocab=  16  k=  1  loss_ema=1.4391  acc_ema=0.7068  [LEVEL_UP]  ranks[in=4/5 q=1/1 k=1/1 v=1/1 o=1/6 lm=3/2]
  step=  16056  phase=vocab  vocab=   8  k=  1  loss_ema=2.3042  acc_ema=0.4387  [LEVEL_DOWN]  ranks[in=4/5 q=1/1 k=1/1 v=1/1 o=1/6 lm=4/2]
  step=  16200  phase=vocab  vocab=   8  k=  1  loss_ema=1.4127  acc_ema=0.6556  steps/sec=5.2  max_streak=10/10  ranks[in=4/5 q=1/1 k=1/1 v=1/1 o=1/6 lm=4/2]
  step=  16217  phase=vocab  vocab=  16  k=  1  loss_ema=1.3194  acc_ema=0.6639  [LEVEL_UP]  ranks[in=4/5 q=1/1 k=1/1 v=1/1 o=1/6 lm=4/2]
  step=  16247  phase=vocab  vocab=   8  k=  1  loss_ema=2.0641  acc_ema=0.4203  [LEVEL_DOWN]  ranks[in=4/5 q=1/1 k=1/1 v=1/1 o=1/6 lm=3/2]
  step=  16400  phase=vocab  vocab=   8  k=  1  loss_ema=1.5304  acc_ema=0.5770  steps/sec=5.2  max_streak=10/10  ranks[in=4/5 q=1/1 k=1/1 v=1/1 o=1/6 lm=4/2]
  step=  16600  phase=vocab  vocab=   8  k=  1  loss_ema=1.3370  acc_ema=0.6696  steps/sec=5.2  max_streak= 8/10  ranks[in=4/5 q=1/1 k=1/1 v=1/1 o=1/6 lm=4/2]
  step=  16695  phase=vocab  vocab=  16  k=  1  loss_ema=1.3350  acc_ema=0.6567  [LEVEL_UP]  ranks[in=4/5 q=1/1 k=1/1 v=1/1 o=1/6 lm=3/2]
  step=  16735  phase=vocab  vocab=   8  k=  1  loss_ema=2.1596  acc_ema=0.3332  [LEVEL_DOWN]  ranks[in=4/5 q=1/1 k=1/1 v=1/1 o=1/6 lm=3/2]
  step=  16764  phase=vocab  vocab=  16  k=  1  loss_ema=1.7723  acc_ema=0.5219  [LEVEL_UP]  ranks[in=4/5 q=1/1 k=1/1 v=1/1 o=1/6 lm=4/2]
  step=  16796  phase=vocab  vocab=   8  k=  1  loss_ema=2.2364  acc_ema=0.3181  [LEVEL_DOWN]  ranks[in=4/5 q=1/1 k=1/1 v=1/1 o=1/6 lm=3/2]
  step=  16800  phase=vocab  vocab=   8  k=  1  loss_ema=2.7362  acc_ema=0.3134  steps/sec=5.2  max_streak=10/10  ranks[in=4/6 q=1/1 k=1/1 v=1/1 o=1/6 lm=4/2]
  step=  17000  phase=vocab  vocab=   8  k=  1  loss_ema=1.6923  acc_ema=0.5669  steps/sec=5.2  max_streak= 8/10  ranks[in=4/5 q=1/1 k=1/1 v=1/1 o=1/6 lm=4/2]
  step=  17200  phase=vocab  vocab=   8  k=  1  loss_ema=1.4880  acc_ema=0.6139  steps/sec=5.2  max_streak= 7/10  ranks[in=4/5 q=1/1 k=1/1 v=1/1 o=1/6 lm=4/2]
  step=  17218  phase=vocab  vocab=  16  k=  1  loss_ema=1.3591  acc_ema=0.6700  [LEVEL_UP]  ranks[in=4/5 q=1/1 k=1/1 v=1/1 o=1/6 lm=4/2]
  step=  17248  phase=vocab  vocab=   8  k=  1  loss_ema=2.2497  acc_ema=0.4023  [LEVEL_DOWN]  ranks[in=4/5 q=1/1 k=1/1 v=1/1 o=1/6 lm=3/2]
  step=  17341  phase=vocab  vocab=  16  k=  1  loss_ema=1.5444  acc_ema=0.6124  [LEVEL_UP]  ranks[in=4/5 q=1/1 k=1/1 v=1/1 o=1/6 lm=3/2]
  step=  17373  phase=vocab  vocab=   8  k=  1  loss_ema=2.4314  acc_ema=0.3657  [LEVEL_DOWN]  ranks[in=4/5 q=1/1 k=1/1 v=1/1 o=1/6 lm=4/2]
  step=  17400  phase=vocab  vocab=   8  k=  1  loss_ema=2.6685  acc_ema=0.3611  steps/sec=5.2  max_streak=10/10  ranks[in=5/5 q=1/1 k=1/1 v=1/1 o=1/6 lm=3/2]
  step=  17600  phase=vocab  vocab=   8  k=  1  loss_ema=2.2851  acc_ema=0.2862  steps/sec=5.2  max_streak= 4/10  ranks[in=4/5 q=1/1 k=1/1 v=1/1 o=1/6 lm=3/2]
  step=  17800  phase=vocab  vocab=   8  k=  1  loss_ema=1.4524  acc_ema=0.4343  steps/sec=5.2  max_streak= 8/10  ranks[in=4/5 q=1/1 k=1/1 v=1/1 o=1/6 lm=3/2]
  step=  18000  phase=vocab  vocab=   8  k=  1  loss_ema=1.5630  acc_ema=0.5620  steps/sec=5.2  max_streak= 9/10  ranks[in=4/5 q=1/1 k=1/1 v=1/1 o=1/6 lm=3/2]
  step=  18200  phase=vocab  vocab=   8  k=  1  loss_ema=1.4464  acc_ema=0.5608  steps/sec=5.2  max_streak= 9/10  ranks[in=4/5 q=1/1 k=1/1 v=1/1 o=1/6 lm=3/2]
  step=  18293  phase=vocab  vocab=  16  k=  1  loss_ema=1.3484  acc_ema=0.7568  [LEVEL_UP]  ranks[in=4/5 q=1/1 k=1/1 v=1/1 o=1/6 lm=4/2]
  step=  18323  phase=vocab  vocab=   8  k=  1  loss_ema=3.5196  acc_ema=0.4282  [LEVEL_DOWN]  ranks[in=5/5 q=1/1 k=1/1 v=1/1 o=1/6 lm=3/2]
  step=  18400  phase=vocab  vocab=   8  k=  1  loss_ema=2.1862  acc_ema=0.3797  steps/sec=5.2  max_streak=10/10  ranks[in=5/5 q=1/1 k=1/1 v=1/1 o=1/6 lm=4/2]
  step=  18600  phase=vocab  vocab=   8  k=  1  loss_ema=1.8225  acc_ema=0.4298  steps/sec=5.2  max_streak= 5/10  ranks[in=4/5 q=1/1 k=1/1 v=1/1 o=1/6 lm=4/2]
  step=  18800  phase=vocab  vocab=   8  k=  1  loss_ema=1.8767  acc_ema=0.4516  steps/sec=5.2  max_streak= 7/10  ranks[in=4/5 q=1/1 k=1/1 v=1/1 o=1/6 lm=4/2]
  step=  19000  phase=vocab  vocab=   8  k=  1  loss_ema=1.8159  acc_ema=0.4306  steps/sec=5.2  max_streak= 6/10  ranks[in=4/5 q=1/1 k=1/1 v=1/1 o=1/6 lm=4/2]
  step=  19200  phase=vocab  vocab=   8  k=  1  loss_ema=1.9183  acc_ema=0.3706  steps/sec=5.2  max_streak= 6/10  ranks[in=4/5 q=1/1 k=1/1 v=1/1 o=1/6 lm=4/2]
  step=  19400  phase=vocab  vocab=   8  k=  1  loss_ema=1.8536  acc_ema=0.3271  steps/sec=5.3  max_streak= 5/10  ranks[in=4/5 q=1/1 k=1/1 v=1/1 o=1/6 lm=4/2]
  step=  19600  phase=vocab  vocab=   8  k=  1  loss_ema=3.6326  acc_ema=0.2773  steps/sec=5.3  max_streak= 6/10  ranks[in=4/5 q=1/1 k=1/1 v=1/1 o=1/6 lm=4/2]
  step=  19800  phase=vocab  vocab=   8  k=  1  loss_ema=2.7109  acc_ema=0.4212  steps/sec=5.3  max_streak= 8/10  ranks[in=4/5 q=1/1 k=1/1 v=1/1 o=1/6 lm=4/2]
  step=  20000  phase=vocab  vocab=   8  k=  1  loss_ema=2.5816  acc_ema=0.4486  steps/sec=5.3  max_streak= 6/10  ranks[in=4/5 q=1/1 k=1/1 v=1/1 o=1/6 lm=4/2]

FINAL precision=fp4 final_vocab=8 final_k=1 final_phase=vocab graduated=False total_steps=20000 steps_per_sec=5.3 peak_rss_mb=86.4 (3773s)
PEAK precision=fp4 peak_vocab=16 peak_k=1 peak_phase=vocab
RANK_MUTATIONS precision=fp4 count=858
  input_proj   scale_rank=4  additive_rank=5
  q_proj       scale_rank=1  additive_rank=1
  k_proj       scale_rank=1  additive_rank=1
  v_proj       scale_rank=1  additive_rank=1
  o_proj       scale_rank=1  additive_rank=6
  lm_head      scale_rank=4  additive_rank=2
RANK_HISTORY_JSON [{"step": 200, "ranks": {"input_proj": [1, 1], "q_proj": [1, 1], "k_proj": [1, 1], "v_proj": [1, 1], "o_proj": [1, 1], "lm_head": [1, 2]}}, {"step": 400, "ranks": {"input_proj": [2, 1], "q_proj": [1, 1], "k_proj": [1, 1], "v_proj": [1, 1], "o_proj": [1, 1], "lm_head": [1, 3]}}, {"step": 600, "ranks": {"input_proj": [1, 1], "q_proj": [1, 1], "k_proj": [1, 1], "v_proj": [1, 1], "o_proj": [1, 1], "lm_head": [1, 3]}}, {"step": 800, "ranks": {"input_proj": [1, 1], "q_proj": [1, 1], "k_proj": [1, 1], "v_proj": [1, 1], "o_proj": [1, 1], "lm_head": [1, 2]}}, {"step": 1000, "ranks": {"input_proj": [1, 1], "q_proj": [1, 1], "k_proj": [1, 1], "v_proj": [1, 1], "o_proj": [1, 1], "lm_head": [2, 3]}}, {"step": 1200, "ranks": {"input_proj": [1, 1], "q_proj": [1, 1], "k_proj": [1, 1], "v_proj": [1, 1], "o_proj": [1, 1], "lm_head": [2, 3]}}, {"step": 1395, "ranks": {"input_proj": [1, 1], "q_proj": [1, 1], "k_proj": [1, 1], "v_proj": [1, 1], "o_proj": [1, 1], "lm_head": [2, 3]}}, {"step": 1400, "ranks": {"input_proj": [2, 1], "q_proj": [1, 1], "k_proj": [1, 1], "v_proj": [1, 1], "o_proj": [1, 1], "lm_head": [2, 3]}}, {"step": 1425, "ranks": {"input_proj": [1, 1], "q_proj": [1, 1], "k_proj": [1, 1], "v_proj": [1, 1], "o_proj": [1, 1], "lm_head": [3, 3]}}, {"step": 1540, "ranks": {"input_proj": [1, 1], "q_proj": [1, 1], "k_proj": [1, 1], "v_proj": [1, 1], "o_proj": [1, 1], "lm_head": [3, 3]}}, {"step": 1570, "ranks": {"input_proj": [1, 1], "q_proj": [1, 1], "k_proj": [1, 1], "v_proj": [1, 1], "o_proj": [1, 1], "lm_head": [3, 3]}}, {"step": 1600, "ranks": {"input_proj": [2, 1], "q_proj": [1, 1], "k_proj": [1, 1], "v_proj": [1, 1], "o_proj": [1, 1], "lm_head": [3, 3]}}, {"step": 1800, "ranks": {"input_proj": [1, 1], "q_proj": [1, 1], "k_proj": [1, 1], "v_proj": [1, 1], "o_proj": [1, 1], "lm_head": [3, 3]}}, {"step": 2000, "ranks": {"input_proj": [1, 2], "q_proj": [1, 1], "k_proj": [1, 1], "v_proj": [1, 1], "o_proj": [2, 2], "lm_head": [3, 3]}}, {"step": 2200, "ranks": {"input_proj": [2, 2], "q_proj": [1, 1], "k_proj": [1, 1], "v_proj": [1, 1], "o_proj": [2, 1], "lm_head": [3, 3]}}, {"step": 2400, "ranks": {"input_proj": [2, 1], "q_proj": [1, 1], "k_proj": [1, 1], "v_proj": [1, 1], "o_proj": [2, 1], "lm_head": [3, 3]}}, {"step": 2600, "ranks": {"input_proj": [2, 2], "q_proj": [1, 1], "k_proj": [1, 1], "v_proj": [1, 1], "o_proj": [3, 2], "lm_head": [3, 3]}}, {"step": 2800, "ranks": {"input_proj": [3, 2], "q_proj": [1, 1], "k_proj": [1, 1], "v_proj": [1, 1], "o_proj": [2, 3], "lm_head": [3, 3]}}, {"step": 3000, "ranks": {"input_proj": [3, 2], "q_proj": [1, 1], "k_proj": [1, 1], "v_proj": [1, 1], "o_proj": [2, 3], "lm_head": [3, 3]}}, {"step": 3043, "ranks": {"input_proj": [3, 2], "q_proj": [1, 1], "k_proj": [1, 1], "v_proj": [1, 1], "o_proj": [2, 3], "lm_head": [3, 3]}}, {"step": 3073, "ranks": {"input_proj": [3, 1], "q_proj": [1, 1], "k_proj": [1, 1], "v_proj": [1, 1], "o_proj": [2, 3], "lm_head": [3, 3]}}, {"step": 3147, "ranks": {"input_proj": [3, 1], "q_proj": [1, 1], "k_proj": [1, 1], "v_proj": [1, 1], "o_proj": [2, 3], "lm_head": [3, 3]}}, {"step": 3177, "ranks": {"input_proj": [3, 1], "q_proj": [1, 1], "k_proj": [1, 1], "v_proj": [1, 1], "o_proj": [2, 3], "lm_head": [3, 3]}}, {"step": 3200, "ranks": {"input_proj": [3, 1], "q_proj": [1, 1], "k_proj": [1, 1], "v_proj": [1, 1], "o_proj": [2, 3], "lm_head": [3, 3]}}, {"step": 3264, "ranks": {"input_proj": [3, 1], "q_proj": [1, 1], "k_proj": [1, 1], "v_proj": [1, 1], "o_proj": [2, 3], "lm_head": [3, 3]}}, {"step": 3294, "ranks": {"input_proj": [3, 2], "q_proj": [1, 1], "k_proj": [1, 1], "v_proj": [1, 1], "o_proj": [2, 3], "lm_head": [3, 3]}}, {"step": 3400, "ranks": {"input_proj": [4, 1], "q_proj": [1, 1], "k_proj": [1, 1], "v_proj": [1, 1], "o_proj": [2, 3], "lm_head": [3, 3]}}, {"step": 3439, "ranks": {"input_proj": [4, 2], "q_proj": [1, 1], "k_proj": [1, 1], "v_proj": [1, 1], "o_proj": [2, 2], "lm_head": [3, 3]}}, {"step": 3469, "ranks": {"input_proj": [3, 1], "q_proj": [1, 1], "k_proj": [1, 1], "v_proj": [1, 1], "o_proj": [2, 2], "lm_head": [3, 3]}}, {"step": 3594, "ranks": {"input_proj": [3, 2], "q_proj": [1, 1], "k_proj": [1, 1], "v_proj": [1, 1], "o_proj": [2, 3], "lm_head": [3, 3]}}, {"step": 3600, "ranks": {"input_proj": [3, 1], "q_proj": [1, 1], "k_proj": [1, 1], "v_proj": [1, 1], "o_proj": [2, 3], "lm_head": [3, 3]}}, {"step": 3624, "ranks": {"input_proj": [2, 1], "q_proj": [1, 1], "k_proj": [1, 1], "v_proj": [1, 1], "o_proj": [2, 3], "lm_head": [3, 3]}}, {"step": 3800, "ranks": {"input_proj": [3, 2], "q_proj": [1, 1], "k_proj": [1, 1], "v_proj": [1, 1], "o_proj": [2, 3], "lm_head": [2, 3]}}, {"step": 3856, "ranks": {"input_proj": [3, 2], "q_proj": [1, 1], "k_proj": [1, 1], "v_proj": [1, 1], "o_proj": [2, 3], "lm_head": [2, 3]}}, {"step": 3886, "ranks": {"input_proj": [3, 2], "q_proj": [1, 1], "k_proj": [1, 1], "v_proj": [1, 1], "o_proj": [2, 3], "lm_head": [3, 3]}}, {"step": 4000, "ranks": {"input_proj": [3, 2], "q_proj": [1, 1], "k_proj": [1, 1], "v_proj": [1, 1], "o_proj": [2, 3], "lm_head": [2, 3]}}, {"step": 4017, "ranks": {"input_proj": [2, 2], "q_proj": [1, 1], "k_proj": [1, 1], "v_proj": [1, 1], "o_proj": [2, 3], "lm_head": [2, 3]}}, {"step": 4047, "ranks": {"input_proj": [3, 2], "q_proj": [1, 1], "k_proj": [1, 1], "v_proj": [1, 1], "o_proj": [2, 3], "lm_head": [2, 3]}}, {"step": 4200, "ranks": {"input_proj": [3, 3], "q_proj": [1, 1], "k_proj": [1, 1], "v_proj": [1, 1], "o_proj": [2, 3], "lm_head": [2, 3]}}, {"step": 4206, "ranks": {"input_proj": [3, 2], "q_proj": [1, 1], "k_proj": [1, 1], "v_proj": [1, 1], "o_proj": [2, 3], "lm_head": [2, 3]}}, {"step": 4236, "ranks": {"input_proj": [3, 3], "q_proj": [1, 1], "k_proj": [1, 1], "v_proj": [1, 1], "o_proj": [2, 3], "lm_head": [3, 3]}}, {"step": 4400, "ranks": {"input_proj": [2, 3], "q_proj": [1, 1], "k_proj": [1, 1], "v_proj": [1, 1], "o_proj": [2, 4], "lm_head": [2, 2]}}, {"step": 4474, "ranks": {"input_proj": [3, 2], "q_proj": [1, 1], "k_proj": [1, 1], "v_proj": [1, 1], "o_proj": [2, 4], "lm_head": [3, 2]}}, {"step": 4504, "ranks": {"input_proj": [2, 3], "q_proj": [1, 1], "k_proj": [1, 1], "v_proj": [1, 1], "o_proj": [2, 4], "lm_head": [2, 2]}}, {"step": 4600, "ranks": {"input_proj": [3, 3], "q_proj": [1, 1], "k_proj": [1, 1], "v_proj": [1, 1], "o_proj": [2, 4], "lm_head": [2, 2]}}, {"step": 4800, "ranks": {"input_proj": [3, 3], "q_proj": [1, 1], "k_proj": [1, 1], "v_proj": [1, 1], "o_proj": [2, 4], "lm_head": [2, 2]}}, {"step": 5000, "ranks": {"input_proj": [2, 3], "q_proj": [1, 1], "k_proj": [1, 1], "v_proj": [1, 1], "o_proj": [2, 4], "lm_head": [2, 2]}}, {"step": 5200, "ranks": {"input_proj": [2, 4], "q_proj": [1, 1], "k_proj": [1, 1], "v_proj": [1, 1], "o_proj": [2, 5], "lm_head": [2, 2]}}, {"step": 5400, "ranks": {"input_proj": [3, 4], "q_proj": [1, 1], "k_proj": [1, 1], "v_proj": [1, 1], "o_proj": [2, 6], "lm_head": [2, 2]}}, {"step": 5600, "ranks": {"input_proj": [3, 4], "q_proj": [1, 1], "k_proj": [1, 1], "v_proj": [1, 1], "o_proj": [2, 7], "lm_head": [2, 2]}}, {"step": 5800, "ranks": {"input_proj": [3, 4], "q_proj": [1, 1], "k_proj": [1, 1], "v_proj": [1, 1], "o_proj": [2, 6], "lm_head": [2, 2]}}, {"step": 6000, "ranks": {"input_proj": [3, 4], "q_proj": [1, 1], "k_proj": [1, 1], "v_proj": [1, 1], "o_proj": [2, 6], "lm_head": [2, 2]}}, {"step": 6200, "ranks": {"input_proj": [3, 4], "q_proj": [1, 1], "k_proj": [1, 1], "v_proj": [1, 1], "o_proj": [2, 6], "lm_head": [2, 2]}}, {"step": 6350, "ranks": {"input_proj": [3, 4], "q_proj": [1, 1], "k_proj": [1, 1], "v_proj": [1, 1], "o_proj": [2, 6], "lm_head": [2, 2]}}, {"step": 6380, "ranks": {"input_proj": [3, 4], "q_proj": [1, 1], "k_proj": [1, 1], "v_proj": [1, 1], "o_proj": [2, 6], "lm_head": [3, 2]}}, {"step": 6400, "ranks": {"input_proj": [3, 4], "q_proj": [1, 1], "k_proj": [1, 1], "v_proj": [1, 1], "o_proj": [2, 6], "lm_head": [2, 2]}}, {"step": 6477, "ranks": {"input_proj": [3, 4], "q_proj": [1, 1], "k_proj": [1, 1], "v_proj": [1, 1], "o_proj": [2, 6], "lm_head": [3, 2]}}, {"step": 6507, "ranks": {"input_proj": [3, 4], "q_proj": [1, 1], "k_proj": [1, 1], "v_proj": [1, 1], "o_proj": [2, 6], "lm_head": [2, 2]}}, {"step": 6600, "ranks": {"input_proj": [3, 4], "q_proj": [1, 1], "k_proj": [1, 1], "v_proj": [1, 1], "o_proj": [2, 6], "lm_head": [2, 2]}}, {"step": 6800, "ranks": {"input_proj": [3, 4], "q_proj": [1, 1], "k_proj": [1, 1], "v_proj": [1, 1], "o_proj": [2, 6], "lm_head": [2, 2]}}, {"step": 7000, "ranks": {"input_proj": [3, 4], "q_proj": [1, 1], "k_proj": [1, 1], "v_proj": [1, 1], "o_proj": [2, 6], "lm_head": [2, 2]}}, {"step": 7200, "ranks": {"input_proj": [3, 4], "q_proj": [1, 1], "k_proj": [1, 1], "v_proj": [1, 1], "o_proj": [2, 6], "lm_head": [2, 2]}}, {"step": 7399, "ranks": {"input_proj": [3, 4], "q_proj": [1, 1], "k_proj": [1, 1], "v_proj": [1, 1], "o_proj": [2, 6], "lm_head": [2, 2]}}, {"step": 7400, "ranks": {"input_proj": [3, 4], "q_proj": [1, 1], "k_proj": [1, 1], "v_proj": [1, 1], "o_proj": [2, 6], "lm_head": [2, 2]}}, {"step": 7429, "ranks": {"input_proj": [4, 5], "q_proj": [1, 1], "k_proj": [1, 1], "v_proj": [1, 1], "o_proj": [2, 6], "lm_head": [3, 2]}}, {"step": 7600, "ranks": {"input_proj": [3, 5], "q_proj": [1, 1], "k_proj": [1, 1], "v_proj": [1, 1], "o_proj": [2, 6], "lm_head": [2, 2]}}, {"step": 7800, "ranks": {"input_proj": [3, 5], "q_proj": [1, 1], "k_proj": [1, 1], "v_proj": [1, 1], "o_proj": [2, 6], "lm_head": [2, 2]}}, {"step": 7819, "ranks": {"input_proj": [3, 5], "q_proj": [1, 1], "k_proj": [1, 1], "v_proj": [1, 1], "o_proj": [2, 6], "lm_head": [3, 2]}}, {"step": 7849, "ranks": {"input_proj": [3, 6], "q_proj": [1, 1], "k_proj": [1, 1], "v_proj": [1, 1], "o_proj": [2, 7], "lm_head": [2, 2]}}, {"step": 8000, "ranks": {"input_proj": [3, 5], "q_proj": [1, 1], "k_proj": [1, 1], "v_proj": [1, 1], "o_proj": [2, 6], "lm_head": [2, 2]}}, {"step": 8127, "ranks": {"input_proj": [3, 5], "q_proj": [1, 1], "k_proj": [1, 1], "v_proj": [1, 1], "o_proj": [2, 6], "lm_head": [3, 2]}}, {"step": 8157, "ranks": {"input_proj": [3, 5], "q_proj": [1, 1], "k_proj": [1, 1], "v_proj": [1, 1], "o_proj": [2, 6], "lm_head": [2, 2]}}, {"step": 8200, "ranks": {"input_proj": [3, 5], "q_proj": [1, 1], "k_proj": [1, 1], "v_proj": [1, 1], "o_proj": [2, 6], "lm_head": [2, 2]}}, {"step": 8400, "ranks": {"input_proj": [3, 5], "q_proj": [1, 1], "k_proj": [1, 1], "v_proj": [1, 1], "o_proj": [2, 6], "lm_head": [2, 2]}}, {"step": 8600, "ranks": {"input_proj": [3, 5], "q_proj": [1, 1], "k_proj": [1, 1], "v_proj": [1, 1], "o_proj": [2, 6], "lm_head": [2, 2]}}, {"step": 8800, "ranks": {"input_proj": [4, 6], "q_proj": [1, 1], "k_proj": [1, 1], "v_proj": [1, 1], "o_proj": [2, 6], "lm_head": [2, 2]}}, {"step": 9000, "ranks": {"input_proj": [4, 5], "q_proj": [1, 1], "k_proj": [1, 1], "v_proj": [1, 1], "o_proj": [2, 6], "lm_head": [2, 2]}}, {"step": 9200, "ranks": {"input_proj": [4, 5], "q_proj": [1, 1], "k_proj": [1, 1], "v_proj": [1, 1], "o_proj": [2, 6], "lm_head": [2, 2]}}, {"step": 9400, "ranks": {"input_proj": [4, 5], "q_proj": [1, 1], "k_proj": [1, 1], "v_proj": [1, 1], "o_proj": [2, 6], "lm_head": [2, 2]}}, {"step": 9486, "ranks": {"input_proj": [4, 5], "q_proj": [1, 1], "k_proj": [1, 1], "v_proj": [1, 1], "o_proj": [2, 6], "lm_head": [3, 2]}}, {"step": 9517, "ranks": {"input_proj": [4, 5], "q_proj": [1, 1], "k_proj": [1, 1], "v_proj": [1, 1], "o_proj": [2, 6], "lm_head": [2, 2]}}, {"step": 9600, "ranks": {"input_proj": [3, 5], "q_proj": [1, 1], "k_proj": [1, 1], "v_proj": [1, 1], "o_proj": [2, 6], "lm_head": [3, 2]}}, {"step": 9603, "ranks": {"input_proj": [3, 5], "q_proj": [1, 1], "k_proj": [1, 1], "v_proj": [1, 1], "o_proj": [2, 6], "lm_head": [3, 2]}}, {"step": 9633, "ranks": {"input_proj": [3, 5], "q_proj": [1, 1], "k_proj": [1, 1], "v_proj": [1, 1], "o_proj": [2, 6], "lm_head": [3, 2]}}, {"step": 9757, "ranks": {"input_proj": [3, 5], "q_proj": [1, 1], "k_proj": [1, 1], "v_proj": [1, 1], "o_proj": [1, 6], "lm_head": [3, 2]}}, {"step": 9787, "ranks": {"input_proj": [3, 6], "q_proj": [1, 1], "k_proj": [1, 1], "v_proj": [1, 1], "o_proj": [1, 6], "lm_head": [2, 2]}}, {"step": 9800, "ranks": {"input_proj": [4, 6], "q_proj": [1, 1], "k_proj": [1, 1], "v_proj": [1, 1], "o_proj": [1, 6], "lm_head": [3, 2]}}, {"step": 10000, "ranks": {"input_proj": [4, 5], "q_proj": [1, 1], "k_proj": [1, 1], "v_proj": [1, 1], "o_proj": [1, 6], "lm_head": [3, 2]}}, {"step": 10200, "ranks": {"input_proj": [4, 5], "q_proj": [1, 1], "k_proj": [1, 1], "v_proj": [1, 1], "o_proj": [1, 6], "lm_head": [3, 2]}}, {"step": 10400, "ranks": {"input_proj": [4, 5], "q_proj": [1, 1], "k_proj": [1, 1], "v_proj": [1, 1], "o_proj": [1, 6], "lm_head": [3, 2]}}, {"step": 10493, "ranks": {"input_proj": [4, 5], "q_proj": [1, 1], "k_proj": [1, 1], "v_proj": [1, 1], "o_proj": [1, 6], "lm_head": [2, 2]}}, {"step": 10600, "ranks": {"input_proj": [4, 6], "q_proj": [1, 1], "k_proj": [1, 1], "v_proj": [1, 1], "o_proj": [1, 6], "lm_head": [3, 2]}}, {"step": 10610, "ranks": {"input_proj": [4, 6], "q_proj": [1, 1], "k_proj": [1, 1], "v_proj": [1, 1], "o_proj": [1, 6], "lm_head": [2, 2]}}, {"step": 10800, "ranks": {"input_proj": [4, 6], "q_proj": [1, 1], "k_proj": [1, 1], "v_proj": [1, 1], "o_proj": [1, 6], "lm_head": [3, 2]}}, {"step": 11000, "ranks": {"input_proj": [4, 6], "q_proj": [1, 1], "k_proj": [1, 1], "v_proj": [1, 1], "o_proj": [1, 6], "lm_head": [3, 2]}}, {"step": 11200, "ranks": {"input_proj": [4, 6], "q_proj": [1, 1], "k_proj": [1, 1], "v_proj": [1, 1], "o_proj": [1, 6], "lm_head": [3, 2]}}, {"step": 11400, "ranks": {"input_proj": [4, 6], "q_proj": [1, 1], "k_proj": [1, 1], "v_proj": [1, 1], "o_proj": [1, 6], "lm_head": [3, 2]}}, {"step": 11600, "ranks": {"input_proj": [4, 6], "q_proj": [1, 1], "k_proj": [1, 1], "v_proj": [1, 1], "o_proj": [1, 6], "lm_head": [3, 2]}}, {"step": 11800, "ranks": {"input_proj": [4, 6], "q_proj": [1, 1], "k_proj": [1, 1], "v_proj": [1, 1], "o_proj": [1, 6], "lm_head": [3, 2]}}, {"step": 11994, "ranks": {"input_proj": [4, 5], "q_proj": [1, 1], "k_proj": [1, 1], "v_proj": [1, 1], "o_proj": [1, 6], "lm_head": [3, 2]}}, {"step": 12000, "ranks": {"input_proj": [4, 5], "q_proj": [1, 1], "k_proj": [1, 1], "v_proj": [1, 1], "o_proj": [1, 6], "lm_head": [3, 2]}}, {"step": 12028, "ranks": {"input_proj": [4, 6], "q_proj": [1, 1], "k_proj": [1, 1], "v_proj": [1, 1], "o_proj": [1, 6], "lm_head": [2, 2]}}, {"step": 12200, "ranks": {"input_proj": [4, 6], "q_proj": [1, 1], "k_proj": [1, 1], "v_proj": [1, 1], "o_proj": [1, 6], "lm_head": [3, 2]}}, {"step": 12389, "ranks": {"input_proj": [4, 6], "q_proj": [1, 1], "k_proj": [1, 1], "v_proj": [1, 1], "o_proj": [1, 6], "lm_head": [3, 2]}}, {"step": 12400, "ranks": {"input_proj": [4, 6], "q_proj": [1, 1], "k_proj": [1, 1], "v_proj": [1, 1], "o_proj": [1, 6], "lm_head": [3, 2]}}, {"step": 12458, "ranks": {"input_proj": [4, 5], "q_proj": [1, 1], "k_proj": [1, 1], "v_proj": [1, 1], "o_proj": [1, 6], "lm_head": [2, 2]}}, {"step": 12600, "ranks": {"input_proj": [4, 5], "q_proj": [1, 1], "k_proj": [1, 1], "v_proj": [1, 1], "o_proj": [1, 6], "lm_head": [3, 2]}}, {"step": 12800, "ranks": {"input_proj": [4, 5], "q_proj": [1, 1], "k_proj": [1, 1], "v_proj": [1, 1], "o_proj": [1, 6], "lm_head": [3, 2]}}, {"step": 13000, "ranks": {"input_proj": [4, 5], "q_proj": [1, 1], "k_proj": [1, 1], "v_proj": [1, 1], "o_proj": [1, 6], "lm_head": [3, 2]}}, {"step": 13200, "ranks": {"input_proj": [4, 5], "q_proj": [1, 1], "k_proj": [1, 1], "v_proj": [1, 1], "o_proj": [1, 6], "lm_head": [3, 2]}}, {"step": 13400, "ranks": {"input_proj": [4, 5], "q_proj": [1, 1], "k_proj": [1, 1], "v_proj": [1, 1], "o_proj": [1, 6], "lm_head": [3, 2]}}, {"step": 13453, "ranks": {"input_proj": [4, 5], "q_proj": [1, 1], "k_proj": [1, 1], "v_proj": [1, 1], "o_proj": [1, 6], "lm_head": [3, 2]}}, {"step": 13485, "ranks": {"input_proj": [4, 6], "q_proj": [1, 1], "k_proj": [1, 1], "v_proj": [1, 1], "o_proj": [1, 6], "lm_head": [3, 2]}}, {"step": 13600, "ranks": {"input_proj": [4, 6], "q_proj": [1, 1], "k_proj": [1, 1], "v_proj": [1, 1], "o_proj": [1, 6], "lm_head": [3, 2]}}, {"step": 13800, "ranks": {"input_proj": [4, 6], "q_proj": [1, 1], "k_proj": [1, 1], "v_proj": [1, 1], "o_proj": [1, 6], "lm_head": [3, 2]}}, {"step": 14000, "ranks": {"input_proj": [4, 6], "q_proj": [1, 1], "k_proj": [1, 1], "v_proj": [1, 1], "o_proj": [1, 6], "lm_head": [3, 2]}}, {"step": 14200, "ranks": {"input_proj": [4, 6], "q_proj": [1, 1], "k_proj": [1, 1], "v_proj": [1, 1], "o_proj": [1, 6], "lm_head": [3, 2]}}, {"step": 14308, "ranks": {"input_proj": [4, 6], "q_proj": [1, 1], "k_proj": [1, 1], "v_proj": [1, 1], "o_proj": [1, 6], "lm_head": [3, 2]}}, {"step": 14340, "ranks": {"input_proj": [4, 5], "q_proj": [1, 1], "k_proj": [1, 1], "v_proj": [1, 1], "o_proj": [1, 6], "lm_head": [3, 2]}}, {"step": 14400, "ranks": {"input_proj": [4, 5], "q_proj": [1, 1], "k_proj": [1, 1], "v_proj": [1, 1], "o_proj": [1, 6], "lm_head": [3, 2]}}, {"step": 14426, "ranks": {"input_proj": [4, 5], "q_proj": [1, 1], "k_proj": [1, 1], "v_proj": [1, 1], "o_proj": [1, 6], "lm_head": [3, 2]}}, {"step": 14458, "ranks": {"input_proj": [4, 5], "q_proj": [1, 1], "k_proj": [1, 1], "v_proj": [1, 1], "o_proj": [1, 6], "lm_head": [3, 2]}}, {"step": 14587, "ranks": {"input_proj": [4, 5], "q_proj": [1, 1], "k_proj": [1, 1], "v_proj": [1, 1], "o_proj": [1, 6], "lm_head": [3, 2]}}, {"step": 14600, "ranks": {"input_proj": [4, 5], "q_proj": [1, 1], "k_proj": [1, 1], "v_proj": [1, 1], "o_proj": [1, 6], "lm_head": [3, 2]}}, {"step": 14632, "ranks": {"input_proj": [4, 5], "q_proj": [1, 1], "k_proj": [1, 1], "v_proj": [1, 1], "o_proj": [1, 6], "lm_head": [3, 2]}}, {"step": 14800, "ranks": {"input_proj": [4, 5], "q_proj": [1, 1], "k_proj": [1, 1], "v_proj": [1, 1], "o_proj": [1, 6], "lm_head": [3, 2]}}, {"step": 15000, "ranks": {"input_proj": [4, 5], "q_proj": [1, 1], "k_proj": [1, 1], "v_proj": [1, 1], "o_proj": [1, 6], "lm_head": [4, 2]}}, {"step": 15200, "ranks": {"input_proj": [4, 5], "q_proj": [1, 1], "k_proj": [1, 1], "v_proj": [1, 1], "o_proj": [1, 6], "lm_head": [4, 2]}}, {"step": 15271, "ranks": {"input_proj": [4, 5], "q_proj": [1, 1], "k_proj": [1, 1], "v_proj": [1, 1], "o_proj": [1, 6], "lm_head": [4, 2]}}, {"step": 15301, "ranks": {"input_proj": [4, 6], "q_proj": [1, 1], "k_proj": [1, 1], "v_proj": [1, 1], "o_proj": [1, 6], "lm_head": [4, 2]}}, {"step": 15400, "ranks": {"input_proj": [4, 5], "q_proj": [1, 1], "k_proj": [1, 1], "v_proj": [1, 1], "o_proj": [1, 6], "lm_head": [4, 2]}}, {"step": 15593, "ranks": {"input_proj": [4, 5], "q_proj": [1, 1], "k_proj": [1, 1], "v_proj": [1, 1], "o_proj": [1, 6], "lm_head": [3, 2]}}, {"step": 15600, "ranks": {"input_proj": [4, 5], "q_proj": [1, 1], "k_proj": [1, 1], "v_proj": [1, 1], "o_proj": [1, 6], "lm_head": [4, 2]}}, {"step": 15625, "ranks": {"input_proj": [4, 5], "q_proj": [1, 1], "k_proj": [1, 1], "v_proj": [1, 1], "o_proj": [1, 6], "lm_head": [3, 2]}}, {"step": 15800, "ranks": {"input_proj": [4, 5], "q_proj": [1, 1], "k_proj": [1, 1], "v_proj": [1, 1], "o_proj": [1, 6], "lm_head": [4, 2]}}, {"step": 16000, "ranks": {"input_proj": [4, 5], "q_proj": [1, 1], "k_proj": [1, 1], "v_proj": [1, 1], "o_proj": [1, 6], "lm_head": [4, 2]}}, {"step": 16026, "ranks": {"input_proj": [4, 5], "q_proj": [1, 1], "k_proj": [1, 1], "v_proj": [1, 1], "o_proj": [1, 6], "lm_head": [3, 2]}}, {"step": 16056, "ranks": {"input_proj": [4, 5], "q_proj": [1, 1], "k_proj": [1, 1], "v_proj": [1, 1], "o_proj": [1, 6], "lm_head": [4, 2]}}, {"step": 16200, "ranks": {"input_proj": [4, 5], "q_proj": [1, 1], "k_proj": [1, 1], "v_proj": [1, 1], "o_proj": [1, 6], "lm_head": [4, 2]}}, {"step": 16217, "ranks": {"input_proj": [4, 5], "q_proj": [1, 1], "k_proj": [1, 1], "v_proj": [1, 1], "o_proj": [1, 6], "lm_head": [4, 2]}}, {"step": 16247, "ranks": {"input_proj": [4, 5], "q_proj": [1, 1], "k_proj": [1, 1], "v_proj": [1, 1], "o_proj": [1, 6], "lm_head": [3, 2]}}, {"step": 16400, "ranks": {"input_proj": [4, 5], "q_proj": [1, 1], "k_proj": [1, 1], "v_proj": [1, 1], "o_proj": [1, 6], "lm_head": [4, 2]}}, {"step": 16600, "ranks": {"input_proj": [4, 5], "q_proj": [1, 1], "k_proj": [1, 1], "v_proj": [1, 1], "o_proj": [1, 6], "lm_head": [4, 2]}}, {"step": 16695, "ranks": {"input_proj": [4, 5], "q_proj": [1, 1], "k_proj": [1, 1], "v_proj": [1, 1], "o_proj": [1, 6], "lm_head": [3, 2]}}, {"step": 16735, "ranks": {"input_proj": [4, 5], "q_proj": [1, 1], "k_proj": [1, 1], "v_proj": [1, 1], "o_proj": [1, 6], "lm_head": [3, 2]}}, {"step": 16764, "ranks": {"input_proj": [4, 5], "q_proj": [1, 1], "k_proj": [1, 1], "v_proj": [1, 1], "o_proj": [1, 6], "lm_head": [4, 2]}}, {"step": 16796, "ranks": {"input_proj": [4, 5], "q_proj": [1, 1], "k_proj": [1, 1], "v_proj": [1, 1], "o_proj": [1, 6], "lm_head": [3, 2]}}, {"step": 16800, "ranks": {"input_proj": [4, 6], "q_proj": [1, 1], "k_proj": [1, 1], "v_proj": [1, 1], "o_proj": [1, 6], "lm_head": [4, 2]}}, {"step": 17000, "ranks": {"input_proj": [4, 5], "q_proj": [1, 1], "k_proj": [1, 1], "v_proj": [1, 1], "o_proj": [1, 6], "lm_head": [4, 2]}}, {"step": 17200, "ranks": {"input_proj": [4, 5], "q_proj": [1, 1], "k_proj": [1, 1], "v_proj": [1, 1], "o_proj": [1, 6], "lm_head": [4, 2]}}, {"step": 17218, "ranks": {"input_proj": [4, 5], "q_proj": [1, 1], "k_proj": [1, 1], "v_proj": [1, 1], "o_proj": [1, 6], "lm_head": [4, 2]}}, {"step": 17248, "ranks": {"input_proj": [4, 5], "q_proj": [1, 1], "k_proj": [1, 1], "v_proj": [1, 1], "o_proj": [1, 6], "lm_head": [3, 2]}}, {"step": 17341, "ranks": {"input_proj": [4, 5], "q_proj": [1, 1], "k_proj": [1, 1], "v_proj": [1, 1], "o_proj": [1, 6], "lm_head": [3, 2]}}, {"step": 17373, "ranks": {"input_proj": [4, 5], "q_proj": [1, 1], "k_proj": [1, 1], "v_proj": [1, 1], "o_proj": [1, 6], "lm_head": [4, 2]}}, {"step": 17400, "ranks": {"input_proj": [5, 5], "q_proj": [1, 1], "k_proj": [1, 1], "v_proj": [1, 1], "o_proj": [1, 6], "lm_head": [3, 2]}}, {"step": 17600, "ranks": {"input_proj": [4, 5], "q_proj": [1, 1], "k_proj": [1, 1], "v_proj": [1, 1], "o_proj": [1, 6], "lm_head": [3, 2]}}, {"step": 17800, "ranks": {"input_proj": [4, 5], "q_proj": [1, 1], "k_proj": [1, 1], "v_proj": [1, 1], "o_proj": [1, 6], "lm_head": [3, 2]}}, {"step": 18000, "ranks": {"input_proj": [4, 5], "q_proj": [1, 1], "k_proj": [1, 1], "v_proj": [1, 1], "o_proj": [1, 6], "lm_head": [3, 2]}}, {"step": 18200, "ranks": {"input_proj": [4, 5], "q_proj": [1, 1], "k_proj": [1, 1], "v_proj": [1, 1], "o_proj": [1, 6], "lm_head": [3, 2]}}, {"step": 18293, "ranks": {"input_proj": [4, 5], "q_proj": [1, 1], "k_proj": [1, 1], "v_proj": [1, 1], "o_proj": [1, 6], "lm_head": [4, 2]}}, {"step": 18323, "ranks": {"input_proj": [5, 5], "q_proj": [1, 1], "k_proj": [1, 1], "v_proj": [1, 1], "o_proj": [1, 6], "lm_head": [3, 2]}}, {"step": 18400, "ranks": {"input_proj": [5, 5], "q_proj": [1, 1], "k_proj": [1, 1], "v_proj": [1, 1], "o_proj": [1, 6], "lm_head": [4, 2]}}, {"step": 18600, "ranks": {"input_proj": [4, 5], "q_proj": [1, 1], "k_proj": [1, 1], "v_proj": [1, 1], "o_proj": [1, 6], "lm_head": [4, 2]}}, {"step": 18800, "ranks": {"input_proj": [4, 5], "q_proj": [1, 1], "k_proj": [1, 1], "v_proj": [1, 1], "o_proj": [1, 6], "lm_head": [4, 2]}}, {"step": 19000, "ranks": {"input_proj": [4, 5], "q_proj": [1, 1], "k_proj": [1, 1], "v_proj": [1, 1], "o_proj": [1, 6], "lm_head": [4, 2]}}, {"step": 19200, "ranks": {"input_proj": [4, 5], "q_proj": [1, 1], "k_proj": [1, 1], "v_proj": [1, 1], "o_proj": [1, 6], "lm_head": [4, 2]}}, {"step": 19400, "ranks": {"input_proj": [4, 5], "q_proj": [1, 1], "k_proj": [1, 1], "v_proj": [1, 1], "o_proj": [1, 6], "lm_head": [4, 2]}}, {"step": 19600, "ranks": {"input_proj": [4, 5], "q_proj": [1, 1], "k_proj": [1, 1], "v_proj": [1, 1], "o_proj": [1, 6], "lm_head": [4, 2]}}, {"step": 19800, "ranks": {"input_proj": [4, 5], "q_proj": [1, 1], "k_proj": [1, 1], "v_proj": [1, 1], "o_proj": [1, 6], "lm_head": [4, 2]}}, {"step": 20000, "ranks": {"input_proj": [4, 5], "q_proj": [1, 1], "k_proj": [1, 1], "v_proj": [1, 1], "o_proj": [1, 6], "lm_head": [4, 2]}}]
STAGE_HISTORY_JSON [{"step": 1395, "event": "level_up", "from": {"vocab": 8, "k": 1, "phase": "vocab"}, "to": {"vocab": 16, "k": 1, "phase": "vocab"}}, {"step": 1425, "event": "level_down", "from": {"vocab": 16, "k": 1, "phase": "vocab"}, "to": {"vocab": 8, "k": 1, "phase": "vocab"}}, {"step": 1540, "event": "level_up", "from": {"vocab": 8, "k": 1, "phase": "vocab"}, "to": {"vocab": 16, "k": 1, "phase": "vocab"}}, {"step": 1570, "event": "level_down", "from": {"vocab": 16, "k": 1, "phase": "vocab"}, "to": {"vocab": 8, "k": 1, "phase": "vocab"}}, {"step": 3043, "event": "level_up", "from": {"vocab": 8, "k": 1, "phase": "vocab"}, "to": {"vocab": 16, "k": 1, "phase": "vocab"}}, {"step": 3073, "event": "level_down", "from": {"vocab": 16, "k": 1, "phase": "vocab"}, "to": {"vocab": 8, "k": 1, "phase": "vocab"}}, {"step": 3147, "event": "level_up", "from": {"vocab": 8, "k": 1, "phase": "vocab"}, "to": {"vocab": 16, "k": 1, "phase": "vocab"}}, {"step": 3177, "event": "level_down", "from": {"vocab": 16, "k": 1, "phase": "vocab"}, "to": {"vocab": 8, "k": 1, "phase": "vocab"}}, {"step": 3264, "event": "level_up", "from": {"vocab": 8, "k": 1, "phase": "vocab"}, "to": {"vocab": 16, "k": 1, "phase": "vocab"}}, {"step": 3294, "event": "level_down", "from": {"vocab": 16, "k": 1, "phase": "vocab"}, "to": {"vocab": 8, "k": 1, "phase": "vocab"}}, {"step": 3439, "event": "level_up", "from": {"vocab": 8, "k": 1, "phase": "vocab"}, "to": {"vocab": 16, "k": 1, "phase": "vocab"}}, {"step": 3469, "event": "level_down", "from": {"vocab": 16, "k": 1, "phase": "vocab"}, "to": {"vocab": 8, "k": 1, "phase": "vocab"}}, {"step": 3594, "event": "level_up", "from": {"vocab": 8, "k": 1, "phase": "vocab"}, "to": {"vocab": 16, "k": 1, "phase": "vocab"}}, {"step": 3624, "event": "level_down", "from": {"vocab": 16, "k": 1, "phase": "vocab"}, "to": {"vocab": 8, "k": 1, "phase": "vocab"}}, {"step": 3856, "event": "level_up", "from": {"vocab": 8, "k": 1, "phase": "vocab"}, "to": {"vocab": 16, "k": 1, "phase": "vocab"}}, {"step": 3886, "event": "level_down", "from": {"vocab": 16, "k": 1, "phase": "vocab"}, "to": {"vocab": 8, "k": 1, "phase": "vocab"}}, {"step": 4017, "event": "level_up", "from": {"vocab": 8, "k": 1, "phase": "vocab"}, "to": {"vocab": 16, "k": 1, "phase": "vocab"}}, {"step": 4047, "event": "level_down", "from": {"vocab": 16, "k": 1, "phase": "vocab"}, "to": {"vocab": 8, "k": 1, "phase": "vocab"}}, {"step": 4206, "event": "level_up", "from": {"vocab": 8, "k": 1, "phase": "vocab"}, "to": {"vocab": 16, "k": 1, "phase": "vocab"}}, {"step": 4236, "event": "level_down", "from": {"vocab": 16, "k": 1, "phase": "vocab"}, "to": {"vocab": 8, "k": 1, "phase": "vocab"}}, {"step": 4474, "event": "level_up", "from": {"vocab": 8, "k": 1, "phase": "vocab"}, "to": {"vocab": 16, "k": 1, "phase": "vocab"}}, {"step": 4504, "event": "level_down", "from": {"vocab": 16, "k": 1, "phase": "vocab"}, "to": {"vocab": 8, "k": 1, "phase": "vocab"}}, {"step": 6350, "event": "level_up", "from": {"vocab": 8, "k": 1, "phase": "vocab"}, "to": {"vocab": 16, "k": 1, "phase": "vocab"}}, {"step": 6380, "event": "level_down", "from": {"vocab": 16, "k": 1, "phase": "vocab"}, "to": {"vocab": 8, "k": 1, "phase": "vocab"}}, {"step": 6477, "event": "level_up", "from": {"vocab": 8, "k": 1, "phase": "vocab"}, "to": {"vocab": 16, "k": 1, "phase": "vocab"}}, {"step": 6507, "event": "level_down", "from": {"vocab": 16, "k": 1, "phase": "vocab"}, "to": {"vocab": 8, "k": 1, "phase": "vocab"}}, {"step": 7399, "event": "level_up", "from": {"vocab": 8, "k": 1, "phase": "vocab"}, "to": {"vocab": 16, "k": 1, "phase": "vocab"}}, {"step": 7429, "event": "level_down", "from": {"vocab": 16, "k": 1, "phase": "vocab"}, "to": {"vocab": 8, "k": 1, "phase": "vocab"}}, {"step": 7819, "event": "level_up", "from": {"vocab": 8, "k": 1, "phase": "vocab"}, "to": {"vocab": 16, "k": 1, "phase": "vocab"}}, {"step": 7849, "event": "level_down", "from": {"vocab": 16, "k": 1, "phase": "vocab"}, "to": {"vocab": 8, "k": 1, "phase": "vocab"}}, {"step": 8127, "event": "level_up", "from": {"vocab": 8, "k": 1, "phase": "vocab"}, "to": {"vocab": 16, "k": 1, "phase": "vocab"}}, {"step": 8157, "event": "level_down", "from": {"vocab": 16, "k": 1, "phase": "vocab"}, "to": {"vocab": 8, "k": 1, "phase": "vocab"}}, {"step": 9486, "event": "level_up", "from": {"vocab": 8, "k": 1, "phase": "vocab"}, "to": {"vocab": 16, "k": 1, "phase": "vocab"}}, {"step": 9517, "event": "level_down", "from": {"vocab": 16, "k": 1, "phase": "vocab"}, "to": {"vocab": 8, "k": 1, "phase": "vocab"}}, {"step": 9603, "event": "level_up", "from": {"vocab": 8, "k": 1, "phase": "vocab"}, "to": {"vocab": 16, "k": 1, "phase": "vocab"}}, {"step": 9633, "event": "level_down", "from": {"vocab": 16, "k": 1, "phase": "vocab"}, "to": {"vocab": 8, "k": 1, "phase": "vocab"}}, {"step": 9757, "event": "level_up", "from": {"vocab": 8, "k": 1, "phase": "vocab"}, "to": {"vocab": 16, "k": 1, "phase": "vocab"}}, {"step": 9787, "event": "level_down", "from": {"vocab": 16, "k": 1, "phase": "vocab"}, "to": {"vocab": 8, "k": 1, "phase": "vocab"}}, {"step": 10493, "event": "level_up", "from": {"vocab": 8, "k": 1, "phase": "vocab"}, "to": {"vocab": 16, "k": 1, "phase": "vocab"}}, {"step": 10610, "event": "level_down", "from": {"vocab": 16, "k": 1, "phase": "vocab"}, "to": {"vocab": 8, "k": 1, "phase": "vocab"}}, {"step": 11994, "event": "level_up", "from": {"vocab": 8, "k": 1, "phase": "vocab"}, "to": {"vocab": 16, "k": 1, "phase": "vocab"}}, {"step": 12028, "event": "level_down", "from": {"vocab": 16, "k": 1, "phase": "vocab"}, "to": {"vocab": 8, "k": 1, "phase": "vocab"}}, {"step": 12389, "event": "level_up", "from": {"vocab": 8, "k": 1, "phase": "vocab"}, "to": {"vocab": 16, "k": 1, "phase": "vocab"}}, {"step": 12458, "event": "level_down", "from": {"vocab": 16, "k": 1, "phase": "vocab"}, "to": {"vocab": 8, "k": 1, "phase": "vocab"}}, {"step": 13453, "event": "level_up", "from": {"vocab": 8, "k": 1, "phase": "vocab"}, "to": {"vocab": 16, "k": 1, "phase": "vocab"}}, {"step": 13485, "event": "level_down", "from": {"vocab": 16, "k": 1, "phase": "vocab"}, "to": {"vocab": 8, "k": 1, "phase": "vocab"}}, {"step": 14308, "event": "level_up", "from": {"vocab": 8, "k": 1, "phase": "vocab"}, "to": {"vocab": 16, "k": 1, "phase": "vocab"}}, {"step": 14340, "event": "level_down", "from": {"vocab": 16, "k": 1, "phase": "vocab"}, "to": {"vocab": 8, "k": 1, "phase": "vocab"}}, {"step": 14426, "event": "level_up", "from": {"vocab": 8, "k": 1, "phase": "vocab"}, "to": {"vocab": 16, "k": 1, "phase": "vocab"}}, {"step": 14458, "event": "level_down", "from": {"vocab": 16, "k": 1, "phase": "vocab"}, "to": {"vocab": 8, "k": 1, "phase": "vocab"}}, {"step": 14587, "event": "level_up", "from": {"vocab": 8, "k": 1, "phase": "vocab"}, "to": {"vocab": 16, "k": 1, "phase": "vocab"}}, {"step": 14632, "event": "level_down", "from": {"vocab": 16, "k": 1, "phase": "vocab"}, "to": {"vocab": 8, "k": 1, "phase": "vocab"}}, {"step": 15271, "event": "level_up", "from": {"vocab": 8, "k": 1, "phase": "vocab"}, "to": {"vocab": 16, "k": 1, "phase": "vocab"}}, {"step": 15301, "event": "level_down", "from": {"vocab": 16, "k": 1, "phase": "vocab"}, "to": {"vocab": 8, "k": 1, "phase": "vocab"}}, {"step": 15593, "event": "level_up", "from": {"vocab": 8, "k": 1, "phase": "vocab"}, "to": {"vocab": 16, "k": 1, "phase": "vocab"}}, {"step": 15625, "event": "level_down", "from": {"vocab": 16, "k": 1, "phase": "vocab"}, "to": {"vocab": 8, "k": 1, "phase": "vocab"}}, {"step": 16026, "event": "level_up", "from": {"vocab": 8, "k": 1, "phase": "vocab"}, "to": {"vocab": 16, "k": 1, "phase": "vocab"}}, {"step": 16056, "event": "level_down", "from": {"vocab": 16, "k": 1, "phase": "vocab"}, "to": {"vocab": 8, "k": 1, "phase": "vocab"}}, {"step": 16217, "event": "level_up", "from": {"vocab": 8, "k": 1, "phase": "vocab"}, "to": {"vocab": 16, "k": 1, "phase": "vocab"}}, {"step": 16247, "event": "level_down", "from": {"vocab": 16, "k": 1, "phase": "vocab"}, "to": {"vocab": 8, "k": 1, "phase": "vocab"}}, {"step": 16695, "event": "level_up", "from": {"vocab": 8, "k": 1, "phase": "vocab"}, "to": {"vocab": 16, "k": 1, "phase": "vocab"}}, {"step": 16735, "event": "level_down", "from": {"vocab": 16, "k": 1, "phase": "vocab"}, "to": {"vocab": 8, "k": 1, "phase": "vocab"}}, {"step": 16764, "event": "level_up", "from": {"vocab": 8, "k": 1, "phase": "vocab"}, "to": {"vocab": 16, "k": 1, "phase": "vocab"}}, {"step": 16796, "event": "level_down", "from": {"vocab": 16, "k": 1, "phase": "vocab"}, "to": {"vocab": 8, "k": 1, "phase": "vocab"}}, {"step": 17218, "event": "level_up", "from": {"vocab": 8, "k": 1, "phase": "vocab"}, "to": {"vocab": 16, "k": 1, "phase": "vocab"}}, {"step": 17248, "event": "level_down", "from": {"vocab": 16, "k": 1, "phase": "vocab"}, "to": {"vocab": 8, "k": 1, "phase": "vocab"}}, {"step": 17341, "event": "level_up", "from": {"vocab": 8, "k": 1, "phase": "vocab"}, "to": {"vocab": 16, "k": 1, "phase": "vocab"}}, {"step": 17373, "event": "level_down", "from": {"vocab": 16, "k": 1, "phase": "vocab"}, "to": {"vocab": 8, "k": 1, "phase": "vocab"}}, {"step": 18293, "event": "level_up", "from": {"vocab": 8, "k": 1, "phase": "vocab"}, "to": {"vocab": 16, "k": 1, "phase": "vocab"}}, {"step": 18323, "event": "level_down", "from": {"vocab": 16, "k": 1, "phase": "vocab"}, "to": {"vocab": 8, "k": 1, "phase": "vocab"}}]
