# MQAR curriculum precision=fp4 max_steps=20000 seed=2001 peak_lr=0.015 num_tiles=16 k_max=10 additive_rank=1 dynamic_rank_control=True rank_grace_period_steps=50 use_critic=False recurrent_only_output=False embed_width=32 input_sparsity_p=0.5 wide_max_weights=2048 dy_sparsity_p=None use_tile_cache=False output_dy_sparsity_p=0.5 streak_threshold=10 wrong_streak_threshold=5
  step=    200  phase=vocab  vocab=   8  k=  1  loss_ema=1.4763  acc_ema=0.2955  steps/sec=14.8  ranks[in=1/1 q=1/1 k=1/1 v=1/1 o=1/1 lm=1/2]
  step=    400  phase=vocab  vocab=   8  k=  1  loss_ema=1.4402  acc_ema=0.5776  steps/sec=17.0  ranks[in=1/1 q=1/1 k=1/1 v=1/1 o=1/1 lm=1/3]
  step=    600  phase=vocab  vocab=   8  k=  1  loss_ema=1.6290  acc_ema=0.5361  steps/sec=18.0  ranks[in=1/2 q=1/1 k=1/1 v=1/1 o=1/2 lm=2/4]
  step=    800  phase=vocab  vocab=   8  k=  1  loss_ema=1.2555  acc_ema=0.6080  steps/sec=18.4  ranks[in=1/2 q=1/1 k=1/1 v=1/1 o=1/1 lm=2/4]
  step=   1000  phase=vocab  vocab=   8  k=  1  loss_ema=1.4048  acc_ema=0.5630  steps/sec=18.6  ranks[in=1/2 q=1/1 k=1/1 v=1/1 o=1/1 lm=2/4]
  step=   1200  phase=vocab  vocab=   8  k=  1  loss_ema=1.5931  acc_ema=0.5274  steps/sec=18.7  ranks[in=2/2 q=1/1 k=1/1 v=1/1 o=1/1 lm=2/4]
  step=   1323  phase=vocab  vocab=  16  k=  1  loss_ema=1.7336  acc_ema=0.5372  [LEVEL_UP]  ranks[in=1/2 q=1/1 k=1/1 v=1/1 o=1/1 lm=2/3]
  step=   1353  phase=vocab  vocab=   8  k=  1  loss_ema=3.9812  acc_ema=0.2931  [LEVEL_DOWN]  ranks[in=1/2 q=1/1 k=1/1 v=1/1 o=1/1 lm=2/3]
  step=   1400  phase=vocab  vocab=   8  k=  1  loss_ema=2.3121  acc_ema=0.3966  steps/sec=18.8  ranks[in=1/2 q=1/1 k=1/1 v=1/1 o=1/1 lm=2/3]
  step=   1600  phase=vocab  vocab=   8  k=  1  loss_ema=1.5676  acc_ema=0.5408  steps/sec=18.9  ranks[in=1/2 q=1/1 k=1/1 v=1/1 o=1/1 lm=2/3]
  step=   1747  phase=vocab  vocab=  16  k=  1  loss_ema=1.4949  acc_ema=0.6467  [LEVEL_UP]  ranks[in=1/2 q=1/1 k=1/1 v=1/1 o=1/1 lm=2/3]
  step=   1777  phase=vocab  vocab=   8  k=  1  loss_ema=3.3901  acc_ema=0.3527  [LEVEL_DOWN]  ranks[in=1/2 q=1/1 k=1/1 v=1/1 o=1/1 lm=2/3]
  step=   1800  phase=vocab  vocab=   8  k=  1  loss_ema=2.5053  acc_ema=0.4080  steps/sec=18.8  ranks[in=1/2 q=1/1 k=1/1 v=1/1 o=1/1 lm=2/3]
  step=   2000  phase=vocab  vocab=   8  k=  1  loss_ema=1.5186  acc_ema=0.6088  steps/sec=18.8  ranks[in=1/4 q=1/1 k=1/1 v=1/1 o=1/1 lm=2/3]
  step=   2048  phase=vocab  vocab=  16  k=  1  loss_ema=1.7027  acc_ema=0.6201  [LEVEL_UP]  ranks[in=2/4 q=1/1 k=1/1 v=1/1 o=1/1 lm=2/3]
  step=   2078  phase=vocab  vocab=   8  k=  1  loss_ema=3.5940  acc_ema=0.3383  [LEVEL_DOWN]  ranks[in=1/3 q=1/1 k=1/1 v=1/1 o=1/1 lm=2/3]
  step=   2200  phase=vocab  vocab=   8  k=  1  loss_ema=1.5005  acc_ema=0.6334  steps/sec=18.8  ranks[in=1/3 q=1/1 k=1/1 v=1/1 o=1/1 lm=3/3]
  step=   2400  phase=vocab  vocab=   8  k=  1  loss_ema=2.1794  acc_ema=0.4023  steps/sec=18.8  ranks[in=2/4 q=1/1 k=1/1 v=1/1 o=1/2 lm=3/3]
  step=   2600  phase=vocab  vocab=   8  k=  1  loss_ema=1.5888  acc_ema=0.5247  steps/sec=18.8  ranks[in=2/3 q=1/1 k=1/1 v=1/1 o=1/4 lm=3/3]
  step=   2651  phase=vocab  vocab=  16  k=  1  loss_ema=1.4685  acc_ema=0.6290  [LEVEL_UP]  ranks[in=2/3 q=1/1 k=1/1 v=1/1 o=1/4 lm=3/3]
  step=   2681  phase=vocab  vocab=   8  k=  1  loss_ema=3.9050  acc_ema=0.3431  [LEVEL_DOWN]  ranks[in=2/3 q=1/1 k=1/1 v=1/1 o=1/4 lm=2/3]
  step=   2800  phase=vocab  vocab=   8  k=  1  loss_ema=1.5699  acc_ema=0.6513  steps/sec=18.8  ranks[in=2/3 q=1/1 k=1/1 v=1/1 o=1/4 lm=3/3]
  step=   2807  phase=vocab  vocab=  16  k=  1  loss_ema=1.4503  acc_ema=0.6972  [LEVEL_UP]  ranks[in=2/3 q=1/1 k=1/1 v=1/1 o=1/4 lm=3/3]
  step=   2837  phase=vocab  vocab=   8  k=  1  loss_ema=3.7856  acc_ema=0.3803  [LEVEL_DOWN]  ranks[in=2/3 q=1/1 k=1/1 v=1/1 o=1/4 lm=2/3]
  step=   2986  phase=vocab  vocab=  16  k=  1  loss_ema=1.7720  acc_ema=0.6100  [LEVEL_UP]  ranks[in=2/4 q=1/1 k=1/1 v=1/1 o=1/4 lm=3/3]
  step=   3000  phase=vocab  vocab=  16  k=  1  loss_ema=3.2240  acc_ema=0.4597  steps/sec=18.7  ranks[in=2/4 q=1/1 k=1/1 v=1/1 o=1/4 lm=3/3]
  step=   3016  phase=vocab  vocab=   8  k=  1  loss_ema=3.9142  acc_ema=0.3327  [LEVEL_DOWN]  ranks[in=2/3 q=1/1 k=1/1 v=1/1 o=1/4 lm=3/3]
  step=   3200  phase=vocab  vocab=   8  k=  1  loss_ema=1.4950  acc_ema=0.4483  steps/sec=18.7  ranks[in=2/4 q=1/1 k=1/1 v=1/1 o=1/3 lm=3/3]
  step=   3400  phase=vocab  vocab=   8  k=  1  loss_ema=1.9063  acc_ema=0.4960  steps/sec=18.7  ranks[in=2/4 q=1/1 k=1/1 v=1/1 o=1/5 lm=3/3]
  step=   3502  phase=vocab  vocab=  16  k=  1  loss_ema=1.5043  acc_ema=0.6258  [LEVEL_UP]  ranks[in=2/4 q=1/1 k=1/1 v=1/1 o=1/5 lm=3/3]
  step=   3532  phase=vocab  vocab=   8  k=  1  loss_ema=3.9031  acc_ema=0.3414  [LEVEL_DOWN]  ranks[in=2/5 q=1/1 k=1/1 v=1/1 o=1/6 lm=4/3]
  step=   3600  phase=vocab  vocab=   8  k=  1  loss_ema=2.2647  acc_ema=0.3645  steps/sec=18.7  ranks[in=2/6 q=1/1 k=1/1 v=1/1 o=1/6 lm=4/3]
  step=   3800  phase=vocab  vocab=   8  k=  1  loss_ema=1.6329  acc_ema=0.5057  steps/sec=18.7  ranks[in=2/6 q=1/1 k=1/1 v=1/1 o=1/6 lm=4/2]
  step=   3846  phase=vocab  vocab=  16  k=  1  loss_ema=1.2586  acc_ema=0.6055  [LEVEL_UP]  ranks[in=2/7 q=1/1 k=1/1 v=1/1 o=1/6 lm=4/2]
  step=   3876  phase=vocab  vocab=   8  k=  1  loss_ema=4.0354  acc_ema=0.3303  [LEVEL_DOWN]  ranks[in=2/7 q=1/1 k=1/1 v=1/1 o=1/7 lm=4/2]
  step=   4000  phase=vocab  vocab=   8  k=  1  loss_ema=1.7818  acc_ema=0.5098  steps/sec=18.6  ranks[in=2/7 q=1/1 k=1/1 v=1/1 o=1/7 lm=4/2]
  step=   4200  phase=vocab  vocab=   8  k=  1  loss_ema=1.6549  acc_ema=0.4301  steps/sec=18.6  ranks[in=2/7 q=1/1 k=1/1 v=1/1 o=1/7 lm=4/2]
  step=   4400  phase=vocab  vocab=   8  k=  1  loss_ema=1.6471  acc_ema=0.4556  steps/sec=18.6  ranks[in=2/7 q=1/1 k=1/1 v=1/1 o=1/7 lm=5/2]
  step=   4600  phase=vocab  vocab=   8  k=  1  loss_ema=1.3581  acc_ema=0.5868  steps/sec=18.5  ranks[in=2/7 q=1/1 k=1/1 v=1/1 o=1/7 lm=5/1]
  step=   4674  phase=vocab  vocab=  16  k=  1  loss_ema=1.4636  acc_ema=0.6503  [LEVEL_UP]  ranks[in=2/7 q=1/1 k=1/1 v=1/1 o=1/7 lm=4/1]
  step=   4704  phase=vocab  vocab=   8  k=  1  loss_ema=4.1994  acc_ema=0.3547  [LEVEL_DOWN]  ranks[in=3/8 q=1/1 k=1/1 v=1/1 o=1/8 lm=5/1]
  step=   4800  phase=vocab  vocab=   8  k=  1  loss_ema=1.8732  acc_ema=0.3666  steps/sec=18.5  ranks[in=4/7 q=1/1 k=1/1 v=1/1 o=1/10 lm=5/1]
  step=   5000  phase=vocab  vocab=   8  k=  1  loss_ema=1.4010  acc_ema=0.3934  steps/sec=18.4  ranks[in=3/7 q=1/1 k=1/1 v=1/1 o=1/10 lm=4/1]
  step=   5200  phase=vocab  vocab=   8  k=  1  loss_ema=1.3756  acc_ema=0.5325  steps/sec=18.4  ranks[in=3/7 q=1/1 k=1/1 v=1/1 o=1/12 lm=4/1]
  step=   5400  phase=vocab  vocab=   8  k=  1  loss_ema=1.3947  acc_ema=0.5904  steps/sec=18.4  ranks[in=2/7 q=1/1 k=1/1 v=1/1 o=1/11 lm=4/1]
  step=   5600  phase=vocab  vocab=   8  k=  1  loss_ema=1.4352  acc_ema=0.5391  steps/sec=18.4  ranks[in=2/7 q=1/1 k=1/1 v=1/1 o=1/12 lm=4/1]
  step=   5800  phase=vocab  vocab=   8  k=  1  loss_ema=1.3883  acc_ema=0.5981  steps/sec=18.3  ranks[in=2/7 q=1/1 k=1/1 v=1/1 o=1/12 lm=4/1]
  step=   5822  phase=vocab  vocab=  16  k=  1  loss_ema=1.3253  acc_ema=0.6674  [LEVEL_UP]  ranks[in=2/7 q=1/1 k=1/1 v=1/1 o=1/12 lm=5/1]
  step=   5852  phase=vocab  vocab=   8  k=  1  loss_ema=4.1066  acc_ema=0.3641  [LEVEL_DOWN]  ranks[in=2/7 q=1/1 k=1/1 v=1/1 o=1/12 lm=4/1]
  step=   6000  phase=vocab  vocab=   8  k=  1  loss_ema=1.5248  acc_ema=0.5311  steps/sec=18.3  ranks[in=2/7 q=1/1 k=1/1 v=1/1 o=1/12 lm=4/1]
  step=   6062  phase=vocab  vocab=  16  k=  1  loss_ema=1.5487  acc_ema=0.6138  [LEVEL_UP]  ranks[in=2/7 q=1/1 k=1/1 v=1/1 o=1/12 lm=4/1]
  step=   6095  phase=vocab  vocab=   8  k=  1  loss_ema=4.1380  acc_ema=0.3332  [LEVEL_DOWN]  ranks[in=2/7 q=1/1 k=1/1 v=1/1 o=1/12 lm=5/1]
  step=   6200  phase=vocab  vocab=   8  k=  1  loss_ema=1.4749  acc_ema=0.5248  steps/sec=18.3  ranks[in=2/7 q=1/1 k=1/1 v=1/1 o=1/12 lm=4/1]
  step=   6243  phase=vocab  vocab=  16  k=  1  loss_ema=1.4999  acc_ema=0.7134  [LEVEL_UP]  ranks[in=2/7 q=1/1 k=1/1 v=1/1 o=1/12 lm=5/1]
  step=   6277  phase=vocab  vocab=   8  k=  1  loss_ema=4.1565  acc_ema=0.3770  [LEVEL_DOWN]  ranks[in=2/7 q=1/1 k=1/1 v=1/1 o=1/12 lm=5/1]
  step=   6400  phase=vocab  vocab=   8  k=  1  loss_ema=1.5081  acc_ema=0.6211  steps/sec=18.2  ranks[in=2/7 q=1/1 k=1/1 v=1/1 o=1/12 lm=4/1]
  step=   6600  phase=vocab  vocab=   8  k=  1  loss_ema=1.3817  acc_ema=0.5373  steps/sec=18.2  ranks[in=2/7 q=1/1 k=1/1 v=1/1 o=1/12 lm=4/1]
  step=   6800  phase=vocab  vocab=   8  k=  1  loss_ema=1.1983  acc_ema=0.6236  steps/sec=18.2  ranks[in=2/7 q=1/1 k=1/1 v=1/1 o=1/12 lm=4/1]
  step=   6844  phase=vocab  vocab=  16  k=  1  loss_ema=1.1239  acc_ema=0.6961  [LEVEL_UP]  ranks[in=2/7 q=1/1 k=1/1 v=1/1 o=1/12 lm=5/1]
  step=   6874  phase=vocab  vocab=   8  k=  1  loss_ema=3.9616  acc_ema=0.3971  [LEVEL_DOWN]  ranks[in=2/7 q=1/1 k=1/1 v=1/1 o=1/12 lm=5/1]
  step=   6993  phase=vocab  vocab=  16  k=  1  loss_ema=1.3809  acc_ema=0.6180  [LEVEL_UP]  ranks[in=2/7 q=1/1 k=1/1 v=1/1 o=1/12 lm=5/1]
  step=   7000  phase=vocab  vocab=  16  k=  1  loss_ema=2.4033  acc_ema=0.5365  steps/sec=18.1  ranks[in=2/7 q=1/1 k=1/1 v=1/1 o=1/12 lm=4/1]
  step=   7023  phase=vocab  vocab=   8  k=  1  loss_ema=3.9913  acc_ema=0.3371  [LEVEL_DOWN]  ranks[in=2/8 q=1/1 k=1/1 v=1/1 o=1/12 lm=5/1]
  step=   7142  phase=vocab  vocab=  16  k=  1  loss_ema=1.4641  acc_ema=0.6987  [LEVEL_UP]  ranks[in=2/8 q=1/1 k=1/1 v=1/1 o=1/12 lm=5/1]
  step=   7172  phase=vocab  vocab=   8  k=  1  loss_ema=3.9633  acc_ema=0.4090  [LEVEL_DOWN]  ranks[in=2/8 q=1/1 k=1/1 v=1/1 o=1/12 lm=5/1]
  step=   7200  phase=vocab  vocab=   8  k=  1  loss_ema=2.5123  acc_ema=0.4310  steps/sec=18.1  ranks[in=2/8 q=1/1 k=1/1 v=1/1 o=1/12 lm=4/1]
  step=   7400  phase=vocab  vocab=   8  k=  1  loss_ema=1.3220  acc_ema=0.4903  steps/sec=18.1  ranks[in=2/8 q=1/1 k=1/1 v=1/1 o=1/12 lm=4/1]
  step=   7600  phase=vocab  vocab=   8  k=  1  loss_ema=1.2824  acc_ema=0.5683  steps/sec=18.1  ranks[in=2/8 q=1/1 k=1/1 v=1/1 o=1/12 lm=4/1]
  step=   7800  phase=vocab  vocab=   8  k=  1  loss_ema=1.2352  acc_ema=0.6521  steps/sec=18.1  ranks[in=2/8 q=1/1 k=1/1 v=1/1 o=1/12 lm=4/1]
  step=   8000  phase=vocab  vocab=   8  k=  1  loss_ema=1.2523  acc_ema=0.5283  steps/sec=18.1  ranks[in=2/8 q=1/1 k=1/1 v=1/1 o=1/12 lm=4/1]
  step=   8200  phase=vocab  vocab=   8  k=  1  loss_ema=1.2212  acc_ema=0.6095  steps/sec=18.1  ranks[in=2/8 q=1/1 k=1/1 v=1/1 o=1/12 lm=4/1]
  step=   8400  phase=vocab  vocab=   8  k=  1  loss_ema=1.3062  acc_ema=0.5276  steps/sec=18.1  ranks[in=2/8 q=1/1 k=1/1 v=1/1 o=1/12 lm=4/1]
  step=   8525  phase=vocab  vocab=  16  k=  1  loss_ema=1.3369  acc_ema=0.5309  [LEVEL_UP]  ranks[in=2/8 q=1/1 k=1/1 v=1/1 o=1/12 lm=5/1]
  step=   8555  phase=vocab  vocab=   8  k=  1  loss_ema=3.8857  acc_ema=0.3167  [LEVEL_DOWN]  ranks[in=2/8 q=1/1 k=1/1 v=1/1 o=1/12 lm=4/1]
  step=   8600  phase=vocab  vocab=   8  k=  1  loss_ema=2.0527  acc_ema=0.3826  steps/sec=18.0  ranks[in=2/8 q=1/1 k=1/1 v=1/1 o=1/12 lm=4/1]
  step=   8800  phase=vocab  vocab=   8  k=  1  loss_ema=1.2592  acc_ema=0.5854  steps/sec=18.0  ranks[in=2/8 q=1/1 k=1/1 v=1/1 o=1/12 lm=4/1]
  step=   9000  phase=vocab  vocab=   8  k=  1  loss_ema=1.3990  acc_ema=0.4260  steps/sec=18.0  ranks[in=2/8 q=1/1 k=1/1 v=1/1 o=1/12 lm=4/1]
  step=   9200  phase=vocab  vocab=   8  k=  1  loss_ema=1.2581  acc_ema=0.6058  steps/sec=18.0  ranks[in=2/8 q=1/1 k=1/1 v=1/1 o=1/12 lm=4/1]
  step=   9400  phase=vocab  vocab=   8  k=  1  loss_ema=1.2608  acc_ema=0.4821  steps/sec=18.0  ranks[in=2/8 q=1/1 k=1/1 v=1/1 o=1/12 lm=4/1]
  step=   9600  phase=vocab  vocab=   8  k=  1  loss_ema=1.1966  acc_ema=0.6476  steps/sec=17.9  ranks[in=2/8 q=1/1 k=1/1 v=1/1 o=1/12 lm=4/1]
  step=   9800  phase=vocab  vocab=   8  k=  1  loss_ema=1.1780  acc_ema=0.6574  steps/sec=17.9  ranks[in=2/8 q=1/1 k=1/1 v=1/1 o=1/12 lm=4/1]
  step=   9805  phase=vocab  vocab=  16  k=  1  loss_ema=1.1644  acc_ema=0.6903  [LEVEL_UP]  ranks[in=2/8 q=1/1 k=1/1 v=1/1 o=1/12 lm=4/1]
  step=   9835  phase=vocab  vocab=   8  k=  1  loss_ema=4.2822  acc_ema=0.3886  [LEVEL_DOWN]  ranks[in=2/8 q=1/1 k=1/1 v=1/1 o=1/12 lm=5/1]
  step=  10000  phase=vocab  vocab=   8  k=  1  loss_ema=1.2902  acc_ema=0.5421  steps/sec=17.9  ranks[in=2/7 q=1/1 k=1/1 v=1/1 o=1/12 lm=4/1]
  step=  10075  phase=vocab  vocab=  16  k=  1  loss_ema=1.2788  acc_ema=0.6594  [LEVEL_UP]  ranks[in=2/7 q=1/1 k=1/1 v=1/1 o=1/12 lm=5/1]
  step=  10110  phase=vocab  vocab=   8  k=  1  loss_ema=4.3863  acc_ema=0.3577  [LEVEL_DOWN]  ranks[in=2/7 q=1/1 k=1/1 v=1/1 o=1/12 lm=4/1]
  step=  10200  phase=vocab  vocab=   8  k=  1  loss_ema=1.4281  acc_ema=0.6469  steps/sec=17.9  ranks[in=2/7 q=1/1 k=1/1 v=1/1 o=1/12 lm=4/1]
  step=  10282  phase=vocab  vocab=  16  k=  1  loss_ema=1.2364  acc_ema=0.7023  [LEVEL_UP]  ranks[in=2/7 q=1/1 k=1/1 v=1/1 o=1/12 lm=5/1]
  step=  10312  phase=vocab  vocab=   8  k=  1  loss_ema=3.9970  acc_ema=0.4087  [LEVEL_DOWN]  ranks[in=2/8 q=1/1 k=1/1 v=1/1 o=1/12 lm=4/1]
  step=  10400  phase=vocab  vocab=   8  k=  1  loss_ema=1.4632  acc_ema=0.6297  steps/sec=17.9  ranks[in=2/7 q=1/1 k=1/1 v=1/1 o=1/12 lm=4/1]
  step=  10600  phase=vocab  vocab=   8  k=  1  loss_ema=1.2599  acc_ema=0.5717  steps/sec=17.9  ranks[in=2/7 q=1/1 k=1/1 v=1/1 o=1/12 lm=4/1]
  step=  10800  phase=vocab  vocab=   8  k=  1  loss_ema=1.2111  acc_ema=0.5887  steps/sec=17.9  ranks[in=2/7 q=1/1 k=1/1 v=1/1 o=1/12 lm=4/1]
  step=  11000  phase=vocab  vocab=   8  k=  1  loss_ema=1.2579  acc_ema=0.7301  steps/sec=17.9  ranks[in=2/7 q=1/1 k=1/1 v=1/1 o=1/12 lm=4/1]
  step=  11014  phase=vocab  vocab=  16  k=  1  loss_ema=1.2330  acc_ema=0.7643  [LEVEL_UP]  ranks[in=2/7 q=1/1 k=1/1 v=1/1 o=1/12 lm=4/1]
  step=  11044  phase=vocab  vocab=   8  k=  1  loss_ema=4.0223  acc_ema=0.4169  [LEVEL_DOWN]  ranks[in=2/8 q=1/1 k=1/1 v=1/1 o=1/12 lm=5/1]
  step=  11122  phase=vocab  vocab=  16  k=  1  loss_ema=1.2600  acc_ema=0.6788  [LEVEL_UP]  ranks[in=2/7 q=1/1 k=1/1 v=1/1 o=1/12 lm=5/1]
  step=  11152  phase=vocab  vocab=   8  k=  1  loss_ema=3.7753  acc_ema=0.3703  [LEVEL_DOWN]  ranks[in=2/8 q=1/1 k=1/1 v=1/1 o=1/12 lm=4/1]
  step=  11200  phase=vocab  vocab=   8  k=  1  loss_ema=1.7733  acc_ema=0.4730  steps/sec=17.9  ranks[in=2/7 q=1/1 k=1/1 v=1/1 o=1/12 lm=4/1]
  step=  11291  phase=vocab  vocab=  16  k=  1  loss_ema=1.2220  acc_ema=0.6220  [LEVEL_UP]  ranks[in=2/7 q=1/1 k=1/1 v=1/1 o=1/12 lm=5/1]
  step=  11325  phase=vocab  vocab=   8  k=  1  loss_ema=4.1776  acc_ema=0.3413  [LEVEL_DOWN]  ranks[in=2/7 q=1/1 k=1/1 v=1/1 o=1/12 lm=5/1]
  step=  11400  phase=vocab  vocab=   8  k=  1  loss_ema=1.4292  acc_ema=0.5209  steps/sec=17.9  ranks[in=2/7 q=1/1 k=1/1 v=1/1 o=1/12 lm=4/1]
  step=  11544  phase=vocab  vocab=  16  k=  1  loss_ema=1.2545  acc_ema=0.6379  [LEVEL_UP]  ranks[in=2/7 q=1/1 k=1/1 v=1/1 o=1/12 lm=5/1]
  step=  11579  phase=vocab  vocab=   8  k=  1  loss_ema=3.9709  acc_ema=0.3714  [LEVEL_DOWN]  ranks[in=2/7 q=1/1 k=1/1 v=1/1 o=1/12 lm=5/1]
  step=  11600  phase=vocab  vocab=   8  k=  1  loss_ema=2.8082  acc_ema=0.4434  steps/sec=17.9  ranks[in=2/7 q=1/1 k=1/1 v=1/1 o=1/12 lm=4/1]
  step=  11800  phase=vocab  vocab=   8  k=  1  loss_ema=1.1778  acc_ema=0.6538  steps/sec=17.9  ranks[in=2/7 q=1/1 k=1/1 v=1/1 o=1/12 lm=4/1]
  step=  11929  phase=vocab  vocab=  16  k=  1  loss_ema=1.1770  acc_ema=0.6439  [LEVEL_UP]  ranks[in=2/7 q=1/1 k=1/1 v=1/1 o=1/12 lm=5/1]
  step=  11959  phase=vocab  vocab=   8  k=  1  loss_ema=3.5179  acc_ema=0.3512  [LEVEL_DOWN]  ranks[in=2/7 q=1/1 k=1/1 v=1/1 o=1/12 lm=4/1]
  step=  11987  phase=vocab  vocab=  16  k=  1  loss_ema=2.2975  acc_ema=0.4824  [LEVEL_UP]  ranks[in=2/7 q=1/1 k=1/1 v=1/1 o=1/12 lm=5/1]
  step=  12000  phase=vocab  vocab=  16  k=  1  loss_ema=3.7234  acc_ema=0.3884  steps/sec=17.8  ranks[in=2/7 q=1/1 k=1/1 v=1/1 o=1/12 lm=4/1]
  step=  12020  phase=vocab  vocab=   8  k=  1  loss_ema=4.0110  acc_ema=0.3258  [LEVEL_DOWN]  ranks[in=2/7 q=1/1 k=1/1 v=1/1 o=1/11 lm=4/1]
  step=  12083  phase=vocab  vocab=  16  k=  1  loss_ema=1.4962  acc_ema=0.6616  [LEVEL_UP]  ranks[in=2/7 q=1/1 k=1/1 v=1/1 o=1/11 lm=5/1]
  step=  12131  phase=vocab  vocab=   8  k=  1  loss_ema=3.8267  acc_ema=0.3674  [LEVEL_DOWN]  ranks[in=2/7 q=1/1 k=1/1 v=1/1 o=1/11 lm=5/1]
  step=  12200  phase=vocab  vocab=   8  k=  1  loss_ema=1.4794  acc_ema=0.5891  steps/sec=17.8  ranks[in=2/7 q=1/1 k=1/1 v=1/1 o=1/11 lm=4/1]
  step=  12395  phase=vocab  vocab=  16  k=  1  loss_ema=1.2247  acc_ema=0.6558  [LEVEL_UP]  ranks[in=2/7 q=1/1 k=1/1 v=1/1 o=1/11 lm=5/1]
  step=  12400  phase=vocab  vocab=  16  k=  1  loss_ema=1.8704  acc_ema=0.6120  steps/sec=17.8  ranks[in=2/8 q=1/1 k=1/1 v=1/1 o=1/11 lm=4/1]
  step=  12425  phase=vocab  vocab=   8  k=  1  loss_ema=2.8029  acc_ema=0.4176  [LEVEL_DOWN]  ranks[in=2/7 q=1/1 k=1/1 v=1/1 o=1/11 lm=5/1]
  step=  12516  phase=vocab  vocab=  16  k=  1  loss_ema=1.3318  acc_ema=0.6494  [LEVEL_UP]  ranks[in=2/7 q=1/1 k=1/1 v=1/1 o=1/11 lm=4/1]
  step=  12546  phase=vocab  vocab=   8  k=  1  loss_ema=3.5983  acc_ema=0.3853  [LEVEL_DOWN]  ranks[in=2/7 q=1/1 k=1/1 v=1/1 o=1/11 lm=4/1]
  step=  12600  phase=vocab  vocab=   8  k=  1  loss_ema=1.5545  acc_ema=0.5052  steps/sec=17.8  ranks[in=2/7 q=1/1 k=1/1 v=1/1 o=1/11 lm=4/1]
  step=  12800  phase=vocab  vocab=   8  k=  1  loss_ema=1.3294  acc_ema=0.6068  steps/sec=17.8  ranks[in=2/7 q=1/1 k=1/1 v=1/1 o=1/11 lm=4/1]
  step=  12887  phase=vocab  vocab=  16  k=  1  loss_ema=1.1930  acc_ema=0.6788  [LEVEL_UP]  ranks[in=2/7 q=1/1 k=1/1 v=1/1 o=1/11 lm=5/1]
  step=  12927  phase=vocab  vocab=   8  k=  1  loss_ema=3.2283  acc_ema=0.3939  [LEVEL_DOWN]  ranks[in=2/7 q=1/1 k=1/1 v=1/1 o=1/11 lm=5/1]
  step=  13000  phase=vocab  vocab=   8  k=  1  loss_ema=1.3920  acc_ema=0.5333  steps/sec=17.8  ranks[in=2/7 q=1/1 k=1/1 v=1/1 o=1/11 lm=4/1]
  step=  13200  phase=vocab  vocab=   8  k=  1  loss_ema=1.1706  acc_ema=0.6740  steps/sec=17.8  ranks[in=2/7 q=1/1 k=1/1 v=1/1 o=1/11 lm=4/1]
  step=  13400  phase=vocab  vocab=   8  k=  1  loss_ema=1.2160  acc_ema=0.6342  steps/sec=17.8  ranks[in=2/7 q=1/1 k=1/1 v=1/1 o=1/11 lm=4/1]
  step=  13464  phase=vocab  vocab=  16  k=  1  loss_ema=1.1322  acc_ema=0.7761  [LEVEL_UP]  ranks[in=2/7 q=1/1 k=1/1 v=1/1 o=1/11 lm=4/1]
  step=  13496  phase=vocab  vocab=   8  k=  1  loss_ema=2.6726  acc_ema=0.4561  [LEVEL_DOWN]  ranks[in=2/7 q=1/1 k=1/1 v=1/1 o=1/11 lm=4/1]
  step=  13521  phase=vocab  vocab=  16  k=  1  loss_ema=2.0233  acc_ema=0.5745  [LEVEL_UP]  ranks[in=2/7 q=1/1 k=1/1 v=1/1 o=1/11 lm=5/1]
  step=  13562  phase=vocab  vocab=   8  k=  1  loss_ema=3.3582  acc_ema=0.3444  [LEVEL_DOWN]  ranks[in=2/8 q=1/1 k=1/1 v=1/1 o=1/11 lm=4/1]
  step=  13593  phase=vocab  vocab=  16  k=  1  loss_ema=1.9869  acc_ema=0.5154  [LEVEL_UP]  ranks[in=2/7 q=1/1 k=1/1 v=1/1 o=1/11 lm=5/1]
  step=  13600  phase=vocab  vocab=  16  k=  1  loss_ema=2.5472  acc_ema=0.4663  steps/sec=17.8  ranks[in=2/7 q=1/1 k=1/1 v=1/1 o=1/11 lm=4/1]
  step=  13625  phase=vocab  vocab=   8  k=  1  loss_ema=2.6838  acc_ema=0.3591  [LEVEL_DOWN]  ranks[in=2/7 q=1/1 k=1/1 v=1/1 o=1/11 lm=5/1]
  step=  13729  phase=vocab  vocab=  16  k=  1  loss_ema=1.3279  acc_ema=0.6260  [LEVEL_UP]  ranks[in=2/7 q=1/1 k=1/1 v=1/1 o=1/11 lm=5/1]
  step=  13760  phase=vocab  vocab=   8  k=  1  loss_ema=2.9712  acc_ema=0.4276  [LEVEL_DOWN]  ranks[in=2/7 q=1/1 k=1/1 v=1/1 o=1/11 lm=5/1]
  step=  13800  phase=vocab  vocab=   8  k=  1  loss_ema=2.0182  acc_ema=0.4263  steps/sec=17.8  ranks[in=2/8 q=1/1 k=1/1 v=1/1 o=1/11 lm=5/1]
  step=  13956  phase=vocab  vocab=  16  k=  1  loss_ema=1.2257  acc_ema=0.6320  [LEVEL_UP]  ranks[in=2/7 q=1/1 k=1/1 v=1/1 o=1/11 lm=5/1]
  step=  13987  phase=vocab  vocab=   8  k=  1  loss_ema=2.5191  acc_ema=0.3988  [LEVEL_DOWN]  ranks[in=2/8 q=1/1 k=1/1 v=1/1 o=1/11 lm=5/1]
  step=  14000  phase=vocab  vocab=   8  k=  1  loss_ema=2.5966  acc_ema=0.4366  steps/sec=17.8  ranks[in=2/7 q=1/1 k=1/1 v=1/1 o=1/11 lm=5/1]
  step=  14004  phase=vocab  vocab=  16  k=  1  loss_ema=2.3037  acc_ema=0.4803  [LEVEL_UP]  ranks[in=2/7 q=1/1 k=1/1 v=1/1 o=1/11 lm=5/1]
  step=  14034  phase=vocab  vocab=   8  k=  1  loss_ema=3.1867  acc_ema=0.3340  [LEVEL_DOWN]  ranks[in=2/8 q=1/1 k=1/1 v=1/1 o=1/11 lm=5/1]
  step=  14200  phase=vocab  vocab=   8  k=  1  loss_ema=1.2189  acc_ema=0.5689  steps/sec=17.8  ranks[in=2/7 q=1/1 k=1/1 v=1/1 o=1/11 lm=5/1]
  step=  14326  phase=vocab  vocab=  16  k=  1  loss_ema=1.1273  acc_ema=0.6923  [LEVEL_UP]  ranks[in=2/7 q=1/1 k=1/1 v=1/1 o=1/11 lm=5/1]
  step=  14366  phase=vocab  vocab=   8  k=  1  loss_ema=2.7095  acc_ema=0.4102  [LEVEL_DOWN]  ranks[in=2/8 q=1/1 k=1/1 v=1/1 o=1/11 lm=5/1]
  step=  14400  phase=vocab  vocab=   8  k=  1  loss_ema=1.9063  acc_ema=0.4886  steps/sec=17.8  ranks[in=2/8 q=1/1 k=1/1 v=1/1 o=1/11 lm=5/1]
  step=  14600  phase=vocab  vocab=   8  k=  1  loss_ema=1.2041  acc_ema=0.6045  steps/sec=17.7  ranks[in=2/8 q=1/1 k=1/1 v=1/1 o=1/11 lm=5/1]
  step=  14800  phase=vocab  vocab=   8  k=  1  loss_ema=1.1801  acc_ema=0.5465  steps/sec=17.7  ranks[in=2/8 q=1/1 k=1/1 v=1/1 o=1/11 lm=5/1]
  step=  15000  phase=vocab  vocab=   8  k=  1  loss_ema=1.1232  acc_ema=0.6243  steps/sec=17.7  ranks[in=2/8 q=1/1 k=1/1 v=1/1 o=1/11 lm=5/1]
  step=  15187  phase=vocab  vocab=  16  k=  1  loss_ema=1.1550  acc_ema=0.6121  [LEVEL_UP]  ranks[in=2/8 q=1/1 k=1/1 v=1/1 o=1/11 lm=4/1]
  step=  15200  phase=vocab  vocab=  16  k=  1  loss_ema=2.4021  acc_ema=0.5065  steps/sec=17.7  ranks[in=2/8 q=1/1 k=1/1 v=1/1 o=1/11 lm=5/1]
  step=  15217  phase=vocab  vocab=   8  k=  1  loss_ema=2.8470  acc_ema=0.3750  [LEVEL_DOWN]  ranks[in=2/8 q=1/1 k=1/1 v=1/1 o=1/11 lm=5/1]
  step=  15288  phase=vocab  vocab=  16  k=  1  loss_ema=1.4282  acc_ema=0.6312  [LEVEL_UP]  ranks[in=2/8 q=1/1 k=1/1 v=1/1 o=1/12 lm=4/1]
  step=  15319  phase=vocab  vocab=   8  k=  1  loss_ema=2.4580  acc_ema=0.3956  [LEVEL_DOWN]  ranks[in=3/8 q=1/1 k=1/1 v=1/1 o=1/13 lm=4/1]
  step=  15400  phase=vocab  vocab=   8  k=  1  loss_ema=1.3832  acc_ema=0.5273  steps/sec=17.7  ranks[in=2/8 q=1/1 k=1/1 v=1/1 o=1/12 lm=5/1]
  step=  15600  phase=vocab  vocab=   8  k=  1  loss_ema=1.4666  acc_ema=0.4135  steps/sec=17.7  ranks[in=2/8 q=1/1 k=1/1 v=1/1 o=1/12 lm=5/1]
  step=  15800  phase=vocab  vocab=   8  k=  1  loss_ema=1.2080  acc_ema=0.5666  steps/sec=17.7  ranks[in=2/8 q=1/1 k=1/1 v=1/1 o=1/12 lm=5/1]
  step=  16000  phase=vocab  vocab=   8  k=  1  loss_ema=1.2412  acc_ema=0.6530  steps/sec=17.7  ranks[in=2/8 q=1/1 k=1/1 v=1/1 o=1/13 lm=5/1]
  step=  16129  phase=vocab  vocab=  16  k=  1  loss_ema=1.1772  acc_ema=0.7819  [LEVEL_UP]  ranks[in=2/8 q=1/1 k=1/1 v=1/1 o=1/13 lm=4/1]
  step=  16159  phase=vocab  vocab=   8  k=  1  loss_ema=3.8199  acc_ema=0.4265  [LEVEL_DOWN]  ranks[in=2/8 q=1/1 k=1/1 v=1/1 o=1/13 lm=5/1]
  step=  16200  phase=vocab  vocab=   8  k=  1  loss_ema=2.0488  acc_ema=0.4531  steps/sec=17.7  ranks[in=3/8 q=1/1 k=1/1 v=1/1 o=1/13 lm=5/1]
  step=  16288  phase=vocab  vocab=  16  k=  1  loss_ema=1.2580  acc_ema=0.7058  [LEVEL_UP]  ranks[in=3/8 q=1/1 k=1/1 v=1/1 o=1/14 lm=4/1]
  step=  16328  phase=vocab  vocab=   8  k=  1  loss_ema=2.7298  acc_ema=0.4195  [LEVEL_DOWN]  ranks[in=2/8 q=1/1 k=1/1 v=1/1 o=1/14 lm=4/1]
  step=  16400  phase=vocab  vocab=   8  k=  1  loss_ema=1.3396  acc_ema=0.5818  steps/sec=17.7  ranks[in=3/8 q=1/1 k=1/1 v=1/1 o=1/14 lm=5/1]
  step=  16412  phase=vocab  vocab=  16  k=  1  loss_ema=1.2274  acc_ema=0.6555  [LEVEL_UP]  ranks[in=2/8 q=1/1 k=1/1 v=1/1 o=1/14 lm=5/1]
  step=  16442  phase=vocab  vocab=   8  k=  1  loss_ema=2.5410  acc_ema=0.4155  [LEVEL_DOWN]  ranks[in=3/8 q=1/1 k=1/1 v=1/1 o=1/15 lm=4/1]
  step=  16592  phase=vocab  vocab=  16  k=  1  loss_ema=1.2796  acc_ema=0.5604  [LEVEL_UP]  ranks[in=2/8 q=1/1 k=1/1 v=1/1 o=1/15 lm=4/1]
  step=  16600  phase=vocab  vocab=  16  k=  1  loss_ema=2.1911  acc_ema=0.5145  steps/sec=17.7  ranks[in=2/8 q=1/1 k=1/1 v=1/1 o=1/15 lm=5/1]
  step=  16636  phase=vocab  vocab=   8  k=  1  loss_ema=2.8097  acc_ema=0.3626  [LEVEL_DOWN]  ranks[in=2/8 q=1/1 k=1/1 v=1/1 o=1/15 lm=4/1]
  step=  16800  phase=vocab  vocab=   8  k=  1  loss_ema=1.3611  acc_ema=0.4325  steps/sec=17.7  ranks[in=2/8 q=1/1 k=1/1 v=1/1 o=1/15 lm=5/1]
  step=  16944  phase=vocab  vocab=  16  k=  1  loss_ema=1.0945  acc_ema=0.5632  [LEVEL_UP]  ranks[in=2/8 q=1/1 k=1/1 v=1/1 o=1/15 lm=5/1]
  step=  16974  phase=vocab  vocab=   8  k=  1  loss_ema=2.8373  acc_ema=0.3186  [LEVEL_DOWN]  ranks[in=2/8 q=1/1 k=1/1 v=1/1 o=1/15 lm=4/1]
  step=  17000  phase=vocab  vocab=   8  k=  1  loss_ema=1.9757  acc_ema=0.3539  steps/sec=17.7  ranks[in=2/8 q=1/1 k=1/1 v=1/1 o=1/15 lm=5/1]
  step=  17200  phase=vocab  vocab=   8  k=  1  loss_ema=1.2791  acc_ema=0.4144  steps/sec=17.7  ranks[in=2/8 q=1/1 k=1/1 v=1/1 o=1/15 lm=5/1]
  step=  17250  phase=vocab  vocab=  16  k=  1  loss_ema=1.1625  acc_ema=0.5775  [LEVEL_UP]  ranks[in=2/8 q=1/1 k=1/1 v=1/1 o=1/15 lm=5/1]
  step=  17280  phase=vocab  vocab=   8  k=  1  loss_ema=2.8983  acc_ema=0.3762  [LEVEL_DOWN]  ranks[in=2/8 q=1/1 k=1/1 v=1/1 o=1/15 lm=4/1]
  step=  17400  phase=vocab  vocab=   8  k=  1  loss_ema=1.4514  acc_ema=0.4586  steps/sec=17.7  ranks[in=2/8 q=1/1 k=1/1 v=1/1 o=1/15 lm=5/1]
  step=  17600  phase=vocab  vocab=   8  k=  1  loss_ema=1.4377  acc_ema=0.2773  steps/sec=17.7  ranks[in=2/8 q=1/1 k=1/1 v=1/1 o=1/15 lm=5/1]
  step=  17800  phase=vocab  vocab=   8  k=  1  loss_ema=1.3620  acc_ema=0.4835  steps/sec=17.7  ranks[in=2/8 q=1/1 k=1/1 v=1/1 o=1/15 lm=5/1]
  step=  18000  phase=vocab  vocab=   8  k=  1  loss_ema=1.2943  acc_ema=0.4570  steps/sec=17.7  ranks[in=2/8 q=1/1 k=1/1 v=1/1 o=1/15 lm=4/1]
  step=  18200  phase=vocab  vocab=   8  k=  1  loss_ema=1.2852  acc_ema=0.5709  steps/sec=17.7  ranks[in=2/8 q=1/1 k=1/1 v=1/1 o=1/15 lm=4/1]
  step=  18400  phase=vocab  vocab=   8  k=  1  loss_ema=1.1953  acc_ema=0.5178  steps/sec=17.6  ranks[in=2/8 q=1/1 k=1/1 v=1/1 o=1/15 lm=4/1]
  step=  18600  phase=vocab  vocab=   8  k=  1  loss_ema=1.2342  acc_ema=0.4793  steps/sec=17.6  ranks[in=2/8 q=1/1 k=1/1 v=1/1 o=1/15 lm=4/1]
  step=  18800  phase=vocab  vocab=   8  k=  1  loss_ema=1.1307  acc_ema=0.6474  steps/sec=17.6  ranks[in=2/8 q=1/1 k=1/1 v=1/1 o=1/15 lm=4/1]
  step=  18835  phase=vocab  vocab=  16  k=  1  loss_ema=1.1047  acc_ema=0.7346  [LEVEL_UP]  ranks[in=2/8 q=1/1 k=1/1 v=1/1 o=1/15 lm=4/1]
  step=  18870  phase=vocab  vocab=   8  k=  1  loss_ema=2.3877  acc_ema=0.3957  [LEVEL_DOWN]  ranks[in=2/8 q=1/1 k=1/1 v=1/1 o=1/15 lm=5/1]
  step=  19000  phase=vocab  vocab=   8  k=  1  loss_ema=1.4198  acc_ema=0.3632  steps/sec=17.6  ranks[in=2/8 q=1/1 k=1/1 v=1/1 o=1/15 lm=4/1]
  step=  19200  phase=vocab  vocab=   8  k=  1  loss_ema=1.3719  acc_ema=0.4853  steps/sec=17.6  ranks[in=2/8 q=1/1 k=1/1 v=1/1 o=1/15 lm=4/1]
  step=  19400  phase=vocab  vocab=   8  k=  1  loss_ema=1.3504  acc_ema=0.4890  steps/sec=17.6  ranks[in=2/8 q=1/1 k=1/1 v=1/1 o=1/15 lm=4/1]
  step=  19600  phase=vocab  vocab=   8  k=  1  loss_ema=1.3576  acc_ema=0.4001  steps/sec=17.6  ranks[in=2/8 q=1/1 k=1/1 v=1/1 o=1/15 lm=4/1]
  step=  19687  phase=vocab  vocab=  16  k=  1  loss_ema=1.2512  acc_ema=0.6144  [LEVEL_UP]  ranks[in=2/8 q=1/1 k=1/1 v=1/1 o=1/15 lm=4/1]
  step=  19727  phase=vocab  vocab=   8  k=  1  loss_ema=2.1706  acc_ema=0.3717  [LEVEL_DOWN]  ranks[in=2/8 q=1/1 k=1/1 v=1/1 o=1/15 lm=5/1]
  step=  19800  phase=vocab  vocab=   8  k=  1  loss_ema=1.4001  acc_ema=0.3387  steps/sec=17.6  ranks[in=2/8 q=1/1 k=1/1 v=1/1 o=1/15 lm=4/1]
  step=  20000  phase=vocab  vocab=   8  k=  1  loss_ema=1.2534  acc_ema=0.4925  steps/sec=17.6  ranks[in=2/8 q=1/1 k=1/1 v=1/1 o=1/15 lm=5/1]

FINAL precision=fp4 final_vocab=8 final_k=1 final_phase=vocab graduated=False total_steps=20000 steps_per_sec=17.6 peak_rss_mb=85.4 (1136s)
PEAK precision=fp4 peak_vocab=16 peak_k=1 peak_phase=vocab
RANK_MUTATIONS precision=fp4 count=916
  input_proj   scale_rank=2  additive_rank=8
  q_proj       scale_rank=1  additive_rank=1
  k_proj       scale_rank=1  additive_rank=1
  v_proj       scale_rank=1  additive_rank=1
  o_proj       scale_rank=1  additive_rank=15
  lm_head      scale_rank=5  additive_rank=1
RANK_HISTORY_JSON [{"step": 200, "ranks": {"input_proj": [1, 1], "q_proj": [1, 1], "k_proj": [1, 1], "v_proj": [1, 1], "o_proj": [1, 1], "lm_head": [1, 2]}}, {"step": 400, "ranks": {"input_proj": [1, 1], "q_proj": [1, 1], "k_proj": [1, 1], "v_proj": [1, 1], "o_proj": [1, 1], "lm_head": [1, 3]}}, {"step": 600, "ranks": {"input_proj": [1, 2], "q_proj": [1, 1], "k_proj": [1, 1], "v_proj": [1, 1], "o_proj": [1, 2], "lm_head": [2, 4]}}, {"step": 800, "ranks": {"input_proj": [1, 2], "q_proj": [1, 1], "k_proj": [1, 1], "v_proj": [1, 1], "o_proj": [1, 1], "lm_head": [2, 4]}}, {"step": 1000, "ranks": {"input_proj": [1, 2], "q_proj": [1, 1], "k_proj": [1, 1], "v_proj": [1, 1], "o_proj": [1, 1], "lm_head": [2, 4]}}, {"step": 1200, "ranks": {"input_proj": [2, 2], "q_proj": [1, 1], "k_proj": [1, 1], "v_proj": [1, 1], "o_proj": [1, 1], "lm_head": [2, 4]}}, {"step": 1323, "ranks": {"input_proj": [1, 2], "q_proj": [1, 1], "k_proj": [1, 1], "v_proj": [1, 1], "o_proj": [1, 1], "lm_head": [2, 3]}}, {"step": 1353, "ranks": {"input_proj": [1, 2], "q_proj": [1, 1], "k_proj": [1, 1], "v_proj": [1, 1], "o_proj": [1, 1], "lm_head": [2, 3]}}, {"step": 1400, "ranks": {"input_proj": [1, 2], "q_proj": [1, 1], "k_proj": [1, 1], "v_proj": [1, 1], "o_proj": [1, 1], "lm_head": [2, 3]}}, {"step": 1600, "ranks": {"input_proj": [1, 2], "q_proj": [1, 1], "k_proj": [1, 1], "v_proj": [1, 1], "o_proj": [1, 1], "lm_head": [2, 3]}}, {"step": 1747, "ranks": {"input_proj": [1, 2], "q_proj": [1, 1], "k_proj": [1, 1], "v_proj": [1, 1], "o_proj": [1, 1], "lm_head": [2, 3]}}, {"step": 1777, "ranks": {"input_proj": [1, 2], "q_proj": [1, 1], "k_proj": [1, 1], "v_proj": [1, 1], "o_proj": [1, 1], "lm_head": [2, 3]}}, {"step": 1800, "ranks": {"input_proj": [1, 2], "q_proj": [1, 1], "k_proj": [1, 1], "v_proj": [1, 1], "o_proj": [1, 1], "lm_head": [2, 3]}}, {"step": 2000, "ranks": {"input_proj": [1, 4], "q_proj": [1, 1], "k_proj": [1, 1], "v_proj": [1, 1], "o_proj": [1, 1], "lm_head": [2, 3]}}, {"step": 2048, "ranks": {"input_proj": [2, 4], "q_proj": [1, 1], "k_proj": [1, 1], "v_proj": [1, 1], "o_proj": [1, 1], "lm_head": [2, 3]}}, {"step": 2078, "ranks": {"input_proj": [1, 3], "q_proj": [1, 1], "k_proj": [1, 1], "v_proj": [1, 1], "o_proj": [1, 1], "lm_head": [2, 3]}}, {"step": 2200, "ranks": {"input_proj": [1, 3], "q_proj": [1, 1], "k_proj": [1, 1], "v_proj": [1, 1], "o_proj": [1, 1], "lm_head": [3, 3]}}, {"step": 2400, "ranks": {"input_proj": [2, 4], "q_proj": [1, 1], "k_proj": [1, 1], "v_proj": [1, 1], "o_proj": [1, 2], "lm_head": [3, 3]}}, {"step": 2600, "ranks": {"input_proj": [2, 3], "q_proj": [1, 1], "k_proj": [1, 1], "v_proj": [1, 1], "o_proj": [1, 4], "lm_head": [3, 3]}}, {"step": 2651, "ranks": {"input_proj": [2, 3], "q_proj": [1, 1], "k_proj": [1, 1], "v_proj": [1, 1], "o_proj": [1, 4], "lm_head": [3, 3]}}, {"step": 2681, "ranks": {"input_proj": [2, 3], "q_proj": [1, 1], "k_proj": [1, 1], "v_proj": [1, 1], "o_proj": [1, 4], "lm_head": [2, 3]}}, {"step": 2800, "ranks": {"input_proj": [2, 3], "q_proj": [1, 1], "k_proj": [1, 1], "v_proj": [1, 1], "o_proj": [1, 4], "lm_head": [3, 3]}}, {"step": 2807, "ranks": {"input_proj": [2, 3], "q_proj": [1, 1], "k_proj": [1, 1], "v_proj": [1, 1], "o_proj": [1, 4], "lm_head": [3, 3]}}, {"step": 2837, "ranks": {"input_proj": [2, 3], "q_proj": [1, 1], "k_proj": [1, 1], "v_proj": [1, 1], "o_proj": [1, 4], "lm_head": [2, 3]}}, {"step": 2986, "ranks": {"input_proj": [2, 4], "q_proj": [1, 1], "k_proj": [1, 1], "v_proj": [1, 1], "o_proj": [1, 4], "lm_head": [3, 3]}}, {"step": 3000, "ranks": {"input_proj": [2, 4], "q_proj": [1, 1], "k_proj": [1, 1], "v_proj": [1, 1], "o_proj": [1, 4], "lm_head": [3, 3]}}, {"step": 3016, "ranks": {"input_proj": [2, 3], "q_proj": [1, 1], "k_proj": [1, 1], "v_proj": [1, 1], "o_proj": [1, 4], "lm_head": [3, 3]}}, {"step": 3200, "ranks": {"input_proj": [2, 4], "q_proj": [1, 1], "k_proj": [1, 1], "v_proj": [1, 1], "o_proj": [1, 3], "lm_head": [3, 3]}}, {"step": 3400, "ranks": {"input_proj": [2, 4], "q_proj": [1, 1], "k_proj": [1, 1], "v_proj": [1, 1], "o_proj": [1, 5], "lm_head": [3, 3]}}, {"step": 3502, "ranks": {"input_proj": [2, 4], "q_proj": [1, 1], "k_proj": [1, 1], "v_proj": [1, 1], "o_proj": [1, 5], "lm_head": [3, 3]}}, {"step": 3532, "ranks": {"input_proj": [2, 5], "q_proj": [1, 1], "k_proj": [1, 1], "v_proj": [1, 1], "o_proj": [1, 6], "lm_head": [4, 3]}}, {"step": 3600, "ranks": {"input_proj": [2, 6], "q_proj": [1, 1], "k_proj": [1, 1], "v_proj": [1, 1], "o_proj": [1, 6], "lm_head": [4, 3]}}, {"step": 3800, "ranks": {"input_proj": [2, 6], "q_proj": [1, 1], "k_proj": [1, 1], "v_proj": [1, 1], "o_proj": [1, 6], "lm_head": [4, 2]}}, {"step": 3846, "ranks": {"input_proj": [2, 7], "q_proj": [1, 1], "k_proj": [1, 1], "v_proj": [1, 1], "o_proj": [1, 6], "lm_head": [4, 2]}}, {"step": 3876, "ranks": {"input_proj": [2, 7], "q_proj": [1, 1], "k_proj": [1, 1], "v_proj": [1, 1], "o_proj": [1, 7], "lm_head": [4, 2]}}, {"step": 4000, "ranks": {"input_proj": [2, 7], "q_proj": [1, 1], "k_proj": [1, 1], "v_proj": [1, 1], "o_proj": [1, 7], "lm_head": [4, 2]}}, {"step": 4200, "ranks": {"input_proj": [2, 7], "q_proj": [1, 1], "k_proj": [1, 1], "v_proj": [1, 1], "o_proj": [1, 7], "lm_head": [4, 2]}}, {"step": 4400, "ranks": {"input_proj": [2, 7], "q_proj": [1, 1], "k_proj": [1, 1], "v_proj": [1, 1], "o_proj": [1, 7], "lm_head": [5, 2]}}, {"step": 4600, "ranks": {"input_proj": [2, 7], "q_proj": [1, 1], "k_proj": [1, 1], "v_proj": [1, 1], "o_proj": [1, 7], "lm_head": [5, 1]}}, {"step": 4674, "ranks": {"input_proj": [2, 7], "q_proj": [1, 1], "k_proj": [1, 1], "v_proj": [1, 1], "o_proj": [1, 7], "lm_head": [4, 1]}}, {"step": 4704, "ranks": {"input_proj": [3, 8], "q_proj": [1, 1], "k_proj": [1, 1], "v_proj": [1, 1], "o_proj": [1, 8], "lm_head": [5, 1]}}, {"step": 4800, "ranks": {"input_proj": [4, 7], "q_proj": [1, 1], "k_proj": [1, 1], "v_proj": [1, 1], "o_proj": [1, 10], "lm_head": [5, 1]}}, {"step": 5000, "ranks": {"input_proj": [3, 7], "q_proj": [1, 1], "k_proj": [1, 1], "v_proj": [1, 1], "o_proj": [1, 10], "lm_head": [4, 1]}}, {"step": 5200, "ranks": {"input_proj": [3, 7], "q_proj": [1, 1], "k_proj": [1, 1], "v_proj": [1, 1], "o_proj": [1, 12], "lm_head": [4, 1]}}, {"step": 5400, "ranks": {"input_proj": [2, 7], "q_proj": [1, 1], "k_proj": [1, 1], "v_proj": [1, 1], "o_proj": [1, 11], "lm_head": [4, 1]}}, {"step": 5600, "ranks": {"input_proj": [2, 7], "q_proj": [1, 1], "k_proj": [1, 1], "v_proj": [1, 1], "o_proj": [1, 12], "lm_head": [4, 1]}}, {"step": 5800, "ranks": {"input_proj": [2, 7], "q_proj": [1, 1], "k_proj": [1, 1], "v_proj": [1, 1], "o_proj": [1, 12], "lm_head": [4, 1]}}, {"step": 5822, "ranks": {"input_proj": [2, 7], "q_proj": [1, 1], "k_proj": [1, 1], "v_proj": [1, 1], "o_proj": [1, 12], "lm_head": [5, 1]}}, {"step": 5852, "ranks": {"input_proj": [2, 7], "q_proj": [1, 1], "k_proj": [1, 1], "v_proj": [1, 1], "o_proj": [1, 12], "lm_head": [4, 1]}}, {"step": 6000, "ranks": {"input_proj": [2, 7], "q_proj": [1, 1], "k_proj": [1, 1], "v_proj": [1, 1], "o_proj": [1, 12], "lm_head": [4, 1]}}, {"step": 6062, "ranks": {"input_proj": [2, 7], "q_proj": [1, 1], "k_proj": [1, 1], "v_proj": [1, 1], "o_proj": [1, 12], "lm_head": [4, 1]}}, {"step": 6095, "ranks": {"input_proj": [2, 7], "q_proj": [1, 1], "k_proj": [1, 1], "v_proj": [1, 1], "o_proj": [1, 12], "lm_head": [5, 1]}}, {"step": 6200, "ranks": {"input_proj": [2, 7], "q_proj": [1, 1], "k_proj": [1, 1], "v_proj": [1, 1], "o_proj": [1, 12], "lm_head": [4, 1]}}, {"step": 6243, "ranks": {"input_proj": [2, 7], "q_proj": [1, 1], "k_proj": [1, 1], "v_proj": [1, 1], "o_proj": [1, 12], "lm_head": [5, 1]}}, {"step": 6277, "ranks": {"input_proj": [2, 7], "q_proj": [1, 1], "k_proj": [1, 1], "v_proj": [1, 1], "o_proj": [1, 12], "lm_head": [5, 1]}}, {"step": 6400, "ranks": {"input_proj": [2, 7], "q_proj": [1, 1], "k_proj": [1, 1], "v_proj": [1, 1], "o_proj": [1, 12], "lm_head": [4, 1]}}, {"step": 6600, "ranks": {"input_proj": [2, 7], "q_proj": [1, 1], "k_proj": [1, 1], "v_proj": [1, 1], "o_proj": [1, 12], "lm_head": [4, 1]}}, {"step": 6800, "ranks": {"input_proj": [2, 7], "q_proj": [1, 1], "k_proj": [1, 1], "v_proj": [1, 1], "o_proj": [1, 12], "lm_head": [4, 1]}}, {"step": 6844, "ranks": {"input_proj": [2, 7], "q_proj": [1, 1], "k_proj": [1, 1], "v_proj": [1, 1], "o_proj": [1, 12], "lm_head": [5, 1]}}, {"step": 6874, "ranks": {"input_proj": [2, 7], "q_proj": [1, 1], "k_proj": [1, 1], "v_proj": [1, 1], "o_proj": [1, 12], "lm_head": [5, 1]}}, {"step": 6993, "ranks": {"input_proj": [2, 7], "q_proj": [1, 1], "k_proj": [1, 1], "v_proj": [1, 1], "o_proj": [1, 12], "lm_head": [5, 1]}}, {"step": 7000, "ranks": {"input_proj": [2, 7], "q_proj": [1, 1], "k_proj": [1, 1], "v_proj": [1, 1], "o_proj": [1, 12], "lm_head": [4, 1]}}, {"step": 7023, "ranks": {"input_proj": [2, 8], "q_proj": [1, 1], "k_proj": [1, 1], "v_proj": [1, 1], "o_proj": [1, 12], "lm_head": [5, 1]}}, {"step": 7142, "ranks": {"input_proj": [2, 8], "q_proj": [1, 1], "k_proj": [1, 1], "v_proj": [1, 1], "o_proj": [1, 12], "lm_head": [5, 1]}}, {"step": 7172, "ranks": {"input_proj": [2, 8], "q_proj": [1, 1], "k_proj": [1, 1], "v_proj": [1, 1], "o_proj": [1, 12], "lm_head": [5, 1]}}, {"step": 7200, "ranks": {"input_proj": [2, 8], "q_proj": [1, 1], "k_proj": [1, 1], "v_proj": [1, 1], "o_proj": [1, 12], "lm_head": [4, 1]}}, {"step": 7400, "ranks": {"input_proj": [2, 8], "q_proj": [1, 1], "k_proj": [1, 1], "v_proj": [1, 1], "o_proj": [1, 12], "lm_head": [4, 1]}}, {"step": 7600, "ranks": {"input_proj": [2, 8], "q_proj": [1, 1], "k_proj": [1, 1], "v_proj": [1, 1], "o_proj": [1, 12], "lm_head": [4, 1]}}, {"step": 7800, "ranks": {"input_proj": [2, 8], "q_proj": [1, 1], "k_proj": [1, 1], "v_proj": [1, 1], "o_proj": [1, 12], "lm_head": [4, 1]}}, {"step": 8000, "ranks": {"input_proj": [2, 8], "q_proj": [1, 1], "k_proj": [1, 1], "v_proj": [1, 1], "o_proj": [1, 12], "lm_head": [4, 1]}}, {"step": 8200, "ranks": {"input_proj": [2, 8], "q_proj": [1, 1], "k_proj": [1, 1], "v_proj": [1, 1], "o_proj": [1, 12], "lm_head": [4, 1]}}, {"step": 8400, "ranks": {"input_proj": [2, 8], "q_proj": [1, 1], "k_proj": [1, 1], "v_proj": [1, 1], "o_proj": [1, 12], "lm_head": [4, 1]}}, {"step": 8525, "ranks": {"input_proj": [2, 8], "q_proj": [1, 1], "k_proj": [1, 1], "v_proj": [1, 1], "o_proj": [1, 12], "lm_head": [5, 1]}}, {"step": 8555, "ranks": {"input_proj": [2, 8], "q_proj": [1, 1], "k_proj": [1, 1], "v_proj": [1, 1], "o_proj": [1, 12], "lm_head": [4, 1]}}, {"step": 8600, "ranks": {"input_proj": [2, 8], "q_proj": [1, 1], "k_proj": [1, 1], "v_proj": [1, 1], "o_proj": [1, 12], "lm_head": [4, 1]}}, {"step": 8800, "ranks": {"input_proj": [2, 8], "q_proj": [1, 1], "k_proj": [1, 1], "v_proj": [1, 1], "o_proj": [1, 12], "lm_head": [4, 1]}}, {"step": 9000, "ranks": {"input_proj": [2, 8], "q_proj": [1, 1], "k_proj": [1, 1], "v_proj": [1, 1], "o_proj": [1, 12], "lm_head": [4, 1]}}, {"step": 9200, "ranks": {"input_proj": [2, 8], "q_proj": [1, 1], "k_proj": [1, 1], "v_proj": [1, 1], "o_proj": [1, 12], "lm_head": [4, 1]}}, {"step": 9400, "ranks": {"input_proj": [2, 8], "q_proj": [1, 1], "k_proj": [1, 1], "v_proj": [1, 1], "o_proj": [1, 12], "lm_head": [4, 1]}}, {"step": 9600, "ranks": {"input_proj": [2, 8], "q_proj": [1, 1], "k_proj": [1, 1], "v_proj": [1, 1], "o_proj": [1, 12], "lm_head": [4, 1]}}, {"step": 9800, "ranks": {"input_proj": [2, 8], "q_proj": [1, 1], "k_proj": [1, 1], "v_proj": [1, 1], "o_proj": [1, 12], "lm_head": [4, 1]}}, {"step": 9805, "ranks": {"input_proj": [2, 8], "q_proj": [1, 1], "k_proj": [1, 1], "v_proj": [1, 1], "o_proj": [1, 12], "lm_head": [4, 1]}}, {"step": 9835, "ranks": {"input_proj": [2, 8], "q_proj": [1, 1], "k_proj": [1, 1], "v_proj": [1, 1], "o_proj": [1, 12], "lm_head": [5, 1]}}, {"step": 10000, "ranks": {"input_proj": [2, 7], "q_proj": [1, 1], "k_proj": [1, 1], "v_proj": [1, 1], "o_proj": [1, 12], "lm_head": [4, 1]}}, {"step": 10075, "ranks": {"input_proj": [2, 7], "q_proj": [1, 1], "k_proj": [1, 1], "v_proj": [1, 1], "o_proj": [1, 12], "lm_head": [5, 1]}}, {"step": 10110, "ranks": {"input_proj": [2, 7], "q_proj": [1, 1], "k_proj": [1, 1], "v_proj": [1, 1], "o_proj": [1, 12], "lm_head": [4, 1]}}, {"step": 10200, "ranks": {"input_proj": [2, 7], "q_proj": [1, 1], "k_proj": [1, 1], "v_proj": [1, 1], "o_proj": [1, 12], "lm_head": [4, 1]}}, {"step": 10282, "ranks": {"input_proj": [2, 7], "q_proj": [1, 1], "k_proj": [1, 1], "v_proj": [1, 1], "o_proj": [1, 12], "lm_head": [5, 1]}}, {"step": 10312, "ranks": {"input_proj": [2, 8], "q_proj": [1, 1], "k_proj": [1, 1], "v_proj": [1, 1], "o_proj": [1, 12], "lm_head": [4, 1]}}, {"step": 10400, "ranks": {"input_proj": [2, 7], "q_proj": [1, 1], "k_proj": [1, 1], "v_proj": [1, 1], "o_proj": [1, 12], "lm_head": [4, 1]}}, {"step": 10600, "ranks": {"input_proj": [2, 7], "q_proj": [1, 1], "k_proj": [1, 1], "v_proj": [1, 1], "o_proj": [1, 12], "lm_head": [4, 1]}}, {"step": 10800, "ranks": {"input_proj": [2, 7], "q_proj": [1, 1], "k_proj": [1, 1], "v_proj": [1, 1], "o_proj": [1, 12], "lm_head": [4, 1]}}, {"step": 11000, "ranks": {"input_proj": [2, 7], "q_proj": [1, 1], "k_proj": [1, 1], "v_proj": [1, 1], "o_proj": [1, 12], "lm_head": [4, 1]}}, {"step": 11014, "ranks": {"input_proj": [2, 7], "q_proj": [1, 1], "k_proj": [1, 1], "v_proj": [1, 1], "o_proj": [1, 12], "lm_head": [4, 1]}}, {"step": 11044, "ranks": {"input_proj": [2, 8], "q_proj": [1, 1], "k_proj": [1, 1], "v_proj": [1, 1], "o_proj": [1, 12], "lm_head": [5, 1]}}, {"step": 11122, "ranks": {"input_proj": [2, 7], "q_proj": [1, 1], "k_proj": [1, 1], "v_proj": [1, 1], "o_proj": [1, 12], "lm_head": [5, 1]}}, {"step": 11152, "ranks": {"input_proj": [2, 8], "q_proj": [1, 1], "k_proj": [1, 1], "v_proj": [1, 1], "o_proj": [1, 12], "lm_head": [4, 1]}}, {"step": 11200, "ranks": {"input_proj": [2, 7], "q_proj": [1, 1], "k_proj": [1, 1], "v_proj": [1, 1], "o_proj": [1, 12], "lm_head": [4, 1]}}, {"step": 11291, "ranks": {"input_proj": [2, 7], "q_proj": [1, 1], "k_proj": [1, 1], "v_proj": [1, 1], "o_proj": [1, 12], "lm_head": [5, 1]}}, {"step": 11325, "ranks": {"input_proj": [2, 7], "q_proj": [1, 1], "k_proj": [1, 1], "v_proj": [1, 1], "o_proj": [1, 12], "lm_head": [5, 1]}}, {"step": 11400, "ranks": {"input_proj": [2, 7], "q_proj": [1, 1], "k_proj": [1, 1], "v_proj": [1, 1], "o_proj": [1, 12], "lm_head": [4, 1]}}, {"step": 11544, "ranks": {"input_proj": [2, 7], "q_proj": [1, 1], "k_proj": [1, 1], "v_proj": [1, 1], "o_proj": [1, 12], "lm_head": [5, 1]}}, {"step": 11579, "ranks": {"input_proj": [2, 7], "q_proj": [1, 1], "k_proj": [1, 1], "v_proj": [1, 1], "o_proj": [1, 12], "lm_head": [5, 1]}}, {"step": 11600, "ranks": {"input_proj": [2, 7], "q_proj": [1, 1], "k_proj": [1, 1], "v_proj": [1, 1], "o_proj": [1, 12], "lm_head": [4, 1]}}, {"step": 11800, "ranks": {"input_proj": [2, 7], "q_proj": [1, 1], "k_proj": [1, 1], "v_proj": [1, 1], "o_proj": [1, 12], "lm_head": [4, 1]}}, {"step": 11929, "ranks": {"input_proj": [2, 7], "q_proj": [1, 1], "k_proj": [1, 1], "v_proj": [1, 1], "o_proj": [1, 12], "lm_head": [5, 1]}}, {"step": 11959, "ranks": {"input_proj": [2, 7], "q_proj": [1, 1], "k_proj": [1, 1], "v_proj": [1, 1], "o_proj": [1, 12], "lm_head": [4, 1]}}, {"step": 11987, "ranks": {"input_proj": [2, 7], "q_proj": [1, 1], "k_proj": [1, 1], "v_proj": [1, 1], "o_proj": [1, 12], "lm_head": [5, 1]}}, {"step": 12000, "ranks": {"input_proj": [2, 7], "q_proj": [1, 1], "k_proj": [1, 1], "v_proj": [1, 1], "o_proj": [1, 12], "lm_head": [4, 1]}}, {"step": 12020, "ranks": {"input_proj": [2, 7], "q_proj": [1, 1], "k_proj": [1, 1], "v_proj": [1, 1], "o_proj": [1, 11], "lm_head": [4, 1]}}, {"step": 12083, "ranks": {"input_proj": [2, 7], "q_proj": [1, 1], "k_proj": [1, 1], "v_proj": [1, 1], "o_proj": [1, 11], "lm_head": [5, 1]}}, {"step": 12131, "ranks": {"input_proj": [2, 7], "q_proj": [1, 1], "k_proj": [1, 1], "v_proj": [1, 1], "o_proj": [1, 11], "lm_head": [5, 1]}}, {"step": 12200, "ranks": {"input_proj": [2, 7], "q_proj": [1, 1], "k_proj": [1, 1], "v_proj": [1, 1], "o_proj": [1, 11], "lm_head": [4, 1]}}, {"step": 12395, "ranks": {"input_proj": [2, 7], "q_proj": [1, 1], "k_proj": [1, 1], "v_proj": [1, 1], "o_proj": [1, 11], "lm_head": [5, 1]}}, {"step": 12400, "ranks": {"input_proj": [2, 8], "q_proj": [1, 1], "k_proj": [1, 1], "v_proj": [1, 1], "o_proj": [1, 11], "lm_head": [4, 1]}}, {"step": 12425, "ranks": {"input_proj": [2, 7], "q_proj": [1, 1], "k_proj": [1, 1], "v_proj": [1, 1], "o_proj": [1, 11], "lm_head": [5, 1]}}, {"step": 12516, "ranks": {"input_proj": [2, 7], "q_proj": [1, 1], "k_proj": [1, 1], "v_proj": [1, 1], "o_proj": [1, 11], "lm_head": [4, 1]}}, {"step": 12546, "ranks": {"input_proj": [2, 7], "q_proj": [1, 1], "k_proj": [1, 1], "v_proj": [1, 1], "o_proj": [1, 11], "lm_head": [4, 1]}}, {"step": 12600, "ranks": {"input_proj": [2, 7], "q_proj": [1, 1], "k_proj": [1, 1], "v_proj": [1, 1], "o_proj": [1, 11], "lm_head": [4, 1]}}, {"step": 12800, "ranks": {"input_proj": [2, 7], "q_proj": [1, 1], "k_proj": [1, 1], "v_proj": [1, 1], "o_proj": [1, 11], "lm_head": [4, 1]}}, {"step": 12887, "ranks": {"input_proj": [2, 7], "q_proj": [1, 1], "k_proj": [1, 1], "v_proj": [1, 1], "o_proj": [1, 11], "lm_head": [5, 1]}}, {"step": 12927, "ranks": {"input_proj": [2, 7], "q_proj": [1, 1], "k_proj": [1, 1], "v_proj": [1, 1], "o_proj": [1, 11], "lm_head": [5, 1]}}, {"step": 13000, "ranks": {"input_proj": [2, 7], "q_proj": [1, 1], "k_proj": [1, 1], "v_proj": [1, 1], "o_proj": [1, 11], "lm_head": [4, 1]}}, {"step": 13200, "ranks": {"input_proj": [2, 7], "q_proj": [1, 1], "k_proj": [1, 1], "v_proj": [1, 1], "o_proj": [1, 11], "lm_head": [4, 1]}}, {"step": 13400, "ranks": {"input_proj": [2, 7], "q_proj": [1, 1], "k_proj": [1, 1], "v_proj": [1, 1], "o_proj": [1, 11], "lm_head": [4, 1]}}, {"step": 13464, "ranks": {"input_proj": [2, 7], "q_proj": [1, 1], "k_proj": [1, 1], "v_proj": [1, 1], "o_proj": [1, 11], "lm_head": [4, 1]}}, {"step": 13496, "ranks": {"input_proj": [2, 7], "q_proj": [1, 1], "k_proj": [1, 1], "v_proj": [1, 1], "o_proj": [1, 11], "lm_head": [4, 1]}}, {"step": 13521, "ranks": {"input_proj": [2, 7], "q_proj": [1, 1], "k_proj": [1, 1], "v_proj": [1, 1], "o_proj": [1, 11], "lm_head": [5, 1]}}, {"step": 13562, "ranks": {"input_proj": [2, 8], "q_proj": [1, 1], "k_proj": [1, 1], "v_proj": [1, 1], "o_proj": [1, 11], "lm_head": [4, 1]}}, {"step": 13593, "ranks": {"input_proj": [2, 7], "q_proj": [1, 1], "k_proj": [1, 1], "v_proj": [1, 1], "o_proj": [1, 11], "lm_head": [5, 1]}}, {"step": 13600, "ranks": {"input_proj": [2, 7], "q_proj": [1, 1], "k_proj": [1, 1], "v_proj": [1, 1], "o_proj": [1, 11], "lm_head": [4, 1]}}, {"step": 13625, "ranks": {"input_proj": [2, 7], "q_proj": [1, 1], "k_proj": [1, 1], "v_proj": [1, 1], "o_proj": [1, 11], "lm_head": [5, 1]}}, {"step": 13729, "ranks": {"input_proj": [2, 7], "q_proj": [1, 1], "k_proj": [1, 1], "v_proj": [1, 1], "o_proj": [1, 11], "lm_head": [5, 1]}}, {"step": 13760, "ranks": {"input_proj": [2, 7], "q_proj": [1, 1], "k_proj": [1, 1], "v_proj": [1, 1], "o_proj": [1, 11], "lm_head": [5, 1]}}, {"step": 13800, "ranks": {"input_proj": [2, 8], "q_proj": [1, 1], "k_proj": [1, 1], "v_proj": [1, 1], "o_proj": [1, 11], "lm_head": [5, 1]}}, {"step": 13956, "ranks": {"input_proj": [2, 7], "q_proj": [1, 1], "k_proj": [1, 1], "v_proj": [1, 1], "o_proj": [1, 11], "lm_head": [5, 1]}}, {"step": 13987, "ranks": {"input_proj": [2, 8], "q_proj": [1, 1], "k_proj": [1, 1], "v_proj": [1, 1], "o_proj": [1, 11], "lm_head": [5, 1]}}, {"step": 14000, "ranks": {"input_proj": [2, 7], "q_proj": [1, 1], "k_proj": [1, 1], "v_proj": [1, 1], "o_proj": [1, 11], "lm_head": [5, 1]}}, {"step": 14004, "ranks": {"input_proj": [2, 7], "q_proj": [1, 1], "k_proj": [1, 1], "v_proj": [1, 1], "o_proj": [1, 11], "lm_head": [5, 1]}}, {"step": 14034, "ranks": {"input_proj": [2, 8], "q_proj": [1, 1], "k_proj": [1, 1], "v_proj": [1, 1], "o_proj": [1, 11], "lm_head": [5, 1]}}, {"step": 14200, "ranks": {"input_proj": [2, 7], "q_proj": [1, 1], "k_proj": [1, 1], "v_proj": [1, 1], "o_proj": [1, 11], "lm_head": [5, 1]}}, {"step": 14326, "ranks": {"input_proj": [2, 7], "q_proj": [1, 1], "k_proj": [1, 1], "v_proj": [1, 1], "o_proj": [1, 11], "lm_head": [5, 1]}}, {"step": 14366, "ranks": {"input_proj": [2, 8], "q_proj": [1, 1], "k_proj": [1, 1], "v_proj": [1, 1], "o_proj": [1, 11], "lm_head": [5, 1]}}, {"step": 14400, "ranks": {"input_proj": [2, 8], "q_proj": [1, 1], "k_proj": [1, 1], "v_proj": [1, 1], "o_proj": [1, 11], "lm_head": [5, 1]}}, {"step": 14600, "ranks": {"input_proj": [2, 8], "q_proj": [1, 1], "k_proj": [1, 1], "v_proj": [1, 1], "o_proj": [1, 11], "lm_head": [5, 1]}}, {"step": 14800, "ranks": {"input_proj": [2, 8], "q_proj": [1, 1], "k_proj": [1, 1], "v_proj": [1, 1], "o_proj": [1, 11], "lm_head": [5, 1]}}, {"step": 15000, "ranks": {"input_proj": [2, 8], "q_proj": [1, 1], "k_proj": [1, 1], "v_proj": [1, 1], "o_proj": [1, 11], "lm_head": [5, 1]}}, {"step": 15187, "ranks": {"input_proj": [2, 8], "q_proj": [1, 1], "k_proj": [1, 1], "v_proj": [1, 1], "o_proj": [1, 11], "lm_head": [4, 1]}}, {"step": 15200, "ranks": {"input_proj": [2, 8], "q_proj": [1, 1], "k_proj": [1, 1], "v_proj": [1, 1], "o_proj": [1, 11], "lm_head": [5, 1]}}, {"step": 15217, "ranks": {"input_proj": [2, 8], "q_proj": [1, 1], "k_proj": [1, 1], "v_proj": [1, 1], "o_proj": [1, 11], "lm_head": [5, 1]}}, {"step": 15288, "ranks": {"input_proj": [2, 8], "q_proj": [1, 1], "k_proj": [1, 1], "v_proj": [1, 1], "o_proj": [1, 12], "lm_head": [4, 1]}}, {"step": 15319, "ranks": {"input_proj": [3, 8], "q_proj": [1, 1], "k_proj": [1, 1], "v_proj": [1, 1], "o_proj": [1, 13], "lm_head": [4, 1]}}, {"step": 15400, "ranks": {"input_proj": [2, 8], "q_proj": [1, 1], "k_proj": [1, 1], "v_proj": [1, 1], "o_proj": [1, 12], "lm_head": [5, 1]}}, {"step": 15600, "ranks": {"input_proj": [2, 8], "q_proj": [1, 1], "k_proj": [1, 1], "v_proj": [1, 1], "o_proj": [1, 12], "lm_head": [5, 1]}}, {"step": 15800, "ranks": {"input_proj": [2, 8], "q_proj": [1, 1], "k_proj": [1, 1], "v_proj": [1, 1], "o_proj": [1, 12], "lm_head": [5, 1]}}, {"step": 16000, "ranks": {"input_proj": [2, 8], "q_proj": [1, 1], "k_proj": [1, 1], "v_proj": [1, 1], "o_proj": [1, 13], "lm_head": [5, 1]}}, {"step": 16129, "ranks": {"input_proj": [2, 8], "q_proj": [1, 1], "k_proj": [1, 1], "v_proj": [1, 1], "o_proj": [1, 13], "lm_head": [4, 1]}}, {"step": 16159, "ranks": {"input_proj": [2, 8], "q_proj": [1, 1], "k_proj": [1, 1], "v_proj": [1, 1], "o_proj": [1, 13], "lm_head": [5, 1]}}, {"step": 16200, "ranks": {"input_proj": [3, 8], "q_proj": [1, 1], "k_proj": [1, 1], "v_proj": [1, 1], "o_proj": [1, 13], "lm_head": [5, 1]}}, {"step": 16288, "ranks": {"input_proj": [3, 8], "q_proj": [1, 1], "k_proj": [1, 1], "v_proj": [1, 1], "o_proj": [1, 14], "lm_head": [4, 1]}}, {"step": 16328, "ranks": {"input_proj": [2, 8], "q_proj": [1, 1], "k_proj": [1, 1], "v_proj": [1, 1], "o_proj": [1, 14], "lm_head": [4, 1]}}, {"step": 16400, "ranks": {"input_proj": [3, 8], "q_proj": [1, 1], "k_proj": [1, 1], "v_proj": [1, 1], "o_proj": [1, 14], "lm_head": [5, 1]}}, {"step": 16412, "ranks": {"input_proj": [2, 8], "q_proj": [1, 1], "k_proj": [1, 1], "v_proj": [1, 1], "o_proj": [1, 14], "lm_head": [5, 1]}}, {"step": 16442, "ranks": {"input_proj": [3, 8], "q_proj": [1, 1], "k_proj": [1, 1], "v_proj": [1, 1], "o_proj": [1, 15], "lm_head": [4, 1]}}, {"step": 16592, "ranks": {"input_proj": [2, 8], "q_proj": [1, 1], "k_proj": [1, 1], "v_proj": [1, 1], "o_proj": [1, 15], "lm_head": [4, 1]}}, {"step": 16600, "ranks": {"input_proj": [2, 8], "q_proj": [1, 1], "k_proj": [1, 1], "v_proj": [1, 1], "o_proj": [1, 15], "lm_head": [5, 1]}}, {"step": 16636, "ranks": {"input_proj": [2, 8], "q_proj": [1, 1], "k_proj": [1, 1], "v_proj": [1, 1], "o_proj": [1, 15], "lm_head": [4, 1]}}, {"step": 16800, "ranks": {"input_proj": [2, 8], "q_proj": [1, 1], "k_proj": [1, 1], "v_proj": [1, 1], "o_proj": [1, 15], "lm_head": [5, 1]}}, {"step": 16944, "ranks": {"input_proj": [2, 8], "q_proj": [1, 1], "k_proj": [1, 1], "v_proj": [1, 1], "o_proj": [1, 15], "lm_head": [5, 1]}}, {"step": 16974, "ranks": {"input_proj": [2, 8], "q_proj": [1, 1], "k_proj": [1, 1], "v_proj": [1, 1], "o_proj": [1, 15], "lm_head": [4, 1]}}, {"step": 17000, "ranks": {"input_proj": [2, 8], "q_proj": [1, 1], "k_proj": [1, 1], "v_proj": [1, 1], "o_proj": [1, 15], "lm_head": [5, 1]}}, {"step": 17200, "ranks": {"input_proj": [2, 8], "q_proj": [1, 1], "k_proj": [1, 1], "v_proj": [1, 1], "o_proj": [1, 15], "lm_head": [5, 1]}}, {"step": 17250, "ranks": {"input_proj": [2, 8], "q_proj": [1, 1], "k_proj": [1, 1], "v_proj": [1, 1], "o_proj": [1, 15], "lm_head": [5, 1]}}, {"step": 17280, "ranks": {"input_proj": [2, 8], "q_proj": [1, 1], "k_proj": [1, 1], "v_proj": [1, 1], "o_proj": [1, 15], "lm_head": [4, 1]}}, {"step": 17400, "ranks": {"input_proj": [2, 8], "q_proj": [1, 1], "k_proj": [1, 1], "v_proj": [1, 1], "o_proj": [1, 15], "lm_head": [5, 1]}}, {"step": 17600, "ranks": {"input_proj": [2, 8], "q_proj": [1, 1], "k_proj": [1, 1], "v_proj": [1, 1], "o_proj": [1, 15], "lm_head": [5, 1]}}, {"step": 17800, "ranks": {"input_proj": [2, 8], "q_proj": [1, 1], "k_proj": [1, 1], "v_proj": [1, 1], "o_proj": [1, 15], "lm_head": [5, 1]}}, {"step": 18000, "ranks": {"input_proj": [2, 8], "q_proj": [1, 1], "k_proj": [1, 1], "v_proj": [1, 1], "o_proj": [1, 15], "lm_head": [4, 1]}}, {"step": 18200, "ranks": {"input_proj": [2, 8], "q_proj": [1, 1], "k_proj": [1, 1], "v_proj": [1, 1], "o_proj": [1, 15], "lm_head": [4, 1]}}, {"step": 18400, "ranks": {"input_proj": [2, 8], "q_proj": [1, 1], "k_proj": [1, 1], "v_proj": [1, 1], "o_proj": [1, 15], "lm_head": [4, 1]}}, {"step": 18600, "ranks": {"input_proj": [2, 8], "q_proj": [1, 1], "k_proj": [1, 1], "v_proj": [1, 1], "o_proj": [1, 15], "lm_head": [4, 1]}}, {"step": 18800, "ranks": {"input_proj": [2, 8], "q_proj": [1, 1], "k_proj": [1, 1], "v_proj": [1, 1], "o_proj": [1, 15], "lm_head": [4, 1]}}, {"step": 18835, "ranks": {"input_proj": [2, 8], "q_proj": [1, 1], "k_proj": [1, 1], "v_proj": [1, 1], "o_proj": [1, 15], "lm_head": [4, 1]}}, {"step": 18870, "ranks": {"input_proj": [2, 8], "q_proj": [1, 1], "k_proj": [1, 1], "v_proj": [1, 1], "o_proj": [1, 15], "lm_head": [5, 1]}}, {"step": 19000, "ranks": {"input_proj": [2, 8], "q_proj": [1, 1], "k_proj": [1, 1], "v_proj": [1, 1], "o_proj": [1, 15], "lm_head": [4, 1]}}, {"step": 19200, "ranks": {"input_proj": [2, 8], "q_proj": [1, 1], "k_proj": [1, 1], "v_proj": [1, 1], "o_proj": [1, 15], "lm_head": [4, 1]}}, {"step": 19400, "ranks": {"input_proj": [2, 8], "q_proj": [1, 1], "k_proj": [1, 1], "v_proj": [1, 1], "o_proj": [1, 15], "lm_head": [4, 1]}}, {"step": 19600, "ranks": {"input_proj": [2, 8], "q_proj": [1, 1], "k_proj": [1, 1], "v_proj": [1, 1], "o_proj": [1, 15], "lm_head": [4, 1]}}, {"step": 19687, "ranks": {"input_proj": [2, 8], "q_proj": [1, 1], "k_proj": [1, 1], "v_proj": [1, 1], "o_proj": [1, 15], "lm_head": [4, 1]}}, {"step": 19727, "ranks": {"input_proj": [2, 8], "q_proj": [1, 1], "k_proj": [1, 1], "v_proj": [1, 1], "o_proj": [1, 15], "lm_head": [5, 1]}}, {"step": 19800, "ranks": {"input_proj": [2, 8], "q_proj": [1, 1], "k_proj": [1, 1], "v_proj": [1, 1], "o_proj": [1, 15], "lm_head": [4, 1]}}, {"step": 20000, "ranks": {"input_proj": [2, 8], "q_proj": [1, 1], "k_proj": [1, 1], "v_proj": [1, 1], "o_proj": [1, 15], "lm_head": [5, 1]}}]
STAGE_HISTORY_JSON [{"step": 1323, "event": "level_up", "from": {"vocab": 8, "k": 1, "phase": "vocab"}, "to": {"vocab": 16, "k": 1, "phase": "vocab"}}, {"step": 1353, "event": "level_down", "from": {"vocab": 16, "k": 1, "phase": "vocab"}, "to": {"vocab": 8, "k": 1, "phase": "vocab"}}, {"step": 1747, "event": "level_up", "from": {"vocab": 8, "k": 1, "phase": "vocab"}, "to": {"vocab": 16, "k": 1, "phase": "vocab"}}, {"step": 1777, "event": "level_down", "from": {"vocab": 16, "k": 1, "phase": "vocab"}, "to": {"vocab": 8, "k": 1, "phase": "vocab"}}, {"step": 2048, "event": "level_up", "from": {"vocab": 8, "k": 1, "phase": "vocab"}, "to": {"vocab": 16, "k": 1, "phase": "vocab"}}, {"step": 2078, "event": "level_down", "from": {"vocab": 16, "k": 1, "phase": "vocab"}, "to": {"vocab": 8, "k": 1, "phase": "vocab"}}, {"step": 2651, "event": "level_up", "from": {"vocab": 8, "k": 1, "phase": "vocab"}, "to": {"vocab": 16, "k": 1, "phase": "vocab"}}, {"step": 2681, "event": "level_down", "from": {"vocab": 16, "k": 1, "phase": "vocab"}, "to": {"vocab": 8, "k": 1, "phase": "vocab"}}, {"step": 2807, "event": "level_up", "from": {"vocab": 8, "k": 1, "phase": "vocab"}, "to": {"vocab": 16, "k": 1, "phase": "vocab"}}, {"step": 2837, "event": "level_down", "from": {"vocab": 16, "k": 1, "phase": "vocab"}, "to": {"vocab": 8, "k": 1, "phase": "vocab"}}, {"step": 2986, "event": "level_up", "from": {"vocab": 8, "k": 1, "phase": "vocab"}, "to": {"vocab": 16, "k": 1, "phase": "vocab"}}, {"step": 3016, "event": "level_down", "from": {"vocab": 16, "k": 1, "phase": "vocab"}, "to": {"vocab": 8, "k": 1, "phase": "vocab"}}, {"step": 3502, "event": "level_up", "from": {"vocab": 8, "k": 1, "phase": "vocab"}, "to": {"vocab": 16, "k": 1, "phase": "vocab"}}, {"step": 3532, "event": "level_down", "from": {"vocab": 16, "k": 1, "phase": "vocab"}, "to": {"vocab": 8, "k": 1, "phase": "vocab"}}, {"step": 3846, "event": "level_up", "from": {"vocab": 8, "k": 1, "phase": "vocab"}, "to": {"vocab": 16, "k": 1, "phase": "vocab"}}, {"step": 3876, "event": "level_down", "from": {"vocab": 16, "k": 1, "phase": "vocab"}, "to": {"vocab": 8, "k": 1, "phase": "vocab"}}, {"step": 4674, "event": "level_up", "from": {"vocab": 8, "k": 1, "phase": "vocab"}, "to": {"vocab": 16, "k": 1, "phase": "vocab"}}, {"step": 4704, "event": "level_down", "from": {"vocab": 16, "k": 1, "phase": "vocab"}, "to": {"vocab": 8, "k": 1, "phase": "vocab"}}, {"step": 5822, "event": "level_up", "from": {"vocab": 8, "k": 1, "phase": "vocab"}, "to": {"vocab": 16, "k": 1, "phase": "vocab"}}, {"step": 5852, "event": "level_down", "from": {"vocab": 16, "k": 1, "phase": "vocab"}, "to": {"vocab": 8, "k": 1, "phase": "vocab"}}, {"step": 6062, "event": "level_up", "from": {"vocab": 8, "k": 1, "phase": "vocab"}, "to": {"vocab": 16, "k": 1, "phase": "vocab"}}, {"step": 6095, "event": "level_down", "from": {"vocab": 16, "k": 1, "phase": "vocab"}, "to": {"vocab": 8, "k": 1, "phase": "vocab"}}, {"step": 6243, "event": "level_up", "from": {"vocab": 8, "k": 1, "phase": "vocab"}, "to": {"vocab": 16, "k": 1, "phase": "vocab"}}, {"step": 6277, "event": "level_down", "from": {"vocab": 16, "k": 1, "phase": "vocab"}, "to": {"vocab": 8, "k": 1, "phase": "vocab"}}, {"step": 6844, "event": "level_up", "from": {"vocab": 8, "k": 1, "phase": "vocab"}, "to": {"vocab": 16, "k": 1, "phase": "vocab"}}, {"step": 6874, "event": "level_down", "from": {"vocab": 16, "k": 1, "phase": "vocab"}, "to": {"vocab": 8, "k": 1, "phase": "vocab"}}, {"step": 6993, "event": "level_up", "from": {"vocab": 8, "k": 1, "phase": "vocab"}, "to": {"vocab": 16, "k": 1, "phase": "vocab"}}, {"step": 7023, "event": "level_down", "from": {"vocab": 16, "k": 1, "phase": "vocab"}, "to": {"vocab": 8, "k": 1, "phase": "vocab"}}, {"step": 7142, "event": "level_up", "from": {"vocab": 8, "k": 1, "phase": "vocab"}, "to": {"vocab": 16, "k": 1, "phase": "vocab"}}, {"step": 7172, "event": "level_down", "from": {"vocab": 16, "k": 1, "phase": "vocab"}, "to": {"vocab": 8, "k": 1, "phase": "vocab"}}, {"step": 8525, "event": "level_up", "from": {"vocab": 8, "k": 1, "phase": "vocab"}, "to": {"vocab": 16, "k": 1, "phase": "vocab"}}, {"step": 8555, "event": "level_down", "from": {"vocab": 16, "k": 1, "phase": "vocab"}, "to": {"vocab": 8, "k": 1, "phase": "vocab"}}, {"step": 9805, "event": "level_up", "from": {"vocab": 8, "k": 1, "phase": "vocab"}, "to": {"vocab": 16, "k": 1, "phase": "vocab"}}, {"step": 9835, "event": "level_down", "from": {"vocab": 16, "k": 1, "phase": "vocab"}, "to": {"vocab": 8, "k": 1, "phase": "vocab"}}, {"step": 10075, "event": "level_up", "from": {"vocab": 8, "k": 1, "phase": "vocab"}, "to": {"vocab": 16, "k": 1, "phase": "vocab"}}, {"step": 10110, "event": "level_down", "from": {"vocab": 16, "k": 1, "phase": "vocab"}, "to": {"vocab": 8, "k": 1, "phase": "vocab"}}, {"step": 10282, "event": "level_up", "from": {"vocab": 8, "k": 1, "phase": "vocab"}, "to": {"vocab": 16, "k": 1, "phase": "vocab"}}, {"step": 10312, "event": "level_down", "from": {"vocab": 16, "k": 1, "phase": "vocab"}, "to": {"vocab": 8, "k": 1, "phase": "vocab"}}, {"step": 11014, "event": "level_up", "from": {"vocab": 8, "k": 1, "phase": "vocab"}, "to": {"vocab": 16, "k": 1, "phase": "vocab"}}, {"step": 11044, "event": "level_down", "from": {"vocab": 16, "k": 1, "phase": "vocab"}, "to": {"vocab": 8, "k": 1, "phase": "vocab"}}, {"step": 11122, "event": "level_up", "from": {"vocab": 8, "k": 1, "phase": "vocab"}, "to": {"vocab": 16, "k": 1, "phase": "vocab"}}, {"step": 11152, "event": "level_down", "from": {"vocab": 16, "k": 1, "phase": "vocab"}, "to": {"vocab": 8, "k": 1, "phase": "vocab"}}, {"step": 11291, "event": "level_up", "from": {"vocab": 8, "k": 1, "phase": "vocab"}, "to": {"vocab": 16, "k": 1, "phase": "vocab"}}, {"step": 11325, "event": "level_down", "from": {"vocab": 16, "k": 1, "phase": "vocab"}, "to": {"vocab": 8, "k": 1, "phase": "vocab"}}, {"step": 11544, "event": "level_up", "from": {"vocab": 8, "k": 1, "phase": "vocab"}, "to": {"vocab": 16, "k": 1, "phase": "vocab"}}, {"step": 11579, "event": "level_down", "from": {"vocab": 16, "k": 1, "phase": "vocab"}, "to": {"vocab": 8, "k": 1, "phase": "vocab"}}, {"step": 11929, "event": "level_up", "from": {"vocab": 8, "k": 1, "phase": "vocab"}, "to": {"vocab": 16, "k": 1, "phase": "vocab"}}, {"step": 11959, "event": "level_down", "from": {"vocab": 16, "k": 1, "phase": "vocab"}, "to": {"vocab": 8, "k": 1, "phase": "vocab"}}, {"step": 11987, "event": "level_up", "from": {"vocab": 8, "k": 1, "phase": "vocab"}, "to": {"vocab": 16, "k": 1, "phase": "vocab"}}, {"step": 12020, "event": "level_down", "from": {"vocab": 16, "k": 1, "phase": "vocab"}, "to": {"vocab": 8, "k": 1, "phase": "vocab"}}, {"step": 12083, "event": "level_up", "from": {"vocab": 8, "k": 1, "phase": "vocab"}, "to": {"vocab": 16, "k": 1, "phase": "vocab"}}, {"step": 12131, "event": "level_down", "from": {"vocab": 16, "k": 1, "phase": "vocab"}, "to": {"vocab": 8, "k": 1, "phase": "vocab"}}, {"step": 12395, "event": "level_up", "from": {"vocab": 8, "k": 1, "phase": "vocab"}, "to": {"vocab": 16, "k": 1, "phase": "vocab"}}, {"step": 12425, "event": "level_down", "from": {"vocab": 16, "k": 1, "phase": "vocab"}, "to": {"vocab": 8, "k": 1, "phase": "vocab"}}, {"step": 12516, "event": "level_up", "from": {"vocab": 8, "k": 1, "phase": "vocab"}, "to": {"vocab": 16, "k": 1, "phase": "vocab"}}, {"step": 12546, "event": "level_down", "from": {"vocab": 16, "k": 1, "phase": "vocab"}, "to": {"vocab": 8, "k": 1, "phase": "vocab"}}, {"step": 12887, "event": "level_up", "from": {"vocab": 8, "k": 1, "phase": "vocab"}, "to": {"vocab": 16, "k": 1, "phase": "vocab"}}, {"step": 12927, "event": "level_down", "from": {"vocab": 16, "k": 1, "phase": "vocab"}, "to": {"vocab": 8, "k": 1, "phase": "vocab"}}, {"step": 13464, "event": "level_up", "from": {"vocab": 8, "k": 1, "phase": "vocab"}, "to": {"vocab": 16, "k": 1, "phase": "vocab"}}, {"step": 13496, "event": "level_down", "from": {"vocab": 16, "k": 1, "phase": "vocab"}, "to": {"vocab": 8, "k": 1, "phase": "vocab"}}, {"step": 13521, "event": "level_up", "from": {"vocab": 8, "k": 1, "phase": "vocab"}, "to": {"vocab": 16, "k": 1, "phase": "vocab"}}, {"step": 13562, "event": "level_down", "from": {"vocab": 16, "k": 1, "phase": "vocab"}, "to": {"vocab": 8, "k": 1, "phase": "vocab"}}, {"step": 13593, "event": "level_up", "from": {"vocab": 8, "k": 1, "phase": "vocab"}, "to": {"vocab": 16, "k": 1, "phase": "vocab"}}, {"step": 13625, "event": "level_down", "from": {"vocab": 16, "k": 1, "phase": "vocab"}, "to": {"vocab": 8, "k": 1, "phase": "vocab"}}, {"step": 13729, "event": "level_up", "from": {"vocab": 8, "k": 1, "phase": "vocab"}, "to": {"vocab": 16, "k": 1, "phase": "vocab"}}, {"step": 13760, "event": "level_down", "from": {"vocab": 16, "k": 1, "phase": "vocab"}, "to": {"vocab": 8, "k": 1, "phase": "vocab"}}, {"step": 13956, "event": "level_up", "from": {"vocab": 8, "k": 1, "phase": "vocab"}, "to": {"vocab": 16, "k": 1, "phase": "vocab"}}, {"step": 13987, "event": "level_down", "from": {"vocab": 16, "k": 1, "phase": "vocab"}, "to": {"vocab": 8, "k": 1, "phase": "vocab"}}, {"step": 14004, "event": "level_up", "from": {"vocab": 8, "k": 1, "phase": "vocab"}, "to": {"vocab": 16, "k": 1, "phase": "vocab"}}, {"step": 14034, "event": "level_down", "from": {"vocab": 16, "k": 1, "phase": "vocab"}, "to": {"vocab": 8, "k": 1, "phase": "vocab"}}, {"step": 14326, "event": "level_up", "from": {"vocab": 8, "k": 1, "phase": "vocab"}, "to": {"vocab": 16, "k": 1, "phase": "vocab"}}, {"step": 14366, "event": "level_down", "from": {"vocab": 16, "k": 1, "phase": "vocab"}, "to": {"vocab": 8, "k": 1, "phase": "vocab"}}, {"step": 15187, "event": "level_up", "from": {"vocab": 8, "k": 1, "phase": "vocab"}, "to": {"vocab": 16, "k": 1, "phase": "vocab"}}, {"step": 15217, "event": "level_down", "from": {"vocab": 16, "k": 1, "phase": "vocab"}, "to": {"vocab": 8, "k": 1, "phase": "vocab"}}, {"step": 15288, "event": "level_up", "from": {"vocab": 8, "k": 1, "phase": "vocab"}, "to": {"vocab": 16, "k": 1, "phase": "vocab"}}, {"step": 15319, "event": "level_down", "from": {"vocab": 16, "k": 1, "phase": "vocab"}, "to": {"vocab": 8, "k": 1, "phase": "vocab"}}, {"step": 16129, "event": "level_up", "from": {"vocab": 8, "k": 1, "phase": "vocab"}, "to": {"vocab": 16, "k": 1, "phase": "vocab"}}, {"step": 16159, "event": "level_down", "from": {"vocab": 16, "k": 1, "phase": "vocab"}, "to": {"vocab": 8, "k": 1, "phase": "vocab"}}, {"step": 16288, "event": "level_up", "from": {"vocab": 8, "k": 1, "phase": "vocab"}, "to": {"vocab": 16, "k": 1, "phase": "vocab"}}, {"step": 16328, "event": "level_down", "from": {"vocab": 16, "k": 1, "phase": "vocab"}, "to": {"vocab": 8, "k": 1, "phase": "vocab"}}, {"step": 16412, "event": "level_up", "from": {"vocab": 8, "k": 1, "phase": "vocab"}, "to": {"vocab": 16, "k": 1, "phase": "vocab"}}, {"step": 16442, "event": "level_down", "from": {"vocab": 16, "k": 1, "phase": "vocab"}, "to": {"vocab": 8, "k": 1, "phase": "vocab"}}, {"step": 16592, "event": "level_up", "from": {"vocab": 8, "k": 1, "phase": "vocab"}, "to": {"vocab": 16, "k": 1, "phase": "vocab"}}, {"step": 16636, "event": "level_down", "from": {"vocab": 16, "k": 1, "phase": "vocab"}, "to": {"vocab": 8, "k": 1, "phase": "vocab"}}, {"step": 16944, "event": "level_up", "from": {"vocab": 8, "k": 1, "phase": "vocab"}, "to": {"vocab": 16, "k": 1, "phase": "vocab"}}, {"step": 16974, "event": "level_down", "from": {"vocab": 16, "k": 1, "phase": "vocab"}, "to": {"vocab": 8, "k": 1, "phase": "vocab"}}, {"step": 17250, "event": "level_up", "from": {"vocab": 8, "k": 1, "phase": "vocab"}, "to": {"vocab": 16, "k": 1, "phase": "vocab"}}, {"step": 17280, "event": "level_down", "from": {"vocab": 16, "k": 1, "phase": "vocab"}, "to": {"vocab": 8, "k": 1, "phase": "vocab"}}, {"step": 18835, "event": "level_up", "from": {"vocab": 8, "k": 1, "phase": "vocab"}, "to": {"vocab": 16, "k": 1, "phase": "vocab"}}, {"step": 18870, "event": "level_down", "from": {"vocab": 16, "k": 1, "phase": "vocab"}, "to": {"vocab": 8, "k": 1, "phase": "vocab"}}, {"step": 19687, "event": "level_up", "from": {"vocab": 8, "k": 1, "phase": "vocab"}, "to": {"vocab": 16, "k": 1, "phase": "vocab"}}, {"step": 19727, "event": "level_down", "from": {"vocab": 16, "k": 1, "phase": "vocab"}, "to": {"vocab": 8, "k": 1, "phase": "vocab"}}]
