# MQAR curriculum precision=fp4 max_steps=20000 seed=2001 peak_lr=0.0075 num_tiles=16 k_max=10 additive_rank=1 dynamic_rank_control=True rank_grace_period_steps=50 use_critic=False recurrent_only_output=False embed_width=32 input_sparsity_p=0.5 wide_max_weights=2048 dy_sparsity_p=None use_tile_cache=False output_dy_sparsity_p=0.5 streak_threshold=10 wrong_streak_threshold=5
  step=    200  phase=vocab  vocab=   8  k=  1  loss_ema=1.4410  acc_ema=0.3200  steps/sec=15.5  ranks[in=1/1 q=1/1 k=1/1 v=1/1 o=1/1 lm=1/2]
  step=    400  phase=vocab  vocab=   8  k=  1  loss_ema=1.5218  acc_ema=0.4126  steps/sec=17.1  ranks[in=1/2 q=1/1 k=1/1 v=1/1 o=1/1 lm=1/2]
  step=    600  phase=vocab  vocab=   8  k=  1  loss_ema=1.3626  acc_ema=0.6362  steps/sec=17.9  ranks[in=1/1 q=1/1 k=1/1 v=1/1 o=1/1 lm=1/2]
  step=    800  phase=vocab  vocab=   8  k=  1  loss_ema=1.2292  acc_ema=0.6668  steps/sec=18.5  ranks[in=1/1 q=1/1 k=1/1 v=1/1 o=1/1 lm=1/4]
  step=   1000  phase=vocab  vocab=   8  k=  1  loss_ema=1.2781  acc_ema=0.5990  steps/sec=18.5  ranks[in=1/1 q=1/1 k=1/1 v=1/1 o=1/1 lm=1/4]
  step=   1035  phase=vocab  vocab=  16  k=  1  loss_ema=1.1775  acc_ema=0.6822  [LEVEL_UP]  ranks[in=2/1 q=1/1 k=1/1 v=1/1 o=1/1 lm=1/3]
  step=   1065  phase=vocab  vocab=   8  k=  1  loss_ema=3.8004  acc_ema=0.3722  [LEVEL_DOWN]  ranks[in=2/2 q=1/1 k=1/1 v=1/1 o=1/1 lm=2/4]
  step=   1200  phase=vocab  vocab=   8  k=  1  loss_ema=1.3830  acc_ema=0.5408  steps/sec=18.6  ranks[in=1/1 q=1/1 k=1/1 v=1/1 o=1/1 lm=1/5]
  step=   1237  phase=vocab  vocab=  16  k=  1  loss_ema=1.2205  acc_ema=0.5800  [LEVEL_UP]  ranks[in=2/1 q=1/1 k=1/1 v=1/1 o=1/1 lm=1/5]
  step=   1278  phase=vocab  vocab=   8  k=  1  loss_ema=2.9069  acc_ema=0.3041  [LEVEL_DOWN]  ranks[in=2/1 q=1/1 k=1/1 v=1/1 o=1/1 lm=2/5]
  step=   1400  phase=vocab  vocab=   8  k=  1  loss_ema=1.4275  acc_ema=0.4869  steps/sec=18.7  ranks[in=1/1 q=1/1 k=1/1 v=1/1 o=1/1 lm=1/6]
  step=   1600  phase=vocab  vocab=   8  k=  1  loss_ema=1.3926  acc_ema=0.4857  steps/sec=18.7  ranks[in=1/2 q=1/1 k=1/1 v=1/1 o=1/1 lm=1/6]
  step=   1699  phase=vocab  vocab=  16  k=  1  loss_ema=1.2165  acc_ema=0.6399  [LEVEL_UP]  ranks[in=1/2 q=1/1 k=1/1 v=1/1 o=1/1 lm=1/6]
  step=   1729  phase=vocab  vocab=   8  k=  1  loss_ema=2.5084  acc_ema=0.3972  [LEVEL_DOWN]  ranks[in=1/2 q=1/1 k=1/1 v=1/1 o=1/1 lm=2/7]
  step=   1800  phase=vocab  vocab=   8  k=  1  loss_ema=1.5501  acc_ema=0.4280  steps/sec=18.8  ranks[in=1/2 q=1/1 k=1/1 v=1/1 o=1/1 lm=1/6]
  step=   2000  phase=vocab  vocab=   8  k=  1  loss_ema=1.3996  acc_ema=0.4234  steps/sec=18.8  ranks[in=1/2 q=1/1 k=1/1 v=1/1 o=1/1 lm=1/7]
  step=   2200  phase=vocab  vocab=   8  k=  1  loss_ema=1.5019  acc_ema=0.4056  steps/sec=18.8  ranks[in=1/3 q=1/1 k=1/1 v=1/1 o=1/1 lm=1/7]
  step=   2400  phase=vocab  vocab=   8  k=  1  loss_ema=1.4551  acc_ema=0.4383  steps/sec=18.8  ranks[in=1/3 q=1/1 k=1/1 v=1/1 o=1/1 lm=1/7]
  step=   2600  phase=vocab  vocab=   8  k=  1  loss_ema=1.6049  acc_ema=0.4226  steps/sec=18.8  ranks[in=1/3 q=1/1 k=1/1 v=1/1 o=1/1 lm=1/7]
  step=   2796  phase=vocab  vocab=  16  k=  1  loss_ema=1.4095  acc_ema=0.5916  [LEVEL_UP]  ranks[in=1/3 q=1/1 k=1/1 v=1/1 o=1/1 lm=1/7]
  step=   2800  phase=vocab  vocab=  16  k=  1  loss_ema=2.0187  acc_ema=0.5457  steps/sec=18.8  ranks[in=1/3 q=1/1 k=1/1 v=1/1 o=1/1 lm=1/7]
  step=   2846  phase=vocab  vocab=   8  k=  1  loss_ema=2.4545  acc_ema=0.3677  [LEVEL_DOWN]  ranks[in=1/3 q=1/1 k=1/1 v=1/1 o=1/1 lm=1/7]
  step=   3000  phase=vocab  vocab=   8  k=  1  loss_ema=1.5354  acc_ema=0.4495  steps/sec=18.8  ranks[in=1/3 q=1/1 k=1/1 v=1/1 o=1/1 lm=1/7]
  step=   3200  phase=vocab  vocab=   8  k=  1  loss_ema=1.3471  acc_ema=0.4327  steps/sec=18.8  ranks[in=1/3 q=1/1 k=1/1 v=1/1 o=1/1 lm=1/6]
  step=   3400  phase=vocab  vocab=   8  k=  1  loss_ema=1.2172  acc_ema=0.5786  steps/sec=18.8  ranks[in=1/3 q=1/1 k=1/1 v=1/1 o=1/1 lm=1/6]
  step=   3600  phase=vocab  vocab=   8  k=  1  loss_ema=1.2122  acc_ema=0.5704  steps/sec=18.8  ranks[in=1/3 q=1/1 k=1/1 v=1/1 o=1/1 lm=1/6]
  step=   3800  phase=vocab  vocab=   8  k=  1  loss_ema=1.1845  acc_ema=0.5531  steps/sec=18.8  ranks[in=1/3 q=1/1 k=1/1 v=1/1 o=1/1 lm=1/5]
  step=   4000  phase=vocab  vocab=   8  k=  1  loss_ema=1.1805  acc_ema=0.5674  steps/sec=18.8  ranks[in=1/4 q=1/1 k=1/1 v=1/1 o=1/1 lm=1/5]
  step=   4200  phase=vocab  vocab=   8  k=  1  loss_ema=1.1285  acc_ema=0.5668  steps/sec=18.8  ranks[in=1/4 q=1/1 k=1/1 v=1/1 o=1/1 lm=1/5]
  step=   4400  phase=vocab  vocab=   8  k=  1  loss_ema=1.2689  acc_ema=0.5154  steps/sec=18.9  ranks[in=1/4 q=1/1 k=1/1 v=1/1 o=1/1 lm=1/4]
  step=   4600  phase=vocab  vocab=   8  k=  1  loss_ema=1.1542  acc_ema=0.6404  steps/sec=18.9  ranks[in=1/4 q=1/1 k=1/1 v=1/1 o=1/1 lm=1/4]
  step=   4800  phase=vocab  vocab=   8  k=  1  loss_ema=1.2060  acc_ema=0.5171  steps/sec=18.9  ranks[in=1/3 q=1/1 k=1/1 v=1/1 o=1/1 lm=1/4]
  step=   4931  phase=vocab  vocab=  16  k=  1  loss_ema=1.1358  acc_ema=0.6604  [LEVEL_UP]  ranks[in=1/4 q=1/1 k=1/1 v=1/1 o=1/1 lm=1/4]
  step=   4961  phase=vocab  vocab=   8  k=  1  loss_ema=3.4146  acc_ema=0.3911  [LEVEL_DOWN]  ranks[in=1/3 q=1/1 k=1/1 v=1/1 o=1/1 lm=2/4]
  step=   5000  phase=vocab  vocab=   8  k=  1  loss_ema=1.7871  acc_ema=0.5018  steps/sec=18.9  ranks[in=1/3 q=1/1 k=1/1 v=1/1 o=1/1 lm=1/4]
  step=   5165  phase=vocab  vocab=  16  k=  1  loss_ema=1.1387  acc_ema=0.6652  [LEVEL_UP]  ranks[in=1/3 q=1/1 k=1/1 v=1/1 o=1/1 lm=2/4]
  step=   5198  phase=vocab  vocab=   8  k=  1  loss_ema=3.0373  acc_ema=0.3880  [LEVEL_DOWN]  ranks[in=1/3 q=1/1 k=1/1 v=1/1 o=1/1 lm=1/3]
  step=   5200  phase=vocab  vocab=   8  k=  1  loss_ema=3.1444  acc_ema=0.3726  steps/sec=18.9  ranks[in=1/3 q=1/1 k=1/1 v=1/1 o=1/1 lm=1/3]
  step=   5346  phase=vocab  vocab=  16  k=  1  loss_ema=1.1650  acc_ema=0.6246  [LEVEL_UP]  ranks[in=1/3 q=1/1 k=1/1 v=1/1 o=1/1 lm=1/3]
  step=   5378  phase=vocab  vocab=   8  k=  1  loss_ema=2.9666  acc_ema=0.3761  [LEVEL_DOWN]  ranks[in=1/3 q=1/1 k=1/1 v=1/1 o=1/1 lm=2/3]
  step=   5400  phase=vocab  vocab=   8  k=  1  loss_ema=2.0710  acc_ema=0.4602  steps/sec=18.9  ranks[in=1/3 q=1/1 k=1/1 v=1/1 o=1/1 lm=1/3]
  step=   5600  phase=vocab  vocab=   8  k=  1  loss_ema=1.1457  acc_ema=0.5304  steps/sec=18.9  ranks[in=1/3 q=1/1 k=1/1 v=1/1 o=1/1 lm=1/3]
  step=   5610  phase=vocab  vocab=  16  k=  1  loss_ema=1.1530  acc_ema=0.6163  [LEVEL_UP]  ranks[in=1/3 q=1/1 k=1/1 v=1/1 o=1/1 lm=2/3]
  step=   5662  phase=vocab  vocab=   8  k=  1  loss_ema=2.6252  acc_ema=0.4004  [LEVEL_DOWN]  ranks[in=1/3 q=1/1 k=1/1 v=1/1 o=1/1 lm=2/3]
  step=   5800  phase=vocab  vocab=   8  k=  1  loss_ema=1.2501  acc_ema=0.4190  steps/sec=18.9  ranks[in=1/3 q=1/1 k=1/1 v=1/1 o=1/1 lm=1/3]
  step=   6000  phase=vocab  vocab=   8  k=  1  loss_ema=1.2103  acc_ema=0.5738  steps/sec=18.9  ranks[in=1/3 q=1/1 k=1/1 v=1/1 o=1/1 lm=1/3]
  step=   6200  phase=vocab  vocab=   8  k=  1  loss_ema=1.2486  acc_ema=0.4455  steps/sec=18.9  ranks[in=1/3 q=1/1 k=1/1 v=1/1 o=1/1 lm=1/3]
  step=   6400  phase=vocab  vocab=   8  k=  1  loss_ema=1.1688  acc_ema=0.6101  steps/sec=18.9  ranks[in=1/3 q=1/1 k=1/1 v=1/1 o=1/1 lm=1/3]
  step=   6566  phase=vocab  vocab=  16  k=  1  loss_ema=1.0942  acc_ema=0.7076  [LEVEL_UP]  ranks[in=1/3 q=1/1 k=1/1 v=1/1 o=1/1 lm=2/3]
  step=   6600  phase=vocab  vocab=  16  k=  1  loss_ema=2.7696  acc_ema=0.4114  steps/sec=18.9  ranks[in=1/3 q=1/1 k=1/1 v=1/1 o=1/1 lm=1/3]
  step=   6606  phase=vocab  vocab=   8  k=  1  loss_ema=2.6893  acc_ema=0.3825  [LEVEL_DOWN]  ranks[in=1/3 q=1/1 k=1/1 v=1/1 o=1/1 lm=2/3]
  step=   6800  phase=vocab  vocab=   8  k=  1  loss_ema=1.1850  acc_ema=0.5987  steps/sec=18.9  ranks[in=1/3 q=1/1 k=1/1 v=1/1 o=1/1 lm=1/3]
  step=   7000  phase=vocab  vocab=   8  k=  1  loss_ema=1.1794  acc_ema=0.5852  steps/sec=18.9  ranks[in=1/3 q=1/1 k=1/1 v=1/1 o=1/1 lm=1/3]
  step=   7200  phase=vocab  vocab=   8  k=  1  loss_ema=1.1739  acc_ema=0.6374  steps/sec=18.9  ranks[in=1/3 q=1/1 k=1/1 v=1/1 o=1/1 lm=1/3]
  step=   7400  phase=vocab  vocab=   8  k=  1  loss_ema=1.1574  acc_ema=0.6799  steps/sec=18.9  ranks[in=1/3 q=1/1 k=1/1 v=1/1 o=1/1 lm=1/3]
  step=   7537  phase=vocab  vocab=  16  k=  1  loss_ema=1.0934  acc_ema=0.6522  [LEVEL_UP]  ranks[in=1/3 q=1/1 k=1/1 v=1/1 o=1/1 lm=1/3]
  step=   7569  phase=vocab  vocab=   8  k=  1  loss_ema=2.7101  acc_ema=0.3890  [LEVEL_DOWN]  ranks[in=1/3 q=1/1 k=1/1 v=1/1 o=1/1 lm=2/3]
  step=   7600  phase=vocab  vocab=   8  k=  1  loss_ema=1.7763  acc_ema=0.4851  steps/sec=18.9  ranks[in=1/3 q=1/1 k=1/1 v=1/1 o=1/1 lm=1/3]
  step=   7800  phase=vocab  vocab=   8  k=  1  loss_ema=1.1499  acc_ema=0.5814  steps/sec=18.9  ranks[in=1/4 q=1/1 k=1/1 v=1/1 o=1/1 lm=1/2]
  step=   8000  phase=vocab  vocab=   8  k=  1  loss_ema=1.2831  acc_ema=0.5223  steps/sec=18.9  ranks[in=1/4 q=1/1 k=1/1 v=1/1 o=1/1 lm=1/2]
  step=   8200  phase=vocab  vocab=   8  k=  1  loss_ema=1.2581  acc_ema=0.5267  steps/sec=18.9  ranks[in=1/4 q=1/1 k=1/1 v=1/1 o=1/1 lm=1/2]
  step=   8400  phase=vocab  vocab=   8  k=  1  loss_ema=1.1763  acc_ema=0.5304  steps/sec=18.9  ranks[in=1/4 q=1/1 k=1/1 v=1/1 o=1/1 lm=1/2]
  step=   8600  phase=vocab  vocab=   8  k=  1  loss_ema=1.2744  acc_ema=0.6069  steps/sec=18.9  ranks[in=1/4 q=1/1 k=1/1 v=1/1 o=1/1 lm=1/2]
  step=   8745  phase=vocab  vocab=  16  k=  1  loss_ema=1.1220  acc_ema=0.5803  [LEVEL_UP]  ranks[in=1/4 q=1/1 k=1/1 v=1/1 o=1/1 lm=1/2]
  step=   8779  phase=vocab  vocab=   8  k=  1  loss_ema=4.0795  acc_ema=0.3419  [LEVEL_DOWN]  ranks[in=1/5 q=1/1 k=1/1 v=1/1 o=1/1 lm=2/2]
  step=   8800  phase=vocab  vocab=   8  k=  1  loss_ema=2.9284  acc_ema=0.3567  steps/sec=18.9  ranks[in=1/5 q=1/1 k=1/1 v=1/1 o=1/1 lm=1/2]
  step=   9000  phase=vocab  vocab=   8  k=  1  loss_ema=1.2525  acc_ema=0.4480  steps/sec=18.9  ranks[in=1/5 q=1/1 k=1/1 v=1/1 o=1/1 lm=1/2]
  step=   9200  phase=vocab  vocab=   8  k=  1  loss_ema=1.2517  acc_ema=0.5275  steps/sec=18.9  ranks[in=1/5 q=1/1 k=1/1 v=1/1 o=1/1 lm=1/2]
  step=   9400  phase=vocab  vocab=   8  k=  1  loss_ema=1.2176  acc_ema=0.5207  steps/sec=18.9  ranks[in=1/5 q=1/1 k=1/1 v=1/1 o=1/1 lm=1/2]
  step=   9600  phase=vocab  vocab=   8  k=  1  loss_ema=1.3890  acc_ema=0.4815  steps/sec=18.8  ranks[in=1/5 q=1/1 k=1/1 v=1/1 o=1/1 lm=1/2]
  step=   9800  phase=vocab  vocab=   8  k=  1  loss_ema=1.4006  acc_ema=0.2286  steps/sec=18.8  ranks[in=1/5 q=1/1 k=1/1 v=1/1 o=1/1 lm=2/2]
  step=  10000  phase=vocab  vocab=   8  k=  1  loss_ema=1.3419  acc_ema=0.3127  steps/sec=18.8  ranks[in=1/5 q=1/1 k=1/1 v=1/1 o=1/1 lm=2/2]
  step=  10200  phase=vocab  vocab=   8  k=  1  loss_ema=1.3210  acc_ema=0.4917  steps/sec=18.8  ranks[in=1/5 q=1/1 k=1/1 v=1/1 o=1/1 lm=2/2]
  step=  10400  phase=vocab  vocab=   8  k=  1  loss_ema=1.4980  acc_ema=0.4806  steps/sec=18.8  ranks[in=1/5 q=1/1 k=1/1 v=1/1 o=1/1 lm=2/3]
  step=  10600  phase=vocab  vocab=   8  k=  1  loss_ema=1.4743  acc_ema=0.4030  steps/sec=18.8  ranks[in=1/5 q=1/1 k=1/1 v=1/1 o=1/1 lm=2/5]
  step=  10800  phase=vocab  vocab=   8  k=  1  loss_ema=1.2879  acc_ema=0.4664  steps/sec=18.8  ranks[in=1/5 q=1/1 k=1/1 v=1/1 o=1/1 lm=2/5]
  step=  11000  phase=vocab  vocab=   8  k=  1  loss_ema=1.3376  acc_ema=0.5055  steps/sec=18.8  ranks[in=1/5 q=1/1 k=1/1 v=1/1 o=1/1 lm=2/5]
  step=  11129  phase=vocab  vocab=  16  k=  1  loss_ema=1.2764  acc_ema=0.6125  [LEVEL_UP]  ranks[in=1/5 q=1/1 k=1/1 v=1/1 o=1/1 lm=1/4]
  step=  11159  phase=vocab  vocab=   8  k=  1  loss_ema=4.0226  acc_ema=0.3651  [LEVEL_DOWN]  ranks[in=1/5 q=1/1 k=1/1 v=1/1 o=1/1 lm=2/4]
  step=  11200  phase=vocab  vocab=   8  k=  1  loss_ema=2.0540  acc_ema=0.4323  steps/sec=18.8  ranks[in=1/5 q=1/1 k=1/1 v=1/1 o=1/1 lm=2/5]
  step=  11400  phase=vocab  vocab=   8  k=  1  loss_ema=1.4132  acc_ema=0.4960  steps/sec=18.8  ranks[in=1/5 q=1/1 k=1/1 v=1/1 o=1/1 lm=2/5]
  step=  11600  phase=vocab  vocab=   8  k=  1  loss_ema=1.3623  acc_ema=0.4717  steps/sec=18.8  ranks[in=1/5 q=1/1 k=1/1 v=1/1 o=1/1 lm=2/5]
  step=  11800  phase=vocab  vocab=   8  k=  1  loss_ema=1.3625  acc_ema=0.3690  steps/sec=18.8  ranks[in=1/5 q=1/1 k=1/1 v=1/1 o=1/1 lm=2/4]
  step=  12000  phase=vocab  vocab=   8  k=  1  loss_ema=1.3863  acc_ema=0.4069  steps/sec=18.8  ranks[in=1/5 q=1/1 k=1/1 v=1/1 o=1/1 lm=2/4]
  step=  12200  phase=vocab  vocab=   8  k=  1  loss_ema=1.3863  acc_ema=0.4068  steps/sec=18.8  ranks[in=1/5 q=1/1 k=1/1 v=1/1 o=1/1 lm=2/4]
  step=  12400  phase=vocab  vocab=   8  k=  1  loss_ema=1.3653  acc_ema=0.4045  steps/sec=18.8  ranks[in=1/5 q=1/1 k=1/1 v=1/1 o=1/1 lm=2/3]
  step=  12600  phase=vocab  vocab=   8  k=  1  loss_ema=1.3834  acc_ema=0.4440  steps/sec=18.8  ranks[in=1/6 q=1/1 k=1/1 v=1/1 o=1/1 lm=2/3]
  step=  12800  phase=vocab  vocab=   8  k=  1  loss_ema=1.4377  acc_ema=0.4307  steps/sec=18.8  ranks[in=1/5 q=1/1 k=1/1 v=1/1 o=1/1 lm=2/3]
  step=  13000  phase=vocab  vocab=   8  k=  1  loss_ema=1.2958  acc_ema=0.6065  steps/sec=18.8  ranks[in=1/5 q=1/1 k=1/1 v=1/1 o=1/1 lm=2/3]
  step=  13200  phase=vocab  vocab=   8  k=  1  loss_ema=1.2671  acc_ema=0.5535  steps/sec=18.8  ranks[in=1/5 q=1/1 k=1/1 v=1/1 o=1/1 lm=2/3]
  step=  13400  phase=vocab  vocab=   8  k=  1  loss_ema=1.2372  acc_ema=0.5979  steps/sec=18.8  ranks[in=1/5 q=1/1 k=1/1 v=1/1 o=1/1 lm=2/4]
  step=  13581  phase=vocab  vocab=  16  k=  1  loss_ema=1.1410  acc_ema=0.7302  [LEVEL_UP]  ranks[in=1/5 q=1/1 k=1/1 v=1/1 o=1/1 lm=1/4]
  step=  13600  phase=vocab  vocab=  16  k=  1  loss_ema=3.3122  acc_ema=0.5170  steps/sec=18.8  ranks[in=1/5 q=1/1 k=1/1 v=1/1 o=1/1 lm=1/3]
  step=  13611  phase=vocab  vocab=   8  k=  1  loss_ema=3.5851  acc_ema=0.4314  [LEVEL_DOWN]  ranks[in=1/5 q=1/1 k=1/1 v=1/1 o=1/1 lm=1/3]
  step=  13759  phase=vocab  vocab=  16  k=  1  loss_ema=1.1446  acc_ema=0.6498  [LEVEL_UP]  ranks[in=1/5 q=1/1 k=1/1 v=1/1 o=1/1 lm=1/3]
  step=  13789  phase=vocab  vocab=   8  k=  1  loss_ema=3.5610  acc_ema=0.3687  [LEVEL_DOWN]  ranks[in=1/5 q=1/1 k=1/1 v=1/1 o=1/1 lm=1/3]
  step=  13800  phase=vocab  vocab=   8  k=  1  loss_ema=3.3110  acc_ema=0.3662  steps/sec=18.8  ranks[in=1/5 q=1/1 k=1/1 v=1/1 o=1/1 lm=2/3]
  step=  14000  phase=vocab  vocab=   8  k=  1  loss_ema=1.2787  acc_ema=0.6317  steps/sec=18.8  ranks[in=1/5 q=1/1 k=1/1 v=1/1 o=1/1 lm=2/4]
  step=  14122  phase=vocab  vocab=  16  k=  1  loss_ema=1.1924  acc_ema=0.6406  [LEVEL_UP]  ranks[in=1/5 q=1/1 k=1/1 v=1/1 o=1/1 lm=2/5]
  step=  14156  phase=vocab  vocab=   8  k=  1  loss_ema=2.8130  acc_ema=0.3561  [LEVEL_DOWN]  ranks[in=1/5 q=1/1 k=1/1 v=1/1 o=1/1 lm=1/5]
  step=  14200  phase=vocab  vocab=   8  k=  1  loss_ema=1.5285  acc_ema=0.5656  steps/sec=18.8  ranks[in=1/5 q=1/1 k=1/1 v=1/1 o=1/1 lm=1/5]
  step=  14260  phase=vocab  vocab=  16  k=  1  loss_ema=1.2036  acc_ema=0.6505  [LEVEL_UP]  ranks[in=1/5 q=1/1 k=1/1 v=1/1 o=1/1 lm=2/4]
  step=  14290  phase=vocab  vocab=   8  k=  1  loss_ema=2.7012  acc_ema=0.4002  [LEVEL_DOWN]  ranks[in=1/5 q=1/1 k=1/1 v=1/1 o=1/1 lm=1/3]
  step=  14400  phase=vocab  vocab=   8  k=  1  loss_ema=1.1706  acc_ema=0.6205  steps/sec=18.8  ranks[in=1/5 q=1/1 k=1/1 v=1/1 o=1/1 lm=1/3]
  step=  14418  phase=vocab  vocab=  16  k=  1  loss_ema=1.1595  acc_ema=0.6731  [LEVEL_UP]  ranks[in=1/5 q=1/1 k=1/1 v=1/1 o=1/1 lm=2/4]
  step=  14448  phase=vocab  vocab=   8  k=  1  loss_ema=2.8117  acc_ema=0.3972  [LEVEL_DOWN]  ranks[in=1/5 q=1/1 k=1/1 v=1/1 o=1/1 lm=1/4]
  step=  14600  phase=vocab  vocab=   8  k=  1  loss_ema=1.2570  acc_ema=0.5959  steps/sec=18.8  ranks[in=1/5 q=1/1 k=1/1 v=1/1 o=1/1 lm=1/4]
  step=  14800  phase=vocab  vocab=   8  k=  1  loss_ema=1.2287  acc_ema=0.6489  steps/sec=18.7  ranks[in=1/5 q=1/1 k=1/1 v=1/1 o=1/1 lm=1/4]
  step=  15000  phase=vocab  vocab=   8  k=  1  loss_ema=1.1672  acc_ema=0.6909  steps/sec=18.7  ranks[in=1/5 q=1/1 k=1/1 v=1/1 o=1/1 lm=1/5]
  step=  15064  phase=vocab  vocab=  16  k=  1  loss_ema=1.1341  acc_ema=0.7174  [LEVEL_UP]  ranks[in=1/5 q=1/1 k=1/1 v=1/1 o=1/1 lm=2/5]
  step=  15094  phase=vocab  vocab=   8  k=  1  loss_ema=3.8893  acc_ema=0.4179  [LEVEL_DOWN]  ranks[in=1/5 q=1/1 k=1/1 v=1/1 o=1/1 lm=1/4]
  step=  15113  phase=vocab  vocab=  16  k=  1  loss_ema=2.6659  acc_ema=0.4981  [LEVEL_UP]  ranks[in=1/5 q=1/1 k=1/1 v=1/1 o=1/1 lm=2/4]
  step=  15154  phase=vocab  vocab=   8  k=  1  loss_ema=4.0452  acc_ema=0.2816  [LEVEL_DOWN]  ranks[in=1/5 q=1/1 k=1/1 v=1/1 o=1/1 lm=1/4]
  step=  15200  phase=vocab  vocab=   8  k=  1  loss_ema=1.8053  acc_ema=0.4695  steps/sec=18.7  ranks[in=1/5 q=1/1 k=1/1 v=1/1 o=1/1 lm=1/4]
  step=  15384  phase=vocab  vocab=  16  k=  1  loss_ema=1.0591  acc_ema=0.6980  [LEVEL_UP]  ranks[in=1/5 q=1/1 k=1/1 v=1/1 o=1/1 lm=1/4]
  step=  15400  phase=vocab  vocab=  16  k=  1  loss_ema=2.9537  acc_ema=0.5052  steps/sec=18.7  ranks[in=1/5 q=1/1 k=1/1 v=1/1 o=1/1 lm=1/4]
  step=  15414  phase=vocab  vocab=   8  k=  1  loss_ema=3.4329  acc_ema=0.3807  [LEVEL_DOWN]  ranks[in=1/5 q=1/1 k=1/1 v=1/1 o=1/1 lm=2/4]
  step=  15535  phase=vocab  vocab=  16  k=  1  loss_ema=1.1054  acc_ema=0.6646  [LEVEL_UP]  ranks[in=1/5 q=1/1 k=1/1 v=1/1 o=1/1 lm=1/4]
  step=  15565  phase=vocab  vocab=   8  k=  1  loss_ema=3.2064  acc_ema=0.4163  [LEVEL_DOWN]  ranks[in=1/5 q=1/1 k=1/1 v=1/1 o=1/1 lm=2/4]
  step=  15600  phase=vocab  vocab=   8  k=  1  loss_ema=1.8996  acc_ema=0.4985  steps/sec=18.7  ranks[in=1/5 q=1/1 k=1/1 v=1/1 o=1/1 lm=1/4]
  step=  15772  phase=vocab  vocab=  16  k=  1  loss_ema=1.2451  acc_ema=0.6496  [LEVEL_UP]  ranks[in=1/5 q=1/1 k=1/1 v=1/1 o=1/1 lm=2/4]
  step=  15800  phase=vocab  vocab=  16  k=  1  loss_ema=3.2034  acc_ema=0.4204  steps/sec=18.7  ranks[in=1/5 q=1/1 k=1/1 v=1/1 o=1/1 lm=1/4]
  step=  15806  phase=vocab  vocab=   8  k=  1  loss_ema=3.2497  acc_ema=0.3905  [LEVEL_DOWN]  ranks[in=1/5 q=1/1 k=1/1 v=1/1 o=1/1 lm=1/4]
  step=  16000  phase=vocab  vocab=   8  k=  1  loss_ema=1.2612  acc_ema=0.5340  steps/sec=18.7  ranks[in=1/5 q=1/1 k=1/1 v=1/1 o=1/1 lm=1/4]
  step=  16165  phase=vocab  vocab=  16  k=  1  loss_ema=1.1665  acc_ema=0.6913  [LEVEL_UP]  ranks[in=1/5 q=1/1 k=1/1 v=1/1 o=1/1 lm=2/4]
  step=  16200  phase=vocab  vocab=  16  k=  1  loss_ema=3.2923  acc_ema=0.4221  steps/sec=18.7  ranks[in=1/5 q=1/1 k=1/1 v=1/1 o=1/1 lm=1/4]
  step=  16202  phase=vocab  vocab=   8  k=  1  loss_ema=3.4080  acc_ema=0.4054  [LEVEL_DOWN]  ranks[in=1/5 q=1/1 k=1/1 v=1/1 o=1/1 lm=1/4]
  step=  16296  phase=vocab  vocab=  16  k=  1  loss_ema=1.2364  acc_ema=0.6984  [LEVEL_UP]  ranks[in=1/5 q=1/1 k=1/1 v=1/1 o=1/1 lm=1/4]
  step=  16326  phase=vocab  vocab=   8  k=  1  loss_ema=3.3382  acc_ema=0.4192  [LEVEL_DOWN]  ranks[in=1/5 q=1/1 k=1/1 v=1/1 o=1/1 lm=1/4]
  step=  16400  phase=vocab  vocab=   8  k=  1  loss_ema=1.4393  acc_ema=0.4425  steps/sec=18.7  ranks[in=1/5 q=1/1 k=1/1 v=1/1 o=1/1 lm=2/4]
  step=  16494  phase=vocab  vocab=  16  k=  1  loss_ema=1.1859  acc_ema=0.6379  [LEVEL_UP]  ranks[in=1/5 q=1/1 k=1/1 v=1/1 o=1/1 lm=2/4]
  step=  16524  phase=vocab  vocab=   8  k=  1  loss_ema=3.2769  acc_ema=0.3750  [LEVEL_DOWN]  ranks[in=1/5 q=1/1 k=1/1 v=1/1 o=1/1 lm=1/4]
  step=  16600  phase=vocab  vocab=   8  k=  1  loss_ema=1.3591  acc_ema=0.5949  steps/sec=18.7  ranks[in=1/5 q=1/1 k=1/1 v=1/1 o=1/1 lm=2/4]
  step=  16713  phase=vocab  vocab=  16  k=  1  loss_ema=1.1910  acc_ema=0.6244  [LEVEL_UP]  ranks[in=1/5 q=1/1 k=1/1 v=1/1 o=1/1 lm=2/4]
  step=  16743  phase=vocab  vocab=   8  k=  1  loss_ema=3.0823  acc_ema=0.3789  [LEVEL_DOWN]  ranks[in=1/5 q=1/1 k=1/1 v=1/1 o=1/1 lm=1/4]
  step=  16800  phase=vocab  vocab=   8  k=  1  loss_ema=1.4204  acc_ema=0.5836  steps/sec=18.7  ranks[in=1/5 q=1/1 k=1/1 v=1/1 o=1/1 lm=2/4]
  step=  17000  phase=vocab  vocab=  16  k=  1  loss_ema=1.1176  acc_ema=0.7218  [LEVEL_UP]  ranks[in=1/5 q=1/1 k=1/1 v=1/1 o=1/1 lm=1/4]
  step=  17000  phase=vocab  vocab=   8  k=  1  loss_ema=1.1176  acc_ema=0.7218  steps/sec=18.7  ranks[in=1/5 q=1/1 k=1/1 v=1/1 o=1/1 lm=1/4]
  step=  17030  phase=vocab  vocab=   8  k=  1  loss_ema=3.4590  acc_ema=0.4074  [LEVEL_DOWN]  ranks[in=1/5 q=1/1 k=1/1 v=1/1 o=1/1 lm=1/4]
  step=  17064  phase=vocab  vocab=  16  k=  1  loss_ema=1.8417  acc_ema=0.5602  [LEVEL_UP]  ranks[in=1/5 q=1/1 k=1/1 v=1/1 o=1/1 lm=2/4]
  step=  17094  phase=vocab  vocab=   8  k=  1  loss_ema=3.1860  acc_ema=0.3364  [LEVEL_DOWN]  ranks[in=1/5 q=1/1 k=1/1 v=1/1 o=1/1 lm=1/4]
  step=  17182  phase=vocab  vocab=  16  k=  1  loss_ema=1.2222  acc_ema=0.6053  [LEVEL_UP]  ranks[in=1/5 q=1/1 k=1/1 v=1/1 o=1/1 lm=1/4]
  step=  17200  phase=vocab  vocab=  16  k=  1  loss_ema=2.7611  acc_ema=0.4396  steps/sec=18.7  ranks[in=1/5 q=1/1 k=1/1 v=1/1 o=1/1 lm=2/4]
  step=  17214  phase=vocab  vocab=   8  k=  1  loss_ema=3.0458  acc_ema=0.4148  [LEVEL_DOWN]  ranks[in=1/5 q=1/1 k=1/1 v=1/1 o=1/1 lm=2/4]
  step=  17243  phase=vocab  vocab=  16  k=  1  loss_ema=1.9196  acc_ema=0.5368  [LEVEL_UP]  ranks[in=1/5 q=1/1 k=1/1 v=1/1 o=1/1 lm=1/4]
  step=  17277  phase=vocab  vocab=   8  k=  1  loss_ema=2.9666  acc_ema=0.3892  [LEVEL_DOWN]  ranks[in=1/5 q=1/1 k=1/1 v=1/1 o=1/1 lm=1/4]
  step=  17400  phase=vocab  vocab=   8  k=  1  loss_ema=1.2477  acc_ema=0.6201  steps/sec=18.7  ranks[in=1/5 q=1/1 k=1/1 v=1/1 o=1/1 lm=2/4]
  step=  17600  phase=vocab  vocab=   8  k=  1  loss_ema=1.1658  acc_ema=0.7224  steps/sec=18.7  ranks[in=1/5 q=1/1 k=1/1 v=1/1 o=1/1 lm=2/4]
  step=  17721  phase=vocab  vocab=  16  k=  1  loss_ema=1.0566  acc_ema=0.7718  [LEVEL_UP]  ranks[in=1/5 q=1/1 k=1/1 v=1/1 o=1/1 lm=2/4]
  step=  17761  phase=vocab  vocab=   8  k=  1  loss_ema=3.2897  acc_ema=0.4431  [LEVEL_DOWN]  ranks[in=1/5 q=1/1 k=1/1 v=1/1 o=1/1 lm=2/4]
  step=  17800  phase=vocab  vocab=   8  k=  1  loss_ema=1.6144  acc_ema=0.5936  steps/sec=18.7  ranks[in=1/5 q=1/1 k=1/1 v=1/1 o=1/1 lm=1/4]
  step=  18000  phase=vocab  vocab=   8  k=  1  loss_ema=1.1580  acc_ema=0.6388  steps/sec=18.7  ranks[in=1/5 q=1/1 k=1/1 v=1/1 o=1/1 lm=1/4]
  step=  18145  phase=vocab  vocab=  16  k=  1  loss_ema=1.0871  acc_ema=0.7763  [LEVEL_UP]  ranks[in=1/5 q=1/1 k=1/1 v=1/1 o=1/1 lm=1/4]
  step=  18175  phase=vocab  vocab=   8  k=  1  loss_ema=3.1770  acc_ema=0.4576  [LEVEL_DOWN]  ranks[in=1/5 q=1/1 k=1/1 v=1/1 o=1/1 lm=1/4]
  step=  18200  phase=vocab  vocab=   8  k=  1  loss_ema=2.1896  acc_ema=0.4493  steps/sec=18.7  ranks[in=1/5 q=1/1 k=1/1 v=1/1 o=1/1 lm=2/4]
  step=  18334  phase=vocab  vocab=  16  k=  1  loss_ema=1.1865  acc_ema=0.6724  [LEVEL_UP]  ranks[in=1/5 q=1/1 k=1/1 v=1/1 o=1/1 lm=1/4]
  step=  18366  phase=vocab  vocab=   8  k=  1  loss_ema=3.8047  acc_ema=0.4451  [LEVEL_DOWN]  ranks[in=1/5 q=1/1 k=1/1 v=1/1 o=1/1 lm=1/4]
  step=  18400  phase=vocab  vocab=  16  k=  1  loss_ema=1.8810  acc_ema=0.6231  [LEVEL_UP]  ranks[in=1/5 q=1/1 k=1/1 v=1/1 o=1/1 lm=2/3]
  step=  18400  phase=vocab  vocab=   8  k=  1  loss_ema=1.8810  acc_ema=0.6231  steps/sec=18.7  ranks[in=1/5 q=1/1 k=1/1 v=1/1 o=1/1 lm=2/3]
  step=  18430  phase=vocab  vocab=   8  k=  1  loss_ema=3.8012  acc_ema=0.3852  [LEVEL_DOWN]  ranks[in=1/5 q=1/1 k=1/1 v=1/1 o=1/1 lm=1/3]
  step=  18553  phase=vocab  vocab=  16  k=  1  loss_ema=1.0717  acc_ema=0.7190  [LEVEL_UP]  ranks[in=1/5 q=1/1 k=1/1 v=1/1 o=1/1 lm=1/3]
  step=  18583  phase=vocab  vocab=   8  k=  1  loss_ema=3.5740  acc_ema=0.4056  [LEVEL_DOWN]  ranks[in=1/6 q=1/1 k=1/1 v=1/1 o=1/1 lm=1/3]
  step=  18600  phase=vocab  vocab=   8  k=  1  loss_ema=2.5899  acc_ema=0.5127  steps/sec=18.7  ranks[in=1/5 q=1/1 k=1/1 v=1/1 o=1/1 lm=2/3]
  step=  18765  phase=vocab  vocab=  16  k=  1  loss_ema=1.1284  acc_ema=0.6619  [LEVEL_UP]  ranks[in=1/5 q=1/1 k=1/1 v=1/1 o=1/1 lm=1/3]
  step=  18799  phase=vocab  vocab=   8  k=  1  loss_ema=3.7072  acc_ema=0.3668  [LEVEL_DOWN]  ranks[in=1/5 q=1/1 k=1/1 v=1/1 o=1/1 lm=1/3]
  step=  18800  phase=vocab  vocab=   8  k=  1  loss_ema=3.7629  acc_ema=0.3594  steps/sec=18.7  ranks[in=1/5 q=1/1 k=1/1 v=1/1 o=1/1 lm=1/3]
  step=  18964  phase=vocab  vocab=  16  k=  1  loss_ema=1.1450  acc_ema=0.6286  [LEVEL_UP]  ranks[in=1/5 q=1/1 k=1/1 v=1/1 o=1/1 lm=1/3]
  step=  18997  phase=vocab  vocab=   8  k=  1  loss_ema=3.1678  acc_ema=0.3690  [LEVEL_DOWN]  ranks[in=1/5 q=1/1 k=1/1 v=1/1 o=1/1 lm=2/3]
  step=  19000  phase=vocab  vocab=   8  k=  1  loss_ema=3.2952  acc_ema=0.3869  steps/sec=18.7  ranks[in=1/5 q=1/1 k=1/1 v=1/1 o=1/1 lm=2/3]
  step=  19200  phase=vocab  vocab=   8  k=  1  loss_ema=1.2277  acc_ema=0.5518  steps/sec=18.7  ranks[in=1/5 q=1/1 k=1/1 v=1/1 o=1/1 lm=2/3]
  step=  19400  phase=vocab  vocab=   8  k=  1  loss_ema=1.1350  acc_ema=0.6546  steps/sec=18.7  ranks[in=1/5 q=1/1 k=1/1 v=1/1 o=1/1 lm=2/3]
  step=  19444  phase=vocab  vocab=  16  k=  1  loss_ema=1.1360  acc_ema=0.7058  [LEVEL_UP]  ranks[in=1/5 q=1/1 k=1/1 v=1/1 o=1/1 lm=2/3]
  step=  19475  phase=vocab  vocab=   8  k=  1  loss_ema=3.3509  acc_ema=0.4361  [LEVEL_DOWN]  ranks[in=1/5 q=1/1 k=1/1 v=1/1 o=1/1 lm=2/3]
  step=  19596  phase=vocab  vocab=  16  k=  1  loss_ema=1.1077  acc_ema=0.7180  [LEVEL_UP]  ranks[in=1/5 q=1/1 k=1/1 v=1/1 o=1/1 lm=2/3]
  step=  19600  phase=vocab  vocab=  16  k=  1  loss_ema=1.9423  acc_ema=0.6622  steps/sec=18.7  ranks[in=1/5 q=1/1 k=1/1 v=1/1 o=1/1 lm=2/3]
  step=  19630  phase=vocab  vocab=   8  k=  1  loss_ema=3.2728  acc_ema=0.4120  [LEVEL_DOWN]  ranks[in=1/5 q=1/1 k=1/1 v=1/1 o=1/1 lm=2/3]
  step=  19735  phase=vocab  vocab=  16  k=  1  loss_ema=1.2473  acc_ema=0.6635  [LEVEL_UP]  ranks[in=1/5 q=1/1 k=1/1 v=1/1 o=1/1 lm=2/3]
  step=  19769  phase=vocab  vocab=   8  k=  1  loss_ema=3.3791  acc_ema=0.4083  [LEVEL_DOWN]  ranks[in=1/5 q=1/1 k=1/1 v=1/1 o=1/1 lm=2/3]
  step=  19800  phase=vocab  vocab=   8  k=  1  loss_ema=1.8831  acc_ema=0.5605  steps/sec=18.7  ranks[in=1/5 q=1/1 k=1/1 v=1/1 o=1/1 lm=2/3]
  step=  19873  phase=vocab  vocab=  16  k=  1  loss_ema=1.1853  acc_ema=0.6587  [LEVEL_UP]  ranks[in=1/5 q=1/1 k=1/1 v=1/1 o=1/1 lm=2/3]
  step=  19909  phase=vocab  vocab=   8  k=  1  loss_ema=3.4569  acc_ema=0.3997  [LEVEL_DOWN]  ranks[in=1/5 q=1/1 k=1/1 v=1/1 o=1/1 lm=2/3]
  step=  20000  phase=vocab  vocab=   8  k=  1  loss_ema=1.2197  acc_ema=0.6095  steps/sec=18.7  ranks[in=1/5 q=1/1 k=1/1 v=1/1 o=1/1 lm=2/3]

FINAL precision=fp4 final_vocab=8 final_k=1 final_phase=vocab graduated=False total_steps=20000 steps_per_sec=18.7 peak_rss_mb=86.2 (1070s)
PEAK precision=fp4 peak_vocab=16 peak_k=1 peak_phase=vocab
RANK_MUTATIONS precision=fp4 count=1167
  input_proj   scale_rank=1  additive_rank=5
  q_proj       scale_rank=1  additive_rank=1
  k_proj       scale_rank=1  additive_rank=1
  v_proj       scale_rank=1  additive_rank=1
  o_proj       scale_rank=1  additive_rank=1
  lm_head      scale_rank=2  additive_rank=3
RANK_HISTORY_JSON [{"step": 200, "ranks": {"input_proj": [1, 1], "q_proj": [1, 1], "k_proj": [1, 1], "v_proj": [1, 1], "o_proj": [1, 1], "lm_head": [1, 2]}}, {"step": 400, "ranks": {"input_proj": [1, 2], "q_proj": [1, 1], "k_proj": [1, 1], "v_proj": [1, 1], "o_proj": [1, 1], "lm_head": [1, 2]}}, {"step": 600, "ranks": {"input_proj": [1, 1], "q_proj": [1, 1], "k_proj": [1, 1], "v_proj": [1, 1], "o_proj": [1, 1], "lm_head": [1, 2]}}, {"step": 800, "ranks": {"input_proj": [1, 1], "q_proj": [1, 1], "k_proj": [1, 1], "v_proj": [1, 1], "o_proj": [1, 1], "lm_head": [1, 4]}}, {"step": 1000, "ranks": {"input_proj": [1, 1], "q_proj": [1, 1], "k_proj": [1, 1], "v_proj": [1, 1], "o_proj": [1, 1], "lm_head": [1, 4]}}, {"step": 1035, "ranks": {"input_proj": [2, 1], "q_proj": [1, 1], "k_proj": [1, 1], "v_proj": [1, 1], "o_proj": [1, 1], "lm_head": [1, 3]}}, {"step": 1065, "ranks": {"input_proj": [2, 2], "q_proj": [1, 1], "k_proj": [1, 1], "v_proj": [1, 1], "o_proj": [1, 1], "lm_head": [2, 4]}}, {"step": 1200, "ranks": {"input_proj": [1, 1], "q_proj": [1, 1], "k_proj": [1, 1], "v_proj": [1, 1], "o_proj": [1, 1], "lm_head": [1, 5]}}, {"step": 1237, "ranks": {"input_proj": [2, 1], "q_proj": [1, 1], "k_proj": [1, 1], "v_proj": [1, 1], "o_proj": [1, 1], "lm_head": [1, 5]}}, {"step": 1278, "ranks": {"input_proj": [2, 1], "q_proj": [1, 1], "k_proj": [1, 1], "v_proj": [1, 1], "o_proj": [1, 1], "lm_head": [2, 5]}}, {"step": 1400, "ranks": {"input_proj": [1, 1], "q_proj": [1, 1], "k_proj": [1, 1], "v_proj": [1, 1], "o_proj": [1, 1], "lm_head": [1, 6]}}, {"step": 1600, "ranks": {"input_proj": [1, 2], "q_proj": [1, 1], "k_proj": [1, 1], "v_proj": [1, 1], "o_proj": [1, 1], "lm_head": [1, 6]}}, {"step": 1699, "ranks": {"input_proj": [1, 2], "q_proj": [1, 1], "k_proj": [1, 1], "v_proj": [1, 1], "o_proj": [1, 1], "lm_head": [1, 6]}}, {"step": 1729, "ranks": {"input_proj": [1, 2], "q_proj": [1, 1], "k_proj": [1, 1], "v_proj": [1, 1], "o_proj": [1, 1], "lm_head": [2, 7]}}, {"step": 1800, "ranks": {"input_proj": [1, 2], "q_proj": [1, 1], "k_proj": [1, 1], "v_proj": [1, 1], "o_proj": [1, 1], "lm_head": [1, 6]}}, {"step": 2000, "ranks": {"input_proj": [1, 2], "q_proj": [1, 1], "k_proj": [1, 1], "v_proj": [1, 1], "o_proj": [1, 1], "lm_head": [1, 7]}}, {"step": 2200, "ranks": {"input_proj": [1, 3], "q_proj": [1, 1], "k_proj": [1, 1], "v_proj": [1, 1], "o_proj": [1, 1], "lm_head": [1, 7]}}, {"step": 2400, "ranks": {"input_proj": [1, 3], "q_proj": [1, 1], "k_proj": [1, 1], "v_proj": [1, 1], "o_proj": [1, 1], "lm_head": [1, 7]}}, {"step": 2600, "ranks": {"input_proj": [1, 3], "q_proj": [1, 1], "k_proj": [1, 1], "v_proj": [1, 1], "o_proj": [1, 1], "lm_head": [1, 7]}}, {"step": 2796, "ranks": {"input_proj": [1, 3], "q_proj": [1, 1], "k_proj": [1, 1], "v_proj": [1, 1], "o_proj": [1, 1], "lm_head": [1, 7]}}, {"step": 2800, "ranks": {"input_proj": [1, 3], "q_proj": [1, 1], "k_proj": [1, 1], "v_proj": [1, 1], "o_proj": [1, 1], "lm_head": [1, 7]}}, {"step": 2846, "ranks": {"input_proj": [1, 3], "q_proj": [1, 1], "k_proj": [1, 1], "v_proj": [1, 1], "o_proj": [1, 1], "lm_head": [1, 7]}}, {"step": 3000, "ranks": {"input_proj": [1, 3], "q_proj": [1, 1], "k_proj": [1, 1], "v_proj": [1, 1], "o_proj": [1, 1], "lm_head": [1, 7]}}, {"step": 3200, "ranks": {"input_proj": [1, 3], "q_proj": [1, 1], "k_proj": [1, 1], "v_proj": [1, 1], "o_proj": [1, 1], "lm_head": [1, 6]}}, {"step": 3400, "ranks": {"input_proj": [1, 3], "q_proj": [1, 1], "k_proj": [1, 1], "v_proj": [1, 1], "o_proj": [1, 1], "lm_head": [1, 6]}}, {"step": 3600, "ranks": {"input_proj": [1, 3], "q_proj": [1, 1], "k_proj": [1, 1], "v_proj": [1, 1], "o_proj": [1, 1], "lm_head": [1, 6]}}, {"step": 3800, "ranks": {"input_proj": [1, 3], "q_proj": [1, 1], "k_proj": [1, 1], "v_proj": [1, 1], "o_proj": [1, 1], "lm_head": [1, 5]}}, {"step": 4000, "ranks": {"input_proj": [1, 4], "q_proj": [1, 1], "k_proj": [1, 1], "v_proj": [1, 1], "o_proj": [1, 1], "lm_head": [1, 5]}}, {"step": 4200, "ranks": {"input_proj": [1, 4], "q_proj": [1, 1], "k_proj": [1, 1], "v_proj": [1, 1], "o_proj": [1, 1], "lm_head": [1, 5]}}, {"step": 4400, "ranks": {"input_proj": [1, 4], "q_proj": [1, 1], "k_proj": [1, 1], "v_proj": [1, 1], "o_proj": [1, 1], "lm_head": [1, 4]}}, {"step": 4600, "ranks": {"input_proj": [1, 4], "q_proj": [1, 1], "k_proj": [1, 1], "v_proj": [1, 1], "o_proj": [1, 1], "lm_head": [1, 4]}}, {"step": 4800, "ranks": {"input_proj": [1, 3], "q_proj": [1, 1], "k_proj": [1, 1], "v_proj": [1, 1], "o_proj": [1, 1], "lm_head": [1, 4]}}, {"step": 4931, "ranks": {"input_proj": [1, 4], "q_proj": [1, 1], "k_proj": [1, 1], "v_proj": [1, 1], "o_proj": [1, 1], "lm_head": [1, 4]}}, {"step": 4961, "ranks": {"input_proj": [1, 3], "q_proj": [1, 1], "k_proj": [1, 1], "v_proj": [1, 1], "o_proj": [1, 1], "lm_head": [2, 4]}}, {"step": 5000, "ranks": {"input_proj": [1, 3], "q_proj": [1, 1], "k_proj": [1, 1], "v_proj": [1, 1], "o_proj": [1, 1], "lm_head": [1, 4]}}, {"step": 5165, "ranks": {"input_proj": [1, 3], "q_proj": [1, 1], "k_proj": [1, 1], "v_proj": [1, 1], "o_proj": [1, 1], "lm_head": [2, 4]}}, {"step": 5198, "ranks": {"input_proj": [1, 3], "q_proj": [1, 1], "k_proj": [1, 1], "v_proj": [1, 1], "o_proj": [1, 1], "lm_head": [1, 3]}}, {"step": 5200, "ranks": {"input_proj": [1, 3], "q_proj": [1, 1], "k_proj": [1, 1], "v_proj": [1, 1], "o_proj": [1, 1], "lm_head": [1, 3]}}, {"step": 5346, "ranks": {"input_proj": [1, 3], "q_proj": [1, 1], "k_proj": [1, 1], "v_proj": [1, 1], "o_proj": [1, 1], "lm_head": [1, 3]}}, {"step": 5378, "ranks": {"input_proj": [1, 3], "q_proj": [1, 1], "k_proj": [1, 1], "v_proj": [1, 1], "o_proj": [1, 1], "lm_head": [2, 3]}}, {"step": 5400, "ranks": {"input_proj": [1, 3], "q_proj": [1, 1], "k_proj": [1, 1], "v_proj": [1, 1], "o_proj": [1, 1], "lm_head": [1, 3]}}, {"step": 5600, "ranks": {"input_proj": [1, 3], "q_proj": [1, 1], "k_proj": [1, 1], "v_proj": [1, 1], "o_proj": [1, 1], "lm_head": [1, 3]}}, {"step": 5610, "ranks": {"input_proj": [1, 3], "q_proj": [1, 1], "k_proj": [1, 1], "v_proj": [1, 1], "o_proj": [1, 1], "lm_head": [2, 3]}}, {"step": 5662, "ranks": {"input_proj": [1, 3], "q_proj": [1, 1], "k_proj": [1, 1], "v_proj": [1, 1], "o_proj": [1, 1], "lm_head": [2, 3]}}, {"step": 5800, "ranks": {"input_proj": [1, 3], "q_proj": [1, 1], "k_proj": [1, 1], "v_proj": [1, 1], "o_proj": [1, 1], "lm_head": [1, 3]}}, {"step": 6000, "ranks": {"input_proj": [1, 3], "q_proj": [1, 1], "k_proj": [1, 1], "v_proj": [1, 1], "o_proj": [1, 1], "lm_head": [1, 3]}}, {"step": 6200, "ranks": {"input_proj": [1, 3], "q_proj": [1, 1], "k_proj": [1, 1], "v_proj": [1, 1], "o_proj": [1, 1], "lm_head": [1, 3]}}, {"step": 6400, "ranks": {"input_proj": [1, 3], "q_proj": [1, 1], "k_proj": [1, 1], "v_proj": [1, 1], "o_proj": [1, 1], "lm_head": [1, 3]}}, {"step": 6566, "ranks": {"input_proj": [1, 3], "q_proj": [1, 1], "k_proj": [1, 1], "v_proj": [1, 1], "o_proj": [1, 1], "lm_head": [2, 3]}}, {"step": 6600, "ranks": {"input_proj": [1, 3], "q_proj": [1, 1], "k_proj": [1, 1], "v_proj": [1, 1], "o_proj": [1, 1], "lm_head": [1, 3]}}, {"step": 6606, "ranks": {"input_proj": [1, 3], "q_proj": [1, 1], "k_proj": [1, 1], "v_proj": [1, 1], "o_proj": [1, 1], "lm_head": [2, 3]}}, {"step": 6800, "ranks": {"input_proj": [1, 3], "q_proj": [1, 1], "k_proj": [1, 1], "v_proj": [1, 1], "o_proj": [1, 1], "lm_head": [1, 3]}}, {"step": 7000, "ranks": {"input_proj": [1, 3], "q_proj": [1, 1], "k_proj": [1, 1], "v_proj": [1, 1], "o_proj": [1, 1], "lm_head": [1, 3]}}, {"step": 7200, "ranks": {"input_proj": [1, 3], "q_proj": [1, 1], "k_proj": [1, 1], "v_proj": [1, 1], "o_proj": [1, 1], "lm_head": [1, 3]}}, {"step": 7400, "ranks": {"input_proj": [1, 3], "q_proj": [1, 1], "k_proj": [1, 1], "v_proj": [1, 1], "o_proj": [1, 1], "lm_head": [1, 3]}}, {"step": 7537, "ranks": {"input_proj": [1, 3], "q_proj": [1, 1], "k_proj": [1, 1], "v_proj": [1, 1], "o_proj": [1, 1], "lm_head": [1, 3]}}, {"step": 7569, "ranks": {"input_proj": [1, 3], "q_proj": [1, 1], "k_proj": [1, 1], "v_proj": [1, 1], "o_proj": [1, 1], "lm_head": [2, 3]}}, {"step": 7600, "ranks": {"input_proj": [1, 3], "q_proj": [1, 1], "k_proj": [1, 1], "v_proj": [1, 1], "o_proj": [1, 1], "lm_head": [1, 3]}}, {"step": 7800, "ranks": {"input_proj": [1, 4], "q_proj": [1, 1], "k_proj": [1, 1], "v_proj": [1, 1], "o_proj": [1, 1], "lm_head": [1, 2]}}, {"step": 8000, "ranks": {"input_proj": [1, 4], "q_proj": [1, 1], "k_proj": [1, 1], "v_proj": [1, 1], "o_proj": [1, 1], "lm_head": [1, 2]}}, {"step": 8200, "ranks": {"input_proj": [1, 4], "q_proj": [1, 1], "k_proj": [1, 1], "v_proj": [1, 1], "o_proj": [1, 1], "lm_head": [1, 2]}}, {"step": 8400, "ranks": {"input_proj": [1, 4], "q_proj": [1, 1], "k_proj": [1, 1], "v_proj": [1, 1], "o_proj": [1, 1], "lm_head": [1, 2]}}, {"step": 8600, "ranks": {"input_proj": [1, 4], "q_proj": [1, 1], "k_proj": [1, 1], "v_proj": [1, 1], "o_proj": [1, 1], "lm_head": [1, 2]}}, {"step": 8745, "ranks": {"input_proj": [1, 4], "q_proj": [1, 1], "k_proj": [1, 1], "v_proj": [1, 1], "o_proj": [1, 1], "lm_head": [1, 2]}}, {"step": 8779, "ranks": {"input_proj": [1, 5], "q_proj": [1, 1], "k_proj": [1, 1], "v_proj": [1, 1], "o_proj": [1, 1], "lm_head": [2, 2]}}, {"step": 8800, "ranks": {"input_proj": [1, 5], "q_proj": [1, 1], "k_proj": [1, 1], "v_proj": [1, 1], "o_proj": [1, 1], "lm_head": [1, 2]}}, {"step": 9000, "ranks": {"input_proj": [1, 5], "q_proj": [1, 1], "k_proj": [1, 1], "v_proj": [1, 1], "o_proj": [1, 1], "lm_head": [1, 2]}}, {"step": 9200, "ranks": {"input_proj": [1, 5], "q_proj": [1, 1], "k_proj": [1, 1], "v_proj": [1, 1], "o_proj": [1, 1], "lm_head": [1, 2]}}, {"step": 9400, "ranks": {"input_proj": [1, 5], "q_proj": [1, 1], "k_proj": [1, 1], "v_proj": [1, 1], "o_proj": [1, 1], "lm_head": [1, 2]}}, {"step": 9600, "ranks": {"input_proj": [1, 5], "q_proj": [1, 1], "k_proj": [1, 1], "v_proj": [1, 1], "o_proj": [1, 1], "lm_head": [1, 2]}}, {"step": 9800, "ranks": {"input_proj": [1, 5], "q_proj": [1, 1], "k_proj": [1, 1], "v_proj": [1, 1], "o_proj": [1, 1], "lm_head": [2, 2]}}, {"step": 10000, "ranks": {"input_proj": [1, 5], "q_proj": [1, 1], "k_proj": [1, 1], "v_proj": [1, 1], "o_proj": [1, 1], "lm_head": [2, 2]}}, {"step": 10200, "ranks": {"input_proj": [1, 5], "q_proj": [1, 1], "k_proj": [1, 1], "v_proj": [1, 1], "o_proj": [1, 1], "lm_head": [2, 2]}}, {"step": 10400, "ranks": {"input_proj": [1, 5], "q_proj": [1, 1], "k_proj": [1, 1], "v_proj": [1, 1], "o_proj": [1, 1], "lm_head": [2, 3]}}, {"step": 10600, "ranks": {"input_proj": [1, 5], "q_proj": [1, 1], "k_proj": [1, 1], "v_proj": [1, 1], "o_proj": [1, 1], "lm_head": [2, 5]}}, {"step": 10800, "ranks": {"input_proj": [1, 5], "q_proj": [1, 1], "k_proj": [1, 1], "v_proj": [1, 1], "o_proj": [1, 1], "lm_head": [2, 5]}}, {"step": 11000, "ranks": {"input_proj": [1, 5], "q_proj": [1, 1], "k_proj": [1, 1], "v_proj": [1, 1], "o_proj": [1, 1], "lm_head": [2, 5]}}, {"step": 11129, "ranks": {"input_proj": [1, 5], "q_proj": [1, 1], "k_proj": [1, 1], "v_proj": [1, 1], "o_proj": [1, 1], "lm_head": [1, 4]}}, {"step": 11159, "ranks": {"input_proj": [1, 5], "q_proj": [1, 1], "k_proj": [1, 1], "v_proj": [1, 1], "o_proj": [1, 1], "lm_head": [2, 4]}}, {"step": 11200, "ranks": {"input_proj": [1, 5], "q_proj": [1, 1], "k_proj": [1, 1], "v_proj": [1, 1], "o_proj": [1, 1], "lm_head": [2, 5]}}, {"step": 11400, "ranks": {"input_proj": [1, 5], "q_proj": [1, 1], "k_proj": [1, 1], "v_proj": [1, 1], "o_proj": [1, 1], "lm_head": [2, 5]}}, {"step": 11600, "ranks": {"input_proj": [1, 5], "q_proj": [1, 1], "k_proj": [1, 1], "v_proj": [1, 1], "o_proj": [1, 1], "lm_head": [2, 5]}}, {"step": 11800, "ranks": {"input_proj": [1, 5], "q_proj": [1, 1], "k_proj": [1, 1], "v_proj": [1, 1], "o_proj": [1, 1], "lm_head": [2, 4]}}, {"step": 12000, "ranks": {"input_proj": [1, 5], "q_proj": [1, 1], "k_proj": [1, 1], "v_proj": [1, 1], "o_proj": [1, 1], "lm_head": [2, 4]}}, {"step": 12200, "ranks": {"input_proj": [1, 5], "q_proj": [1, 1], "k_proj": [1, 1], "v_proj": [1, 1], "o_proj": [1, 1], "lm_head": [2, 4]}}, {"step": 12400, "ranks": {"input_proj": [1, 5], "q_proj": [1, 1], "k_proj": [1, 1], "v_proj": [1, 1], "o_proj": [1, 1], "lm_head": [2, 3]}}, {"step": 12600, "ranks": {"input_proj": [1, 6], "q_proj": [1, 1], "k_proj": [1, 1], "v_proj": [1, 1], "o_proj": [1, 1], "lm_head": [2, 3]}}, {"step": 12800, "ranks": {"input_proj": [1, 5], "q_proj": [1, 1], "k_proj": [1, 1], "v_proj": [1, 1], "o_proj": [1, 1], "lm_head": [2, 3]}}, {"step": 13000, "ranks": {"input_proj": [1, 5], "q_proj": [1, 1], "k_proj": [1, 1], "v_proj": [1, 1], "o_proj": [1, 1], "lm_head": [2, 3]}}, {"step": 13200, "ranks": {"input_proj": [1, 5], "q_proj": [1, 1], "k_proj": [1, 1], "v_proj": [1, 1], "o_proj": [1, 1], "lm_head": [2, 3]}}, {"step": 13400, "ranks": {"input_proj": [1, 5], "q_proj": [1, 1], "k_proj": [1, 1], "v_proj": [1, 1], "o_proj": [1, 1], "lm_head": [2, 4]}}, {"step": 13581, "ranks": {"input_proj": [1, 5], "q_proj": [1, 1], "k_proj": [1, 1], "v_proj": [1, 1], "o_proj": [1, 1], "lm_head": [1, 4]}}, {"step": 13600, "ranks": {"input_proj": [1, 5], "q_proj": [1, 1], "k_proj": [1, 1], "v_proj": [1, 1], "o_proj": [1, 1], "lm_head": [1, 3]}}, {"step": 13611, "ranks": {"input_proj": [1, 5], "q_proj": [1, 1], "k_proj": [1, 1], "v_proj": [1, 1], "o_proj": [1, 1], "lm_head": [1, 3]}}, {"step": 13759, "ranks": {"input_proj": [1, 5], "q_proj": [1, 1], "k_proj": [1, 1], "v_proj": [1, 1], "o_proj": [1, 1], "lm_head": [1, 3]}}, {"step": 13789, "ranks": {"input_proj": [1, 5], "q_proj": [1, 1], "k_proj": [1, 1], "v_proj": [1, 1], "o_proj": [1, 1], "lm_head": [1, 3]}}, {"step": 13800, "ranks": {"input_proj": [1, 5], "q_proj": [1, 1], "k_proj": [1, 1], "v_proj": [1, 1], "o_proj": [1, 1], "lm_head": [2, 3]}}, {"step": 14000, "ranks": {"input_proj": [1, 5], "q_proj": [1, 1], "k_proj": [1, 1], "v_proj": [1, 1], "o_proj": [1, 1], "lm_head": [2, 4]}}, {"step": 14122, "ranks": {"input_proj": [1, 5], "q_proj": [1, 1], "k_proj": [1, 1], "v_proj": [1, 1], "o_proj": [1, 1], "lm_head": [2, 5]}}, {"step": 14156, "ranks": {"input_proj": [1, 5], "q_proj": [1, 1], "k_proj": [1, 1], "v_proj": [1, 1], "o_proj": [1, 1], "lm_head": [1, 5]}}, {"step": 14200, "ranks": {"input_proj": [1, 5], "q_proj": [1, 1], "k_proj": [1, 1], "v_proj": [1, 1], "o_proj": [1, 1], "lm_head": [1, 5]}}, {"step": 14260, "ranks": {"input_proj": [1, 5], "q_proj": [1, 1], "k_proj": [1, 1], "v_proj": [1, 1], "o_proj": [1, 1], "lm_head": [2, 4]}}, {"step": 14290, "ranks": {"input_proj": [1, 5], "q_proj": [1, 1], "k_proj": [1, 1], "v_proj": [1, 1], "o_proj": [1, 1], "lm_head": [1, 3]}}, {"step": 14400, "ranks": {"input_proj": [1, 5], "q_proj": [1, 1], "k_proj": [1, 1], "v_proj": [1, 1], "o_proj": [1, 1], "lm_head": [1, 3]}}, {"step": 14418, "ranks": {"input_proj": [1, 5], "q_proj": [1, 1], "k_proj": [1, 1], "v_proj": [1, 1], "o_proj": [1, 1], "lm_head": [2, 4]}}, {"step": 14448, "ranks": {"input_proj": [1, 5], "q_proj": [1, 1], "k_proj": [1, 1], "v_proj": [1, 1], "o_proj": [1, 1], "lm_head": [1, 4]}}, {"step": 14600, "ranks": {"input_proj": [1, 5], "q_proj": [1, 1], "k_proj": [1, 1], "v_proj": [1, 1], "o_proj": [1, 1], "lm_head": [1, 4]}}, {"step": 14800, "ranks": {"input_proj": [1, 5], "q_proj": [1, 1], "k_proj": [1, 1], "v_proj": [1, 1], "o_proj": [1, 1], "lm_head": [1, 4]}}, {"step": 15000, "ranks": {"input_proj": [1, 5], "q_proj": [1, 1], "k_proj": [1, 1], "v_proj": [1, 1], "o_proj": [1, 1], "lm_head": [1, 5]}}, {"step": 15064, "ranks": {"input_proj": [1, 5], "q_proj": [1, 1], "k_proj": [1, 1], "v_proj": [1, 1], "o_proj": [1, 1], "lm_head": [2, 5]}}, {"step": 15094, "ranks": {"input_proj": [1, 5], "q_proj": [1, 1], "k_proj": [1, 1], "v_proj": [1, 1], "o_proj": [1, 1], "lm_head": [1, 4]}}, {"step": 15113, "ranks": {"input_proj": [1, 5], "q_proj": [1, 1], "k_proj": [1, 1], "v_proj": [1, 1], "o_proj": [1, 1], "lm_head": [2, 4]}}, {"step": 15154, "ranks": {"input_proj": [1, 5], "q_proj": [1, 1], "k_proj": [1, 1], "v_proj": [1, 1], "o_proj": [1, 1], "lm_head": [1, 4]}}, {"step": 15200, "ranks": {"input_proj": [1, 5], "q_proj": [1, 1], "k_proj": [1, 1], "v_proj": [1, 1], "o_proj": [1, 1], "lm_head": [1, 4]}}, {"step": 15384, "ranks": {"input_proj": [1, 5], "q_proj": [1, 1], "k_proj": [1, 1], "v_proj": [1, 1], "o_proj": [1, 1], "lm_head": [1, 4]}}, {"step": 15400, "ranks": {"input_proj": [1, 5], "q_proj": [1, 1], "k_proj": [1, 1], "v_proj": [1, 1], "o_proj": [1, 1], "lm_head": [1, 4]}}, {"step": 15414, "ranks": {"input_proj": [1, 5], "q_proj": [1, 1], "k_proj": [1, 1], "v_proj": [1, 1], "o_proj": [1, 1], "lm_head": [2, 4]}}, {"step": 15535, "ranks": {"input_proj": [1, 5], "q_proj": [1, 1], "k_proj": [1, 1], "v_proj": [1, 1], "o_proj": [1, 1], "lm_head": [1, 4]}}, {"step": 15565, "ranks": {"input_proj": [1, 5], "q_proj": [1, 1], "k_proj": [1, 1], "v_proj": [1, 1], "o_proj": [1, 1], "lm_head": [2, 4]}}, {"step": 15600, "ranks": {"input_proj": [1, 5], "q_proj": [1, 1], "k_proj": [1, 1], "v_proj": [1, 1], "o_proj": [1, 1], "lm_head": [1, 4]}}, {"step": 15772, "ranks": {"input_proj": [1, 5], "q_proj": [1, 1], "k_proj": [1, 1], "v_proj": [1, 1], "o_proj": [1, 1], "lm_head": [2, 4]}}, {"step": 15800, "ranks": {"input_proj": [1, 5], "q_proj": [1, 1], "k_proj": [1, 1], "v_proj": [1, 1], "o_proj": [1, 1], "lm_head": [1, 4]}}, {"step": 15806, "ranks": {"input_proj": [1, 5], "q_proj": [1, 1], "k_proj": [1, 1], "v_proj": [1, 1], "o_proj": [1, 1], "lm_head": [1, 4]}}, {"step": 16000, "ranks": {"input_proj": [1, 5], "q_proj": [1, 1], "k_proj": [1, 1], "v_proj": [1, 1], "o_proj": [1, 1], "lm_head": [1, 4]}}, {"step": 16165, "ranks": {"input_proj": [1, 5], "q_proj": [1, 1], "k_proj": [1, 1], "v_proj": [1, 1], "o_proj": [1, 1], "lm_head": [2, 4]}}, {"step": 16200, "ranks": {"input_proj": [1, 5], "q_proj": [1, 1], "k_proj": [1, 1], "v_proj": [1, 1], "o_proj": [1, 1], "lm_head": [1, 4]}}, {"step": 16202, "ranks": {"input_proj": [1, 5], "q_proj": [1, 1], "k_proj": [1, 1], "v_proj": [1, 1], "o_proj": [1, 1], "lm_head": [1, 4]}}, {"step": 16296, "ranks": {"input_proj": [1, 5], "q_proj": [1, 1], "k_proj": [1, 1], "v_proj": [1, 1], "o_proj": [1, 1], "lm_head": [1, 4]}}, {"step": 16326, "ranks": {"input_proj": [1, 5], "q_proj": [1, 1], "k_proj": [1, 1], "v_proj": [1, 1], "o_proj": [1, 1], "lm_head": [1, 4]}}, {"step": 16400, "ranks": {"input_proj": [1, 5], "q_proj": [1, 1], "k_proj": [1, 1], "v_proj": [1, 1], "o_proj": [1, 1], "lm_head": [2, 4]}}, {"step": 16494, "ranks": {"input_proj": [1, 5], "q_proj": [1, 1], "k_proj": [1, 1], "v_proj": [1, 1], "o_proj": [1, 1], "lm_head": [2, 4]}}, {"step": 16524, "ranks": {"input_proj": [1, 5], "q_proj": [1, 1], "k_proj": [1, 1], "v_proj": [1, 1], "o_proj": [1, 1], "lm_head": [1, 4]}}, {"step": 16600, "ranks": {"input_proj": [1, 5], "q_proj": [1, 1], "k_proj": [1, 1], "v_proj": [1, 1], "o_proj": [1, 1], "lm_head": [2, 4]}}, {"step": 16713, "ranks": {"input_proj": [1, 5], "q_proj": [1, 1], "k_proj": [1, 1], "v_proj": [1, 1], "o_proj": [1, 1], "lm_head": [2, 4]}}, {"step": 16743, "ranks": {"input_proj": [1, 5], "q_proj": [1, 1], "k_proj": [1, 1], "v_proj": [1, 1], "o_proj": [1, 1], "lm_head": [1, 4]}}, {"step": 16800, "ranks": {"input_proj": [1, 5], "q_proj": [1, 1], "k_proj": [1, 1], "v_proj": [1, 1], "o_proj": [1, 1], "lm_head": [2, 4]}}, {"step": 17000, "ranks": {"input_proj": [1, 5], "q_proj": [1, 1], "k_proj": [1, 1], "v_proj": [1, 1], "o_proj": [1, 1], "lm_head": [1, 4]}}, {"step": 17000, "ranks": {"input_proj": [1, 5], "q_proj": [1, 1], "k_proj": [1, 1], "v_proj": [1, 1], "o_proj": [1, 1], "lm_head": [1, 4]}}, {"step": 17030, "ranks": {"input_proj": [1, 5], "q_proj": [1, 1], "k_proj": [1, 1], "v_proj": [1, 1], "o_proj": [1, 1], "lm_head": [1, 4]}}, {"step": 17064, "ranks": {"input_proj": [1, 5], "q_proj": [1, 1], "k_proj": [1, 1], "v_proj": [1, 1], "o_proj": [1, 1], "lm_head": [2, 4]}}, {"step": 17094, "ranks": {"input_proj": [1, 5], "q_proj": [1, 1], "k_proj": [1, 1], "v_proj": [1, 1], "o_proj": [1, 1], "lm_head": [1, 4]}}, {"step": 17182, "ranks": {"input_proj": [1, 5], "q_proj": [1, 1], "k_proj": [1, 1], "v_proj": [1, 1], "o_proj": [1, 1], "lm_head": [1, 4]}}, {"step": 17200, "ranks": {"input_proj": [1, 5], "q_proj": [1, 1], "k_proj": [1, 1], "v_proj": [1, 1], "o_proj": [1, 1], "lm_head": [2, 4]}}, {"step": 17214, "ranks": {"input_proj": [1, 5], "q_proj": [1, 1], "k_proj": [1, 1], "v_proj": [1, 1], "o_proj": [1, 1], "lm_head": [2, 4]}}, {"step": 17243, "ranks": {"input_proj": [1, 5], "q_proj": [1, 1], "k_proj": [1, 1], "v_proj": [1, 1], "o_proj": [1, 1], "lm_head": [1, 4]}}, {"step": 17277, "ranks": {"input_proj": [1, 5], "q_proj": [1, 1], "k_proj": [1, 1], "v_proj": [1, 1], "o_proj": [1, 1], "lm_head": [1, 4]}}, {"step": 17400, "ranks": {"input_proj": [1, 5], "q_proj": [1, 1], "k_proj": [1, 1], "v_proj": [1, 1], "o_proj": [1, 1], "lm_head": [2, 4]}}, {"step": 17600, "ranks": {"input_proj": [1, 5], "q_proj": [1, 1], "k_proj": [1, 1], "v_proj": [1, 1], "o_proj": [1, 1], "lm_head": [2, 4]}}, {"step": 17721, "ranks": {"input_proj": [1, 5], "q_proj": [1, 1], "k_proj": [1, 1], "v_proj": [1, 1], "o_proj": [1, 1], "lm_head": [2, 4]}}, {"step": 17761, "ranks": {"input_proj": [1, 5], "q_proj": [1, 1], "k_proj": [1, 1], "v_proj": [1, 1], "o_proj": [1, 1], "lm_head": [2, 4]}}, {"step": 17800, "ranks": {"input_proj": [1, 5], "q_proj": [1, 1], "k_proj": [1, 1], "v_proj": [1, 1], "o_proj": [1, 1], "lm_head": [1, 4]}}, {"step": 18000, "ranks": {"input_proj": [1, 5], "q_proj": [1, 1], "k_proj": [1, 1], "v_proj": [1, 1], "o_proj": [1, 1], "lm_head": [1, 4]}}, {"step": 18145, "ranks": {"input_proj": [1, 5], "q_proj": [1, 1], "k_proj": [1, 1], "v_proj": [1, 1], "o_proj": [1, 1], "lm_head": [1, 4]}}, {"step": 18175, "ranks": {"input_proj": [1, 5], "q_proj": [1, 1], "k_proj": [1, 1], "v_proj": [1, 1], "o_proj": [1, 1], "lm_head": [1, 4]}}, {"step": 18200, "ranks": {"input_proj": [1, 5], "q_proj": [1, 1], "k_proj": [1, 1], "v_proj": [1, 1], "o_proj": [1, 1], "lm_head": [2, 4]}}, {"step": 18334, "ranks": {"input_proj": [1, 5], "q_proj": [1, 1], "k_proj": [1, 1], "v_proj": [1, 1], "o_proj": [1, 1], "lm_head": [1, 4]}}, {"step": 18366, "ranks": {"input_proj": [1, 5], "q_proj": [1, 1], "k_proj": [1, 1], "v_proj": [1, 1], "o_proj": [1, 1], "lm_head": [1, 4]}}, {"step": 18400, "ranks": {"input_proj": [1, 5], "q_proj": [1, 1], "k_proj": [1, 1], "v_proj": [1, 1], "o_proj": [1, 1], "lm_head": [2, 3]}}, {"step": 18400, "ranks": {"input_proj": [1, 5], "q_proj": [1, 1], "k_proj": [1, 1], "v_proj": [1, 1], "o_proj": [1, 1], "lm_head": [2, 3]}}, {"step": 18430, "ranks": {"input_proj": [1, 5], "q_proj": [1, 1], "k_proj": [1, 1], "v_proj": [1, 1], "o_proj": [1, 1], "lm_head": [1, 3]}}, {"step": 18553, "ranks": {"input_proj": [1, 5], "q_proj": [1, 1], "k_proj": [1, 1], "v_proj": [1, 1], "o_proj": [1, 1], "lm_head": [1, 3]}}, {"step": 18583, "ranks": {"input_proj": [1, 6], "q_proj": [1, 1], "k_proj": [1, 1], "v_proj": [1, 1], "o_proj": [1, 1], "lm_head": [1, 3]}}, {"step": 18600, "ranks": {"input_proj": [1, 5], "q_proj": [1, 1], "k_proj": [1, 1], "v_proj": [1, 1], "o_proj": [1, 1], "lm_head": [2, 3]}}, {"step": 18765, "ranks": {"input_proj": [1, 5], "q_proj": [1, 1], "k_proj": [1, 1], "v_proj": [1, 1], "o_proj": [1, 1], "lm_head": [1, 3]}}, {"step": 18799, "ranks": {"input_proj": [1, 5], "q_proj": [1, 1], "k_proj": [1, 1], "v_proj": [1, 1], "o_proj": [1, 1], "lm_head": [1, 3]}}, {"step": 18800, "ranks": {"input_proj": [1, 5], "q_proj": [1, 1], "k_proj": [1, 1], "v_proj": [1, 1], "o_proj": [1, 1], "lm_head": [1, 3]}}, {"step": 18964, "ranks": {"input_proj": [1, 5], "q_proj": [1, 1], "k_proj": [1, 1], "v_proj": [1, 1], "o_proj": [1, 1], "lm_head": [1, 3]}}, {"step": 18997, "ranks": {"input_proj": [1, 5], "q_proj": [1, 1], "k_proj": [1, 1], "v_proj": [1, 1], "o_proj": [1, 1], "lm_head": [2, 3]}}, {"step": 19000, "ranks": {"input_proj": [1, 5], "q_proj": [1, 1], "k_proj": [1, 1], "v_proj": [1, 1], "o_proj": [1, 1], "lm_head": [2, 3]}}, {"step": 19200, "ranks": {"input_proj": [1, 5], "q_proj": [1, 1], "k_proj": [1, 1], "v_proj": [1, 1], "o_proj": [1, 1], "lm_head": [2, 3]}}, {"step": 19400, "ranks": {"input_proj": [1, 5], "q_proj": [1, 1], "k_proj": [1, 1], "v_proj": [1, 1], "o_proj": [1, 1], "lm_head": [2, 3]}}, {"step": 19444, "ranks": {"input_proj": [1, 5], "q_proj": [1, 1], "k_proj": [1, 1], "v_proj": [1, 1], "o_proj": [1, 1], "lm_head": [2, 3]}}, {"step": 19475, "ranks": {"input_proj": [1, 5], "q_proj": [1, 1], "k_proj": [1, 1], "v_proj": [1, 1], "o_proj": [1, 1], "lm_head": [2, 3]}}, {"step": 19596, "ranks": {"input_proj": [1, 5], "q_proj": [1, 1], "k_proj": [1, 1], "v_proj": [1, 1], "o_proj": [1, 1], "lm_head": [2, 3]}}, {"step": 19600, "ranks": {"input_proj": [1, 5], "q_proj": [1, 1], "k_proj": [1, 1], "v_proj": [1, 1], "o_proj": [1, 1], "lm_head": [2, 3]}}, {"step": 19630, "ranks": {"input_proj": [1, 5], "q_proj": [1, 1], "k_proj": [1, 1], "v_proj": [1, 1], "o_proj": [1, 1], "lm_head": [2, 3]}}, {"step": 19735, "ranks": {"input_proj": [1, 5], "q_proj": [1, 1], "k_proj": [1, 1], "v_proj": [1, 1], "o_proj": [1, 1], "lm_head": [2, 3]}}, {"step": 19769, "ranks": {"input_proj": [1, 5], "q_proj": [1, 1], "k_proj": [1, 1], "v_proj": [1, 1], "o_proj": [1, 1], "lm_head": [2, 3]}}, {"step": 19800, "ranks": {"input_proj": [1, 5], "q_proj": [1, 1], "k_proj": [1, 1], "v_proj": [1, 1], "o_proj": [1, 1], "lm_head": [2, 3]}}, {"step": 19873, "ranks": {"input_proj": [1, 5], "q_proj": [1, 1], "k_proj": [1, 1], "v_proj": [1, 1], "o_proj": [1, 1], "lm_head": [2, 3]}}, {"step": 19909, "ranks": {"input_proj": [1, 5], "q_proj": [1, 1], "k_proj": [1, 1], "v_proj": [1, 1], "o_proj": [1, 1], "lm_head": [2, 3]}}, {"step": 20000, "ranks": {"input_proj": [1, 5], "q_proj": [1, 1], "k_proj": [1, 1], "v_proj": [1, 1], "o_proj": [1, 1], "lm_head": [2, 3]}}]
STAGE_HISTORY_JSON [{"step": 1035, "event": "level_up", "from": {"vocab": 8, "k": 1, "phase": "vocab"}, "to": {"vocab": 16, "k": 1, "phase": "vocab"}}, {"step": 1065, "event": "level_down", "from": {"vocab": 16, "k": 1, "phase": "vocab"}, "to": {"vocab": 8, "k": 1, "phase": "vocab"}}, {"step": 1237, "event": "level_up", "from": {"vocab": 8, "k": 1, "phase": "vocab"}, "to": {"vocab": 16, "k": 1, "phase": "vocab"}}, {"step": 1278, "event": "level_down", "from": {"vocab": 16, "k": 1, "phase": "vocab"}, "to": {"vocab": 8, "k": 1, "phase": "vocab"}}, {"step": 1699, "event": "level_up", "from": {"vocab": 8, "k": 1, "phase": "vocab"}, "to": {"vocab": 16, "k": 1, "phase": "vocab"}}, {"step": 1729, "event": "level_down", "from": {"vocab": 16, "k": 1, "phase": "vocab"}, "to": {"vocab": 8, "k": 1, "phase": "vocab"}}, {"step": 2796, "event": "level_up", "from": {"vocab": 8, "k": 1, "phase": "vocab"}, "to": {"vocab": 16, "k": 1, "phase": "vocab"}}, {"step": 2846, "event": "level_down", "from": {"vocab": 16, "k": 1, "phase": "vocab"}, "to": {"vocab": 8, "k": 1, "phase": "vocab"}}, {"step": 4931, "event": "level_up", "from": {"vocab": 8, "k": 1, "phase": "vocab"}, "to": {"vocab": 16, "k": 1, "phase": "vocab"}}, {"step": 4961, "event": "level_down", "from": {"vocab": 16, "k": 1, "phase": "vocab"}, "to": {"vocab": 8, "k": 1, "phase": "vocab"}}, {"step": 5165, "event": "level_up", "from": {"vocab": 8, "k": 1, "phase": "vocab"}, "to": {"vocab": 16, "k": 1, "phase": "vocab"}}, {"step": 5198, "event": "level_down", "from": {"vocab": 16, "k": 1, "phase": "vocab"}, "to": {"vocab": 8, "k": 1, "phase": "vocab"}}, {"step": 5346, "event": "level_up", "from": {"vocab": 8, "k": 1, "phase": "vocab"}, "to": {"vocab": 16, "k": 1, "phase": "vocab"}}, {"step": 5378, "event": "level_down", "from": {"vocab": 16, "k": 1, "phase": "vocab"}, "to": {"vocab": 8, "k": 1, "phase": "vocab"}}, {"step": 5610, "event": "level_up", "from": {"vocab": 8, "k": 1, "phase": "vocab"}, "to": {"vocab": 16, "k": 1, "phase": "vocab"}}, {"step": 5662, "event": "level_down", "from": {"vocab": 16, "k": 1, "phase": "vocab"}, "to": {"vocab": 8, "k": 1, "phase": "vocab"}}, {"step": 6566, "event": "level_up", "from": {"vocab": 8, "k": 1, "phase": "vocab"}, "to": {"vocab": 16, "k": 1, "phase": "vocab"}}, {"step": 6606, "event": "level_down", "from": {"vocab": 16, "k": 1, "phase": "vocab"}, "to": {"vocab": 8, "k": 1, "phase": "vocab"}}, {"step": 7537, "event": "level_up", "from": {"vocab": 8, "k": 1, "phase": "vocab"}, "to": {"vocab": 16, "k": 1, "phase": "vocab"}}, {"step": 7569, "event": "level_down", "from": {"vocab": 16, "k": 1, "phase": "vocab"}, "to": {"vocab": 8, "k": 1, "phase": "vocab"}}, {"step": 8745, "event": "level_up", "from": {"vocab": 8, "k": 1, "phase": "vocab"}, "to": {"vocab": 16, "k": 1, "phase": "vocab"}}, {"step": 8779, "event": "level_down", "from": {"vocab": 16, "k": 1, "phase": "vocab"}, "to": {"vocab": 8, "k": 1, "phase": "vocab"}}, {"step": 11129, "event": "level_up", "from": {"vocab": 8, "k": 1, "phase": "vocab"}, "to": {"vocab": 16, "k": 1, "phase": "vocab"}}, {"step": 11159, "event": "level_down", "from": {"vocab": 16, "k": 1, "phase": "vocab"}, "to": {"vocab": 8, "k": 1, "phase": "vocab"}}, {"step": 13581, "event": "level_up", "from": {"vocab": 8, "k": 1, "phase": "vocab"}, "to": {"vocab": 16, "k": 1, "phase": "vocab"}}, {"step": 13611, "event": "level_down", "from": {"vocab": 16, "k": 1, "phase": "vocab"}, "to": {"vocab": 8, "k": 1, "phase": "vocab"}}, {"step": 13759, "event": "level_up", "from": {"vocab": 8, "k": 1, "phase": "vocab"}, "to": {"vocab": 16, "k": 1, "phase": "vocab"}}, {"step": 13789, "event": "level_down", "from": {"vocab": 16, "k": 1, "phase": "vocab"}, "to": {"vocab": 8, "k": 1, "phase": "vocab"}}, {"step": 14122, "event": "level_up", "from": {"vocab": 8, "k": 1, "phase": "vocab"}, "to": {"vocab": 16, "k": 1, "phase": "vocab"}}, {"step": 14156, "event": "level_down", "from": {"vocab": 16, "k": 1, "phase": "vocab"}, "to": {"vocab": 8, "k": 1, "phase": "vocab"}}, {"step": 14260, "event": "level_up", "from": {"vocab": 8, "k": 1, "phase": "vocab"}, "to": {"vocab": 16, "k": 1, "phase": "vocab"}}, {"step": 14290, "event": "level_down", "from": {"vocab": 16, "k": 1, "phase": "vocab"}, "to": {"vocab": 8, "k": 1, "phase": "vocab"}}, {"step": 14418, "event": "level_up", "from": {"vocab": 8, "k": 1, "phase": "vocab"}, "to": {"vocab": 16, "k": 1, "phase": "vocab"}}, {"step": 14448, "event": "level_down", "from": {"vocab": 16, "k": 1, "phase": "vocab"}, "to": {"vocab": 8, "k": 1, "phase": "vocab"}}, {"step": 15064, "event": "level_up", "from": {"vocab": 8, "k": 1, "phase": "vocab"}, "to": {"vocab": 16, "k": 1, "phase": "vocab"}}, {"step": 15094, "event": "level_down", "from": {"vocab": 16, "k": 1, "phase": "vocab"}, "to": {"vocab": 8, "k": 1, "phase": "vocab"}}, {"step": 15113, "event": "level_up", "from": {"vocab": 8, "k": 1, "phase": "vocab"}, "to": {"vocab": 16, "k": 1, "phase": "vocab"}}, {"step": 15154, "event": "level_down", "from": {"vocab": 16, "k": 1, "phase": "vocab"}, "to": {"vocab": 8, "k": 1, "phase": "vocab"}}, {"step": 15384, "event": "level_up", "from": {"vocab": 8, "k": 1, "phase": "vocab"}, "to": {"vocab": 16, "k": 1, "phase": "vocab"}}, {"step": 15414, "event": "level_down", "from": {"vocab": 16, "k": 1, "phase": "vocab"}, "to": {"vocab": 8, "k": 1, "phase": "vocab"}}, {"step": 15535, "event": "level_up", "from": {"vocab": 8, "k": 1, "phase": "vocab"}, "to": {"vocab": 16, "k": 1, "phase": "vocab"}}, {"step": 15565, "event": "level_down", "from": {"vocab": 16, "k": 1, "phase": "vocab"}, "to": {"vocab": 8, "k": 1, "phase": "vocab"}}, {"step": 15772, "event": "level_up", "from": {"vocab": 8, "k": 1, "phase": "vocab"}, "to": {"vocab": 16, "k": 1, "phase": "vocab"}}, {"step": 15806, "event": "level_down", "from": {"vocab": 16, "k": 1, "phase": "vocab"}, "to": {"vocab": 8, "k": 1, "phase": "vocab"}}, {"step": 16165, "event": "level_up", "from": {"vocab": 8, "k": 1, "phase": "vocab"}, "to": {"vocab": 16, "k": 1, "phase": "vocab"}}, {"step": 16202, "event": "level_down", "from": {"vocab": 16, "k": 1, "phase": "vocab"}, "to": {"vocab": 8, "k": 1, "phase": "vocab"}}, {"step": 16296, "event": "level_up", "from": {"vocab": 8, "k": 1, "phase": "vocab"}, "to": {"vocab": 16, "k": 1, "phase": "vocab"}}, {"step": 16326, "event": "level_down", "from": {"vocab": 16, "k": 1, "phase": "vocab"}, "to": {"vocab": 8, "k": 1, "phase": "vocab"}}, {"step": 16494, "event": "level_up", "from": {"vocab": 8, "k": 1, "phase": "vocab"}, "to": {"vocab": 16, "k": 1, "phase": "vocab"}}, {"step": 16524, "event": "level_down", "from": {"vocab": 16, "k": 1, "phase": "vocab"}, "to": {"vocab": 8, "k": 1, "phase": "vocab"}}, {"step": 16713, "event": "level_up", "from": {"vocab": 8, "k": 1, "phase": "vocab"}, "to": {"vocab": 16, "k": 1, "phase": "vocab"}}, {"step": 16743, "event": "level_down", "from": {"vocab": 16, "k": 1, "phase": "vocab"}, "to": {"vocab": 8, "k": 1, "phase": "vocab"}}, {"step": 17000, "event": "level_up", "from": {"vocab": 8, "k": 1, "phase": "vocab"}, "to": {"vocab": 16, "k": 1, "phase": "vocab"}}, {"step": 17030, "event": "level_down", "from": {"vocab": 16, "k": 1, "phase": "vocab"}, "to": {"vocab": 8, "k": 1, "phase": "vocab"}}, {"step": 17064, "event": "level_up", "from": {"vocab": 8, "k": 1, "phase": "vocab"}, "to": {"vocab": 16, "k": 1, "phase": "vocab"}}, {"step": 17094, "event": "level_down", "from": {"vocab": 16, "k": 1, "phase": "vocab"}, "to": {"vocab": 8, "k": 1, "phase": "vocab"}}, {"step": 17182, "event": "level_up", "from": {"vocab": 8, "k": 1, "phase": "vocab"}, "to": {"vocab": 16, "k": 1, "phase": "vocab"}}, {"step": 17214, "event": "level_down", "from": {"vocab": 16, "k": 1, "phase": "vocab"}, "to": {"vocab": 8, "k": 1, "phase": "vocab"}}, {"step": 17243, "event": "level_up", "from": {"vocab": 8, "k": 1, "phase": "vocab"}, "to": {"vocab": 16, "k": 1, "phase": "vocab"}}, {"step": 17277, "event": "level_down", "from": {"vocab": 16, "k": 1, "phase": "vocab"}, "to": {"vocab": 8, "k": 1, "phase": "vocab"}}, {"step": 17721, "event": "level_up", "from": {"vocab": 8, "k": 1, "phase": "vocab"}, "to": {"vocab": 16, "k": 1, "phase": "vocab"}}, {"step": 17761, "event": "level_down", "from": {"vocab": 16, "k": 1, "phase": "vocab"}, "to": {"vocab": 8, "k": 1, "phase": "vocab"}}, {"step": 18145, "event": "level_up", "from": {"vocab": 8, "k": 1, "phase": "vocab"}, "to": {"vocab": 16, "k": 1, "phase": "vocab"}}, {"step": 18175, "event": "level_down", "from": {"vocab": 16, "k": 1, "phase": "vocab"}, "to": {"vocab": 8, "k": 1, "phase": "vocab"}}, {"step": 18334, "event": "level_up", "from": {"vocab": 8, "k": 1, "phase": "vocab"}, "to": {"vocab": 16, "k": 1, "phase": "vocab"}}, {"step": 18366, "event": "level_down", "from": {"vocab": 16, "k": 1, "phase": "vocab"}, "to": {"vocab": 8, "k": 1, "phase": "vocab"}}, {"step": 18400, "event": "level_up", "from": {"vocab": 8, "k": 1, "phase": "vocab"}, "to": {"vocab": 16, "k": 1, "phase": "vocab"}}, {"step": 18430, "event": "level_down", "from": {"vocab": 16, "k": 1, "phase": "vocab"}, "to": {"vocab": 8, "k": 1, "phase": "vocab"}}, {"step": 18553, "event": "level_up", "from": {"vocab": 8, "k": 1, "phase": "vocab"}, "to": {"vocab": 16, "k": 1, "phase": "vocab"}}, {"step": 18583, "event": "level_down", "from": {"vocab": 16, "k": 1, "phase": "vocab"}, "to": {"vocab": 8, "k": 1, "phase": "vocab"}}, {"step": 18765, "event": "level_up", "from": {"vocab": 8, "k": 1, "phase": "vocab"}, "to": {"vocab": 16, "k": 1, "phase": "vocab"}}, {"step": 18799, "event": "level_down", "from": {"vocab": 16, "k": 1, "phase": "vocab"}, "to": {"vocab": 8, "k": 1, "phase": "vocab"}}, {"step": 18964, "event": "level_up", "from": {"vocab": 8, "k": 1, "phase": "vocab"}, "to": {"vocab": 16, "k": 1, "phase": "vocab"}}, {"step": 18997, "event": "level_down", "from": {"vocab": 16, "k": 1, "phase": "vocab"}, "to": {"vocab": 8, "k": 1, "phase": "vocab"}}, {"step": 19444, "event": "level_up", "from": {"vocab": 8, "k": 1, "phase": "vocab"}, "to": {"vocab": 16, "k": 1, "phase": "vocab"}}, {"step": 19475, "event": "level_down", "from": {"vocab": 16, "k": 1, "phase": "vocab"}, "to": {"vocab": 8, "k": 1, "phase": "vocab"}}, {"step": 19596, "event": "level_up", "from": {"vocab": 8, "k": 1, "phase": "vocab"}, "to": {"vocab": 16, "k": 1, "phase": "vocab"}}, {"step": 19630, "event": "level_down", "from": {"vocab": 16, "k": 1, "phase": "vocab"}, "to": {"vocab": 8, "k": 1, "phase": "vocab"}}, {"step": 19735, "event": "level_up", "from": {"vocab": 8, "k": 1, "phase": "vocab"}, "to": {"vocab": 16, "k": 1, "phase": "vocab"}}, {"step": 19769, "event": "level_down", "from": {"vocab": 16, "k": 1, "phase": "vocab"}, "to": {"vocab": 8, "k": 1, "phase": "vocab"}}, {"step": 19873, "event": "level_up", "from": {"vocab": 8, "k": 1, "phase": "vocab"}, "to": {"vocab": 16, "k": 1, "phase": "vocab"}}, {"step": 19909, "event": "level_down", "from": {"vocab": 16, "k": 1, "phase": "vocab"}, "to": {"vocab": 8, "k": 1, "phase": "vocab"}}]
