# MQAR curriculum precision=fp4 max_steps=20000 seed=2001 peak_lr=0.015 num_tiles=16 k_max=10 additive_rank=1 dynamic_rank_control=True rank_grace_period_steps=50 use_critic=False recurrent_only_output=False embed_width=16 input_sparsity_p=None wide_max_weights=None dy_sparsity_p=None use_tile_cache=False output_dy_sparsity_p=0.5 streak_threshold=10 wrong_streak_threshold=10
  step=    200  phase=vocab  vocab=   8  k=  1  loss_ema=2.5990  acc_ema=0.1850  steps/sec=9.3  max_streak= 3/10  ranks[in=2/2 q=2/2 k=2/2 v=2/2 o=2/2 lm=1/2]
  step=    400  phase=vocab  vocab=   8  k=  1  loss_ema=1.4382  acc_ema=0.3321  steps/sec=8.3  max_streak= 3/10  ranks[in=1/2 q=2/2 k=2/6 v=4/4 o=4/6 lm=1/3]
  step=    600  phase=vocab  vocab=   8  k=  1  loss_ema=1.3395  acc_ema=0.4680  steps/sec=7.7  max_streak= 5/10  ranks[in=4/2 q=2/3 k=2/6 v=6/5 o=4/7 lm=1/3]
  step=    800  phase=vocab  vocab=   8  k=  1  loss_ema=1.1856  acc_ema=0.6067  steps/sec=7.4  max_streak= 9/10  ranks[in=4/2 q=2/3 k=2/6 v=6/4 o=4/7 lm=1/2]
  step=   1000  phase=vocab  vocab=   8  k=  1  loss_ema=2.5161  acc_ema=0.4120  steps/sec=7.3  max_streak= 7/10  ranks[in=4/2 q=2/3 k=2/6 v=6/4 o=4/7 lm=1/4]
  step=   1200  phase=vocab  vocab=   8  k=  1  loss_ema=1.8513  acc_ema=0.3279  steps/sec=7.2  max_streak= 4/10  ranks[in=4/2 q=2/3 k=2/6 v=6/4 o=4/8 lm=1/4]
  step=   1400  phase=vocab  vocab=   8  k=  1  loss_ema=1.6370  acc_ema=0.2563  steps/sec=7.1  max_streak= 4/10  ranks[in=4/2 q=2/3 k=2/6 v=6/4 o=4/8 lm=1/3]
  step=   1600  phase=vocab  vocab=   8  k=  1  loss_ema=1.7035  acc_ema=0.3765  steps/sec=7.1  max_streak= 4/10  ranks[in=4/2 q=2/3 k=2/6 v=6/4 o=4/8 lm=2/3]
  step=   1800  phase=vocab  vocab=   8  k=  1  loss_ema=1.7328  acc_ema=0.3205  steps/sec=7.1  max_streak= 3/10  ranks[in=4/2 q=2/3 k=2/6 v=6/4 o=4/9 lm=2/3]
  step=   2000  phase=vocab  vocab=   8  k=  1  loss_ema=1.3744  acc_ema=0.4281  steps/sec=7.0  max_streak= 4/10  ranks[in=4/2 q=2/3 k=2/6 v=6/4 o=4/9 lm=2/3]
  step=   2200  phase=vocab  vocab=   8  k=  1  loss_ema=1.5557  acc_ema=0.3472  steps/sec=7.0  max_streak= 3/10  ranks[in=4/2 q=2/3 k=2/6 v=6/4 o=4/9 lm=2/3]
  step=   2400  phase=vocab  vocab=   8  k=  1  loss_ema=1.6709  acc_ema=0.3259  steps/sec=7.0  max_streak= 4/10  ranks[in=4/2 q=2/3 k=2/6 v=6/4 o=4/9 lm=2/2]
  step=   2600  phase=vocab  vocab=   8  k=  1  loss_ema=1.7812  acc_ema=0.4084  steps/sec=6.9  max_streak= 5/10  ranks[in=4/2 q=2/3 k=2/5 v=6/4 o=4/8 lm=2/4]
  step=   2800  phase=vocab  vocab=   8  k=  1  loss_ema=1.7553  acc_ema=0.3724  steps/sec=6.9  max_streak= 3/10  ranks[in=4/2 q=2/3 k=2/5 v=6/4 o=4/9 lm=2/4]
  step=   3000  phase=vocab  vocab=   8  k=  1  loss_ema=1.8918  acc_ema=0.3518  steps/sec=6.9  max_streak= 3/10  ranks[in=4/2 q=2/3 k=2/5 v=6/4 o=4/8 lm=2/3]
  step=   3200  phase=vocab  vocab=   8  k=  1  loss_ema=2.0236  acc_ema=0.3232  steps/sec=6.9  max_streak= 4/10  ranks[in=4/2 q=2/3 k=2/5 v=6/4 o=4/8 lm=2/2]
  step=   3400  phase=vocab  vocab=   8  k=  1  loss_ema=3.7266  acc_ema=0.2971  steps/sec=6.8  max_streak= 4/10  ranks[in=4/2 q=2/3 k=2/3 v=5/4 o=3/8 lm=3/2]
  step=   3600  phase=vocab  vocab=   8  k=  1  loss_ema=4.2270  acc_ema=0.3215  steps/sec=6.8  max_streak= 7/10  ranks[in=4/4 q=2/6 k=3/6 v=5/4 o=4/9 lm=3/2]
  step=   3800  phase=vocab  vocab=   8  k=  1  loss_ema=3.6627  acc_ema=0.4569  steps/sec=6.8  max_streak= 5/10  ranks[in=4/3 q=3/7 k=3/6 v=6/5 o=4/10 lm=3/2]
  step=   4000  phase=vocab  vocab=   8  k=  1  loss_ema=2.8877  acc_ema=0.3876  steps/sec=6.8  max_streak= 6/10  ranks[in=4/4 q=3/7 k=2/6 v=6/6 o=4/11 lm=3/2]
  step=   4200  phase=vocab  vocab=   8  k=  1  loss_ema=2.5518  acc_ema=0.4531  steps/sec=6.8  max_streak= 5/10  ranks[in=4/4 q=2/7 k=3/6 v=6/6 o=4/14 lm=3/2]
  step=   4400  phase=vocab  vocab=   8  k=  1  loss_ema=2.5685  acc_ema=0.4135  steps/sec=6.7  max_streak= 5/10  ranks[in=4/4 q=3/7 k=2/6 v=6/5 o=5/15 lm=3/2]
  step=   4600  phase=vocab  vocab=   8  k=  1  loss_ema=2.7937  acc_ema=0.3953  steps/sec=6.7  max_streak= 6/10  ranks[in=4/4 q=2/7 k=2/6 v=5/7 o=5/15 lm=4/2]
  step=   4800  phase=vocab  vocab=   8  k=  1  loss_ema=2.4011  acc_ema=0.2931  steps/sec=6.7  max_streak= 4/10  ranks[in=4/4 q=2/7 k=2/8 v=5/9 o=6/16 lm=4/2]
  step=   5000  phase=vocab  vocab=   8  k=  1  loss_ema=1.9819  acc_ema=0.2985  steps/sec=6.7  max_streak= 3/10  ranks[in=4/4 q=2/7 k=3/10 v=5/13 o=7/18 lm=4/2]
  step=   5200  phase=vocab  vocab=   8  k=  1  loss_ema=1.7139  acc_ema=0.3324  steps/sec=6.6  max_streak= 4/10  ranks[in=4/4 q=2/7 k=3/10 v=5/14 o=7/18 lm=4/2]
  step=   5400  phase=vocab  vocab=   8  k=  1  loss_ema=1.8402  acc_ema=0.3105  steps/sec=6.6  max_streak= 5/10  ranks[in=4/4 q=2/7 k=3/10 v=5/14 o=7/18 lm=4/2]
  step=   5600  phase=vocab  vocab=   8  k=  1  loss_ema=1.9020  acc_ema=0.2795  steps/sec=6.6  max_streak= 7/10  ranks[in=4/4 q=2/7 k=3/10 v=5/14 o=7/20 lm=4/2]
  step=   5800  phase=vocab  vocab=   8  k=  1  loss_ema=1.5102  acc_ema=0.3485  steps/sec=6.6  max_streak= 4/10  ranks[in=4/4 q=2/7 k=3/10 v=5/14 o=7/20 lm=4/2]
  step=   6000  phase=vocab  vocab=   8  k=  1  loss_ema=1.5628  acc_ema=0.3051  steps/sec=6.5  max_streak= 3/10  ranks[in=4/4 q=2/7 k=3/10 v=5/14 o=7/20 lm=4/2]
  step=   6200  phase=vocab  vocab=   8  k=  1  loss_ema=1.5632  acc_ema=0.3191  steps/sec=6.5  max_streak= 4/10  ranks[in=4/4 q=2/7 k=3/10 v=5/14 o=7/20 lm=4/2]
  step=   6400  phase=vocab  vocab=   8  k=  1  loss_ema=4.3459  acc_ema=0.2423  steps/sec=6.5  max_streak= 5/10  ranks[in=4/4 q=1/6 k=2/11 v=9/15 o=6/21 lm=4/2]
  step=   6600  phase=vocab  vocab=   8  k=  1  loss_ema=2.0660  acc_ema=0.3092  steps/sec=6.5  max_streak= 3/10  ranks[in=4/4 q=1/6 k=2/11 v=11/15 o=6/21 lm=4/2]
  step=   6800  phase=vocab  vocab=   8  k=  1  loss_ema=3.9183  acc_ema=0.2570  steps/sec=6.5  max_streak= 4/10  ranks[in=4/4 q=2/7 k=3/10 v=10/13 o=7/22 lm=4/2]
  step=   7000  phase=vocab  vocab=   8  k=  1  loss_ema=3.6125  acc_ema=0.2856  steps/sec=6.5  max_streak= 3/10  ranks[in=4/4 q=2/8 k=3/10 v=10/12 o=7/22 lm=4/2]
  step=   7200  phase=vocab  vocab=   8  k=  1  loss_ema=3.4052  acc_ema=0.2415  steps/sec=6.5  max_streak= 3/10  ranks[in=4/4 q=2/8 k=4/9 v=10/12 o=7/19 lm=4/2]
  step=   7400  phase=vocab  vocab=   8  k=  1  loss_ema=3.1214  acc_ema=0.3296  steps/sec=6.4  max_streak= 4/10  ranks[in=3/4 q=4/8 k=5/9 v=10/13 o=8/19 lm=4/2]
  step=   7600  phase=vocab  vocab=   8  k=  1  loss_ema=3.7007  acc_ema=0.2108  steps/sec=6.4  max_streak= 3/10  ranks[in=4/4 q=4/8 k=4/9 v=12/15 o=8/19 lm=4/2]
  step=   7800  phase=vocab  vocab=   8  k=  1  loss_ema=2.4753  acc_ema=0.3746  steps/sec=6.4  max_streak= 4/10  ranks[in=4/4 q=4/8 k=4/9 v=12/16 o=8/18 lm=4/2]
  step=   8000  phase=vocab  vocab=   8  k=  1  loss_ema=2.0212  acc_ema=0.4066  steps/sec=6.4  max_streak= 5/10  ranks[in=4/4 q=4/8 k=4/9 v=13/16 o=8/18 lm=4/2]
  step=   8200  phase=vocab  vocab=   8  k=  1  loss_ema=3.5095  acc_ema=0.2365  steps/sec=6.4  max_streak= 5/10  ranks[in=4/4 q=4/8 k=4/9 v=13/17 o=8/18 lm=4/2]
  step=   8400  phase=vocab  vocab=   8  k=  1  loss_ema=1.9676  acc_ema=0.3821  steps/sec=6.3  max_streak= 9/10  ranks[in=4/4 q=4/8 k=4/9 v=13/20 o=8/18 lm=4/2]
  step=   8600  phase=vocab  vocab=   8  k=  1  loss_ema=2.8469  acc_ema=0.2121  steps/sec=6.3  max_streak= 5/10  ranks[in=4/4 q=4/8 k=6/9 v=14/20 o=6/19 lm=4/2]
  step=   8800  phase=vocab  vocab=   8  k=  1  loss_ema=3.8766  acc_ema=0.3003  steps/sec=6.3  max_streak= 3/10  ranks[in=4/4 q=4/8 k=6/9 v=14/18 o=7/21 lm=4/2]
  step=   9000  phase=vocab  vocab=   8  k=  1  loss_ema=4.3969  acc_ema=0.2163  steps/sec=6.3  max_streak= 2/10  ranks[in=4/4 q=4/8 k=6/9 v=15/20 o=7/24 lm=4/2]
  step=   9200  phase=vocab  vocab=   8  k=  1  loss_ema=3.4628  acc_ema=0.2226  steps/sec=6.2  max_streak= 5/10  ranks[in=4/4 q=4/8 k=6/9 v=16/21 o=7/25 lm=4/2]
  step=   9400  phase=vocab  vocab=   8  k=  1  loss_ema=2.6086  acc_ema=0.3430  steps/sec=6.2  max_streak= 3/10  ranks[in=4/4 q=4/8 k=6/9 v=16/21 o=7/24 lm=4/2]
  step=   9600  phase=vocab  vocab=   8  k=  1  loss_ema=1.6775  acc_ema=0.4126  steps/sec=6.2  max_streak= 5/10  ranks[in=4/4 q=4/8 k=6/8 v=19/24 o=7/27 lm=4/2]
  step=   9800  phase=vocab  vocab=   8  k=  1  loss_ema=3.7296  acc_ema=0.2209  steps/sec=6.1  max_streak= 3/10  ranks[in=4/4 q=4/7 k=6/8 v=19/24 o=6/27 lm=4/2]
  step=  10000  phase=vocab  vocab=   8  k=  1  loss_ema=4.2750  acc_ema=0.1948  steps/sec=6.1  max_streak= 6/10  ranks[in=4/4 q=3/7 k=7/9 v=20/24 o=6/27 lm=4/2]
  step=  10200  phase=vocab  vocab=   8  k=  1  loss_ema=4.3635  acc_ema=0.1918  steps/sec=6.1  max_streak= 3/10  ranks[in=4/4 q=4/5 k=8/8 v=20/23 o=5/27 lm=4/2]
  step=  10400  phase=vocab  vocab=   8  k=  1  loss_ema=3.3485  acc_ema=0.1956  steps/sec=6.1  max_streak= 4/10  ranks[in=4/4 q=4/5 k=7/11 v=19/23 o=6/27 lm=4/2]
  step=  10600  phase=vocab  vocab=   8  k=  1  loss_ema=2.5390  acc_ema=0.3956  steps/sec=6.0  max_streak= 4/10  ranks[in=4/4 q=4/5 k=7/11 v=19/23 o=6/27 lm=4/2]
  step=  10800  phase=vocab  vocab=   8  k=  1  loss_ema=2.2613  acc_ema=0.5128  steps/sec=6.0  max_streak= 6/10  ranks[in=4/4 q=4/5 k=6/11 v=19/23 o=6/27 lm=4/2]
  step=  10979  phase=vocab  vocab=  16  k=  1  loss_ema=2.1549  acc_ema=0.6009  [LEVEL_UP]  ranks[in=4/4 q=4/5 k=6/11 v=19/23 o=5/27 lm=4/2]
  step=  11000  phase=vocab  vocab=  16  k=  1  loss_ema=4.3494  acc_ema=0.3932  steps/sec=6.0  max_streak=10/10  ranks[in=4/4 q=4/5 k=6/11 v=19/23 o=5/27 lm=4/2]
  step=  11009  phase=vocab  vocab=   8  k=  1  loss_ema=4.8273  acc_ema=0.3278  [LEVEL_DOWN]  ranks[in=4/4 q=4/5 k=6/11 v=19/23 o=5/27 lm=4/2]
  step=  11200  phase=vocab  vocab=   8  k=  1  loss_ema=2.4875  acc_ema=0.3162  steps/sec=6.0  max_streak= 4/10  ranks[in=4/4 q=4/5 k=6/11 v=19/23 o=5/26 lm=4/2]
  step=  11400  phase=vocab  vocab=   8  k=  1  loss_ema=2.9810  acc_ema=0.3800  steps/sec=5.9  max_streak= 6/10  ranks[in=4/4 q=4/5 k=6/11 v=18/23 o=5/26 lm=4/2]
  step=  11600  phase=vocab  vocab=   8  k=  1  loss_ema=2.4678  acc_ema=0.3826  steps/sec=5.9  max_streak= 6/10  ranks[in=4/4 q=4/5 k=6/11 v=18/22 o=6/25 lm=4/2]
  step=  11800  phase=vocab  vocab=   8  k=  1  loss_ema=1.7307  acc_ema=0.5241  steps/sec=5.9  max_streak= 5/10  ranks[in=3/4 q=5/5 k=6/12 v=16/21 o=6/23 lm=4/2]
  step=  12000  phase=vocab  vocab=   8  k=  1  loss_ema=1.7159  acc_ema=0.3568  steps/sec=5.9  max_streak= 5/10  ranks[in=4/4 q=4/6 k=6/11 v=16/21 o=6/23 lm=4/2]
  step=  12200  phase=vocab  vocab=   8  k=  1  loss_ema=2.0642  acc_ema=0.2921  steps/sec=5.9  max_streak= 4/10  ranks[in=4/4 q=5/6 k=6/13 v=16/21 o=6/22 lm=4/2]
  step=  12400  phase=vocab  vocab=   8  k=  1  loss_ema=1.8117  acc_ema=0.3341  steps/sec=5.9  max_streak= 4/10  ranks[in=3/4 q=5/6 k=7/13 v=17/20 o=6/21 lm=4/2]
  step=  12600  phase=vocab  vocab=   8  k=  1  loss_ema=1.7886  acc_ema=0.3336  steps/sec=5.9  max_streak= 4/10  ranks[in=4/4 q=6/6 k=8/13 v=18/19 o=7/19 lm=4/2]
  step=  12800  phase=vocab  vocab=   8  k=  1  loss_ema=1.7511  acc_ema=0.3159  steps/sec=5.8  max_streak= 4/10  ranks[in=4/4 q=6/7 k=7/13 v=19/18 o=6/21 lm=4/2]
  step=  13000  phase=vocab  vocab=   8  k=  1  loss_ema=1.4766  acc_ema=0.3377  steps/sec=5.8  max_streak= 5/10  ranks[in=4/4 q=7/7 k=7/13 v=18/18 o=6/22 lm=4/2]
  step=  13200  phase=vocab  vocab=   8  k=  1  loss_ema=2.0242  acc_ema=0.2766  steps/sec=5.8  max_streak= 5/10  ranks[in=4/4 q=6/8 k=8/13 v=19/18 o=6/22 lm=4/2]
  step=  13400  phase=vocab  vocab=   8  k=  1  loss_ema=2.1649  acc_ema=0.4118  steps/sec=5.8  max_streak= 5/10  ranks[in=4/4 q=7/8 k=8/13 v=19/20 o=6/20 lm=4/2]
  step=  13600  phase=vocab  vocab=   8  k=  1  loss_ema=1.9887  acc_ema=0.2972  steps/sec=5.8  max_streak= 4/10  ranks[in=4/4 q=7/8 k=7/13 v=20/20 o=6/21 lm=4/2]
  step=  13800  phase=vocab  vocab=   8  k=  1  loss_ema=1.8264  acc_ema=0.4558  steps/sec=5.8  max_streak= 7/10  ranks[in=4/4 q=7/8 k=7/14 v=20/19 o=7/23 lm=4/2]
  step=  14000  phase=vocab  vocab=   8  k=  1  loss_ema=1.6547  acc_ema=0.4294  steps/sec=5.8  max_streak= 5/10  ranks[in=4/4 q=7/8 k=7/14 v=20/22 o=7/23 lm=4/2]
  step=  14200  phase=vocab  vocab=   8  k=  1  loss_ema=1.6095  acc_ema=0.4252  steps/sec=5.8  max_streak= 9/10  ranks[in=4/4 q=7/8 k=7/14 v=19/22 o=7/23 lm=4/2]
  step=  14400  phase=vocab  vocab=   8  k=  1  loss_ema=1.5460  acc_ema=0.4593  steps/sec=5.8  max_streak= 7/10  ranks[in=4/4 q=7/8 k=7/14 v=20/24 o=7/23 lm=4/2]
  step=  14600  phase=vocab  vocab=   8  k=  1  loss_ema=2.0808  acc_ema=0.3241  steps/sec=5.7  max_streak= 6/10  ranks[in=4/4 q=7/7 k=6/14 v=20/25 o=7/25 lm=4/2]
  step=  14800  phase=vocab  vocab=   8  k=  1  loss_ema=1.8373  acc_ema=0.3706  steps/sec=5.7  max_streak= 5/10  ranks[in=4/4 q=7/7 k=7/14 v=20/25 o=8/25 lm=4/2]
  step=  15000  phase=vocab  vocab=   8  k=  1  loss_ema=2.5651  acc_ema=0.3709  steps/sec=5.7  max_streak= 5/10  ranks[in=4/4 q=7/7 k=8/14 v=20/28 o=7/27 lm=4/2]
  step=  15200  phase=vocab  vocab=   8  k=  1  loss_ema=2.0343  acc_ema=0.3730  steps/sec=5.7  max_streak= 7/10  ranks[in=4/4 q=8/8 k=6/12 v=21/30 o=9/28 lm=4/2]
  step=  15400  phase=vocab  vocab=   8  k=  1  loss_ema=1.9700  acc_ema=0.4038  steps/sec=5.7  max_streak= 4/10  ranks[in=4/4 q=7/8 k=7/12 v=21/31 o=10/29 lm=4/2]
  step=  15600  phase=vocab  vocab=   8  k=  1  loss_ema=2.2271  acc_ema=0.3237  steps/sec=5.7  max_streak= 6/10  ranks[in=4/4 q=8/7 k=8/13 v=21/32 o=10/29 lm=4/2]
  step=  15800  phase=vocab  vocab=   8  k=  1  loss_ema=1.5514  acc_ema=0.4014  steps/sec=5.7  max_streak= 7/10  ranks[in=4/4 q=8/8 k=8/14 v=21/32 o=10/29 lm=4/2]
  step=  16000  phase=vocab  vocab=   8  k=  1  loss_ema=1.9803  acc_ema=0.3269  steps/sec=5.6  max_streak= 6/10  ranks[in=4/4 q=8/10 k=8/13 v=21/32 o=11/29 lm=4/2]
  step=  16200  phase=vocab  vocab=   8  k=  1  loss_ema=1.8676  acc_ema=0.4066  steps/sec=5.6  max_streak= 4/10  ranks[in=4/4 q=8/11 k=7/13 v=22/32 o=10/29 lm=4/2]
  step=  16400  phase=vocab  vocab=   8  k=  1  loss_ema=2.4266  acc_ema=0.3009  steps/sec=5.6  max_streak= 3/10  ranks[in=4/4 q=7/10 k=9/13 v=23/32 o=10/29 lm=4/2]
  step=  16600  phase=vocab  vocab=   8  k=  1  loss_ema=2.4020  acc_ema=0.3285  steps/sec=5.6  max_streak= 4/10  ranks[in=4/4 q=8/10 k=9/13 v=25/32 o=10/32 lm=4/2]
  step=  16800  phase=vocab  vocab=   8  k=  1  loss_ema=1.7350  acc_ema=0.4653  steps/sec=5.6  max_streak= 5/10  ranks[in=4/4 q=7/10 k=9/13 v=25/32 o=10/32 lm=4/2]
  step=  17000  phase=vocab  vocab=   8  k=  1  loss_ema=2.0693  acc_ema=0.3809  steps/sec=5.6  max_streak= 4/10  ranks[in=4/4 q=7/10 k=9/13 v=24/32 o=10/32 lm=4/2]
  step=  17200  phase=vocab  vocab=   8  k=  1  loss_ema=3.2885  acc_ema=0.2931  steps/sec=5.6  max_streak= 3/10  ranks[in=4/4 q=8/10 k=9/13 v=24/32 o=11/32 lm=4/2]
  step=  17400  phase=vocab  vocab=   8  k=  1  loss_ema=2.2240  acc_ema=0.2425  steps/sec=5.5  max_streak= 4/10  ranks[in=4/4 q=8/9 k=9/13 v=25/32 o=11/32 lm=4/2]
  step=  17600  phase=vocab  vocab=   8  k=  1  loss_ema=2.2981  acc_ema=0.2888  steps/sec=5.5  max_streak= 3/10  ranks[in=4/4 q=8/8 k=9/14 v=25/32 o=11/32 lm=4/2]
  step=  17800  phase=vocab  vocab=   8  k=  1  loss_ema=1.5413  acc_ema=0.4596  steps/sec=5.5  max_streak= 5/10  ranks[in=4/4 q=8/7 k=7/15 v=26/32 o=11/32 lm=4/2]
  step=  18000  phase=vocab  vocab=   8  k=  1  loss_ema=1.9753  acc_ema=0.3789  steps/sec=5.5  max_streak= 7/10  ranks[in=4/4 q=8/6 k=7/16 v=27/32 o=11/32 lm=4/2]
  step=  18200  phase=vocab  vocab=   8  k=  1  loss_ema=1.7486  acc_ema=0.3803  steps/sec=5.5  max_streak= 3/10  ranks[in=4/4 q=8/6 k=8/17 v=27/32 o=11/32 lm=4/2]
  step=  18400  phase=vocab  vocab=   8  k=  1  loss_ema=1.6531  acc_ema=0.2602  steps/sec=5.5  max_streak= 6/10  ranks[in=4/4 q=8/6 k=10/17 v=29/32 o=11/32 lm=4/2]
  step=  18600  phase=vocab  vocab=   8  k=  1  loss_ema=1.5026  acc_ema=0.4186  steps/sec=5.4  max_streak= 8/10  ranks[in=4/4 q=8/5 k=9/17 v=28/32 o=13/32 lm=4/2]
  step=  18800  phase=vocab  vocab=   8  k=  1  loss_ema=1.6974  acc_ema=0.4086  steps/sec=5.4  max_streak= 4/10  ranks[in=4/4 q=8/10 k=9/17 v=28/32 o=13/32 lm=4/2]
  step=  19000  phase=vocab  vocab=   8  k=  1  loss_ema=1.5201  acc_ema=0.4133  steps/sec=5.4  max_streak= 4/10  ranks[in=4/4 q=9/10 k=9/16 v=27/32 o=13/32 lm=4/2]
  step=  19200  phase=vocab  vocab=   8  k=  1  loss_ema=1.6562  acc_ema=0.4400  steps/sec=5.4  max_streak= 6/10  ranks[in=4/4 q=9/10 k=9/16 v=29/32 o=14/32 lm=4/2]
  step=  19400  phase=vocab  vocab=   8  k=  1  loss_ema=2.2546  acc_ema=0.4705  steps/sec=5.4  max_streak= 6/10  ranks[in=4/4 q=10/10 k=9/16 v=28/32 o=14/32 lm=4/2]
  step=  19600  phase=vocab  vocab=   8  k=  1  loss_ema=1.9246  acc_ema=0.5417  steps/sec=5.4  max_streak= 7/10  ranks[in=4/4 q=10/10 k=9/16 v=27/32 o=15/32 lm=4/2]
  step=  19800  phase=vocab  vocab=   8  k=  1  loss_ema=2.0239  acc_ema=0.3869  steps/sec=5.4  max_streak= 7/10  ranks[in=4/4 q=10/9 k=9/16 v=29/32 o=14/32 lm=4/2]
  step=  20000  phase=vocab  vocab=   8  k=  1  loss_ema=1.9066  acc_ema=0.4609  steps/sec=5.3  max_streak= 5/10  ranks[in=4/4 q=10/9 k=9/16 v=29/32 o=14/32 lm=4/2]

FINAL precision=fp4 final_vocab=8 final_k=1 final_phase=vocab graduated=False total_steps=20000 steps_per_sec=5.3 peak_rss_mb=78.5 (3749s)
PEAK precision=fp4 peak_vocab=16 peak_k=1 peak_phase=vocab
RANK_MUTATIONS precision=fp4 count=1312
  input_proj   scale_rank=4  additive_rank=4
  q_proj       scale_rank=10  additive_rank=9
  k_proj       scale_rank=9  additive_rank=16
  v_proj       scale_rank=29  additive_rank=32
  o_proj       scale_rank=14  additive_rank=32
  lm_head      scale_rank=4  additive_rank=2
RANK_HISTORY_JSON [{"step": 200, "ranks": {"input_proj": [2, 2], "q_proj": [2, 2], "k_proj": [2, 2], "v_proj": [2, 2], "o_proj": [2, 2], "lm_head": [1, 2]}}, {"step": 400, "ranks": {"input_proj": [1, 2], "q_proj": [2, 2], "k_proj": [2, 6], "v_proj": [4, 4], "o_proj": [4, 6], "lm_head": [1, 3]}}, {"step": 600, "ranks": {"input_proj": [4, 2], "q_proj": [2, 3], "k_proj": [2, 6], "v_proj": [6, 5], "o_proj": [4, 7], "lm_head": [1, 3]}}, {"step": 800, "ranks": {"input_proj": [4, 2], "q_proj": [2, 3], "k_proj": [2, 6], "v_proj": [6, 4], "o_proj": [4, 7], "lm_head": [1, 2]}}, {"step": 1000, "ranks": {"input_proj": [4, 2], "q_proj": [2, 3], "k_proj": [2, 6], "v_proj": [6, 4], "o_proj": [4, 7], "lm_head": [1, 4]}}, {"step": 1200, "ranks": {"input_proj": [4, 2], "q_proj": [2, 3], "k_proj": [2, 6], "v_proj": [6, 4], "o_proj": [4, 8], "lm_head": [1, 4]}}, {"step": 1400, "ranks": {"input_proj": [4, 2], "q_proj": [2, 3], "k_proj": [2, 6], "v_proj": [6, 4], "o_proj": [4, 8], "lm_head": [1, 3]}}, {"step": 1600, "ranks": {"input_proj": [4, 2], "q_proj": [2, 3], "k_proj": [2, 6], "v_proj": [6, 4], "o_proj": [4, 8], "lm_head": [2, 3]}}, {"step": 1800, "ranks": {"input_proj": [4, 2], "q_proj": [2, 3], "k_proj": [2, 6], "v_proj": [6, 4], "o_proj": [4, 9], "lm_head": [2, 3]}}, {"step": 2000, "ranks": {"input_proj": [4, 2], "q_proj": [2, 3], "k_proj": [2, 6], "v_proj": [6, 4], "o_proj": [4, 9], "lm_head": [2, 3]}}, {"step": 2200, "ranks": {"input_proj": [4, 2], "q_proj": [2, 3], "k_proj": [2, 6], "v_proj": [6, 4], "o_proj": [4, 9], "lm_head": [2, 3]}}, {"step": 2400, "ranks": {"input_proj": [4, 2], "q_proj": [2, 3], "k_proj": [2, 6], "v_proj": [6, 4], "o_proj": [4, 9], "lm_head": [2, 2]}}, {"step": 2600, "ranks": {"input_proj": [4, 2], "q_proj": [2, 3], "k_proj": [2, 5], "v_proj": [6, 4], "o_proj": [4, 8], "lm_head": [2, 4]}}, {"step": 2800, "ranks": {"input_proj": [4, 2], "q_proj": [2, 3], "k_proj": [2, 5], "v_proj": [6, 4], "o_proj": [4, 9], "lm_head": [2, 4]}}, {"step": 3000, "ranks": {"input_proj": [4, 2], "q_proj": [2, 3], "k_proj": [2, 5], "v_proj": [6, 4], "o_proj": [4, 8], "lm_head": [2, 3]}}, {"step": 3200, "ranks": {"input_proj": [4, 2], "q_proj": [2, 3], "k_proj": [2, 5], "v_proj": [6, 4], "o_proj": [4, 8], "lm_head": [2, 2]}}, {"step": 3400, "ranks": {"input_proj": [4, 2], "q_proj": [2, 3], "k_proj": [2, 3], "v_proj": [5, 4], "o_proj": [3, 8], "lm_head": [3, 2]}}, {"step": 3600, "ranks": {"input_proj": [4, 4], "q_proj": [2, 6], "k_proj": [3, 6], "v_proj": [5, 4], "o_proj": [4, 9], "lm_head": [3, 2]}}, {"step": 3800, "ranks": {"input_proj": [4, 3], "q_proj": [3, 7], "k_proj": [3, 6], "v_proj": [6, 5], "o_proj": [4, 10], "lm_head": [3, 2]}}, {"step": 4000, "ranks": {"input_proj": [4, 4], "q_proj": [3, 7], "k_proj": [2, 6], "v_proj": [6, 6], "o_proj": [4, 11], "lm_head": [3, 2]}}, {"step": 4200, "ranks": {"input_proj": [4, 4], "q_proj": [2, 7], "k_proj": [3, 6], "v_proj": [6, 6], "o_proj": [4, 14], "lm_head": [3, 2]}}, {"step": 4400, "ranks": {"input_proj": [4, 4], "q_proj": [3, 7], "k_proj": [2, 6], "v_proj": [6, 5], "o_proj": [5, 15], "lm_head": [3, 2]}}, {"step": 4600, "ranks": {"input_proj": [4, 4], "q_proj": [2, 7], "k_proj": [2, 6], "v_proj": [5, 7], "o_proj": [5, 15], "lm_head": [4, 2]}}, {"step": 4800, "ranks": {"input_proj": [4, 4], "q_proj": [2, 7], "k_proj": [2, 8], "v_proj": [5, 9], "o_proj": [6, 16], "lm_head": [4, 2]}}, {"step": 5000, "ranks": {"input_proj": [4, 4], "q_proj": [2, 7], "k_proj": [3, 10], "v_proj": [5, 13], "o_proj": [7, 18], "lm_head": [4, 2]}}, {"step": 5200, "ranks": {"input_proj": [4, 4], "q_proj": [2, 7], "k_proj": [3, 10], "v_proj": [5, 14], "o_proj": [7, 18], "lm_head": [4, 2]}}, {"step": 5400, "ranks": {"input_proj": [4, 4], "q_proj": [2, 7], "k_proj": [3, 10], "v_proj": [5, 14], "o_proj": [7, 18], "lm_head": [4, 2]}}, {"step": 5600, "ranks": {"input_proj": [4, 4], "q_proj": [2, 7], "k_proj": [3, 10], "v_proj": [5, 14], "o_proj": [7, 20], "lm_head": [4, 2]}}, {"step": 5800, "ranks": {"input_proj": [4, 4], "q_proj": [2, 7], "k_proj": [3, 10], "v_proj": [5, 14], "o_proj": [7, 20], "lm_head": [4, 2]}}, {"step": 6000, "ranks": {"input_proj": [4, 4], "q_proj": [2, 7], "k_proj": [3, 10], "v_proj": [5, 14], "o_proj": [7, 20], "lm_head": [4, 2]}}, {"step": 6200, "ranks": {"input_proj": [4, 4], "q_proj": [2, 7], "k_proj": [3, 10], "v_proj": [5, 14], "o_proj": [7, 20], "lm_head": [4, 2]}}, {"step": 6400, "ranks": {"input_proj": [4, 4], "q_proj": [1, 6], "k_proj": [2, 11], "v_proj": [9, 15], "o_proj": [6, 21], "lm_head": [4, 2]}}, {"step": 6600, "ranks": {"input_proj": [4, 4], "q_proj": [1, 6], "k_proj": [2, 11], "v_proj": [11, 15], "o_proj": [6, 21], "lm_head": [4, 2]}}, {"step": 6800, "ranks": {"input_proj": [4, 4], "q_proj": [2, 7], "k_proj": [3, 10], "v_proj": [10, 13], "o_proj": [7, 22], "lm_head": [4, 2]}}, {"step": 7000, "ranks": {"input_proj": [4, 4], "q_proj": [2, 8], "k_proj": [3, 10], "v_proj": [10, 12], "o_proj": [7, 22], "lm_head": [4, 2]}}, {"step": 7200, "ranks": {"input_proj": [4, 4], "q_proj": [2, 8], "k_proj": [4, 9], "v_proj": [10, 12], "o_proj": [7, 19], "lm_head": [4, 2]}}, {"step": 7400, "ranks": {"input_proj": [3, 4], "q_proj": [4, 8], "k_proj": [5, 9], "v_proj": [10, 13], "o_proj": [8, 19], "lm_head": [4, 2]}}, {"step": 7600, "ranks": {"input_proj": [4, 4], "q_proj": [4, 8], "k_proj": [4, 9], "v_proj": [12, 15], "o_proj": [8, 19], "lm_head": [4, 2]}}, {"step": 7800, "ranks": {"input_proj": [4, 4], "q_proj": [4, 8], "k_proj": [4, 9], "v_proj": [12, 16], "o_proj": [8, 18], "lm_head": [4, 2]}}, {"step": 8000, "ranks": {"input_proj": [4, 4], "q_proj": [4, 8], "k_proj": [4, 9], "v_proj": [13, 16], "o_proj": [8, 18], "lm_head": [4, 2]}}, {"step": 8200, "ranks": {"input_proj": [4, 4], "q_proj": [4, 8], "k_proj": [4, 9], "v_proj": [13, 17], "o_proj": [8, 18], "lm_head": [4, 2]}}, {"step": 8400, "ranks": {"input_proj": [4, 4], "q_proj": [4, 8], "k_proj": [4, 9], "v_proj": [13, 20], "o_proj": [8, 18], "lm_head": [4, 2]}}, {"step": 8600, "ranks": {"input_proj": [4, 4], "q_proj": [4, 8], "k_proj": [6, 9], "v_proj": [14, 20], "o_proj": [6, 19], "lm_head": [4, 2]}}, {"step": 8800, "ranks": {"input_proj": [4, 4], "q_proj": [4, 8], "k_proj": [6, 9], "v_proj": [14, 18], "o_proj": [7, 21], "lm_head": [4, 2]}}, {"step": 9000, "ranks": {"input_proj": [4, 4], "q_proj": [4, 8], "k_proj": [6, 9], "v_proj": [15, 20], "o_proj": [7, 24], "lm_head": [4, 2]}}, {"step": 9200, "ranks": {"input_proj": [4, 4], "q_proj": [4, 8], "k_proj": [6, 9], "v_proj": [16, 21], "o_proj": [7, 25], "lm_head": [4, 2]}}, {"step": 9400, "ranks": {"input_proj": [4, 4], "q_proj": [4, 8], "k_proj": [6, 9], "v_proj": [16, 21], "o_proj": [7, 24], "lm_head": [4, 2]}}, {"step": 9600, "ranks": {"input_proj": [4, 4], "q_proj": [4, 8], "k_proj": [6, 8], "v_proj": [19, 24], "o_proj": [7, 27], "lm_head": [4, 2]}}, {"step": 9800, "ranks": {"input_proj": [4, 4], "q_proj": [4, 7], "k_proj": [6, 8], "v_proj": [19, 24], "o_proj": [6, 27], "lm_head": [4, 2]}}, {"step": 10000, "ranks": {"input_proj": [4, 4], "q_proj": [3, 7], "k_proj": [7, 9], "v_proj": [20, 24], "o_proj": [6, 27], "lm_head": [4, 2]}}, {"step": 10200, "ranks": {"input_proj": [4, 4], "q_proj": [4, 5], "k_proj": [8, 8], "v_proj": [20, 23], "o_proj": [5, 27], "lm_head": [4, 2]}}, {"step": 10400, "ranks": {"input_proj": [4, 4], "q_proj": [4, 5], "k_proj": [7, 11], "v_proj": [19, 23], "o_proj": [6, 27], "lm_head": [4, 2]}}, {"step": 10600, "ranks": {"input_proj": [4, 4], "q_proj": [4, 5], "k_proj": [7, 11], "v_proj": [19, 23], "o_proj": [6, 27], "lm_head": [4, 2]}}, {"step": 10800, "ranks": {"input_proj": [4, 4], "q_proj": [4, 5], "k_proj": [6, 11], "v_proj": [19, 23], "o_proj": [6, 27], "lm_head": [4, 2]}}, {"step": 10979, "ranks": {"input_proj": [4, 4], "q_proj": [4, 5], "k_proj": [6, 11], "v_proj": [19, 23], "o_proj": [5, 27], "lm_head": [4, 2]}}, {"step": 11000, "ranks": {"input_proj": [4, 4], "q_proj": [4, 5], "k_proj": [6, 11], "v_proj": [19, 23], "o_proj": [5, 27], "lm_head": [4, 2]}}, {"step": 11009, "ranks": {"input_proj": [4, 4], "q_proj": [4, 5], "k_proj": [6, 11], "v_proj": [19, 23], "o_proj": [5, 27], "lm_head": [4, 2]}}, {"step": 11200, "ranks": {"input_proj": [4, 4], "q_proj": [4, 5], "k_proj": [6, 11], "v_proj": [19, 23], "o_proj": [5, 26], "lm_head": [4, 2]}}, {"step": 11400, "ranks": {"input_proj": [4, 4], "q_proj": [4, 5], "k_proj": [6, 11], "v_proj": [18, 23], "o_proj": [5, 26], "lm_head": [4, 2]}}, {"step": 11600, "ranks": {"input_proj": [4, 4], "q_proj": [4, 5], "k_proj": [6, 11], "v_proj": [18, 22], "o_proj": [6, 25], "lm_head": [4, 2]}}, {"step": 11800, "ranks": {"input_proj": [3, 4], "q_proj": [5, 5], "k_proj": [6, 12], "v_proj": [16, 21], "o_proj": [6, 23], "lm_head": [4, 2]}}, {"step": 12000, "ranks": {"input_proj": [4, 4], "q_proj": [4, 6], "k_proj": [6, 11], "v_proj": [16, 21], "o_proj": [6, 23], "lm_head": [4, 2]}}, {"step": 12200, "ranks": {"input_proj": [4, 4], "q_proj": [5, 6], "k_proj": [6, 13], "v_proj": [16, 21], "o_proj": [6, 22], "lm_head": [4, 2]}}, {"step": 12400, "ranks": {"input_proj": [3, 4], "q_proj": [5, 6], "k_proj": [7, 13], "v_proj": [17, 20], "o_proj": [6, 21], "lm_head": [4, 2]}}, {"step": 12600, "ranks": {"input_proj": [4, 4], "q_proj": [6, 6], "k_proj": [8, 13], "v_proj": [18, 19], "o_proj": [7, 19], "lm_head": [4, 2]}}, {"step": 12800, "ranks": {"input_proj": [4, 4], "q_proj": [6, 7], "k_proj": [7, 13], "v_proj": [19, 18], "o_proj": [6, 21], "lm_head": [4, 2]}}, {"step": 13000, "ranks": {"input_proj": [4, 4], "q_proj": [7, 7], "k_proj": [7, 13], "v_proj": [18, 18], "o_proj": [6, 22], "lm_head": [4, 2]}}, {"step": 13200, "ranks": {"input_proj": [4, 4], "q_proj": [6, 8], "k_proj": [8, 13], "v_proj": [19, 18], "o_proj": [6, 22], "lm_head": [4, 2]}}, {"step": 13400, "ranks": {"input_proj": [4, 4], "q_proj": [7, 8], "k_proj": [8, 13], "v_proj": [19, 20], "o_proj": [6, 20], "lm_head": [4, 2]}}, {"step": 13600, "ranks": {"input_proj": [4, 4], "q_proj": [7, 8], "k_proj": [7, 13], "v_proj": [20, 20], "o_proj": [6, 21], "lm_head": [4, 2]}}, {"step": 13800, "ranks": {"input_proj": [4, 4], "q_proj": [7, 8], "k_proj": [7, 14], "v_proj": [20, 19], "o_proj": [7, 23], "lm_head": [4, 2]}}, {"step": 14000, "ranks": {"input_proj": [4, 4], "q_proj": [7, 8], "k_proj": [7, 14], "v_proj": [20, 22], "o_proj": [7, 23], "lm_head": [4, 2]}}, {"step": 14200, "ranks": {"input_proj": [4, 4], "q_proj": [7, 8], "k_proj": [7, 14], "v_proj": [19, 22], "o_proj": [7, 23], "lm_head": [4, 2]}}, {"step": 14400, "ranks": {"input_proj": [4, 4], "q_proj": [7, 8], "k_proj": [7, 14], "v_proj": [20, 24], "o_proj": [7, 23], "lm_head": [4, 2]}}, {"step": 14600, "ranks": {"input_proj": [4, 4], "q_proj": [7, 7], "k_proj": [6, 14], "v_proj": [20, 25], "o_proj": [7, 25], "lm_head": [4, 2]}}, {"step": 14800, "ranks": {"input_proj": [4, 4], "q_proj": [7, 7], "k_proj": [7, 14], "v_proj": [20, 25], "o_proj": [8, 25], "lm_head": [4, 2]}}, {"step": 15000, "ranks": {"input_proj": [4, 4], "q_proj": [7, 7], "k_proj": [8, 14], "v_proj": [20, 28], "o_proj": [7, 27], "lm_head": [4, 2]}}, {"step": 15200, "ranks": {"input_proj": [4, 4], "q_proj": [8, 8], "k_proj": [6, 12], "v_proj": [21, 30], "o_proj": [9, 28], "lm_head": [4, 2]}}, {"step": 15400, "ranks": {"input_proj": [4, 4], "q_proj": [7, 8], "k_proj": [7, 12], "v_proj": [21, 31], "o_proj": [10, 29], "lm_head": [4, 2]}}, {"step": 15600, "ranks": {"input_proj": [4, 4], "q_proj": [8, 7], "k_proj": [8, 13], "v_proj": [21, 32], "o_proj": [10, 29], "lm_head": [4, 2]}}, {"step": 15800, "ranks": {"input_proj": [4, 4], "q_proj": [8, 8], "k_proj": [8, 14], "v_proj": [21, 32], "o_proj": [10, 29], "lm_head": [4, 2]}}, {"step": 16000, "ranks": {"input_proj": [4, 4], "q_proj": [8, 10], "k_proj": [8, 13], "v_proj": [21, 32], "o_proj": [11, 29], "lm_head": [4, 2]}}, {"step": 16200, "ranks": {"input_proj": [4, 4], "q_proj": [8, 11], "k_proj": [7, 13], "v_proj": [22, 32], "o_proj": [10, 29], "lm_head": [4, 2]}}, {"step": 16400, "ranks": {"input_proj": [4, 4], "q_proj": [7, 10], "k_proj": [9, 13], "v_proj": [23, 32], "o_proj": [10, 29], "lm_head": [4, 2]}}, {"step": 16600, "ranks": {"input_proj": [4, 4], "q_proj": [8, 10], "k_proj": [9, 13], "v_proj": [25, 32], "o_proj": [10, 32], "lm_head": [4, 2]}}, {"step": 16800, "ranks": {"input_proj": [4, 4], "q_proj": [7, 10], "k_proj": [9, 13], "v_proj": [25, 32], "o_proj": [10, 32], "lm_head": [4, 2]}}, {"step": 17000, "ranks": {"input_proj": [4, 4], "q_proj": [7, 10], "k_proj": [9, 13], "v_proj": [24, 32], "o_proj": [10, 32], "lm_head": [4, 2]}}, {"step": 17200, "ranks": {"input_proj": [4, 4], "q_proj": [8, 10], "k_proj": [9, 13], "v_proj": [24, 32], "o_proj": [11, 32], "lm_head": [4, 2]}}, {"step": 17400, "ranks": {"input_proj": [4, 4], "q_proj": [8, 9], "k_proj": [9, 13], "v_proj": [25, 32], "o_proj": [11, 32], "lm_head": [4, 2]}}, {"step": 17600, "ranks": {"input_proj": [4, 4], "q_proj": [8, 8], "k_proj": [9, 14], "v_proj": [25, 32], "o_proj": [11, 32], "lm_head": [4, 2]}}, {"step": 17800, "ranks": {"input_proj": [4, 4], "q_proj": [8, 7], "k_proj": [7, 15], "v_proj": [26, 32], "o_proj": [11, 32], "lm_head": [4, 2]}}, {"step": 18000, "ranks": {"input_proj": [4, 4], "q_proj": [8, 6], "k_proj": [7, 16], "v_proj": [27, 32], "o_proj": [11, 32], "lm_head": [4, 2]}}, {"step": 18200, "ranks": {"input_proj": [4, 4], "q_proj": [8, 6], "k_proj": [8, 17], "v_proj": [27, 32], "o_proj": [11, 32], "lm_head": [4, 2]}}, {"step": 18400, "ranks": {"input_proj": [4, 4], "q_proj": [8, 6], "k_proj": [10, 17], "v_proj": [29, 32], "o_proj": [11, 32], "lm_head": [4, 2]}}, {"step": 18600, "ranks": {"input_proj": [4, 4], "q_proj": [8, 5], "k_proj": [9, 17], "v_proj": [28, 32], "o_proj": [13, 32], "lm_head": [4, 2]}}, {"step": 18800, "ranks": {"input_proj": [4, 4], "q_proj": [8, 10], "k_proj": [9, 17], "v_proj": [28, 32], "o_proj": [13, 32], "lm_head": [4, 2]}}, {"step": 19000, "ranks": {"input_proj": [4, 4], "q_proj": [9, 10], "k_proj": [9, 16], "v_proj": [27, 32], "o_proj": [13, 32], "lm_head": [4, 2]}}, {"step": 19200, "ranks": {"input_proj": [4, 4], "q_proj": [9, 10], "k_proj": [9, 16], "v_proj": [29, 32], "o_proj": [14, 32], "lm_head": [4, 2]}}, {"step": 19400, "ranks": {"input_proj": [4, 4], "q_proj": [10, 10], "k_proj": [9, 16], "v_proj": [28, 32], "o_proj": [14, 32], "lm_head": [4, 2]}}, {"step": 19600, "ranks": {"input_proj": [4, 4], "q_proj": [10, 10], "k_proj": [9, 16], "v_proj": [27, 32], "o_proj": [15, 32], "lm_head": [4, 2]}}, {"step": 19800, "ranks": {"input_proj": [4, 4], "q_proj": [10, 9], "k_proj": [9, 16], "v_proj": [29, 32], "o_proj": [14, 32], "lm_head": [4, 2]}}, {"step": 20000, "ranks": {"input_proj": [4, 4], "q_proj": [10, 9], "k_proj": [9, 16], "v_proj": [29, 32], "o_proj": [14, 32], "lm_head": [4, 2]}}]
STAGE_HISTORY_JSON [{"step": 10979, "event": "level_up", "from": {"vocab": 8, "k": 1, "phase": "vocab"}, "to": {"vocab": 16, "k": 1, "phase": "vocab"}}, {"step": 11009, "event": "level_down", "from": {"vocab": 16, "k": 1, "phase": "vocab"}, "to": {"vocab": 8, "k": 1, "phase": "vocab"}}]
