# arm=fp8 use_energy=True train_steps=28000 checkpoint_every=1000 seed=9017 state_width=1024 num_tiles=32 max_weights=16384
/home/simleek/claude_code/sili__new/sili/cpu.py:83: RuntimeWarning: overflow encountered in exp
  return x / (1.0 + np.exp(-x))
/home/simleek/claude_code/sili__new/sili/cpu.py:87: RuntimeWarning: overflow encountered in exp
  sig = 1.0 / (1.0 + np.exp(-x))
step=   1000  acc=0.0250  (1742s elapsed, 1.742s/step)
step=   2000  acc=0.0375  (3498s elapsed, 1.749s/step)
step=   3000  acc=0.0375  (5276s elapsed, 1.759s/step)
step=   4000  acc=0.0500  (7047s elapsed, 1.762s/step)
step=   5000  acc=0.0458  (8815s elapsed, 1.763s/step)
step=   6000  acc=0.0458  (10591s elapsed, 1.765s/step)
step=   7000  acc=0.0667  (12365s elapsed, 1.766s/step)
step=   8000  acc=0.0625  (14092s elapsed, 1.762s/step)
step=   9000  acc=0.0708  (15887s elapsed, 1.765s/step)
step=  10000  acc=0.0583  (17689s elapsed, 1.769s/step)
step=  11000  acc=0.0500  (19445s elapsed, 1.768s/step)
step=  12000  acc=0.0333  (21202s elapsed, 1.767s/step)
step=  13000  acc=0.0708  (22992s elapsed, 1.769s/step)
step=  14000  acc=0.0417  (24784s elapsed, 1.770s/step)
step=  15000  acc=0.0458  (26626s elapsed, 1.775s/step)
step=  16000  acc=0.0417  (28412s elapsed, 1.776s/step)
step=  17000  acc=0.0458  (30104s elapsed, 1.771s/step)
step=  18000  acc=0.0375  (31631s elapsed, 1.757s/step)
step=  19000  acc=0.0458  (33146s elapsed, 1.745s/step)
step=  20000  acc=0.0583  (34649s elapsed, 1.732s/step)
step=  21000  acc=0.0250  (36084s elapsed, 1.718s/step)
step=  22000  acc=0.0250  (37517s elapsed, 1.705s/step)
step=  23000  acc=0.0500  (38949s elapsed, 1.693s/step)
step=  24000  acc=0.0333  (40383s elapsed, 1.683s/step)
step=  25000  acc=0.0583  (41820s elapsed, 1.673s/step)
step=  26000  acc=0.0542  (43198s elapsed, 1.661s/step)
step=  27000  acc=0.0375  (44531s elapsed, 1.649s/step)
step=  28000  acc=0.0292  (45866s elapsed, 1.638s/step)
# DONE arm=fp8 use_energy=True (45866s total)
