# arm=rank1 use_energy=True train_steps=28000 checkpoint_every=1000 seed=9375 state_width=1024 num_tiles=32 max_weights=16384
/home/simleek/claude_code/sili__new/sili/cpu.py:83: RuntimeWarning: overflow encountered in exp
  return x / (1.0 + np.exp(-x))
/home/simleek/claude_code/sili__new/sili/cpu.py:87: RuntimeWarning: overflow encountered in exp
  sig = 1.0 / (1.0 + np.exp(-x))
step=   1000  acc=0.0292  (1813s elapsed, 1.813s/step)
step=   2000  acc=0.0125  (3614s elapsed, 1.807s/step)
step=   3000  acc=0.0375  (5401s elapsed, 1.800s/step)
step=   4000  acc=0.0208  (7139s elapsed, 1.785s/step)
step=   5000  acc=0.0167  (8896s elapsed, 1.779s/step)
step=   6000  acc=0.0292  (10684s elapsed, 1.781s/step)
step=   7000  acc=0.0208  (12509s elapsed, 1.787s/step)
step=   8000  acc=0.0375  (14291s elapsed, 1.786s/step)
step=   9000  acc=0.0083  (16077s elapsed, 1.786s/step)
step=  10000  acc=0.0292  (17896s elapsed, 1.790s/step)
step=  11000  acc=0.0208  (19682s elapsed, 1.789s/step)
step=  12000  acc=0.0375  (21486s elapsed, 1.791s/step)
step=  13000  acc=0.0208  (23290s elapsed, 1.792s/step)
step=  14000  acc=0.0667  (25059s elapsed, 1.790s/step)
step=  15000  acc=0.0542  (26853s elapsed, 1.790s/step)
step=  16000  acc=0.0375  (28628s elapsed, 1.789s/step)
step=  17000  acc=0.0417  (30286s elapsed, 1.782s/step)
step=  18000  acc=0.0292  (31805s elapsed, 1.767s/step)
step=  19000  acc=0.0458  (33322s elapsed, 1.754s/step)
step=  20000  acc=0.0167  (34833s elapsed, 1.742s/step)
step=  21000  acc=0.0375  (36258s elapsed, 1.727s/step)
step=  22000  acc=0.0208  (37689s elapsed, 1.713s/step)
step=  23000  acc=0.0292  (39119s elapsed, 1.701s/step)
step=  24000  acc=0.0375  (40535s elapsed, 1.689s/step)
step=  25000  acc=0.0208  (41957s elapsed, 1.678s/step)
step=  26000  acc=0.0333  (43320s elapsed, 1.666s/step)
step=  27000  acc=0.0250  (44663s elapsed, 1.654s/step)
step=  28000  acc=0.0250  (46000s elapsed, 1.643s/step)
# DONE arm=rank1 use_energy=True (46000s total)
